Archive member included because of file (symbol)

C:\Users\yongchenglow\Documents\LPCXpresso_6.1.4_194\workspace\ee2024Assignment2\Lib_CMSISv1p30_LPC17xx\Debug\libCMSISv1p30_LPC17xx.a(system_LPC17xx.o)
                              ./src/main.o (SystemCoreClock)
C:\Users\yongchenglow\Documents\LPCXpresso_6.1.4_194\workspace\ee2024Assignment2\Lib_EaBaseBoard\Debug\libLib_EaBaseBoard.a(acc.o)
                              ./src/main.o (acc_init)
C:\Users\yongchenglow\Documents\LPCXpresso_6.1.4_194\workspace\ee2024Assignment2\Lib_EaBaseBoard\Debug\libLib_EaBaseBoard.a(joystick.o)
                              ./src/main.o (joystick_init)
C:\Users\yongchenglow\Documents\LPCXpresso_6.1.4_194\workspace\ee2024Assignment2\Lib_EaBaseBoard\Debug\libLib_EaBaseBoard.a(led7seg.o)
                              ./src/main.o (led7seg_init)
C:\Users\yongchenglow\Documents\LPCXpresso_6.1.4_194\workspace\ee2024Assignment2\Lib_EaBaseBoard\Debug\libLib_EaBaseBoard.a(light.o)
                              ./src/main.o (light_enable)
C:\Users\yongchenglow\Documents\LPCXpresso_6.1.4_194\workspace\ee2024Assignment2\Lib_EaBaseBoard\Debug\libLib_EaBaseBoard.a(oled.o)
                              ./src/main.o (oled_init)
C:\Users\yongchenglow\Documents\LPCXpresso_6.1.4_194\workspace\ee2024Assignment2\Lib_EaBaseBoard\Debug\libLib_EaBaseBoard.a(pca9532.o)
                              ./src/main.o (pca9532_init)
C:\Users\yongchenglow\Documents\LPCXpresso_6.1.4_194\workspace\ee2024Assignment2\Lib_EaBaseBoard\Debug\libLib_EaBaseBoard.a(rgb.o)
                              ./src/main.o (rgb_init)
C:\Users\yongchenglow\Documents\LPCXpresso_6.1.4_194\workspace\ee2024Assignment2\Lib_EaBaseBoard\Debug\libLib_EaBaseBoard.a(temp.o)
                              ./src/main.o (temp_init)
C:\Users\yongchenglow\Documents\LPCXpresso_6.1.4_194\workspace\ee2024Assignment2\Lib_EaBaseBoard\Debug\libLib_EaBaseBoard.a(font5x7.o)
                              C:\Users\yongchenglow\Documents\LPCXpresso_6.1.4_194\workspace\ee2024Assignment2\Lib_EaBaseBoard\Debug\libLib_EaBaseBoard.a(oled.o) (font5x7)
C:\Users\yongchenglow\Documents\LPCXpresso_6.1.4_194\workspace\ee2024Assignment2\Lib_MCU\Debug\libLib_MCU.a(lpc17xx_gpio.o)
                              ./src/main.o (GPIO_SetDir)
C:\Users\yongchenglow\Documents\LPCXpresso_6.1.4_194\workspace\ee2024Assignment2\Lib_MCU\Debug\libLib_MCU.a(lpc17xx_i2c.o)
                              ./src/main.o (I2C_Init)
C:\Users\yongchenglow\Documents\LPCXpresso_6.1.4_194\workspace\ee2024Assignment2\Lib_MCU\Debug\libLib_MCU.a(lpc17xx_pinsel.o)
                              ./src/main.o (PINSEL_ConfigPin)
C:\Users\yongchenglow\Documents\LPCXpresso_6.1.4_194\workspace\ee2024Assignment2\Lib_MCU\Debug\libLib_MCU.a(lpc17xx_ssp.o)
                              ./src/main.o (SSP_Init)
C:\Users\yongchenglow\Documents\LPCXpresso_6.1.4_194\workspace\ee2024Assignment2\Lib_MCU\Debug\libLib_MCU.a(lpc17xx_uart.o)
                              ./src/main.o (UART_TxCmd)
C:\Users\yongchenglow\Documents\LPCXpresso_6.1.4_194\workspace\ee2024Assignment2\Lib_MCU\Debug\libLib_MCU.a(lpc17xx_clkpwr.o)
                              C:\Users\yongchenglow\Documents\LPCXpresso_6.1.4_194\workspace\ee2024Assignment2\Lib_MCU\Debug\libLib_MCU.a(lpc17xx_i2c.o) (CLKPWR_SetPCLKDiv)
c:/nxp/lpcxpresso_6.1.4_194/lpcxpresso/tools/bin/../lib/gcc/arm-none-eabi/4.6.2/armv7-m\libgcc.a(_arm_addsubdf3.o)
                              ./src/main.o (__aeabi_ui2d)
c:/nxp/lpcxpresso_6.1.4_194/lpcxpresso/tools/bin/../lib/gcc/arm-none-eabi/4.6.2/armv7-m\libgcc.a(_arm_muldivdf3.o)
                              ./src/main.o (__aeabi_ddiv)
c:/nxp/lpcxpresso_6.1.4_194/lpcxpresso/tools/bin/../lib/gcc/arm-none-eabi/4.6.2/armv7-m\libgcc.a(_arm_cmpdf2.o)
                              ./src/main.o (__aeabi_dcmpgt)
c:/nxp/lpcxpresso_6.1.4_194/lpcxpresso/tools/bin/../lib/gcc/arm-none-eabi/4.6.2/armv7-m\libgcc.a(_aeabi_uldivmod.o)
                              C:\Users\yongchenglow\Documents\LPCXpresso_6.1.4_194\workspace\ee2024Assignment2\Lib_CMSISv1p30_LPC17xx\Debug\libCMSISv1p30_LPC17xx.a(system_LPC17xx.o) (__aeabi_uldivmod)
c:/nxp/lpcxpresso_6.1.4_194/lpcxpresso/tools/bin/../lib/gcc/arm-none-eabi/4.6.2/armv7-m\libgcc.a(bpabi.o)
                              c:/nxp/lpcxpresso_6.1.4_194/lpcxpresso/tools/bin/../lib/gcc/arm-none-eabi/4.6.2/armv7-m\libgcc.a(_aeabi_uldivmod.o) (__gnu_uldivmod_helper)
c:/nxp/lpcxpresso_6.1.4_194/lpcxpresso/tools/bin/../lib/gcc/arm-none-eabi/4.6.2/armv7-m\libgcc.a(_dvmd_tls.o)
                              c:/nxp/lpcxpresso_6.1.4_194/lpcxpresso/tools/bin/../lib/gcc/arm-none-eabi/4.6.2/armv7-m\libgcc.a(_aeabi_uldivmod.o) (__aeabi_ldiv0)
c:/nxp/lpcxpresso_6.1.4_194/lpcxpresso/tools/bin/../lib/gcc/arm-none-eabi/4.6.2/armv7-m\libgcc.a(_divdi3.o)
                              c:/nxp/lpcxpresso_6.1.4_194/lpcxpresso/tools/bin/../lib/gcc/arm-none-eabi/4.6.2/armv7-m\libgcc.a(bpabi.o) (__divdi3)
[...]
Memory Configuration

Name             Origin             Length             Attributes
MFlash512        0x00000000         0x00080000         xr
RamLoc32         0x10000000         0x00008000         xrw
RamAHB32         0x2007c000         0x00008000         xrw
*default*        0x00000000         0xffffffff

Linker script and memory map

LOAD ./src/cr_startup_lpc17.o
LOAD ./src/main.o
LOAD C:\Users\yongchenglow\Documents\LPCXpresso_6.1.4_194\workspace\ee2024Assignment2\Lib_CMSISv1p30_LPC17xx\Debug\libCMSISv1p30_LPC17xx.a
LOAD C:\Users\yongchenglow\Documents\LPCXpresso_6.1.4_194\workspace\ee2024Assignment2\Lib_EaBaseBoard\Debug\libLib_EaBaseBoard.a
LOAD C:\Users\yongchenglow\Documents\LPCXpresso_6.1.4_194\workspace\ee2024Assignment2\Lib_MCU\Debug\libLib_MCU.a
START GROUP
LOAD c:/nxp/lpcxpresso_6.1.4_194/lpcxpresso/tools/bin/../lib/gcc/arm-none-eabi/4.6.2/armv7-m\libgcc.a
LOAD c:/nxp/lpcxpresso_6.1.4_194/lpcxpresso/tools/bin/../lib/gcc/arm-none-eabi/4.6.2/../../../../arm-none-eabi/lib/armv7-m\libc.a
LOAD c:/nxp/lpcxpresso_6.1.4_194/lpcxpresso/tools/bin/../lib/gcc/arm-none-eabi/4.6.2/../../../../arm-none-eabi/lib/armv7-m\libm.a
LOAD c:/nxp/lpcxpresso_6.1.4_194/lpcxpresso/tools/bin/../lib/gcc/arm-none-eabi/4.6.2/../../../../arm-none-eabi/lib/armv7-m\libcr_newlib_semihost.a
END GROUP
                0x00080000                __top_MFlash512 = 0x80000
                0x10008000                __top_RamLoc32 = 0x10008000
                0x20084000                __top_RamAHB32 = 0x20084000

.text           0x00000000     0x94cc
 FILL mask 0xff
                0x00000000                __vectors_start__ = ABSOLUTE (.)
 *(.isr_vector)
 .isr_vector    0x00000000       0xcc ./src/cr_startup_lpc17.o
                0x00000000                g_pfnVectors
                0x000000cc                . = ALIGN (0x4)
                0x000000cc                __section_table_start = .
                0x000000cc                __data_section_table = .
                0x000000cc        0x4 LONG 0x94d4 LOADADDR (.data)
                0x000000d0        0x4 LONG 0x10000000 ADDR (.data)
                0x000000d4        0x4 LONG 0x8dc SIZEOF (.data)
                0x000000d8        0x4 LONG 0x94d4 LOADADDR (.data_RAM2)
                0x000000dc        0x4 LONG 0x2007c000 ADDR (.data_RAM2)
                0x000000e0        0x4 LONG 0x0 SIZEOF (.data_RAM2)
                0x000000e4                __data_section_table_end = .
                0x000000e4                __bss_section_table = .
                0x000000e4        0x4 LONG 0x100008dc ADDR (.bss)
                0x000000e8        0x4 LONG 0x394 SIZEOF (.bss)
                0x000000ec        0x4 LONG 0x2007c000 ADDR (.bss_RAM2)
                0x000000f0        0x4 LONG 0x0 SIZEOF (.bss_RAM2)
                0x000000f4                __bss_section_table_end = .
                0x000000f4                __section_table_end = .
 *(.after_vectors*)
 *(.text*)
 .text.ResetISR
                0x000000f4       0x68 ./src/cr_startup_lpc17.o
                0x000000f4                ResetISR
 .text.NMI_Handler
                0x0000015c        0x8 ./src/cr_startup_lpc17.o
                0x0000015c                NMI_Handler
 .text.HardFault_Handler
                0x00000164        0x8 ./src/cr_startup_lpc17.o
                0x00000164                HardFault_Handler
 .text.MemManage_Handler
                0x0000016c        0x8 ./src/cr_startup_lpc17.o
                0x0000016c                MemManage_Handler
 .text.BusFault_Handler
                0x00000174        0x8 ./src/cr_startup_lpc17.o
                0x00000174                BusFault_Handler
 .text.UsageFault_Handler
                0x0000017c        0x8 ./src/cr_startup_lpc17.o
                0x0000017c                UsageFault_Handler
 .text.SVCall_Handler
                0x00000184        0x8 ./src/cr_startup_lpc17.o
                0x00000184                SVCall_Handler
 .text.DebugMon_Handler
                0x0000018c        0x8 ./src/cr_startup_lpc17.o
                0x0000018c                DebugMon_Handler
 .text.PendSV_Handler
                0x00000194        0x8 ./src/cr_startup_lpc17.o
                0x00000194                PendSV_Handler
 .text.IntDefaultHandler
                0x0000019c        0x8 ./src/cr_startup_lpc17.o
                0x0000019c                RIT_IRQHandler
                0x0000019c                I2C0_IRQHandler
                0x0000019c                USBActivity_IRQHandler
                0x0000019c                PWM1_IRQHandler
                0x0000019c                I2C1_IRQHandler
                0x0000019c                EINT2_IRQHandler
                0x0000019c                UART1_IRQHandler
                0x0000019c                CANActivity_IRQHandler
                0x0000019c                TIMER3_IRQHandler
                0x0000019c                UART0_IRQHandler
                0x0000019c                IntDefaultHandler
                0x0000019c                PLL0_IRQHandler
                0x0000019c                CAN_IRQHandler
                0x0000019c                PLL1_IRQHandler
                0x0000019c                SSP0_IRQHandler
                0x0000019c                I2S_IRQHandler
                0x0000019c                I2C2_IRQHandler
                0x0000019c                RTC_IRQHandler
                0x0000019c                TIMER0_IRQHandler
                0x0000019c                SPI_IRQHandler
                0x0000019c                EINT1_IRQHandler
                0x0000019c                UART2_IRQHandler
                0x0000019c                ADC_IRQHandler
                0x0000019c                SSP1_IRQHandler
                0x0000019c                USB_IRQHandler
                0x0000019c                BOD_IRQHandler
                0x0000019c                WDT_IRQHandler
                0x0000019c                QEI_IRQHandler
                0x0000019c                EINT0_IRQHandler
                0x0000019c                DMA_IRQHandler
                0x0000019c                UART3_IRQHandler
                0x0000019c                MCPWM_IRQHandler
                0x0000019c                ENET_IRQHandler
 .text.NVIC_EnableIRQ
                0x000001a4       0x38 ./src/main.o
 .text.NVIC_DisableIRQ
                0x000001dc       0x3c ./src/main.o
 .text.NVIC_ClearPendingIRQ
                0x00000218       0x3c ./src/main.o
 .text.NVIC_SetPriority
                0x00000254       0x5c ./src/main.o
 .text.SysTick_Config
                0x000002b0       0x64 ./src/main.o
 .text.EINT3_IRQHandler
                0x00000314       0x4c ./src/main.o
                0x00000314                EINT3_IRQHandler
 .text.readSensors
                0x00000360       0x38 ./src/main.o
                0x00000360                readSensors
 .text.pinsel_uart3
                0x00000398       0x38 ./src/main.o
                0x00000398                pinsel_uart3
 .text.init_uart
                0x000003d0       0x4c ./src/main.o
                0x000003d0                init_uart
 .text.init_i2c
                0x0000041c       0x5c ./src/main.o
 .text.init_ssp
                0x00000478       0x98 ./src/main.o
 .text.init_GPIO
                0x00000510       0x44 ./src/main.o
 .text.SysTick_Handler
                0x00000554       0x24 ./src/main.o
                0x00000554                SysTick_Handler
 .text.getTicks
                0x00000578       0x18 ./src/main.o
                0x00000578                getTicks
 .text.run7Seg  0x00000590       0x48 ./src/main.o
                0x00000590                run7Seg
 .text.flipLightLimits
                0x000005d8       0x74 ./src/main.o
                0x000005d8                flipLightLimits
 .text.getPrescalar
                0x0000064c       0xd0 ./src/main.o
                0x0000064c                getPrescalar
 .text.TIMER1_IRQHandler
                0x0000071c       0x38 ./src/main.o
                0x0000071c                TIMER1_IRQHandler
 .text.TIMER2_IRQHandler
                0x00000754       0x38 ./src/main.o
                0x00000754                TIMER2_IRQHandler
 .text.main     0x0000078c      0x8ac ./src/main.o
                0x0000078c                main
 .text.check_failed
                0x00001038        0xc ./src/main.o
                0x00001038                check_failed
 .text.SystemInit
                0x00001044      0x22c C:\Users\yongchenglow\Documents\LPCXpresso_6.1.4_194\workspace\ee2024Assignment2\Lib_CMSISv1p30_LPC17xx\Debug\libCMSISv1p30_LPC17xx.a(system_LPC17xx.o)
                0x00001044                SystemInit
 .text.I2CRead  0x00001270       0x5c C:\Users\yongchenglow\Documents\LPCXpresso_6.1.4_194\workspace\ee2024Assignment2\Lib_EaBaseBoard\Debug\libLib_EaBaseBoard.a(acc.o)
 .text.I2CWrite
                0x000012cc       0x5c C:\Users\yongchenglow\Documents\LPCXpresso_6.1.4_194\workspace\ee2024Assignment2\Lib_EaBaseBoard\Debug\libLib_EaBaseBoard.a(acc.o)
 .text.getStatus
                0x00001328       0x3c C:\Users\yongchenglow\Documents\LPCXpresso_6.1.4_194\workspace\ee2024Assignment2\Lib_EaBaseBoard\Debug\libLib_EaBaseBoard.a(acc.o)
 .text.setModeControl
                0x00001364       0x30 C:\Users\yongchenglow\Documents\LPCXpresso_6.1.4_194\workspace\ee2024Assignment2\Lib_EaBaseBoard\Debug\libLib_EaBaseBoard.a(acc.o)
 .text.acc_init
                0x00001394       0x10 C:\Users\yongchenglow\Documents\LPCXpresso_6.1.4_194\workspace\ee2024Assignment2\Lib_EaBaseBoard\Debug\libLib_EaBaseBoard.a(acc.o)
                0x00001394                acc_init
 .text.acc_read
                0x000013a4       0xbc C:\Users\yongchenglow\Documents\LPCXpresso_6.1.4_194\workspace\ee2024Assignment2\Lib_EaBaseBoard\Debug\libLib_EaBaseBoard.a(acc.o)
                0x000013a4                acc_read
 .text.joystick_init
                0x00001460       0x28 C:\Users\yongchenglow\Documents\LPCXpresso_6.1.4_194\workspace\ee2024Assignment2\Lib_EaBaseBoard\Debug\libLib_EaBaseBoard.a(joystick.o)
                0x00001460                joystick_init
 .text.led7seg_init
                0x00001488       0x24 C:\Users\yongchenglow\Documents\LPCXpresso_6.1.4_194\workspace\ee2024Assignment2\Lib_EaBaseBoard\Debug\libLib_EaBaseBoard.a(led7seg.o)
                0x00001488                led7seg_init
 .text.led7seg_setChar
                0x000014ac       0x88 C:\Users\yongchenglow\Documents\LPCXpresso_6.1.4_194\workspace\ee2024Assignment2\Lib_EaBaseBoard\Debug\libLib_EaBaseBoard.a(led7seg.o)
                0x000014ac                led7seg_setChar
 .text.I2CRead  0x00001534       0x5c C:\Users\yongchenglow\Documents\LPCXpresso_6.1.4_194\workspace\ee2024Assignment2\Lib_EaBaseBoard\Debug\libLib_EaBaseBoard.a(light.o)
 .text.I2CWrite
                0x00001590       0x5c C:\Users\yongchenglow\Documents\LPCXpresso_6.1.4_194\workspace\ee2024Assignment2\Lib_EaBaseBoard\Debug\libLib_EaBaseBoard.a(light.o)
 .text.readControlReg
                0x000015ec       0x3c C:\Users\yongchenglow\Documents\LPCXpresso_6.1.4_194\workspace\ee2024Assignment2\Lib_EaBaseBoard\Debug\libLib_EaBaseBoard.a(light.o)
 .text.light_enable
                0x00001628       0x48 C:\Users\yongchenglow\Documents\LPCXpresso_6.1.4_194\workspace\ee2024Assignment2\Lib_EaBaseBoard\Debug\libLib_EaBaseBoard.a(light.o)
                0x00001628                light_enable
 .text.light_read
                0x00001670       0x90 C:\Users\yongchenglow\Documents\LPCXpresso_6.1.4_194\workspace\ee2024Assignment2\Lib_EaBaseBoard\Debug\libLib_EaBaseBoard.a(light.o)
                0x00001670                light_read
 .text.light_setRange
                0x00001700       0xac C:\Users\yongchenglow\Documents\LPCXpresso_6.1.4_194\workspace\ee2024Assignment2\Lib_EaBaseBoard\Debug\libLib_EaBaseBoard.a(light.o)
                0x00001700                light_setRange
 .text.light_setHiThreshold
                0x000017ac       0x58 C:\Users\yongchenglow\Documents\LPCXpresso_6.1.4_194\workspace\ee2024Assignment2\Lib_EaBaseBoard\Debug\libLib_EaBaseBoard.a(light.o)
                0x000017ac                light_setHiThreshold
 .text.light_setLoThreshold
                0x00001804       0x58 C:\Users\yongchenglow\Documents\LPCXpresso_6.1.4_194\workspace\ee2024Assignment2\Lib_EaBaseBoard\Debug\libLib_EaBaseBoard.a(light.o)
                0x00001804                light_setLoThreshold
 .text.light_setIrqInCycles
                0x0000185c       0x48 C:\Users\yongchenglow\Documents\LPCXpresso_6.1.4_194\workspace\ee2024Assignment2\Lib_EaBaseBoard\Debug\libLib_EaBaseBoard.a(light.o)
                0x0000185c                light_setIrqInCycles
 .text.light_clearIrqStatus
                0x000018a4       0x3c C:\Users\yongchenglow\Documents\LPCXpresso_6.1.4_194\workspace\ee2024Assignment2\Lib_EaBaseBoard\Debug\libLib_EaBaseBoard.a(light.o)
                0x000018a4                light_clearIrqStatus
 .text.writeCommand
                0x000018e0       0x60 C:\Users\yongchenglow\Documents\LPCXpresso_6.1.4_194\workspace\ee2024Assignment2\Lib_EaBaseBoard\Debug\libLib_EaBaseBoard.a(oled.o)
 .text.writeData
                0x00001940       0x60 C:\Users\yongchenglow\Documents\LPCXpresso_6.1.4_194\workspace\ee2024Assignment2\Lib_EaBaseBoard\Debug\libLib_EaBaseBoard.a(oled.o)
 .text.writeDataLen
                0x000019a0       0x8c C:\Users\yongchenglow\Documents\LPCXpresso_6.1.4_194\workspace\ee2024Assignment2\Lib_EaBaseBoard\Debug\libLib_EaBaseBoard.a(oled.o)
 .text.runInitSequence
                0x00001a2c      0x118 C:\Users\yongchenglow\Documents\LPCXpresso_6.1.4_194\workspace\ee2024Assignment2\Lib_EaBaseBoard\Debug\libLib_EaBaseBoard.a(oled.o)
 .text.oled_init
                0x00001b44       0x9c C:\Users\yongchenglow\Documents\LPCXpresso_6.1.4_194\workspace\ee2024Assignment2\Lib_EaBaseBoard\Debug\libLib_EaBaseBoard.a(oled.o)
                0x00001b44                oled_init
 .text.oled_putPixel
                0x00001be0      0x188 C:\Users\yongchenglow\Documents\LPCXpresso_6.1.4_194\workspace\ee2024Assignment2\Lib_EaBaseBoard\Debug\libLib_EaBaseBoard.a(oled.o)
                0x00001be0                oled_putPixel
 .text.oled_clearScreen
                0x00001d68       0x74 C:\Users\yongchenglow\Documents\LPCXpresso_6.1.4_194\workspace\ee2024Assignment2\Lib_EaBaseBoard\Debug\libLib_EaBaseBoard.a(oled.o)
                0x00001d68                oled_clearScreen
 .text.oled_putChar
                0x00001ddc       0xf0 C:\Users\yongchenglow\Documents\LPCXpresso_6.1.4_194\workspace\ee2024Assignment2\Lib_EaBaseBoard\Debug\libLib_EaBaseBoard.a(oled.o)
                0x00001ddc                oled_putChar
 .text.oled_putString
                0x00001ecc       0x54 C:\Users\yongchenglow\Documents\LPCXpresso_6.1.4_194\workspace\ee2024Assignment2\Lib_EaBaseBoard\Debug\libLib_EaBaseBoard.a(oled.o)
                0x00001ecc                oled_putString
 .text.pca9532_init
                0x00001f20        0xc C:\Users\yongchenglow\Documents\LPCXpresso_6.1.4_194\workspace\ee2024Assignment2\Lib_EaBaseBoard\Debug\libLib_EaBaseBoard.a(pca9532.o)
                0x00001f20                pca9532_init
 .text.rgb_init
                0x00001f2c       0x28 C:\Users\yongchenglow\Documents\LPCXpresso_6.1.4_194\workspace\ee2024Assignment2\Lib_EaBaseBoard\Debug\libLib_EaBaseBoard.a(rgb.o)
                0x00001f2c                rgb_init
 .text.rgb_setLeds
                0x00001f54       0x5c C:\Users\yongchenglow\Documents\LPCXpresso_6.1.4_194\workspace\ee2024Assignment2\Lib_EaBaseBoard\Debug\libLib_EaBaseBoard.a(rgb.o)
                0x00001f54                rgb_setLeds
 .text.temp_init
                0x00001fb0       0x2c C:\Users\yongchenglow\Documents\LPCXpresso_6.1.4_194\workspace\ee2024Assignment2\Lib_EaBaseBoard\Debug\libLib_EaBaseBoard.a(temp.o)
                0x00001fb0                temp_init
 .text.temp_read
                0x00001fdc      0x10c C:\Users\yongchenglow\Documents\LPCXpresso_6.1.4_194\workspace\ee2024Assignment2\Lib_EaBaseBoard\Debug\libLib_EaBaseBoard.a(temp.o)
                0x00001fdc                temp_read
 .text.GPIO_GetPointer
                0x000020e8       0x7c C:\Users\yongchenglow\Documents\LPCXpresso_6.1.4_194\workspace\ee2024Assignment2\Lib_MCU\Debug\libLib_MCU.a(lpc17xx_gpio.o)
 .text.GPIO_SetDir
                0x00002164       0x54 C:\Users\yongchenglow\Documents\LPCXpresso_6.1.4_194\workspace\ee2024Assignment2\Lib_MCU\Debug\libLib_MCU.a(lpc17xx_gpio.o)
                0x00002164                GPIO_SetDir
 .text.GPIO_SetValue
                0x000021b8       0x2c C:\Users\yongchenglow\Documents\LPCXpresso_6.1.4_194\workspace\ee2024Assignment2\Lib_MCU\Debug\libLib_MCU.a(lpc17xx_gpio.o)
                0x000021b8                GPIO_SetValue
 .text.GPIO_ClearValue
                0x000021e4       0x2c C:\Users\yongchenglow\Documents\LPCXpresso_6.1.4_194\workspace\ee2024Assignment2\Lib_MCU\Debug\libLib_MCU.a(lpc17xx_gpio.o)
                0x000021e4                GPIO_ClearValue
 .text.GPIO_ReadValue
                0x00002210       0x30 C:\Users\yongchenglow\Documents\LPCXpresso_6.1.4_194\workspace\ee2024Assignment2\Lib_MCU\Debug\libLib_MCU.a(lpc17xx_gpio.o)
                0x00002210                GPIO_ReadValue
 .text.NVIC_EnableIRQ
                0x00002240       0x38 C:\Users\yongchenglow\Documents\LPCXpresso_6.1.4_194\workspace\ee2024Assignment2\Lib_MCU\Debug\libLib_MCU.a(lpc17xx_i2c.o)
 .text.NVIC_DisableIRQ
                0x00002278       0x3c C:\Users\yongchenglow\Documents\LPCXpresso_6.1.4_194\workspace\ee2024Assignment2\Lib_MCU\Debug\libLib_MCU.a(lpc17xx_i2c.o)
 .text.I2C_getNum
                0x000022b4       0x54 C:\Users\yongchenglow\Documents\LPCXpresso_6.1.4_194\workspace\ee2024Assignment2\Lib_MCU\Debug\libLib_MCU.a(lpc17xx_i2c.o)
 .text.I2C_Start
                0x00002308       0x44 C:\Users\yongchenglow\Documents\LPCXpresso_6.1.4_194\workspace\ee2024Assignment2\Lib_MCU\Debug\libLib_MCU.a(lpc17xx_i2c.o)
 .text.I2C_Stop
                0x0000234c       0x38 C:\Users\yongchenglow\Documents\LPCXpresso_6.1.4_194\workspace\ee2024Assignment2\Lib_MCU\Debug\libLib_MCU.a(lpc17xx_i2c.o)
 .text.I2C_SendByte
                0x00002384       0x50 C:\Users\yongchenglow\Documents\LPCXpresso_6.1.4_194\workspace\ee2024Assignment2\Lib_MCU\Debug\libLib_MCU.a(lpc17xx_i2c.o)
 .text.I2C_GetByte
                0x000023d4       0x5c C:\Users\yongchenglow\Documents\LPCXpresso_6.1.4_194\workspace\ee2024Assignment2\Lib_MCU\Debug\libLib_MCU.a(lpc17xx_i2c.o)
 .text.I2C_IntCmd
                0x00002430       0xa8 C:\Users\yongchenglow\Documents\LPCXpresso_6.1.4_194\workspace\ee2024Assignment2\Lib_MCU\Debug\libLib_MCU.a(lpc17xx_i2c.o)
                0x00002430                I2C_IntCmd
 .text.I2C_MasterHandler
                0x000024d8      0x408 C:\Users\yongchenglow\Documents\LPCXpresso_6.1.4_194\workspace\ee2024Assignment2\Lib_MCU\Debug\libLib_MCU.a(lpc17xx_i2c.o)
                0x000024d8                I2C_MasterHandler
 .text.I2C_SetClock
                0x000028e0       0xc8 C:\Users\yongchenglow\Documents\LPCXpresso_6.1.4_194\workspace\ee2024Assignment2\Lib_MCU\Debug\libLib_MCU.a(lpc17xx_i2c.o)
                0x000028e0                I2C_SetClock
 .text.I2C_Init
                0x000029a8       0xd8 C:\Users\yongchenglow\Documents\LPCXpresso_6.1.4_194\workspace\ee2024Assignment2\Lib_MCU\Debug\libLib_MCU.a(lpc17xx_i2c.o)
                0x000029a8                I2C_Init
 .text.I2C_Cmd  0x00002a80       0x84 C:\Users\yongchenglow\Documents\LPCXpresso_6.1.4_194\workspace\ee2024Assignment2\Lib_MCU\Debug\libLib_MCU.a(lpc17xx_i2c.o)
                0x00002a80                I2C_Cmd
 .text.I2C_MasterTransferData
                0x00002b04      0x390 C:\Users\yongchenglow\Documents\LPCXpresso_6.1.4_194\workspace\ee2024Assignment2\Lib_MCU\Debug\libLib_MCU.a(lpc17xx_i2c.o)
                0x00002b04                I2C_MasterTransferData
 .text.PINSEL_SetPinFunc
                0x00002e94       0x9c C:\Users\yongchenglow\Documents\LPCXpresso_6.1.4_194\workspace\ee2024Assignment2\Lib_MCU\Debug\libLib_MCU.a(lpc17xx_pinsel.o)
                0x00002e94                PINSEL_SetPinFunc
 .text.PINSEL_SetResistorMode
                0x00002f30       0x9c C:\Users\yongchenglow\Documents\LPCXpresso_6.1.4_194\workspace\ee2024Assignment2\Lib_MCU\Debug\libLib_MCU.a(lpc17xx_pinsel.o)
                0x00002f30                PINSEL_SetResistorMode
 .text.PINSEL_SetOpenDrainMode
                0x00002fcc       0x7c C:\Users\yongchenglow\Documents\LPCXpresso_6.1.4_194\workspace\ee2024Assignment2\Lib_MCU\Debug\libLib_MCU.a(lpc17xx_pinsel.o)
                0x00002fcc                PINSEL_SetOpenDrainMode
 .text.PINSEL_ConfigPin
                0x00003048       0x54 C:\Users\yongchenglow\Documents\LPCXpresso_6.1.4_194\workspace\ee2024Assignment2\Lib_MCU\Debug\libLib_MCU.a(lpc17xx_pinsel.o)
                0x00003048                PINSEL_ConfigPin
 .text.SSP_getNum
                0x0000309c       0x40 C:\Users\yongchenglow\Documents\LPCXpresso_6.1.4_194\workspace\ee2024Assignment2\Lib_MCU\Debug\libLib_MCU.a(lpc17xx_ssp.o)
 .text.SSP_IntHandler
                0x000030dc      0x338 C:\Users\yongchenglow\Documents\LPCXpresso_6.1.4_194\workspace\ee2024Assignment2\Lib_MCU\Debug\libLib_MCU.a(lpc17xx_ssp.o)
                0x000030dc                SSP_IntHandler
 .text.SSP_SetClock
                0x00003414       0xf8 C:\Users\yongchenglow\Documents\LPCXpresso_6.1.4_194\workspace\ee2024Assignment2\Lib_MCU\Debug\libLib_MCU.a(lpc17xx_ssp.o)
                0x00003414                SSP_SetClock
 .text.SSP_Init
                0x0000350c      0x10c C:\Users\yongchenglow\Documents\LPCXpresso_6.1.4_194\workspace\ee2024Assignment2\Lib_MCU\Debug\libLib_MCU.a(lpc17xx_ssp.o)
                0x0000350c                SSP_Init
 .text.SSP_ConfigStructInit
                0x00003618       0x48 C:\Users\yongchenglow\Documents\LPCXpresso_6.1.4_194\workspace\ee2024Assignment2\Lib_MCU\Debug\libLib_MCU.a(lpc17xx_ssp.o)
                0x00003618                SSP_ConfigStructInit
 .text.SSP_Cmd  0x00003660       0x7c C:\Users\yongchenglow\Documents\LPCXpresso_6.1.4_194\workspace\ee2024Assignment2\Lib_MCU\Debug\libLib_MCU.a(lpc17xx_ssp.o)
                0x00003660                SSP_Cmd
 .text.SSP_SendData
                0x000036dc       0x48 C:\Users\yongchenglow\Documents\LPCXpresso_6.1.4_194\workspace\ee2024Assignment2\Lib_MCU\Debug\libLib_MCU.a(lpc17xx_ssp.o)
                0x000036dc                SSP_SendData
 .text.SSP_ReceiveData
                0x00003724       0x44 C:\Users\yongchenglow\Documents\LPCXpresso_6.1.4_194\workspace\ee2024Assignment2\Lib_MCU\Debug\libLib_MCU.a(lpc17xx_ssp.o)
                0x00003724                SSP_ReceiveData
 .text.SSP_ReadWrite
                0x00003768      0x440 C:\Users\yongchenglow\Documents\LPCXpresso_6.1.4_194\workspace\ee2024Assignment2\Lib_MCU\Debug\libLib_MCU.a(lpc17xx_ssp.o)
                0x00003768                SSP_ReadWrite
 .text.uart_set_divisors
                0x00003ba8      0x26c C:\Users\yongchenglow\Documents\LPCXpresso_6.1.4_194\workspace\ee2024Assignment2\Lib_MCU\Debug\libLib_MCU.a(lpc17xx_uart.o)
                0x00003ba8                uart_set_divisors
 .text.UART_Init
                0x00003e14      0x368 C:\Users\yongchenglow\Documents\LPCXpresso_6.1.4_194\workspace\ee2024Assignment2\Lib_MCU\Debug\libLib_MCU.a(lpc17xx_uart.o)
                0x00003e14                UART_Init
 .text.UART_SendData
                0x0000417c       0x78 C:\Users\yongchenglow\Documents\LPCXpresso_6.1.4_194\workspace\ee2024Assignment2\Lib_MCU\Debug\libLib_MCU.a(lpc17xx_uart.o)
                0x0000417c                UART_SendData
 .text.UART_TxCmd
                0x000041f4       0xe8 C:\Users\yongchenglow\Documents\LPCXpresso_6.1.4_194\workspace\ee2024Assignment2\Lib_MCU\Debug\libLib_MCU.a(lpc17xx_uart.o)
                0x000041f4                UART_TxCmd
 .text.UART_Send
                0x000042dc      0x10c C:\Users\yongchenglow\Documents\LPCXpresso_6.1.4_194\workspace\ee2024Assignment2\Lib_MCU\Debug\libLib_MCU.a(lpc17xx_uart.o)
                0x000042dc                UART_Send
 .text.CLKPWR_SetPCLKDiv
                0x000043e8       0xcc C:\Users\yongchenglow\Documents\LPCXpresso_6.1.4_194\workspace\ee2024Assignment2\Lib_MCU\Debug\libLib_MCU.a(lpc17xx_clkpwr.o)
                0x000043e8                CLKPWR_SetPCLKDiv
 .text.CLKPWR_GetPCLKSEL
                0x000044b4       0x54 C:\Users\yongchenglow\Documents\LPCXpresso_6.1.4_194\workspace\ee2024Assignment2\Lib_MCU\Debug\libLib_MCU.a(lpc17xx_clkpwr.o)
                0x000044b4                CLKPWR_GetPCLKSEL
 .text.CLKPWR_GetPCLK
                0x00004508       0x74 C:\Users\yongchenglow\Documents\LPCXpresso_6.1.4_194\workspace\ee2024Assignment2\Lib_MCU\Debug\libLib_MCU.a(lpc17xx_clkpwr.o)
                0x00004508                CLKPWR_GetPCLK
 .text.CLKPWR_ConfigPPWR
                0x0000457c       0x78 C:\Users\yongchenglow\Documents\LPCXpresso_6.1.4_194\workspace\ee2024Assignment2\Lib_MCU\Debug\libLib_MCU.a(lpc17xx_clkpwr.o)
                0x0000457c                CLKPWR_ConfigPPWR
 .text          0x000045f4      0x370 c:/nxp/lpcxpresso_6.1.4_194/lpcxpresso/tools/bin/../lib/gcc/arm-none-eabi/4.6.2/armv7-m\libgcc.a(_arm_addsubdf3.o)
                0x000045f4                __aeabi_drsub
                0x000045fc                __aeabi_dsub
                0x000045fc                __subdf3
                0x00004600                __aeabi_dadd
                0x00004600                __adddf3
                0x00004878                __floatunsidf
                0x00004878                __aeabi_ui2d
                0x00004898                __floatsidf
                0x00004898                __aeabi_i2d
                0x000048bc                __aeabi_f2d
                0x000048bc                __extendsfdf2
                0x000048f8                __floatundidf
                0x000048f8                __aeabi_ul2d
                0x00004908                __floatdidf
                0x00004908                __aeabi_l2d
 .text          0x00004964      0x424 c:/nxp/lpcxpresso_6.1.4_194/lpcxpresso/tools/bin/../lib/gcc/arm-none-eabi/4.6.2/armv7-m\libgcc.a(_arm_muldivdf3.o)
                0x00004964                __aeabi_dmul
                0x00004964                __muldf3
                0x00004bb8                __divdf3
                0x00004bb8                __aeabi_ddiv
 .text          0x00004d88      0x110 c:/nxp/lpcxpresso_6.1.4_194/lpcxpresso/tools/bin/../lib/gcc/arm-none-eabi/4.6.2/armv7-m\libgcc.a(_arm_cmpdf2.o)
                0x00004d88                __gtdf2
                0x00004d88                __gedf2
                0x00004d90                __ltdf2
                0x00004d90                __ledf2
                0x00004d98                __nedf2
                0x00004d98                __eqdf2
                0x00004d98                __cmpdf2
                0x00004e14                __aeabi_cdrcmple
                0x00004e24                __aeabi_cdcmpeq
                0x00004e24                __aeabi_cdcmple
                0x00004e34                __aeabi_dcmpeq
                0x00004e48                __aeabi_dcmplt
                0x00004e5c                __aeabi_dcmple
                0x00004e70                __aeabi_dcmpge
                0x00004e84                __aeabi_dcmpgt
 .text          0x00004e98       0x2c c:/nxp/lpcxpresso_6.1.4_194/lpcxpresso/tools/bin/../lib/gcc/arm-none-eabi/4.6.2/armv7-m\libgcc.a(_aeabi_uldivmod.o)
                0x00004e98                __aeabi_uldivmod
 .text          0x00004ec4       0x5c c:/nxp/lpcxpresso_6.1.4_194/lpcxpresso/tools/bin/../lib/gcc/arm-none-eabi/4.6.2/armv7-m\libgcc.a(bpabi.o)
                0x00004ec4                __gnu_ldivmod_helper
                0x00004ef4                __gnu_uldivmod_helper
 .text          0x00004f20        0x4 c:/nxp/lpcxpresso_6.1.4_194/lpcxpresso/tools/bin/../lib/gcc/arm-none-eabi/4.6.2/armv7-m\libgcc.a(_dvmd_tls.o)
                0x00004f20                __aeabi_idiv0
                0x00004f20                __aeabi_ldiv0
 .text          0x00004f24      0x2c8 c:/nxp/lpcxpresso_6.1.4_194/lpcxpresso/tools/bin/../lib/gcc/arm-none-eabi/4.6.2/armv7-m\libgcc.a(_divdi3.o)
                0x00004f24                __divdi3
 .text          0x000051ec      0x298 c:/nxp/lpcxpresso_6.1.4_194/lpcxpresso/tools/bin/../lib/gcc/arm-none-eabi/4.6.2/armv7-m\libgcc.a(_udivdi3.o)
                0x000051ec                __udivdi3
 .text.abs      0x00005484        0x8 c:/nxp/lpcxpresso_6.1.4_194/lpcxpresso/tools/bin/../lib/gcc/arm-none-eabi/4.6.2/../../../../arm-none-eabi/lib/armv7-m\libc.a(lib_a-abs.o)
                0x00005484                abs
 .text.memset   0x0000548c       0x90 c:/nxp/lpcxpresso_6.1.4_194/lpcxpresso/tools/bin/../lib/gcc/arm-none-eabi/4.6.2/../../../../arm-none-eabi/lib/armv7-m\libc.a(lib_a-memset.o)
                0x0000548c                memset
 .text.sprintf  0x0000551c       0x50 c:/nxp/lpcxpresso_6.1.4_194/lpcxpresso/tools/bin/../lib/gcc/arm-none-eabi/4.6.2/../../../../arm-none-eabi/lib/armv7-m\libc.a(lib_a-sprintf.o)
                0x0000551c                sprintf
 .text.strlen   0x0000556c       0x60 c:/nxp/lpcxpresso_6.1.4_194/lpcxpresso/tools/bin/../lib/gcc/arm-none-eabi/4.6.2/../../../../arm-none-eabi/lib/armv7-m\libc.a(lib_a-strlen.o)
                0x0000556c                strlen
 .text._svfprintf_r
                0x000055cc     0x1408 c:/nxp/lpcxpresso_6.1.4_194/lpcxpresso/tools/bin/../lib/gcc/arm-none-eabi/4.6.2/../../../../arm-none-eabi/lib/armv7-m\libc.a(lib_a-svfprintf.o)
                0x000055cc                _svfprintf_r
 .text.quorem   0x000069d4      0x150 c:/nxp/lpcxpresso_6.1.4_194/lpcxpresso/tools/bin/../lib/gcc/arm-none-eabi/4.6.2/../../../../arm-none-eabi/lib/armv7-m\libc.a(lib_a-dtoa.o)
 *fill*         0x00006b24        0x4 00
 .text._dtoa_r  0x00006b28      0xe60 c:/nxp/lpcxpresso_6.1.4_194/lpcxpresso/tools/bin/../lib/gcc/arm-none-eabi/4.6.2/../../../../arm-none-eabi/lib/armv7-m\libc.a(lib_a-dtoa.o)
                0x00006b28                _dtoa_r
 .text._localeconv_r
                0x00007988        0xc c:/nxp/lpcxpresso_6.1.4_194/lpcxpresso/tools/bin/../lib/gcc/arm-none-eabi/4.6.2/../../../../arm-none-eabi/lib/armv7-m\libc.a(lib_a-locale.o)
                0x00007988                _localeconv_r
 .text._malloc_r
                0x00007994      0x528 c:/nxp/lpcxpresso_6.1.4_194/lpcxpresso/tools/bin/../lib/gcc/arm-none-eabi/4.6.2/../../../../arm-none-eabi/lib/armv7-m\libc.a(lib_a-mallocr.o)
                0x00007994                _malloc_r
 .text.memchr   0x00007ebc       0x84 c:/nxp/lpcxpresso_6.1.4_194/lpcxpresso/tools/bin/../lib/gcc/arm-none-eabi/4.6.2/../../../../arm-none-eabi/lib/armv7-m\libc.a(lib_a-memchr.o)
                0x00007ebc                memchr
 .text.memcpy   0x00007f40       0x84 c:/nxp/lpcxpresso_6.1.4_194/lpcxpresso/tools/bin/../lib/gcc/arm-none-eabi/4.6.2/../../../../arm-none-eabi/lib/armv7-m\libc.a(lib_a-memcpy.o)
                0x00007f40                memcpy
 .text.__malloc_lock
                0x00007fc4        0x4 c:/nxp/lpcxpresso_6.1.4_194/lpcxpresso/tools/bin/../lib/gcc/arm-none-eabi/4.6.2/../../../../arm-none-eabi/lib/armv7-m\libc.a(lib_a-mlock.o)
                0x00007fc4                __malloc_lock
 .text.__malloc_unlock
                0x00007fc8        0x4 c:/nxp/lpcxpresso_6.1.4_194/lpcxpresso/tools/bin/../lib/gcc/arm-none-eabi/4.6.2/../../../../arm-none-eabi/lib/armv7-m\libc.a(lib_a-mlock.o)
                0x00007fc8                __malloc_unlock
 .text._Balloc  0x00007fcc       0x4c c:/nxp/lpcxpresso_6.1.4_194/lpcxpresso/tools/bin/../lib/gcc/arm-none-eabi/4.6.2/../../../../arm-none-eabi/lib/armv7-m\libc.a(lib_a-mprec.o)
                0x00007fcc                _Balloc
 .text._Bfree   0x00008018       0x14 c:/nxp/lpcxpresso_6.1.4_194/lpcxpresso/tools/bin/../lib/gcc/arm-none-eabi/4.6.2/../../../../arm-none-eabi/lib/armv7-m\libc.a(lib_a-mprec.o)
                0x00008018                _Bfree
 .text.__multadd
                0x0000802c       0x84 c:/nxp/lpcxpresso_6.1.4_194/lpcxpresso/tools/bin/../lib/gcc/arm-none-eabi/4.6.2/../../../../arm-none-eabi/lib/armv7-m\libc.a(lib_a-mprec.o)
                0x0000802c                __multadd
 .text.__hi0bits
                0x000080b0       0x3c c:/nxp/lpcxpresso_6.1.4_194/lpcxpresso/tools/bin/../lib/gcc/arm-none-eabi/4.6.2/../../../../arm-none-eabi/lib/armv7-m\libc.a(lib_a-mprec.o)
                0x000080b0                __hi0bits
 .text.__lo0bits
                0x000080ec       0x5c c:/nxp/lpcxpresso_6.1.4_194/lpcxpresso/tools/bin/../lib/gcc/arm-none-eabi/4.6.2/../../../../arm-none-eabi/lib/armv7-m\libc.a(lib_a-mprec.o)
                0x000080ec                __lo0bits
 .text.__i2b    0x00008148       0x14 c:/nxp/lpcxpresso_6.1.4_194/lpcxpresso/tools/bin/../lib/gcc/arm-none-eabi/4.6.2/../../../../arm-none-eabi/lib/armv7-m\libc.a(lib_a-mprec.o)
                0x00008148                __i2b
 .text.__multiply
                0x0000815c      0x144 c:/nxp/lpcxpresso_6.1.4_194/lpcxpresso/tools/bin/../lib/gcc/arm-none-eabi/4.6.2/../../../../arm-none-eabi/lib/armv7-m\libc.a(lib_a-mprec.o)
                0x0000815c                __multiply
 .text.__pow5mult
                0x000082a0       0x98 c:/nxp/lpcxpresso_6.1.4_194/lpcxpresso/tools/bin/../lib/gcc/arm-none-eabi/4.6.2/../../../../arm-none-eabi/lib/armv7-m\libc.a(lib_a-mprec.o)
                0x000082a0                __pow5mult
 .text.__lshift
                0x00008338       0xc0 c:/nxp/lpcxpresso_6.1.4_194/lpcxpresso/tools/bin/../lib/gcc/arm-none-eabi/4.6.2/../../../../arm-none-eabi/lib/armv7-m\libc.a(lib_a-mprec.o)
                0x00008338                __lshift
 .text.__mcmp   0x000083f8       0x3c c:/nxp/lpcxpresso_6.1.4_194/lpcxpresso/tools/bin/../lib/gcc/arm-none-eabi/4.6.2/../../../../arm-none-eabi/lib/armv7-m\libc.a(lib_a-mprec.o)
                0x000083f8                __mcmp
 .text.__mdiff  0x00008434       0xd8 c:/nxp/lpcxpresso_6.1.4_194/lpcxpresso/tools/bin/../lib/gcc/arm-none-eabi/4.6.2/../../../../arm-none-eabi/lib/armv7-m\libc.a(lib_a-mprec.o)
                0x00008434                __mdiff
 .text.__d2b    0x0000850c       0xcc c:/nxp/lpcxpresso_6.1.4_194/lpcxpresso/tools/bin/../lib/gcc/arm-none-eabi/4.6.2/../../../../arm-none-eabi/lib/armv7-m\libc.a(lib_a-mprec.o)
                0x0000850c                __d2b
 .text.__fpclassifyd
                0x000085d8       0x68 c:/nxp/lpcxpresso_6.1.4_194/lpcxpresso/tools/bin/../lib/gcc/arm-none-eabi/4.6.2/../../../../arm-none-eabi/lib/armv7-m\libc.a(lib_a-s_fpclassify.o)
                0x000085d8                __fpclassifyd
 .text._sbrk_r  0x00008640       0x24 c:/nxp/lpcxpresso_6.1.4_194/lpcxpresso/tools/bin/../lib/gcc/arm-none-eabi/4.6.2/../../../../arm-none-eabi/lib/armv7-m\libc.a(lib_a-sbrkr.o)
                0x00008640                _sbrk_r
 .text.__ssprint_r
                0x00008664       0xf8 c:/nxp/lpcxpresso_6.1.4_194/lpcxpresso/tools/bin/../lib/gcc/arm-none-eabi/4.6.2/../../../../arm-none-eabi/lib/armv7-m\libc.a(lib_a-svfiprintf.o)
                0x00008664                __ssprint_r
 .text._calloc_r
                0x0000875c       0x60 c:/nxp/lpcxpresso_6.1.4_194/lpcxpresso/tools/bin/../lib/gcc/arm-none-eabi/4.6.2/../../../../arm-none-eabi/lib/armv7-m\libc.a(lib_a-callocr.o)
                0x0000875c                _calloc_r
 .text._malloc_trim_r
                0x000087bc       0xa0 c:/nxp/lpcxpresso_6.1.4_194/lpcxpresso/tools/bin/../lib/gcc/arm-none-eabi/4.6.2/../../../../arm-none-eabi/lib/armv7-m\libc.a(lib_a-freer.o)
                0x000087bc                _malloc_trim_r
 .text._free_r  0x0000885c      0x190 c:/nxp/lpcxpresso_6.1.4_194/lpcxpresso/tools/bin/../lib/gcc/arm-none-eabi/4.6.2/../../../../arm-none-eabi/lib/armv7-m\libc.a(lib_a-freer.o)
                0x0000885c                _free_r
 .text.memmove  0x000089ec       0xb0 c:/nxp/lpcxpresso_6.1.4_194/lpcxpresso/tools/bin/../lib/gcc/arm-none-eabi/4.6.2/../../../../arm-none-eabi/lib/armv7-m\libc.a(lib_a-memmove.o)
                0x000089ec                memmove
 .text._realloc_r
                0x00008a9c      0x3f4 c:/nxp/lpcxpresso_6.1.4_194/lpcxpresso/tools/bin/../lib/gcc/arm-none-eabi/4.6.2/../../../../arm-none-eabi/lib/armv7-m\libc.a(lib_a-reallocr.o)
                0x00008a9c                _realloc_r
 .text._sbrk    0x00008e90       0x3c c:/nxp/lpcxpresso_6.1.4_194/lpcxpresso/tools/bin/../lib/gcc/arm-none-eabi/4.6.2/../../../../arm-none-eabi/lib/armv7-m\libcr_newlib_semihost.a(_cr_sbrk.o)
                0x00008e90                _sbrk
 .text.__check_heap_overflow
                0x00008ecc       0x2c c:/nxp/lpcxpresso_6.1.4_194/lpcxpresso/tools/bin/../lib/gcc/arm-none-eabi/4.6.2/../../../../arm-none-eabi/lib/armv7-m\libcr_newlib_semihost.a(_cr_check_heap.o)
                0x00008ecc                __check_heap_overflow
 .text          0x00008ef8       0x50 c:/nxp/lpcxpresso_6.1.4_194/lpcxpresso/tools/bin/../lib/gcc/arm-none-eabi/4.6.2/armv7-m\libgcc.a(_arm_fixdfsi.o)
                0x00008ef8                __aeabi_d2iz
                0x00008ef8                __fixdfsi
 .text.__errno  0x00008f48        0xc c:/nxp/lpcxpresso_6.1.4_194/lpcxpresso/tools/bin/../lib/gcc/arm-none-eabi/4.6.2/../../../../arm-none-eabi/lib/armv7-m\libc.a(lib_a-errno.o)
                0x00008f48                __errno
 *(.rodata .rodata.* .constdata .constdata.*)
 .rodata        0x00008f54       0xa8 ./src/main.o
                0x00008f54                displayValues
 .rodata        0x00008ffc        0x8 C:\Users\yongchenglow\Documents\LPCXpresso_6.1.4_194\workspace\ee2024Assignment2\Lib_EaBaseBoard\Debug\libLib_EaBaseBoard.a(oled.o)
 .rodata        0x00009004      0x300 C:\Users\yongchenglow\Documents\LPCXpresso_6.1.4_194\workspace\ee2024Assignment2\Lib_EaBaseBoard\Debug\libLib_EaBaseBoard.a(font5x7.o)
                0x00009004                font5x7
 .rodata        0x00009304       0x18 C:\Users\yongchenglow\Documents\LPCXpresso_6.1.4_194\workspace\ee2024Assignment2\Lib_MCU\Debug\libLib_MCU.a(lpc17xx_i2c.o)
 .rodata        0x0000931c       0x18 C:\Users\yongchenglow\Documents\LPCXpresso_6.1.4_194\workspace\ee2024Assignment2\Lib_MCU\Debug\libLib_MCU.a(lpc17xx_ssp.o)
 .rodata        0x00009334       0x18 C:\Users\yongchenglow\Documents\LPCXpresso_6.1.4_194\workspace\ee2024Assignment2\Lib_MCU\Debug\libLib_MCU.a(lpc17xx_uart.o)
 .rodata.zeroes.6590
                0x0000934c       0x10 c:/nxp/lpcxpresso_6.1.4_194/lpcxpresso/tools/bin/../lib/gcc/arm-none-eabi/4.6.2/../../../../arm-none-eabi/lib/armv7-m\libc.a(lib_a-svfprintf.o)
 .rodata.str1.4
                0x0000935c       0x42 c:/nxp/lpcxpresso_6.1.4_194/lpcxpresso/tools/bin/../lib/gcc/arm-none-eabi/4.6.2/../../../../arm-none-eabi/lib/armv7-m\libc.a(lib_a-svfprintf.o)
                                 0x44 (size before relaxing)
 *fill*         0x0000939e        0x2 00
 .rodata.blanks.6589
                0x000093a0       0x10 c:/nxp/lpcxpresso_6.1.4_194/lpcxpresso/tools/bin/../lib/gcc/arm-none-eabi/4.6.2/../../../../arm-none-eabi/lib/armv7-m\libc.a(lib_a-svfprintf.o)
 .rodata.str1.4
                0x000093b0       0x10 c:/nxp/lpcxpresso_6.1.4_194/lpcxpresso/tools/bin/../lib/gcc/arm-none-eabi/4.6.2/../../../../arm-none-eabi/lib/armv7-m\libc.a(lib_a-dtoa.o)
                                 0x14 (size before relaxing)
 .rodata.str1.4
                0x000093c0        0x2 c:/nxp/lpcxpresso_6.1.4_194/lpcxpresso/tools/bin/../lib/gcc/arm-none-eabi/4.6.2/../../../../arm-none-eabi/lib/armv7-m\libc.a(lib_a-impure.o)
                                  0x4 (size before relaxing)
 *fill*         0x000093c2        0x2 00
 .rodata.str1.4
                0x000093c4        0xc c:/nxp/lpcxpresso_6.1.4_194/lpcxpresso/tools/bin/../lib/gcc/arm-none-eabi/4.6.2/../../../../arm-none-eabi/lib/armv7-m\libc.a(lib_a-locale.o)
                                 0x14 (size before relaxing)
 .rodata.__mprec_tens
                0x000093d0       0xc8 c:/nxp/lpcxpresso_6.1.4_194/lpcxpresso/tools/bin/../lib/gcc/arm-none-eabi/4.6.2/../../../../arm-none-eabi/lib/armv7-m\libc.a(lib_a-mprec.o)
                0x000093d0                __mprec_tens
 .rodata.__mprec_bigtens
                0x00009498       0x28 c:/nxp/lpcxpresso_6.1.4_194/lpcxpresso/tools/bin/../lib/gcc/arm-none-eabi/4.6.2/../../../../arm-none-eabi/lib/armv7-m\libc.a(lib_a-mprec.o)
                0x00009498                __mprec_bigtens
 .rodata.p05.5111
                0x000094c0        0xc c:/nxp/lpcxpresso_6.1.4_194/lpcxpresso/tools/bin/../lib/gcc/arm-none-eabi/4.6.2/../../../../arm-none-eabi/lib/armv7-m\libc.a(lib_a-mprec.o)
                0x000094cc                . = ALIGN (0x4)

.glue_7         0x000094cc        0x0
 .glue_7        0x00000000        0x0 linker stubs

.glue_7t        0x000094cc        0x0
 .glue_7t       0x00000000        0x0 linker stubs

.vfp11_veneer   0x000094cc        0x0
 .vfp11_veneer  0x00000000        0x0 linker stubs

.v4_bx          0x000094cc        0x0
 .v4_bx         0x00000000        0x0 linker stubs

.ARM.extab
 *(.ARM.extab* .gnu.linkonce.armextab.*)
                0x000094cc                __exidx_start = .

.ARM.exidx      0x000094cc        0x8
 *(.ARM.exidx* .gnu.linkonce.armexidx.*)
 .ARM.exidx     0x000094cc        0x8 c:/nxp/lpcxpresso_6.1.4_194/lpcxpresso/tools/bin/../lib/gcc/arm-none-eabi/4.6.2/armv7-m\libgcc.a(_divdi3.o)
 .ARM.exidx     0x000094d4        0x0 c:/nxp/lpcxpresso_6.1.4_194/lpcxpresso/tools/bin/../lib/gcc/arm-none-eabi/4.6.2/armv7-m\libgcc.a(_udivdi3.o)
                                  0x8 (size before relaxing)
                0x000094d4                __exidx_end = .
                0x000094d4                _etext = .

.data_RAM2      0x2007c000        0x0 load address 0x000094d4
 FILL mask 0xff
 *(.data.$RAM2*)
 *(.data.$RamAHB32*)
                0x2007c000                . = ALIGN (0x4)

.uninit_RESERVED
                0x10000000        0x0
 *(.bss.$RESERVED*)
                0x10000000                . = ALIGN (0x4)
                0x10000000                _end_uninit_RESERVED = .

.data           0x10000000      0x8dc load address 0x000094d4
 FILL mask 0xff
                0x10000000                _data = .
 *(vtable)
 *(.data*)
 .data          0x10000000        0x8 ./src/main.o
                0x10000000                lightLowLimit
                0x10000004                lightHighLimit
 .data          0x10000008        0x4 C:\Users\yongchenglow\Documents\LPCXpresso_6.1.4_194\workspace\ee2024Assignment2\Lib_CMSISv1p30_LPC17xx\Debug\libCMSISv1p30_LPC17xx.a(system_LPC17xx.o)
                0x10000008                SystemCoreClock
 .data          0x1000000c       0x50 C:\Users\yongchenglow\Documents\LPCXpresso_6.1.4_194\workspace\ee2024Assignment2\Lib_EaBaseBoard\Debug\libLib_EaBaseBoard.a(led7seg.o)
 .data          0x1000005c        0x8 C:\Users\yongchenglow\Documents\LPCXpresso_6.1.4_194\workspace\ee2024Assignment2\Lib_EaBaseBoard\Debug\libLib_EaBaseBoard.a(light.o)
 *fill*         0x10000064        0x4 00
 .data.impure_data
                0x10000068      0x428 c:/nxp/lpcxpresso_6.1.4_194/lpcxpresso/tools/bin/../lib/gcc/arm-none-eabi/4.6.2/../../../../arm-none-eabi/lib/armv7-m\libc.a(lib_a-impure.o)
 .data._impure_ptr
                0x10000490        0x4 c:/nxp/lpcxpresso_6.1.4_194/lpcxpresso/tools/bin/../lib/gcc/arm-none-eabi/4.6.2/../../../../arm-none-eabi/lib/armv7-m\libc.a(lib_a-impure.o)
                0x10000490                _impure_ptr
 .data.lconv    0x10000494       0x38 c:/nxp/lpcxpresso_6.1.4_194/lpcxpresso/tools/bin/../lib/gcc/arm-none-eabi/4.6.2/../../../../arm-none-eabi/lib/armv7-m\libc.a(lib_a-locale.o)
 .data.__malloc_av_
                0x100004cc      0x408 c:/nxp/lpcxpresso_6.1.4_194/lpcxpresso/tools/bin/../lib/gcc/arm-none-eabi/4.6.2/../../../../arm-none-eabi/lib/armv7-m\libc.a(lib_a-mallocr.o)
                0x100004cc                __malloc_av_
 .data.__malloc_trim_threshold
                0x100008d4        0x4 c:/nxp/lpcxpresso_6.1.4_194/lpcxpresso/tools/bin/../lib/gcc/arm-none-eabi/4.6.2/../../../../arm-none-eabi/lib/armv7-m\libc.a(lib_a-mallocr.o)
                0x100008d4                __malloc_trim_threshold
 .data.__malloc_sbrk_base
                0x100008d8        0x4 c:/nxp/lpcxpresso_6.1.4_194/lpcxpresso/tools/bin/../lib/gcc/arm-none-eabi/4.6.2/../../../../arm-none-eabi/lib/armv7-m\libc.a(lib_a-mallocr.o)
                0x100008d8                __malloc_sbrk_base
                0x100008dc                . = ALIGN (0x4)
                0x100008dc                _edata = .

.bss_RAM2       0x2007c000        0x0
 *(.bss.$RAM2*)
 *(.bss.$RamAHB32*)
                0x2007c000                . = ALIGN (0x4)

.bss            0x100008dc      0x394
                0x100008dc                _bss = .
 *(.bss*)
 .bss           0x100008dc       0x14 ./src/main.o
                0x100008dc                lightFlag
                0x100008e0                prevLightFlag
                0x100008e4                oneSecondHasReached
                0x100008e8                oneThirdSecondsHasReached
                0x100008ec                msTicks
 .bss           0x100008f0      0x300 C:\Users\yongchenglow\Documents\LPCXpresso_6.1.4_194\workspace\ee2024Assignment2\Lib_EaBaseBoard\Debug\libLib_EaBaseBoard.a(oled.o)
 .bss           0x10000bf0        0x4 C:\Users\yongchenglow\Documents\LPCXpresso_6.1.4_194\workspace\ee2024Assignment2\Lib_EaBaseBoard\Debug\libLib_EaBaseBoard.a(temp.o)
 .bss           0x10000bf4       0x24 C:\Users\yongchenglow\Documents\LPCXpresso_6.1.4_194\workspace\ee2024Assignment2\Lib_MCU\Debug\libLib_MCU.a(lpc17xx_i2c.o)
 .bss           0x10000c18       0x18 C:\Users\yongchenglow\Documents\LPCXpresso_6.1.4_194\workspace\ee2024Assignment2\Lib_MCU\Debug\libLib_MCU.a(lpc17xx_ssp.o)
 .bss.__malloc_max_total_mem
                0x10000c30        0x4 c:/nxp/lpcxpresso_6.1.4_194/lpcxpresso/tools/bin/../lib/gcc/arm-none-eabi/4.6.2/../../../../arm-none-eabi/lib/armv7-m\libc.a(lib_a-mallocr.o)
                0x10000c30                __malloc_max_total_mem
 .bss.__malloc_max_sbrked_mem
                0x10000c34        0x4 c:/nxp/lpcxpresso_6.1.4_194/lpcxpresso/tools/bin/../lib/gcc/arm-none-eabi/4.6.2/../../../../arm-none-eabi/lib/armv7-m\libc.a(lib_a-mallocr.o)
                0x10000c34                __malloc_max_sbrked_mem
 .bss.__malloc_top_pad
                0x10000c38        0x4 c:/nxp/lpcxpresso_6.1.4_194/lpcxpresso/tools/bin/../lib/gcc/arm-none-eabi/4.6.2/../../../../arm-none-eabi/lib/armv7-m\libc.a(lib_a-mallocr.o)
                0x10000c38                __malloc_top_pad
 .bss.__malloc_current_mallinfo
                0x10000c3c       0x28 c:/nxp/lpcxpresso_6.1.4_194/lpcxpresso/tools/bin/../lib/gcc/arm-none-eabi/4.6.2/../../../../arm-none-eabi/lib/armv7-m\libc.a(lib_a-mallocr.o)
                0x10000c3c                __malloc_current_mallinfo
 *(COMMON)
 COMMON         0x10000c64        0x1 ./src/main.o
                0x10000c64                mode
 *fill*         0x10000c65        0x3 00
 COMMON         0x10000c68        0x4 c:/nxp/lpcxpresso_6.1.4_194/lpcxpresso/tools/bin/../lib/gcc/arm-none-eabi/4.6.2/../../../../arm-none-eabi/lib/armv7-m\libc.a(lib_a-reent.o)
                0x10000c68                errno
 COMMON         0x10000c6c        0x4 c:/nxp/lpcxpresso_6.1.4_194/lpcxpresso/tools/bin/../lib/gcc/arm-none-eabi/4.6.2/../../../../arm-none-eabi/lib/armv7-m\libcr_newlib_semihost.a(_cr_sbrk.o)
                0x10000c6c                __end_of_heap
                0x10000c70                . = ALIGN (0x4)
                0x10000c70                _ebss = .
                0x10000c70                PROVIDE (end, .)

.noinit_RAM2    0x2007c000        0x0
 *(.noinit.$RAM2*)
 *(.noinit.$RamAHB32*)
                0x2007c000                . = ALIGN (0x4)

.noinit         0x10000c70        0x0
                0x10000c70                _noinit = .
 *(.noinit*)
                0x10000c70                . = ALIGN (0x4)
                0x10000c70                _end_noinit = .
                0x10000c70                PROVIDE (_pvHeapStart, .)
                0x10008000                PROVIDE (_vStackTop, (__top_RamLoc32 - 0x0))
OUTPUT(Assignment2.axf elf32-littlearm)

.debug_info     0x00000000     0x8002
 .debug_info    0x00000000      0x209 ./src/cr_startup_lpc17.o
 .debug_info    0x00000209     0x15ca ./src/main.o
 .debug_info    0x000017d3      0x357 C:\Users\yongchenglow\Documents\LPCXpresso_6.1.4_194\workspace\ee2024Assignment2\Lib_CMSISv1p30_LPC17xx\Debug\libCMSISv1p30_LPC17xx.a(system_LPC17xx.o)
 .debug_info    0x00001b2a      0x53d C:\Users\yongchenglow\Documents\LPCXpresso_6.1.4_194\workspace\ee2024Assignment2\Lib_EaBaseBoard\Debug\libLib_EaBaseBoard.a(acc.o)
 .debug_info    0x00002067      0x10f C:\Users\yongchenglow\Documents\LPCXpresso_6.1.4_194\workspace\ee2024Assignment2\Lib_EaBaseBoard\Debug\libLib_EaBaseBoard.a(joystick.o)
 .debug_info    0x00002176      0x282 C:\Users\yongchenglow\Documents\LPCXpresso_6.1.4_194\workspace\ee2024Assignment2\Lib_EaBaseBoard\Debug\libLib_EaBaseBoard.a(led7seg.o)
 .debug_info    0x000023f8      0x763 C:\Users\yongchenglow\Documents\LPCXpresso_6.1.4_194\workspace\ee2024Assignment2\Lib_EaBaseBoard\Debug\libLib_EaBaseBoard.a(light.o)
 .debug_info    0x00002b5b      0x97d C:\Users\yongchenglow\Documents\LPCXpresso_6.1.4_194\workspace\ee2024Assignment2\Lib_EaBaseBoard\Debug\libLib_EaBaseBoard.a(oled.o)
 .debug_info    0x000034d8      0x642 C:\Users\yongchenglow\Documents\LPCXpresso_6.1.4_194\workspace\ee2024Assignment2\Lib_EaBaseBoard\Debug\libLib_EaBaseBoard.a(pca9532.o)
 .debug_info    0x00003b1a       0xe4 C:\Users\yongchenglow\Documents\LPCXpresso_6.1.4_194\workspace\ee2024Assignment2\Lib_EaBaseBoard\Debug\libLib_EaBaseBoard.a(rgb.o)
 .debug_info    0x00003bfe      0x154 C:\Users\yongchenglow\Documents\LPCXpresso_6.1.4_194\workspace\ee2024Assignment2\Lib_EaBaseBoard\Debug\libLib_EaBaseBoard.a(temp.o)
 .debug_info    0x00003d52       0x65 C:\Users\yongchenglow\Documents\LPCXpresso_6.1.4_194\workspace\ee2024Assignment2\Lib_EaBaseBoard\Debug\libLib_EaBaseBoard.a(font5x7.o)
 .debug_info    0x00003db7      0xb95 C:\Users\yongchenglow\Documents\LPCXpresso_6.1.4_194\workspace\ee2024Assignment2\Lib_MCU\Debug\libLib_MCU.a(lpc17xx_gpio.o)
 .debug_info    0x0000494c      0xcc3 C:\Users\yongchenglow\Documents\LPCXpresso_6.1.4_194\workspace\ee2024Assignment2\Lib_MCU\Debug\libLib_MCU.a(lpc17xx_i2c.o)
 .debug_info    0x0000560f      0x4b1 C:\Users\yongchenglow\Documents\LPCXpresso_6.1.4_194\workspace\ee2024Assignment2\Lib_MCU\Debug\libLib_MCU.a(lpc17xx_pinsel.o)
 .debug_info    0x00005ac0      0x867 C:\Users\yongchenglow\Documents\LPCXpresso_6.1.4_194\workspace\ee2024Assignment2\Lib_MCU\Debug\libLib_MCU.a(lpc17xx_ssp.o)
 .debug_info    0x00006327     0x14df C:\Users\yongchenglow\Documents\LPCXpresso_6.1.4_194\workspace\ee2024Assignment2\Lib_MCU\Debug\libLib_MCU.a(lpc17xx_uart.o)
 .debug_info    0x00007806      0x641 C:\Users\yongchenglow\Documents\LPCXpresso_6.1.4_194\workspace\ee2024Assignment2\Lib_MCU\Debug\libLib_MCU.a(lpc17xx_clkpwr.o)
 .debug_info    0x00007e47      0x106 c:/nxp/lpcxpresso_6.1.4_194/lpcxpresso/tools/bin/../lib/gcc/arm-none-eabi/4.6.2/../../../../arm-none-eabi/lib/armv7-m\libcr_newlib_semihost.a(_cr_sbrk.o)
 .debug_info    0x00007f4d       0xb5 c:/nxp/lpcxpresso_6.1.4_194/lpcxpresso/tools/bin/../lib/gcc/arm-none-eabi/4.6.2/../../../../arm-none-eabi/lib/armv7-m\libcr_newlib_semihost.a(_cr_check_heap.o)

.debug_abbrev   0x00000000     0x19cd
 .debug_abbrev  0x00000000       0xb4 ./src/cr_startup_lpc17.o
 .debug_abbrev  0x000000b4      0x284 ./src/main.o
 .debug_abbrev  0x00000338       0xce C:\Users\yongchenglow\Documents\LPCXpresso_6.1.4_194\workspace\ee2024Assignment2\Lib_CMSISv1p30_LPC17xx\Debug\libCMSISv1p30_LPC17xx.a(system_LPC17xx.o)
 .debug_abbrev  0x00000406      0x15c C:\Users\yongchenglow\Documents\LPCXpresso_6.1.4_194\workspace\ee2024Assignment2\Lib_EaBaseBoard\Debug\libLib_EaBaseBoard.a(acc.o)
 .debug_abbrev  0x00000562       0x90 C:\Users\yongchenglow\Documents\LPCXpresso_6.1.4_194\workspace\ee2024Assignment2\Lib_EaBaseBoard\Debug\libLib_EaBaseBoard.a(joystick.o)
 .debug_abbrev  0x000005f2      0x155 C:\Users\yongchenglow\Documents\LPCXpresso_6.1.4_194\workspace\ee2024Assignment2\Lib_EaBaseBoard\Debug\libLib_EaBaseBoard.a(led7seg.o)
 .debug_abbrev  0x00000747      0x1bd C:\Users\yongchenglow\Documents\LPCXpresso_6.1.4_194\workspace\ee2024Assignment2\Lib_EaBaseBoard\Debug\libLib_EaBaseBoard.a(light.o)
 .debug_abbrev  0x00000904      0x1f1 C:\Users\yongchenglow\Documents\LPCXpresso_6.1.4_194\workspace\ee2024Assignment2\Lib_EaBaseBoard\Debug\libLib_EaBaseBoard.a(oled.o)
 .debug_abbrev  0x00000af5      0x1aa C:\Users\yongchenglow\Documents\LPCXpresso_6.1.4_194\workspace\ee2024Assignment2\Lib_EaBaseBoard\Debug\libLib_EaBaseBoard.a(pca9532.o)
 .debug_abbrev  0x00000c9f       0x8e C:\Users\yongchenglow\Documents\LPCXpresso_6.1.4_194\workspace\ee2024Assignment2\Lib_EaBaseBoard\Debug\libLib_EaBaseBoard.a(rgb.o)
 .debug_abbrev  0x00000d2d       0xc2 C:\Users\yongchenglow\Documents\LPCXpresso_6.1.4_194\workspace\ee2024Assignment2\Lib_EaBaseBoard\Debug\libLib_EaBaseBoard.a(temp.o)
 .debug_abbrev  0x00000def       0x4b C:\Users\yongchenglow\Documents\LPCXpresso_6.1.4_194\workspace\ee2024Assignment2\Lib_EaBaseBoard\Debug\libLib_EaBaseBoard.a(font5x7.o)
 .debug_abbrev  0x00000e3a      0x185 C:\Users\yongchenglow\Documents\LPCXpresso_6.1.4_194\workspace\ee2024Assignment2\Lib_MCU\Debug\libLib_MCU.a(lpc17xx_gpio.o)
 .debug_abbrev  0x00000fbf      0x24a C:\Users\yongchenglow\Documents\LPCXpresso_6.1.4_194\workspace\ee2024Assignment2\Lib_MCU\Debug\libLib_MCU.a(lpc17xx_i2c.o)
 .debug_abbrev  0x00001209      0x10a C:\Users\yongchenglow\Documents\LPCXpresso_6.1.4_194\workspace\ee2024Assignment2\Lib_MCU\Debug\libLib_MCU.a(lpc17xx_pinsel.o)
 .debug_abbrev  0x00001313      0x1d3 C:\Users\yongchenglow\Documents\LPCXpresso_6.1.4_194\workspace\ee2024Assignment2\Lib_MCU\Debug\libLib_MCU.a(lpc17xx_ssp.o)
 .debug_abbrev  0x000014e6      0x259 C:\Users\yongchenglow\Documents\LPCXpresso_6.1.4_194\workspace\ee2024Assignment2\Lib_MCU\Debug\libLib_MCU.a(lpc17xx_uart.o)
 .debug_abbrev  0x0000173f      0x174 C:\Users\yongchenglow\Documents\LPCXpresso_6.1.4_194\workspace\ee2024Assignment2\Lib_MCU\Debug\libLib_MCU.a(lpc17xx_clkpwr.o)
 .debug_abbrev  0x000018b3       0xa8 c:/nxp/lpcxpresso_6.1.4_194/lpcxpresso/tools/bin/../lib/gcc/arm-none-eabi/4.6.2/../../../../arm-none-eabi/lib/armv7-m\libcr_newlib_semihost.a(_cr_sbrk.o)
 .debug_abbrev  0x0000195b       0x72 c:/nxp/lpcxpresso_6.1.4_194/lpcxpresso/tools/bin/../lib/gcc/arm-none-eabi/4.6.2/../../../../arm-none-eabi/lib/armv7-m\libcr_newlib_semihost.a(_cr_check_heap.o)

.debug_loc      0x00000000     0x2cfc
 .debug_loc     0x00000000      0x1f0 ./src/cr_startup_lpc17.o
 .debug_loc     0x000001f0      0x4a2 ./src/main.o
 .debug_loc     0x00000692       0x58 C:\Users\yongchenglow\Documents\LPCXpresso_6.1.4_194\workspace\ee2024Assignment2\Lib_CMSISv1p30_LPC17xx\Debug\libCMSISv1p30_LPC17xx.a(system_LPC17xx.o)
 .debug_loc     0x000006ea      0x1f0 C:\Users\yongchenglow\Documents\LPCXpresso_6.1.4_194\workspace\ee2024Assignment2\Lib_EaBaseBoard\Debug\libLib_EaBaseBoard.a(acc.o)
 .debug_loc     0x000008da       0x64 C:\Users\yongchenglow\Documents\LPCXpresso_6.1.4_194\workspace\ee2024Assignment2\Lib_EaBaseBoard\Debug\libLib_EaBaseBoard.a(joystick.o)
 .debug_loc     0x0000093e       0x64 C:\Users\yongchenglow\Documents\LPCXpresso_6.1.4_194\workspace\ee2024Assignment2\Lib_EaBaseBoard\Debug\libLib_EaBaseBoard.a(led7seg.o)
 .debug_loc     0x000009a2      0x378 C:\Users\yongchenglow\Documents\LPCXpresso_6.1.4_194\workspace\ee2024Assignment2\Lib_EaBaseBoard\Debug\libLib_EaBaseBoard.a(light.o)
 .debug_loc     0x00000d1a      0x33e C:\Users\yongchenglow\Documents\LPCXpresso_6.1.4_194\workspace\ee2024Assignment2\Lib_EaBaseBoard\Debug\libLib_EaBaseBoard.a(oled.o)
 .debug_loc     0x00001058      0x2d0 C:\Users\yongchenglow\Documents\LPCXpresso_6.1.4_194\workspace\ee2024Assignment2\Lib_EaBaseBoard\Debug\libLib_EaBaseBoard.a(pca9532.o)
 .debug_loc     0x00001328       0x64 C:\Users\yongchenglow\Documents\LPCXpresso_6.1.4_194\workspace\ee2024Assignment2\Lib_EaBaseBoard\Debug\libLib_EaBaseBoard.a(rgb.o)
 .debug_loc     0x0000138c       0x70 C:\Users\yongchenglow\Documents\LPCXpresso_6.1.4_194\workspace\ee2024Assignment2\Lib_EaBaseBoard\Debug\libLib_EaBaseBoard.a(temp.o)
 .debug_loc     0x000013fc      0x4d0 C:\Users\yongchenglow\Documents\LPCXpresso_6.1.4_194\workspace\ee2024Assignment2\Lib_MCU\Debug\libLib_MCU.a(lpc17xx_gpio.o)
 .debug_loc     0x000018cc      0x4e4 C:\Users\yongchenglow\Documents\LPCXpresso_6.1.4_194\workspace\ee2024Assignment2\Lib_MCU\Debug\libLib_MCU.a(lpc17xx_i2c.o)
 .debug_loc     0x00001db0      0x150 C:\Users\yongchenglow\Documents\LPCXpresso_6.1.4_194\workspace\ee2024Assignment2\Lib_MCU\Debug\libLib_MCU.a(lpc17xx_pinsel.o)
 .debug_loc     0x00001f00      0x448 C:\Users\yongchenglow\Documents\LPCXpresso_6.1.4_194\workspace\ee2024Assignment2\Lib_MCU\Debug\libLib_MCU.a(lpc17xx_ssp.o)
 .debug_loc     0x00002348      0x77a C:\Users\yongchenglow\Documents\LPCXpresso_6.1.4_194\workspace\ee2024Assignment2\Lib_MCU\Debug\libLib_MCU.a(lpc17xx_uart.o)
 .debug_loc     0x00002ac2      0x1bc C:\Users\yongchenglow\Documents\LPCXpresso_6.1.4_194\workspace\ee2024Assignment2\Lib_MCU\Debug\libLib_MCU.a(lpc17xx_clkpwr.o)
 .debug_loc     0x00002c7e       0x55 c:/nxp/lpcxpresso_6.1.4_194/lpcxpresso/tools/bin/../lib/gcc/arm-none-eabi/4.6.2/../../../../arm-none-eabi/lib/armv7-m\libcr_newlib_semihost.a(_cr_sbrk.o)
 .debug_loc     0x00002cd3       0x29 c:/nxp/lpcxpresso_6.1.4_194/lpcxpresso/tools/bin/../lib/gcc/arm-none-eabi/4.6.2/../../../../arm-none-eabi/lib/armv7-m\libcr_newlib_semihost.a(_cr_check_heap.o)

.debug_aranges  0x00000000      0x870
 .debug_aranges
                0x00000000       0x70 ./src/cr_startup_lpc17.o
 .debug_aranges
                0x00000070       0xc8 ./src/main.o
 .debug_aranges
                0x00000138       0x28 C:\Users\yongchenglow\Documents\LPCXpresso_6.1.4_194\workspace\ee2024Assignment2\Lib_CMSISv1p30_LPC17xx\Debug\libCMSISv1p30_LPC17xx.a(system_LPC17xx.o)
 .debug_aranges
                0x00000160       0x60 C:\Users\yongchenglow\Documents\LPCXpresso_6.1.4_194\workspace\ee2024Assignment2\Lib_EaBaseBoard\Debug\libLib_EaBaseBoard.a(acc.o)
 .debug_aranges
                0x000001c0       0x28 C:\Users\yongchenglow\Documents\LPCXpresso_6.1.4_194\workspace\ee2024Assignment2\Lib_EaBaseBoard\Debug\libLib_EaBaseBoard.a(joystick.o)
 .debug_aranges
                0x000001e8       0x28 C:\Users\yongchenglow\Documents\LPCXpresso_6.1.4_194\workspace\ee2024Assignment2\Lib_EaBaseBoard\Debug\libLib_EaBaseBoard.a(led7seg.o)
 .debug_aranges
                0x00000210       0x98 C:\Users\yongchenglow\Documents\LPCXpresso_6.1.4_194\workspace\ee2024Assignment2\Lib_EaBaseBoard\Debug\libLib_EaBaseBoard.a(light.o)
 .debug_aranges
                0x000002a8       0x90 C:\Users\yongchenglow\Documents\LPCXpresso_6.1.4_194\workspace\ee2024Assignment2\Lib_EaBaseBoard\Debug\libLib_EaBaseBoard.a(oled.o)
 .debug_aranges
                0x00000338       0x80 C:\Users\yongchenglow\Documents\LPCXpresso_6.1.4_194\workspace\ee2024Assignment2\Lib_EaBaseBoard\Debug\libLib_EaBaseBoard.a(pca9532.o)
 .debug_aranges
                0x000003b8       0x28 C:\Users\yongchenglow\Documents\LPCXpresso_6.1.4_194\workspace\ee2024Assignment2\Lib_EaBaseBoard\Debug\libLib_EaBaseBoard.a(rgb.o)
 .debug_aranges
                0x000003e0       0x28 C:\Users\yongchenglow\Documents\LPCXpresso_6.1.4_194\workspace\ee2024Assignment2\Lib_EaBaseBoard\Debug\libLib_EaBaseBoard.a(temp.o)
 .debug_aranges
                0x00000408       0xc8 C:\Users\yongchenglow\Documents\LPCXpresso_6.1.4_194\workspace\ee2024Assignment2\Lib_MCU\Debug\libLib_MCU.a(lpc17xx_gpio.o)
 .debug_aranges
                0x000004d0       0xd0 C:\Users\yongchenglow\Documents\LPCXpresso_6.1.4_194\workspace\ee2024Assignment2\Lib_MCU\Debug\libLib_MCU.a(lpc17xx_i2c.o)
 .debug_aranges
                0x000005a0       0x48 C:\Users\yongchenglow\Documents\LPCXpresso_6.1.4_194\workspace\ee2024Assignment2\Lib_MCU\Debug\libLib_MCU.a(lpc17xx_pinsel.o)
 .debug_aranges
                0x000005e8       0xb8 C:\Users\yongchenglow\Documents\LPCXpresso_6.1.4_194\workspace\ee2024Assignment2\Lib_MCU\Debug\libLib_MCU.a(lpc17xx_ssp.o)
 .debug_aranges
                0x000006a0      0x130 C:\Users\yongchenglow\Documents\LPCXpresso_6.1.4_194\workspace\ee2024Assignment2\Lib_MCU\Debug\libLib_MCU.a(lpc17xx_uart.o)
 .debug_aranges
                0x000007d0       0x60 C:\Users\yongchenglow\Documents\LPCXpresso_6.1.4_194\workspace\ee2024Assignment2\Lib_MCU\Debug\libLib_MCU.a(lpc17xx_clkpwr.o)
 .debug_aranges
                0x00000830       0x20 c:/nxp/lpcxpresso_6.1.4_194/lpcxpresso/tools/bin/../lib/gcc/arm-none-eabi/4.6.2/../../../../arm-none-eabi/lib/armv7-m\libcr_newlib_semihost.a(_cr_sbrk.o)
 .debug_aranges
                0x00000850       0x20 c:/nxp/lpcxpresso_6.1.4_194/lpcxpresso/tools/bin/../lib/gcc/arm-none-eabi/4.6.2/../../../../arm-none-eabi/lib/armv7-m\libcr_newlib_semihost.a(_cr_check_heap.o)

.debug_ranges   0x00000000      0x740
 .debug_ranges  0x00000000       0x60 ./src/cr_startup_lpc17.o
 .debug_ranges  0x00000060       0xb8 ./src/main.o
 .debug_ranges  0x00000118       0x18 C:\Users\yongchenglow\Documents\LPCXpresso_6.1.4_194\workspace\ee2024Assignment2\Lib_CMSISv1p30_LPC17xx\Debug\libCMSISv1p30_LPC17xx.a(system_LPC17xx.o)
 .debug_ranges  0x00000130       0x50 C:\Users\yongchenglow\Documents\LPCXpresso_6.1.4_194\workspace\ee2024Assignment2\Lib_EaBaseBoard\Debug\libLib_EaBaseBoard.a(acc.o)
 .debug_ranges  0x00000180       0x18 C:\Users\yongchenglow\Documents\LPCXpresso_6.1.4_194\workspace\ee2024Assignment2\Lib_EaBaseBoard\Debug\libLib_EaBaseBoard.a(joystick.o)
 .debug_ranges  0x00000198       0x18 C:\Users\yongchenglow\Documents\LPCXpresso_6.1.4_194\workspace\ee2024Assignment2\Lib_EaBaseBoard\Debug\libLib_EaBaseBoard.a(led7seg.o)
 .debug_ranges  0x000001b0       0x88 C:\Users\yongchenglow\Documents\LPCXpresso_6.1.4_194\workspace\ee2024Assignment2\Lib_EaBaseBoard\Debug\libLib_EaBaseBoard.a(light.o)
 .debug_ranges  0x00000238       0x80 C:\Users\yongchenglow\Documents\LPCXpresso_6.1.4_194\workspace\ee2024Assignment2\Lib_EaBaseBoard\Debug\libLib_EaBaseBoard.a(oled.o)
 .debug_ranges  0x000002b8       0x70 C:\Users\yongchenglow\Documents\LPCXpresso_6.1.4_194\workspace\ee2024Assignment2\Lib_EaBaseBoard\Debug\libLib_EaBaseBoard.a(pca9532.o)
 .debug_ranges  0x00000328       0x18 C:\Users\yongchenglow\Documents\LPCXpresso_6.1.4_194\workspace\ee2024Assignment2\Lib_EaBaseBoard\Debug\libLib_EaBaseBoard.a(rgb.o)
 .debug_ranges  0x00000340       0x18 C:\Users\yongchenglow\Documents\LPCXpresso_6.1.4_194\workspace\ee2024Assignment2\Lib_EaBaseBoard\Debug\libLib_EaBaseBoard.a(temp.o)
 .debug_ranges  0x00000358       0xb8 C:\Users\yongchenglow\Documents\LPCXpresso_6.1.4_194\workspace\ee2024Assignment2\Lib_MCU\Debug\libLib_MCU.a(lpc17xx_gpio.o)
 .debug_ranges  0x00000410       0xc0 C:\Users\yongchenglow\Documents\LPCXpresso_6.1.4_194\workspace\ee2024Assignment2\Lib_MCU\Debug\libLib_MCU.a(lpc17xx_i2c.o)
 .debug_ranges  0x000004d0       0x38 C:\Users\yongchenglow\Documents\LPCXpresso_6.1.4_194\workspace\ee2024Assignment2\Lib_MCU\Debug\libLib_MCU.a(lpc17xx_pinsel.o)
 .debug_ranges  0x00000508       0xa8 C:\Users\yongchenglow\Documents\LPCXpresso_6.1.4_194\workspace\ee2024Assignment2\Lib_MCU\Debug\libLib_MCU.a(lpc17xx_ssp.o)
 .debug_ranges  0x000005b0      0x120 C:\Users\yongchenglow\Documents\LPCXpresso_6.1.4_194\workspace\ee2024Assignment2\Lib_MCU\Debug\libLib_MCU.a(lpc17xx_uart.o)
 .debug_ranges  0x000006d0       0x50 C:\Users\yongchenglow\Documents\LPCXpresso_6.1.4_194\workspace\ee2024Assignment2\Lib_MCU\Debug\libLib_MCU.a(lpc17xx_clkpwr.o)
 .debug_ranges  0x00000720       0x10 c:/nxp/lpcxpresso_6.1.4_194/lpcxpresso/tools/bin/../lib/gcc/arm-none-eabi/4.6.2/../../../../arm-none-eabi/lib/armv7-m\libcr_newlib_semihost.a(_cr_sbrk.o)
 .debug_ranges  0x00000730       0x10 c:/nxp/lpcxpresso_6.1.4_194/lpcxpresso/tools/bin/../lib/gcc/arm-none-eabi/4.6.2/../../../../arm-none-eabi/lib/armv7-m\libcr_newlib_semihost.a(_cr_check_heap.o)

.debug_line     0x00000000     0x6d9e
 .debug_line    0x00000000      0x38c ./src/cr_startup_lpc17.o
 .debug_line    0x0000038c      0xafc ./src/main.o
 .debug_line    0x00000e88      0x42b C:\Users\yongchenglow\Documents\LPCXpresso_6.1.4_194\workspace\ee2024Assignment2\Lib_CMSISv1p30_LPC17xx\Debug\libCMSISv1p30_LPC17xx.a(system_LPC17xx.o)
 .debug_line    0x000012b3      0x54e C:\Users\yongchenglow\Documents\LPCXpresso_6.1.4_194\workspace\ee2024Assignment2\Lib_EaBaseBoard\Debug\libLib_EaBaseBoard.a(acc.o)
 .debug_line    0x00001801      0x4b9 C:\Users\yongchenglow\Documents\LPCXpresso_6.1.4_194\workspace\ee2024Assignment2\Lib_EaBaseBoard\Debug\libLib_EaBaseBoard.a(joystick.o)
 .debug_line    0x00001cba      0x4c9 C:\Users\yongchenglow\Documents\LPCXpresso_6.1.4_194\workspace\ee2024Assignment2\Lib_EaBaseBoard\Debug\libLib_EaBaseBoard.a(led7seg.o)
 .debug_line    0x00002183      0x5fa C:\Users\yongchenglow\Documents\LPCXpresso_6.1.4_194\workspace\ee2024Assignment2\Lib_EaBaseBoard\Debug\libLib_EaBaseBoard.a(light.o)
 .debug_line    0x0000277d      0x7d3 C:\Users\yongchenglow\Documents\LPCXpresso_6.1.4_194\workspace\ee2024Assignment2\Lib_EaBaseBoard\Debug\libLib_EaBaseBoard.a(oled.o)
 .debug_line    0x00002f50      0x5e5 C:\Users\yongchenglow\Documents\LPCXpresso_6.1.4_194\workspace\ee2024Assignment2\Lib_EaBaseBoard\Debug\libLib_EaBaseBoard.a(pca9532.o)
 .debug_line    0x00003535      0x4a2 C:\Users\yongchenglow\Documents\LPCXpresso_6.1.4_194\workspace\ee2024Assignment2\Lib_EaBaseBoard\Debug\libLib_EaBaseBoard.a(rgb.o)
 .debug_line    0x000039d7      0x4c7 C:\Users\yongchenglow\Documents\LPCXpresso_6.1.4_194\workspace\ee2024Assignment2\Lib_EaBaseBoard\Debug\libLib_EaBaseBoard.a(temp.o)
 .debug_line    0x00003e9e       0xa6 C:\Users\yongchenglow\Documents\LPCXpresso_6.1.4_194\workspace\ee2024Assignment2\Lib_EaBaseBoard\Debug\libLib_EaBaseBoard.a(font5x7.o)
 .debug_line    0x00003f44      0x626 C:\Users\yongchenglow\Documents\LPCXpresso_6.1.4_194\workspace\ee2024Assignment2\Lib_MCU\Debug\libLib_MCU.a(lpc17xx_gpio.o)
 .debug_line    0x0000456a      0x941 C:\Users\yongchenglow\Documents\LPCXpresso_6.1.4_194\workspace\ee2024Assignment2\Lib_MCU\Debug\libLib_MCU.a(lpc17xx_i2c.o)
 .debug_line    0x00004eab      0x4a5 C:\Users\yongchenglow\Documents\LPCXpresso_6.1.4_194\workspace\ee2024Assignment2\Lib_MCU\Debug\libLib_MCU.a(lpc17xx_pinsel.o)
 .debug_line    0x00005350      0x874 C:\Users\yongchenglow\Documents\LPCXpresso_6.1.4_194\workspace\ee2024Assignment2\Lib_MCU\Debug\libLib_MCU.a(lpc17xx_ssp.o)
 .debug_line    0x00005bc4      0xbc0 C:\Users\yongchenglow\Documents\LPCXpresso_6.1.4_194\workspace\ee2024Assignment2\Lib_MCU\Debug\libLib_MCU.a(lpc17xx_uart.o)
 .debug_line    0x00006784      0x506 C:\Users\yongchenglow\Documents\LPCXpresso_6.1.4_194\workspace\ee2024Assignment2\Lib_MCU\Debug\libLib_MCU.a(lpc17xx_clkpwr.o)
 .debug_line    0x00006c8a       0xc0 c:/nxp/lpcxpresso_6.1.4_194/lpcxpresso/tools/bin/../lib/gcc/arm-none-eabi/4.6.2/../../../../arm-none-eabi/lib/armv7-m\libcr_newlib_semihost.a(_cr_sbrk.o)
 .debug_line    0x00006d4a       0x54 c:/nxp/lpcxpresso_6.1.4_194/lpcxpresso/tools/bin/../lib/gcc/arm-none-eabi/4.6.2/../../../../arm-none-eabi/lib/armv7-m\libcr_newlib_semihost.a(_cr_check_heap.o)

.debug_macinfo  0x00000000    0x9e1eb
 .debug_macinfo
                0x00000000     0x2c15 ./src/cr_startup_lpc17.o
 .debug_macinfo
                0x00002c15     0xe6f8 ./src/main.o
 .debug_macinfo
                0x0001130d     0x83f8 C:\Users\yongchenglow\Documents\LPCXpresso_6.1.4_194\workspace\ee2024Assignment2\Lib_CMSISv1p30_LPC17xx\Debug\libCMSISv1p30_LPC17xx.a(system_LPC17xx.o)
 .debug_macinfo
                0x00019705     0x8f1b C:\Users\yongchenglow\Documents\LPCXpresso_6.1.4_194\workspace\ee2024Assignment2\Lib_EaBaseBoard\Debug\libLib_EaBaseBoard.a(acc.o)
 .debug_macinfo
                0x00022620     0x858b C:\Users\yongchenglow\Documents\LPCXpresso_6.1.4_194\workspace\ee2024Assignment2\Lib_EaBaseBoard\Debug\libLib_EaBaseBoard.a(joystick.o)
 .debug_macinfo
                0x0002abab     0x96a3 C:\Users\yongchenglow\Documents\LPCXpresso_6.1.4_194\workspace\ee2024Assignment2\Lib_EaBaseBoard\Debug\libLib_EaBaseBoard.a(led7seg.o)
 .debug_macinfo
                0x0003424e     0x8e3a C:\Users\yongchenglow\Documents\LPCXpresso_6.1.4_194\workspace\ee2024Assignment2\Lib_EaBaseBoard\Debug\libLib_EaBaseBoard.a(light.o)
 .debug_macinfo
                0x0003d088     0xa143 C:\Users\yongchenglow\Documents\LPCXpresso_6.1.4_194\workspace\ee2024Assignment2\Lib_EaBaseBoard\Debug\libLib_EaBaseBoard.a(oled.o)
 .debug_macinfo
                0x000471cb     0x8e59 C:\Users\yongchenglow\Documents\LPCXpresso_6.1.4_194\workspace\ee2024Assignment2\Lib_EaBaseBoard\Debug\libLib_EaBaseBoard.a(pca9532.o)
 .debug_macinfo
                0x00050024     0x854c C:\Users\yongchenglow\Documents\LPCXpresso_6.1.4_194\workspace\ee2024Assignment2\Lib_EaBaseBoard\Debug\libLib_EaBaseBoard.a(rgb.o)
 .debug_macinfo
                0x00058570     0x85e6 C:\Users\yongchenglow\Documents\LPCXpresso_6.1.4_194\workspace\ee2024Assignment2\Lib_EaBaseBoard\Debug\libLib_EaBaseBoard.a(temp.o)
 .debug_macinfo
                0x00060b56     0x332a C:\Users\yongchenglow\Documents\LPCXpresso_6.1.4_194\workspace\ee2024Assignment2\Lib_EaBaseBoard\Debug\libLib_EaBaseBoard.a(font5x7.o)
 .debug_macinfo
                0x00063e80     0x86b8 C:\Users\yongchenglow\Documents\LPCXpresso_6.1.4_194\workspace\ee2024Assignment2\Lib_MCU\Debug\libLib_MCU.a(lpc17xx_gpio.o)
 .debug_macinfo
                0x0006c538     0xa5d8 C:\Users\yongchenglow\Documents\LPCXpresso_6.1.4_194\workspace\ee2024Assignment2\Lib_MCU\Debug\libLib_MCU.a(lpc17xx_i2c.o)
 .debug_macinfo
                0x00076b10     0x87d3 C:\Users\yongchenglow\Documents\LPCXpresso_6.1.4_194\workspace\ee2024Assignment2\Lib_MCU\Debug\libLib_MCU.a(lpc17xx_pinsel.o)
 .debug_macinfo
                0x0007f2e3     0xa8d0 C:\Users\yongchenglow\Documents\LPCXpresso_6.1.4_194\workspace\ee2024Assignment2\Lib_MCU\Debug\libLib_MCU.a(lpc17xx_ssp.o)
 .debug_macinfo
                0x00089bb3     0xb03f C:\Users\yongchenglow\Documents\LPCXpresso_6.1.4_194\workspace\ee2024Assignment2\Lib_MCU\Debug\libLib_MCU.a(lpc17xx_uart.o)
 .debug_macinfo
                0x00094bf2     0x95f9 C:\Users\yongchenglow\Documents\LPCXpresso_6.1.4_194\workspace\ee2024Assignment2\Lib_MCU\Debug\libLib_MCU.a(lpc17xx_clkpwr.o)

.debug_str      0x00000000     0x2af2
 .debug_str     0x00000000      0x1ee ./src/cr_startup_lpc17.o
                                0x228 (size before relaxing)
 .debug_str     0x000001ee      0xa82 ./src/main.o
                                0xc0e (size before relaxing)
 .debug_str     0x00000c70       0xae C:\Users\yongchenglow\Documents\LPCXpresso_6.1.4_194\workspace\ee2024Assignment2\Lib_CMSISv1p30_LPC17xx\Debug\libCMSISv1p30_LPC17xx.a(system_LPC17xx.o)
                                0x2c0 (size before relaxing)
 .debug_str     0x00000d1e      0x23d C:\Users\yongchenglow\Documents\LPCXpresso_6.1.4_194\workspace\ee2024Assignment2\Lib_EaBaseBoard\Debug\libLib_EaBaseBoard.a(acc.o)
                                0x3bc (size before relaxing)
 .debug_str     0x00000f5b       0x3a C:\Users\yongchenglow\Documents\LPCXpresso_6.1.4_194\workspace\ee2024Assignment2\Lib_EaBaseBoard\Debug\libLib_EaBaseBoard.a(joystick.o)
                                0x18d (size before relaxing)
 .debug_str     0x00000f95       0x95 C:\Users\yongchenglow\Documents\LPCXpresso_6.1.4_194\workspace\ee2024Assignment2\Lib_EaBaseBoard\Debug\libLib_EaBaseBoard.a(led7seg.o)
                                0x228 (size before relaxing)
 .debug_str     0x0000102a      0x1cb C:\Users\yongchenglow\Documents\LPCXpresso_6.1.4_194\workspace\ee2024Assignment2\Lib_EaBaseBoard\Debug\libLib_EaBaseBoard.a(light.o)
                                0x521 (size before relaxing)
 .debug_str     0x000011f5      0x1b2 C:\Users\yongchenglow\Documents\LPCXpresso_6.1.4_194\workspace\ee2024Assignment2\Lib_EaBaseBoard\Debug\libLib_EaBaseBoard.a(oled.o)
                                0x3d9 (size before relaxing)
 .debug_str     0x000013a7      0x136 C:\Users\yongchenglow\Documents\LPCXpresso_6.1.4_194\workspace\ee2024Assignment2\Lib_EaBaseBoard\Debug\libLib_EaBaseBoard.a(pca9532.o)
                                0x413 (size before relaxing)
 .debug_str     0x000014dd       0x22 C:\Users\yongchenglow\Documents\LPCXpresso_6.1.4_194\workspace\ee2024Assignment2\Lib_EaBaseBoard\Debug\libLib_EaBaseBoard.a(rgb.o)
                                0x16d (size before relaxing)
 .debug_str     0x000014ff       0x33 C:\Users\yongchenglow\Documents\LPCXpresso_6.1.4_194\workspace\ee2024Assignment2\Lib_EaBaseBoard\Debug\libLib_EaBaseBoard.a(temp.o)
                                0x190 (size before relaxing)
 .debug_str     0x00001532       0x11 C:\Users\yongchenglow\Documents\LPCXpresso_6.1.4_194\workspace\ee2024Assignment2\Lib_EaBaseBoard\Debug\libLib_EaBaseBoard.a(font5x7.o)
                                 0xe4 (size before relaxing)
 .debug_str     0x00001543      0x39d C:\Users\yongchenglow\Documents\LPCXpresso_6.1.4_194\workspace\ee2024Assignment2\Lib_MCU\Debug\libLib_MCU.a(lpc17xx_gpio.o)
                                0x495 (size before relaxing)
 .debug_str     0x000018e0      0x2f9 C:\Users\yongchenglow\Documents\LPCXpresso_6.1.4_194\workspace\ee2024Assignment2\Lib_MCU\Debug\libLib_MCU.a(lpc17xx_i2c.o)
                                0x82b (size before relaxing)
 .debug_str     0x00001bd9      0x214 C:\Users\yongchenglow\Documents\LPCXpresso_6.1.4_194\workspace\ee2024Assignment2\Lib_MCU\Debug\libLib_MCU.a(lpc17xx_pinsel.o)
                                0x3ca (size before relaxing)
 .debug_str     0x00001ded      0x209 C:\Users\yongchenglow\Documents\LPCXpresso_6.1.4_194\workspace\ee2024Assignment2\Lib_MCU\Debug\libLib_MCU.a(lpc17xx_ssp.o)
                                0x4a8 (size before relaxing)
 .debug_str     0x00001ff6      0x930 C:\Users\yongchenglow\Documents\LPCXpresso_6.1.4_194\workspace\ee2024Assignment2\Lib_MCU\Debug\libLib_MCU.a(lpc17xx_uart.o)
                                0xc7e (size before relaxing)
 .debug_str     0x00002926       0xcb C:\Users\yongchenglow\Documents\LPCXpresso_6.1.4_194\workspace\ee2024Assignment2\Lib_MCU\Debug\libLib_MCU.a(lpc17xx_clkpwr.o)
                                0x3c6 (size before relaxing)
 .debug_str     0x000029f1       0xbc c:/nxp/lpcxpresso_6.1.4_194/lpcxpresso/tools/bin/../lib/gcc/arm-none-eabi/4.6.2/../../../../arm-none-eabi/lib/armv7-m\libcr_newlib_semihost.a(_cr_sbrk.o)
                                0x145 (size before relaxing)
 .debug_str     0x00002aad       0x45 c:/nxp/lpcxpresso_6.1.4_194/lpcxpresso/tools/bin/../lib/gcc/arm-none-eabi/4.6.2/../../../../arm-none-eabi/lib/armv7-m\libcr_newlib_semihost.a(_cr_check_heap.o)
                                 0xd1 (size before relaxing)

.comment        0x00000000       0x9a
 .comment       0x00000000       0x70 ./src/cr_startup_lpc17.o
                                 0x71 (size before relaxing)
 .comment       0x00000000       0x71 ./src/main.o
 .comment       0x00000000       0x71 C:\Users\yongchenglow\Documents\LPCXpresso_6.1.4_194\workspace\ee2024Assignment2\Lib_CMSISv1p30_LPC17xx\Debug\libCMSISv1p30_LPC17xx.a(system_LPC17xx.o)
 .comment       0x00000000       0x71 C:\Users\yongchenglow\Documents\LPCXpresso_6.1.4_194\workspace\ee2024Assignment2\Lib_EaBaseBoard\Debug\libLib_EaBaseBoard.a(acc.o)
 .comment       0x00000000       0x71 C:\Users\yongchenglow\Documents\LPCXpresso_6.1.4_194\workspace\ee2024Assignment2\Lib_EaBaseBoard\Debug\libLib_EaBaseBoard.a(joystick.o)
 .comment       0x00000000       0x71 C:\Users\yongchenglow\Documents\LPCXpresso_6.1.4_194\workspace\ee2024Assignment2\Lib_EaBaseBoard\Debug\libLib_EaBaseBoard.a(led7seg.o)
 .comment       0x00000000       0x71 C:\Users\yongchenglow\Documents\LPCXpresso_6.1.4_194\workspace\ee2024Assignment2\Lib_EaBaseBoard\Debug\libLib_EaBaseBoard.a(light.o)
 .comment       0x00000000       0x71 C:\Users\yongchenglow\Documents\LPCXpresso_6.1.4_194\workspace\ee2024Assignment2\Lib_EaBaseBoard\Debug\libLib_EaBaseBoard.a(oled.o)
 .comment       0x00000000       0x71 C:\Users\yongchenglow\Documents\LPCXpresso_6.1.4_194\workspace\ee2024Assignment2\Lib_EaBaseBoard\Debug\libLib_EaBaseBoard.a(pca9532.o)
 .comment       0x00000000       0x71 C:\Users\yongchenglow\Documents\LPCXpresso_6.1.4_194\workspace\ee2024Assignment2\Lib_EaBaseBoard\Debug\libLib_EaBaseBoard.a(rgb.o)
 .comment       0x00000000       0x71 C:\Users\yongchenglow\Documents\LPCXpresso_6.1.4_194\workspace\ee2024Assignment2\Lib_EaBaseBoard\Debug\libLib_EaBaseBoard.a(temp.o)
 .comment       0x00000000       0x71 C:\Users\yongchenglow\Documents\LPCXpresso_6.1.4_194\workspace\ee2024Assignment2\Lib_EaBaseBoard\Debug\libLib_EaBaseBoard.a(font5x7.o)
 .comment       0x00000000       0x71 C:\Users\yongchenglow\Documents\LPCXpresso_6.1.4_194\workspace\ee2024Assignment2\Lib_MCU\Debug\libLib_MCU.a(lpc17xx_gpio.o)
 .comment       0x00000000       0x71 C:\Users\yongchenglow\Documents\LPCXpresso_6.1.4_194\workspace\ee2024Assignment2\Lib_MCU\Debug\libLib_MCU.a(lpc17xx_i2c.o)
 .comment       0x00000000       0x71 C:\Users\yongchenglow\Documents\LPCXpresso_6.1.4_194\workspace\ee2024Assignment2\Lib_MCU\Debug\libLib_MCU.a(lpc17xx_pinsel.o)
 .comment       0x00000000       0x71 C:\Users\yongchenglow\Documents\LPCXpresso_6.1.4_194\workspace\ee2024Assignment2\Lib_MCU\Debug\libLib_MCU.a(lpc17xx_ssp.o)
 .comment       0x00000000       0x71 C:\Users\yongchenglow\Documents\LPCXpresso_6.1.4_194\workspace\ee2024Assignment2\Lib_MCU\Debug\libLib_MCU.a(lpc17xx_uart.o)
 .comment       0x00000000       0x71 C:\Users\yongchenglow\Documents\LPCXpresso_6.1.4_194\workspace\ee2024Assignment2\Lib_MCU\Debug\libLib_MCU.a(lpc17xx_clkpwr.o)
 .comment       0x00000070       0x2a c:/nxp/lpcxpresso_6.1.4_194/lpcxpresso/tools/bin/../lib/gcc/arm-none-eabi/4.6.2/../../../../arm-none-eabi/lib/armv7-m\libcr_newlib_semihost.a(_cr_sbrk.o)
                                 0x2b (size before relaxing)
 .comment       0x00000000       0x2b c:/nxp/lpcxpresso_6.1.4_194/lpcxpresso/tools/bin/../lib/gcc/arm-none-eabi/4.6.2/../../../../arm-none-eabi/lib/armv7-m\libcr_newlib_semihost.a(_cr_check_heap.o)

.ARM.attributes
                0x00000000       0x33
 .ARM.attributes
                0x00000000       0x33 ./src/cr_startup_lpc17.o
 .ARM.attributes
                0x00000033       0x33 ./src/main.o
 .ARM.attributes
                0x00000066       0x33 C:\Users\yongchenglow\Documents\LPCXpresso_6.1.4_194\workspace\ee2024Assignment2\Lib_CMSISv1p30_LPC17xx\Debug\libCMSISv1p30_LPC17xx.a(system_LPC17xx.o)
 .ARM.attributes
                0x00000099       0x33 C:\Users\yongchenglow\Documents\LPCXpresso_6.1.4_194\workspace\ee2024Assignment2\Lib_EaBaseBoard\Debug\libLib_EaBaseBoard.a(acc.o)
 .ARM.attributes
                0x000000cc       0x33 C:\Users\yongchenglow\Documents\LPCXpresso_6.1.4_194\workspace\ee2024Assignment2\Lib_EaBaseBoard\Debug\libLib_EaBaseBoard.a(joystick.o)
 .ARM.attributes
                0x000000ff       0x33 C:\Users\yongchenglow\Documents\LPCXpresso_6.1.4_194\workspace\ee2024Assignment2\Lib_EaBaseBoard\Debug\libLib_EaBaseBoard.a(led7seg.o)
 .ARM.attributes
                0x00000132       0x33 C:\Users\yongchenglow\Documents\LPCXpresso_6.1.4_194\workspace\ee2024Assignment2\Lib_EaBaseBoard\Debug\libLib_EaBaseBoard.a(light.o)
 .ARM.attributes
                0x00000165       0x33 C:\Users\yongchenglow\Documents\LPCXpresso_6.1.4_194\workspace\ee2024Assignment2\Lib_EaBaseBoard\Debug\libLib_EaBaseBoard.a(oled.o)
 .ARM.attributes
                0x00000198       0x33 C:\Users\yongchenglow\Documents\LPCXpresso_6.1.4_194\workspace\ee2024Assignment2\Lib_EaBaseBoard\Debug\libLib_EaBaseBoard.a(pca9532.o)
 .ARM.attributes
                0x000001cb       0x33 C:\Users\yongchenglow\Documents\LPCXpresso_6.1.4_194\workspace\ee2024Assignment2\Lib_EaBaseBoard\Debug\libLib_EaBaseBoard.a(rgb.o)
 .ARM.attributes
                0x000001fe       0x33 C:\Users\yongchenglow\Documents\LPCXpresso_6.1.4_194\workspace\ee2024Assignment2\Lib_EaBaseBoard\Debug\libLib_EaBaseBoard.a(temp.o)
 .ARM.attributes
                0x00000231       0x33 C:\Users\yongchenglow\Documents\LPCXpresso_6.1.4_194\workspace\ee2024Assignment2\Lib_EaBaseBoard\Debug\libLib_EaBaseBoard.a(font5x7.o)
 .ARM.attributes
                0x00000264       0x33 C:\Users\yongchenglow\Documents\LPCXpresso_6.1.4_194\workspace\ee2024Assignment2\Lib_MCU\Debug\libLib_MCU.a(lpc17xx_gpio.o)
 .ARM.attributes
                0x00000297       0x33 C:\Users\yongchenglow\Documents\LPCXpresso_6.1.4_194\workspace\ee2024Assignment2\Lib_MCU\Debug\libLib_MCU.a(lpc17xx_i2c.o)
 .ARM.attributes
                0x000002ca       0x33 C:\Users\yongchenglow\Documents\LPCXpresso_6.1.4_194\workspace\ee2024Assignment2\Lib_MCU\Debug\libLib_MCU.a(lpc17xx_pinsel.o)
 .ARM.attributes
                0x000002fd       0x33 C:\Users\yongchenglow\Documents\LPCXpresso_6.1.4_194\workspace\ee2024Assignment2\Lib_MCU\Debug\libLib_MCU.a(lpc17xx_ssp.o)
 .ARM.attributes
                0x00000330       0x33 C:\Users\yongchenglow\Documents\LPCXpresso_6.1.4_194\workspace\ee2024Assignment2\Lib_MCU\Debug\libLib_MCU.a(lpc17xx_uart.o)
 .ARM.attributes
                0x00000363       0x33 C:\Users\yongchenglow\Documents\LPCXpresso_6.1.4_194\workspace\ee2024Assignment2\Lib_MCU\Debug\libLib_MCU.a(lpc17xx_clkpwr.o)
 .ARM.attributes
                0x00000396       0x1d c:/nxp/lpcxpresso_6.1.4_194/lpcxpresso/tools/bin/../lib/gcc/arm-none-eabi/4.6.2/armv7-m\libgcc.a(_arm_addsubdf3.o)
 .ARM.attributes
                0x000003b3       0x1d c:/nxp/lpcxpresso_6.1.4_194/lpcxpresso/tools/bin/../lib/gcc/arm-none-eabi/4.6.2/armv7-m\libgcc.a(_arm_muldivdf3.o)
 .ARM.attributes
                0x000003d0       0x1d c:/nxp/lpcxpresso_6.1.4_194/lpcxpresso/tools/bin/../lib/gcc/arm-none-eabi/4.6.2/armv7-m\libgcc.a(_arm_cmpdf2.o)
 .ARM.attributes
                0x000003ed       0x1d c:/nxp/lpcxpresso_6.1.4_194/lpcxpresso/tools/bin/../lib/gcc/arm-none-eabi/4.6.2/armv7-m\libgcc.a(_aeabi_uldivmod.o)
 .ARM.attributes
                0x0000040a       0x2d c:/nxp/lpcxpresso_6.1.4_194/lpcxpresso/tools/bin/../lib/gcc/arm-none-eabi/4.6.2/armv7-m\libgcc.a(bpabi.o)
 .ARM.attributes
                0x00000437       0x1d c:/nxp/lpcxpresso_6.1.4_194/lpcxpresso/tools/bin/../lib/gcc/arm-none-eabi/4.6.2/armv7-m\libgcc.a(_dvmd_tls.o)
 .ARM.attributes
                0x00000454       0x2d c:/nxp/lpcxpresso_6.1.4_194/lpcxpresso/tools/bin/../lib/gcc/arm-none-eabi/4.6.2/armv7-m\libgcc.a(_divdi3.o)
 .ARM.attributes
                0x00000481       0x2d c:/nxp/lpcxpresso_6.1.4_194/lpcxpresso/tools/bin/../lib/gcc/arm-none-eabi/4.6.2/armv7-m\libgcc.a(_udivdi3.o)
 .ARM.attributes
                0x000004ae       0x2d c:/nxp/lpcxpresso_6.1.4_194/lpcxpresso/tools/bin/../lib/gcc/arm-none-eabi/4.6.2/../../../../arm-none-eabi/lib/armv7-m\libc.a(lib_a-abs.o)
 .ARM.attributes
                0x000004db       0x2d c:/nxp/lpcxpresso_6.1.4_194/lpcxpresso/tools/bin/../lib/gcc/arm-none-eabi/4.6.2/../../../../arm-none-eabi/lib/armv7-m\libc.a(lib_a-memset.o)
 .ARM.attributes
                0x00000508       0x2d c:/nxp/lpcxpresso_6.1.4_194/lpcxpresso/tools/bin/../lib/gcc/arm-none-eabi/4.6.2/../../../../arm-none-eabi/lib/armv7-m\libc.a(lib_a-sprintf.o)
 .ARM.attributes
                0x00000535       0x2d c:/nxp/lpcxpresso_6.1.4_194/lpcxpresso/tools/bin/../lib/gcc/arm-none-eabi/4.6.2/../../../../arm-none-eabi/lib/armv7-m\libc.a(lib_a-strlen.o)
 .ARM.attributes
                0x00000562       0x2d c:/nxp/lpcxpresso_6.1.4_194/lpcxpresso/tools/bin/../lib/gcc/arm-none-eabi/4.6.2/../../../../arm-none-eabi/lib/armv7-m\libc.a(lib_a-svfprintf.o)
 .ARM.attributes
                0x0000058f       0x2d c:/nxp/lpcxpresso_6.1.4_194/lpcxpresso/tools/bin/../lib/gcc/arm-none-eabi/4.6.2/../../../../arm-none-eabi/lib/armv7-m\libc.a(lib_a-dtoa.o)
 .ARM.attributes
                0x000005bc       0x2d c:/nxp/lpcxpresso_6.1.4_194/lpcxpresso/tools/bin/../lib/gcc/arm-none-eabi/4.6.2/../../../../arm-none-eabi/lib/armv7-m\libc.a(lib_a-impure.o)
 .ARM.attributes
                0x000005e9       0x2d c:/nxp/lpcxpresso_6.1.4_194/lpcxpresso/tools/bin/../lib/gcc/arm-none-eabi/4.6.2/../../../../arm-none-eabi/lib/armv7-m\libc.a(lib_a-locale.o)
 .ARM.attributes
                0x00000616       0x2d c:/nxp/lpcxpresso_6.1.4_194/lpcxpresso/tools/bin/../lib/gcc/arm-none-eabi/4.6.2/../../../../arm-none-eabi/lib/armv7-m\libc.a(lib_a-mallocr.o)
 .ARM.attributes
                0x00000643       0x2d c:/nxp/lpcxpresso_6.1.4_194/lpcxpresso/tools/bin/../lib/gcc/arm-none-eabi/4.6.2/../../../../arm-none-eabi/lib/armv7-m\libc.a(lib_a-memchr.o)
 .ARM.attributes
                0x00000670       0x2d c:/nxp/lpcxpresso_6.1.4_194/lpcxpresso/tools/bin/../lib/gcc/arm-none-eabi/4.6.2/../../../../arm-none-eabi/lib/armv7-m\libc.a(lib_a-memcpy.o)
 .ARM.attributes
                0x0000069d       0x2d c:/nxp/lpcxpresso_6.1.4_194/lpcxpresso/tools/bin/../lib/gcc/arm-none-eabi/4.6.2/../../../../arm-none-eabi/lib/armv7-m\libc.a(lib_a-mlock.o)
 .ARM.attributes
                0x000006ca       0x2d c:/nxp/lpcxpresso_6.1.4_194/lpcxpresso/tools/bin/../lib/gcc/arm-none-eabi/4.6.2/../../../../arm-none-eabi/lib/armv7-m\libc.a(lib_a-mprec.o)
 .ARM.attributes
                0x000006f7       0x2d c:/nxp/lpcxpresso_6.1.4_194/lpcxpresso/tools/bin/../lib/gcc/arm-none-eabi/4.6.2/../../../../arm-none-eabi/lib/armv7-m\libc.a(lib_a-s_fpclassify.o)
 .ARM.attributes
                0x00000724       0x2d c:/nxp/lpcxpresso_6.1.4_194/lpcxpresso/tools/bin/../lib/gcc/arm-none-eabi/4.6.2/../../../../arm-none-eabi/lib/armv7-m\libc.a(lib_a-sbrkr.o)
 .ARM.attributes
                0x00000751       0x2d c:/nxp/lpcxpresso_6.1.4_194/lpcxpresso/tools/bin/../lib/gcc/arm-none-eabi/4.6.2/../../../../arm-none-eabi/lib/armv7-m\libc.a(lib_a-strcmp.o)
 .ARM.attributes
                0x0000077e       0x2d c:/nxp/lpcxpresso_6.1.4_194/lpcxpresso/tools/bin/../lib/gcc/arm-none-eabi/4.6.2/../../../../arm-none-eabi/lib/armv7-m\libc.a(lib_a-svfiprintf.o)
 .ARM.attributes
                0x000007ab       0x2d c:/nxp/lpcxpresso_6.1.4_194/lpcxpresso/tools/bin/../lib/gcc/arm-none-eabi/4.6.2/../../../../arm-none-eabi/lib/armv7-m\libc.a(lib_a-callocr.o)
 .ARM.attributes
                0x000007d8       0x2d c:/nxp/lpcxpresso_6.1.4_194/lpcxpresso/tools/bin/../lib/gcc/arm-none-eabi/4.6.2/../../../../arm-none-eabi/lib/armv7-m\libc.a(lib_a-freer.o)
 .ARM.attributes
                0x00000805       0x2d c:/nxp/lpcxpresso_6.1.4_194/lpcxpresso/tools/bin/../lib/gcc/arm-none-eabi/4.6.2/../../../../arm-none-eabi/lib/armv7-m\libc.a(lib_a-memmove.o)
 .ARM.attributes
                0x00000832       0x2d c:/nxp/lpcxpresso_6.1.4_194/lpcxpresso/tools/bin/../lib/gcc/arm-none-eabi/4.6.2/../../../../arm-none-eabi/lib/armv7-m\libc.a(lib_a-reallocr.o)
 .ARM.attributes
                0x0000085f       0x2d c:/nxp/lpcxpresso_6.1.4_194/lpcxpresso/tools/bin/../lib/gcc/arm-none-eabi/4.6.2/../../../../arm-none-eabi/lib/armv7-m\libc.a(lib_a-reent.o)
 .ARM.attributes
                0x0000088c       0x31 c:/nxp/lpcxpresso_6.1.4_194/lpcxpresso/tools/bin/../lib/gcc/arm-none-eabi/4.6.2/../../../../arm-none-eabi/lib/armv7-m\libcr_newlib_semihost.a(_cr_sbrk.o)
 .ARM.attributes
                0x000008bd       0x31 c:/nxp/lpcxpresso_6.1.4_194/lpcxpresso/tools/bin/../lib/gcc/arm-none-eabi/4.6.2/../../../../arm-none-eabi/lib/armv7-m\libcr_newlib_semihost.a(_cr_check_heap.o)
 .ARM.attributes
                0x000008ee       0x1d c:/nxp/lpcxpresso_6.1.4_194/lpcxpresso/tools/bin/../lib/gcc/arm-none-eabi/4.6.2/armv7-m\libgcc.a(_arm_fixdfsi.o)
 .ARM.attributes
                0x0000090b       0x2d c:/nxp/lpcxpresso_6.1.4_194/lpcxpresso/tools/bin/../lib/gcc/arm-none-eabi/4.6.2/../../../../arm-none-eabi/lib/armv7-m\libc.a(lib_a-errno.o)

.debug_frame    0x00000000     0x2258
 .debug_frame   0x00000000      0x120 ./src/cr_startup_lpc17.o
 .debug_frame   0x00000120      0x29c ./src/main.o
 .debug_frame   0x000003bc       0x48 C:\Users\yongchenglow\Documents\LPCXpresso_6.1.4_194\workspace\ee2024Assignment2\Lib_CMSISv1p30_LPC17xx\Debug\libCMSISv1p30_LPC17xx.a(system_LPC17xx.o)
 .debug_frame   0x00000404      0x12c C:\Users\yongchenglow\Documents\LPCXpresso_6.1.4_194\workspace\ee2024Assignment2\Lib_EaBaseBoard\Debug\libLib_EaBaseBoard.a(acc.o)
 .debug_frame   0x00000530       0x4c C:\Users\yongchenglow\Documents\LPCXpresso_6.1.4_194\workspace\ee2024Assignment2\Lib_EaBaseBoard\Debug\libLib_EaBaseBoard.a(joystick.o)
 .debug_frame   0x0000057c       0x4c C:\Users\yongchenglow\Documents\LPCXpresso_6.1.4_194\workspace\ee2024Assignment2\Lib_EaBaseBoard\Debug\libLib_EaBaseBoard.a(led7seg.o)
 .debug_frame   0x000005c8      0x208 C:\Users\yongchenglow\Documents\LPCXpresso_6.1.4_194\workspace\ee2024Assignment2\Lib_EaBaseBoard\Debug\libLib_EaBaseBoard.a(light.o)
 .debug_frame   0x000007d0      0x1ec C:\Users\yongchenglow\Documents\LPCXpresso_6.1.4_194\workspace\ee2024Assignment2\Lib_EaBaseBoard\Debug\libLib_EaBaseBoard.a(oled.o)
 .debug_frame   0x000009bc      0x1a8 C:\Users\yongchenglow\Documents\LPCXpresso_6.1.4_194\workspace\ee2024Assignment2\Lib_EaBaseBoard\Debug\libLib_EaBaseBoard.a(pca9532.o)
 .debug_frame   0x00000b64       0x4c C:\Users\yongchenglow\Documents\LPCXpresso_6.1.4_194\workspace\ee2024Assignment2\Lib_EaBaseBoard\Debug\libLib_EaBaseBoard.a(rgb.o)
 .debug_frame   0x00000bb0       0x50 C:\Users\yongchenglow\Documents\LPCXpresso_6.1.4_194\workspace\ee2024Assignment2\Lib_EaBaseBoard\Debug\libLib_EaBaseBoard.a(temp.o)
 .debug_frame   0x00000c00      0x2c4 C:\Users\yongchenglow\Documents\LPCXpresso_6.1.4_194\workspace\ee2024Assignment2\Lib_MCU\Debug\libLib_MCU.a(lpc17xx_gpio.o)
 .debug_frame   0x00000ec4      0x2c8 C:\Users\yongchenglow\Documents\LPCXpresso_6.1.4_194\workspace\ee2024Assignment2\Lib_MCU\Debug\libLib_MCU.a(lpc17xx_i2c.o)
 .debug_frame   0x0000118c       0xbc C:\Users\yongchenglow\Documents\LPCXpresso_6.1.4_194\workspace\ee2024Assignment2\Lib_MCU\Debug\libLib_MCU.a(lpc17xx_pinsel.o)
 .debug_frame   0x00001248      0x280 C:\Users\yongchenglow\Documents\LPCXpresso_6.1.4_194\workspace\ee2024Assignment2\Lib_MCU\Debug\libLib_MCU.a(lpc17xx_ssp.o)
 .debug_frame   0x000014c8      0x44c C:\Users\yongchenglow\Documents\LPCXpresso_6.1.4_194\workspace\ee2024Assignment2\Lib_MCU\Debug\libLib_MCU.a(lpc17xx_uart.o)
 .debug_frame   0x00001914      0x10c C:\Users\yongchenglow\Documents\LPCXpresso_6.1.4_194\workspace\ee2024Assignment2\Lib_MCU\Debug\libLib_MCU.a(lpc17xx_clkpwr.o)
 .debug_frame   0x00001a20       0x50 c:/nxp/lpcxpresso_6.1.4_194/lpcxpresso/tools/bin/../lib/gcc/arm-none-eabi/4.6.2/armv7-m\libgcc.a(bpabi.o)
 .debug_frame   0x00001a70       0x34 c:/nxp/lpcxpresso_6.1.4_194/lpcxpresso/tools/bin/../lib/gcc/arm-none-eabi/4.6.2/armv7-m\libgcc.a(_divdi3.o)
 .debug_frame   0x00001aa4       0x34 c:/nxp/lpcxpresso_6.1.4_194/lpcxpresso/tools/bin/../lib/gcc/arm-none-eabi/4.6.2/armv7-m\libgcc.a(_udivdi3.o)
 .debug_frame   0x00001ad8       0x20 c:/nxp/lpcxpresso_6.1.4_194/lpcxpresso/tools/bin/../lib/gcc/arm-none-eabi/4.6.2/../../../../arm-none-eabi/lib/armv7-m\libc.a(lib_a-abs.o)
 .debug_frame   0x00001af8       0x2c c:/nxp/lpcxpresso_6.1.4_194/lpcxpresso/tools/bin/../lib/gcc/arm-none-eabi/4.6.2/../../../../arm-none-eabi/lib/armv7-m\libc.a(lib_a-memset.o)
 .debug_frame   0x00001b24       0x64 c:/nxp/lpcxpresso_6.1.4_194/lpcxpresso/tools/bin/../lib/gcc/arm-none-eabi/4.6.2/../../../../arm-none-eabi/lib/armv7-m\libc.a(lib_a-sprintf.o)
 .debug_frame   0x00001b88       0x20 c:/nxp/lpcxpresso_6.1.4_194/lpcxpresso/tools/bin/../lib/gcc/arm-none-eabi/4.6.2/../../../../arm-none-eabi/lib/armv7-m\libc.a(lib_a-strlen.o)
 .debug_frame   0x00001ba8       0x3c c:/nxp/lpcxpresso_6.1.4_194/lpcxpresso/tools/bin/../lib/gcc/arm-none-eabi/4.6.2/../../../../arm-none-eabi/lib/armv7-m\libc.a(lib_a-svfprintf.o)
 .debug_frame   0x00001be4       0x64 c:/nxp/lpcxpresso_6.1.4_194/lpcxpresso/tools/bin/../lib/gcc/arm-none-eabi/4.6.2/../../../../arm-none-eabi/lib/armv7-m\libc.a(lib_a-dtoa.o)
 .debug_frame   0x00001c48       0x98 c:/nxp/lpcxpresso_6.1.4_194/lpcxpresso/tools/bin/../lib/gcc/arm-none-eabi/4.6.2/../../../../arm-none-eabi/lib/armv7-m\libc.a(lib_a-locale.o)
 .debug_frame   0x00001ce0       0x38 c:/nxp/lpcxpresso_6.1.4_194/lpcxpresso/tools/bin/../lib/gcc/arm-none-eabi/4.6.2/../../../../arm-none-eabi/lib/armv7-m\libc.a(lib_a-mallocr.o)
 .debug_frame   0x00001d18       0x2c c:/nxp/lpcxpresso_6.1.4_194/lpcxpresso/tools/bin/../lib/gcc/arm-none-eabi/4.6.2/../../../../arm-none-eabi/lib/armv7-m\libc.a(lib_a-memchr.o)
 .debug_frame   0x00001d44       0x2c c:/nxp/lpcxpresso_6.1.4_194/lpcxpresso/tools/bin/../lib/gcc/arm-none-eabi/4.6.2/../../../../arm-none-eabi/lib/armv7-m\libc.a(lib_a-memcpy.o)
 .debug_frame   0x00001d70       0x30 c:/nxp/lpcxpresso_6.1.4_194/lpcxpresso/tools/bin/../lib/gcc/arm-none-eabi/4.6.2/../../../../arm-none-eabi/lib/armv7-m\libc.a(lib_a-mlock.o)
 .debug_frame   0x00001da0      0x228 c:/nxp/lpcxpresso_6.1.4_194/lpcxpresso/tools/bin/../lib/gcc/arm-none-eabi/4.6.2/../../../../arm-none-eabi/lib/armv7-m\libc.a(lib_a-mprec.o)
 .debug_frame   0x00001fc8       0x20 c:/nxp/lpcxpresso_6.1.4_194/lpcxpresso/tools/bin/../lib/gcc/arm-none-eabi/4.6.2/../../../../arm-none-eabi/lib/armv7-m\libc.a(lib_a-s_fpclassify.o)
 .debug_frame   0x00001fe8       0x2c c:/nxp/lpcxpresso_6.1.4_194/lpcxpresso/tools/bin/../lib/gcc/arm-none-eabi/4.6.2/../../../../arm-none-eabi/lib/armv7-m\libc.a(lib_a-sbrkr.o)
 .debug_frame   0x00002014       0x30 c:/nxp/lpcxpresso_6.1.4_194/lpcxpresso/tools/bin/../lib/gcc/arm-none-eabi/4.6.2/../../../../arm-none-eabi/lib/armv7-m\libc.a(lib_a-strcmp.o)
 .debug_frame   0x00002044       0x64 c:/nxp/lpcxpresso_6.1.4_194/lpcxpresso/tools/bin/../lib/gcc/arm-none-eabi/4.6.2/../../../../arm-none-eabi/lib/armv7-m\libc.a(lib_a-svfiprintf.o)
 .debug_frame   0x000020a8       0x28 c:/nxp/lpcxpresso_6.1.4_194/lpcxpresso/tools/bin/../lib/gcc/arm-none-eabi/4.6.2/../../../../arm-none-eabi/lib/armv7-m\libc.a(lib_a-callocr.o)
 .debug_frame   0x000020d0       0x50 c:/nxp/lpcxpresso_6.1.4_194/lpcxpresso/tools/bin/../lib/gcc/arm-none-eabi/4.6.2/../../../../arm-none-eabi/lib/armv7-m\libc.a(lib_a-freer.o)
 .debug_frame   0x00002120       0x2c c:/nxp/lpcxpresso_6.1.4_194/lpcxpresso/tools/bin/../lib/gcc/arm-none-eabi/4.6.2/../../../../arm-none-eabi/lib/armv7-m\libc.a(lib_a-memmove.o)