Archive member included because of file (symbol)

C:\Users\Daryl\Desktop\ee2024Assignment2\Lib_CMSISv1p30_LPC17xx\Debug\libCMSISv1p30_LPC17xx.a(system_LPC17xx.o)
                              ./src/main.o (SystemCoreClock)
C:\Users\Daryl\Desktop\ee2024Assignment2\Lib_EaBaseBoard\Debug\libLib_EaBaseBoard.a(acc.o)
                              ./src/main.o (acc_init)
C:\Users\Daryl\Desktop\ee2024Assignment2\Lib_EaBaseBoard\Debug\libLib_EaBaseBoard.a(joystick.o)
                              ./src/main.o (joystick_init)
C:\Users\Daryl\Desktop\ee2024Assignment2\Lib_EaBaseBoard\Debug\libLib_EaBaseBoard.a(led7seg.o)
                              ./src/main.o (led7seg_init)
C:\Users\Daryl\Desktop\ee2024Assignment2\Lib_EaBaseBoard\Debug\libLib_EaBaseBoard.a(light.o)
                              ./src/main.o (light_enable)
C:\Users\Daryl\Desktop\ee2024Assignment2\Lib_EaBaseBoard\Debug\libLib_EaBaseBoard.a(oled.o)
                              ./src/main.o (oled_putPixel)
C:\Users\Daryl\Desktop\ee2024Assignment2\Lib_EaBaseBoard\Debug\libLib_EaBaseBoard.a(pca9532.o)
                              ./src/main.o (pca9532_init)
C:\Users\Daryl\Desktop\ee2024Assignment2\Lib_EaBaseBoard\Debug\libLib_EaBaseBoard.a(rgb.o)
                              ./src/main.o (rgb_init)
C:\Users\Daryl\Desktop\ee2024Assignment2\Lib_EaBaseBoard\Debug\libLib_EaBaseBoard.a(temp.o)
                              ./src/main.o (temp_init)
C:\Users\Daryl\Desktop\ee2024Assignment2\Lib_EaBaseBoard\Debug\libLib_EaBaseBoard.a(font5x7.o)
                              C:\Users\Daryl\Desktop\ee2024Assignment2\Lib_EaBaseBoard\Debug\libLib_EaBaseBoard.a(oled.o) (font5x7)
C:\Users\Daryl\Desktop\ee2024Assignment2\Lib_MCU\Debug\libLib_MCU.a(lpc17xx_gpio.o)
                              ./src/main.o (GPIO_SetDir)
C:\Users\Daryl\Desktop\ee2024Assignment2\Lib_MCU\Debug\libLib_MCU.a(lpc17xx_i2c.o)
                              ./src/main.o (I2C_Init)
C:\Users\Daryl\Desktop\ee2024Assignment2\Lib_MCU\Debug\libLib_MCU.a(lpc17xx_pinsel.o)
                              ./src/main.o (PINSEL_ConfigPin)
C:\Users\Daryl\Desktop\ee2024Assignment2\Lib_MCU\Debug\libLib_MCU.a(lpc17xx_ssp.o)
                              ./src/main.o (SSP_Init)
C:\Users\Daryl\Desktop\ee2024Assignment2\Lib_MCU\Debug\libLib_MCU.a(lpc17xx_clkpwr.o)
                              C:\Users\Daryl\Desktop\ee2024Assignment2\Lib_MCU\Debug\libLib_MCU.a(lpc17xx_i2c.o) (CLKPWR_SetPCLKDiv)
c:/nxp/lpcxpresso_6.1.4_194/lpcxpresso/tools/bin/../lib/gcc/arm-none-eabi/4.6.2/armv7-m\libgcc.a(_arm_addsubdf3.o)
                              ./src/main.o (__aeabi_ui2d)
c:/nxp/lpcxpresso_6.1.4_194/lpcxpresso/tools/bin/../lib/gcc/arm-none-eabi/4.6.2/armv7-m\libgcc.a(_arm_muldivdf3.o)
                              ./src/main.o (__aeabi_ddiv)
c:/nxp/lpcxpresso_6.1.4_194/lpcxpresso/tools/bin/../lib/gcc/arm-none-eabi/4.6.2/armv7-m\libgcc.a(_aeabi_uldivmod.o)
                              C:\Users\Daryl\Desktop\ee2024Assignment2\Lib_CMSISv1p30_LPC17xx\Debug\libCMSISv1p30_LPC17xx.a(system_LPC17xx.o) (__aeabi_uldivmod)
c:/nxp/lpcxpresso_6.1.4_194/lpcxpresso/tools/bin/../lib/gcc/arm-none-eabi/4.6.2/armv7-m\libgcc.a(bpabi.o)
                              c:/nxp/lpcxpresso_6.1.4_194/lpcxpresso/tools/bin/../lib/gcc/arm-none-eabi/4.6.2/armv7-m\libgcc.a(_aeabi_uldivmod.o) (__gnu_uldivmod_helper)
c:/nxp/lpcxpresso_6.1.4_194/lpcxpresso/tools/bin/../lib/gcc/arm-none-eabi/4.6.2/armv7-m\libgcc.a(_dvmd_tls.o)
                              c:/nxp/lpcxpresso_6.1.4_194/lpcxpresso/tools/bin/../lib/gcc/arm-none-eabi/4.6.2/armv7-m\libgcc.a(_aeabi_uldivmod.o) (__aeabi_ldiv0)
c:/nxp/lpcxpresso_6.1.4_194/lpcxpresso/tools/bin/../lib/gcc/arm-none-eabi/4.6.2/armv7-m\libgcc.a(_divdi3.o)
                              c:/nxp/lpcxpresso_6.1.4_194/lpcxpresso/tools/bin/../lib/gcc/arm-none-eabi/4.6.2/armv7-m\libgcc.a(bpabi.o) (__divdi3)
c:/nxp/lpcxpresso_6.1.4_194/lpcxpresso/tools/bin/../lib/gcc/arm-none-eabi/4.6.2/armv7-m\libgcc.a(_udivdi3.o)
                              c:/nxp/lpcxpresso_6.1.4_194/lpcxpresso/tools/bin/../lib/gcc/arm-none-eabi/4.6.2/armv7-m\libgcc.a(bpabi.o) (__udivdi3)
c:/nxp/lpcxpresso_6.1.4_194/lpcxpresso/tools/bin/../lib/gcc/arm-none-eabi/4.6.2/../../../../arm-none-eabi/lib/armv7-m\libc.a(lib_a-memset.o)
                              C:\Users\Daryl\Desktop\ee2024Assignment2\Lib_EaBaseBoard\Debug\libLib_EaBaseBoard.a(oled.o) (memset)
c:/nxp/lpcxpresso_6.1.4_194/lpcxpresso/tools/bin/../lib/gcc/arm-none-eabi/4.6.2/../../../../arm-none-eabi/lib/armv7-m\libc.a(lib_a-sprintf.o)
                              ./src/main.o (sprintf)
c:/nxp/lpcxpresso_6.1.4_194/lpcxpresso/tools/bin/../lib/gcc/arm-none-eabi/4.6.2/../../../../arm-none-eabi/lib/armv7-m\libc.a(lib_a-svfprintf.o)
                              c:/nxp/lpcxpresso_6.1.4_194/lpcxpresso/tools/bin/../lib/gcc/arm-none-eabi/4.6.2/../../../../arm-none-eabi/lib/armv7-m\libc.a(lib_a-sprintf.o) (_svfprintf_r)
[...]
Memory Configuration

Name             Origin             Length             Attributes
MFlash512        0x00000000         0x00080000         xr
RamLoc32         0x10000000         0x00008000         xrw
RamAHB32         0x2007c000         0x00008000         xrw
*default*        0x00000000         0xffffffff

Linker script and memory map

LOAD ./src/cr_startup_lpc17.o
LOAD ./src/main.o
LOAD C:\Users\Daryl\Desktop\ee2024Assignment2\Lib_CMSISv1p30_LPC17xx\Debug\libCMSISv1p30_LPC17xx.a
LOAD C:\Users\Daryl\Desktop\ee2024Assignment2\Lib_EaBaseBoard\Debug\libLib_EaBaseBoard.a
LOAD C:\Users\Daryl\Desktop\ee2024Assignment2\Lib_MCU\Debug\libLib_MCU.a
START GROUP
LOAD c:/nxp/lpcxpresso_6.1.4_194/lpcxpresso/tools/bin/../lib/gcc/arm-none-eabi/4.6.2/armv7-m\libgcc.a
LOAD c:/nxp/lpcxpresso_6.1.4_194/lpcxpresso/tools/bin/../lib/gcc/arm-none-eabi/4.6.2/../../../../arm-none-eabi/lib/armv7-m\libc.a
LOAD c:/nxp/lpcxpresso_6.1.4_194/lpcxpresso/tools/bin/../lib/gcc/arm-none-eabi/4.6.2/../../../../arm-none-eabi/lib/armv7-m\libm.a
LOAD c:/nxp/lpcxpresso_6.1.4_194/lpcxpresso/tools/bin/../lib/gcc/arm-none-eabi/4.6.2/../../../../arm-none-eabi/lib/armv7-m\libcr_newlib_semihost.a
END GROUP
                0x00080000                __top_MFlash512 = 0x80000
                0x10008000                __top_RamLoc32 = 0x10008000
                0x20084000                __top_RamAHB32 = 0x20084000

.text           0x00000000     0x87e4
 FILL mask 0xff
                0x00000000                __vectors_start__ = ABSOLUTE (.)
 *(.isr_vector)
 .isr_vector    0x00000000       0xcc ./src/cr_startup_lpc17.o
                0x00000000                g_pfnVectors
                0x000000cc                . = ALIGN (0x4)
                0x000000cc                __section_table_start = .
                0x000000cc                __data_section_table = .
                0x000000cc        0x4 LONG 0x87ec LOADADDR (.data)
                0x000000d0        0x4 LONG 0x10000000 ADDR (.data)
                0x000000d4        0x4 LONG 0x8d4 SIZEOF (.data)
                0x000000d8        0x4 LONG 0x87ec LOADADDR (.data_RAM2)
                0x000000dc        0x4 LONG 0x2007c000 ADDR (.data_RAM2)
                0x000000e0        0x4 LONG 0x0 SIZEOF (.data_RAM2)
                0x000000e4                __data_section_table_end = .
                0x000000e4                __bss_section_table = .
                0x000000e4        0x4 LONG 0x100008d4 ADDR (.bss)
                0x000000e8        0x4 LONG 0x3ec SIZEOF (.bss)
                0x000000ec        0x4 LONG 0x2007c000 ADDR (.bss_RAM2)
                0x000000f0        0x4 LONG 0x0 SIZEOF (.bss_RAM2)
                0x000000f4                __bss_section_table_end = .
                0x000000f4                __section_table_end = .
 *(.after_vectors*)
 *(.text*)
 .text.ResetISR
                0x000000f4       0x68 ./src/cr_startup_lpc17.o
                0x000000f4                ResetISR
 .text.NMI_Handler
                0x0000015c        0x8 ./src/cr_startup_lpc17.o
                0x0000015c                NMI_Handler
 .text.HardFault_Handler
                0x00000164        0x8 ./src/cr_startup_lpc17.o
                0x00000164                HardFault_Handler
 .text.MemManage_Handler
                0x0000016c        0x8 ./src/cr_startup_lpc17.o
                0x0000016c                MemManage_Handler
 .text.BusFault_Handler
                0x00000174        0x8 ./src/cr_startup_lpc17.o
                0x00000174                BusFault_Handler
 .text.UsageFault_Handler
                0x0000017c        0x8 ./src/cr_startup_lpc17.o
                0x0000017c                UsageFault_Handler
 .text.SVCall_Handler
                0x00000184        0x8 ./src/cr_startup_lpc17.o
                0x00000184                SVCall_Handler
 .text.DebugMon_Handler
                0x0000018c        0x8 ./src/cr_startup_lpc17.o
                0x0000018c                DebugMon_Handler
 .text.PendSV_Handler
                0x00000194        0x8 ./src/cr_startup_lpc17.o
                0x00000194                PendSV_Handler
 .text.IntDefaultHandler
                0x0000019c        0x8 ./src/cr_startup_lpc17.o
                0x0000019c                TIMER2_IRQHandler
                0x0000019c                RIT_IRQHandler
                0x0000019c                I2C0_IRQHandler
                0x0000019c                USBActivity_IRQHandler
                0x0000019c                PWM1_IRQHandler
                0x0000019c                I2C1_IRQHandler
                0x0000019c                EINT2_IRQHandler
                0x0000019c                UART1_IRQHandler
                0x0000019c                EINT3_IRQHandler
                0x0000019c                CANActivity_IRQHandler
                0x0000019c                TIMER3_IRQHandler
                0x0000019c                UART0_IRQHandler
                0x0000019c                IntDefaultHandler
                0x0000019c                PLL0_IRQHandler
                0x0000019c                CAN_IRQHandler
                0x0000019c                PLL1_IRQHandler
                0x0000019c                SSP0_IRQHandler
                0x0000019c                I2S_IRQHandler
                0x0000019c                I2C2_IRQHandler
                0x0000019c                RTC_IRQHandler
                0x0000019c                TIMER0_IRQHandler
                0x0000019c                SPI_IRQHandler
                0x0000019c                EINT1_IRQHandler
                0x0000019c                TIMER1_IRQHandler
                0x0000019c                UART2_IRQHandler
                0x0000019c                ADC_IRQHandler
                0x0000019c                SSP1_IRQHandler
                0x0000019c                USB_IRQHandler
                0x0000019c                BOD_IRQHandler
                0x0000019c                WDT_IRQHandler
                0x0000019c                QEI_IRQHandler
                0x0000019c                EINT0_IRQHandler
                0x0000019c                DMA_IRQHandler
                0x0000019c                UART3_IRQHandler
                0x0000019c                MCPWM_IRQHandler
                0x0000019c                ENET_IRQHandler
 .text.NVIC_SetPriority
                0x000001a4       0x5c ./src/main.o
 .text.SysTick_Config
                0x00000200       0x64 ./src/main.o
 .text.readSensors
                0x00000264       0x38 ./src/main.o
                0x00000264                readSensors
 .text.moveBar  0x0000029c       0xa8 ./src/main.o
 .text.drawOled
                0x00000344      0x1a4 ./src/main.o
 .text.init_ssp
                0x000004e8       0x98 ./src/main.o
 .text.init_i2c
                0x00000580       0x5c ./src/main.o
 .text.init_GPIO
                0x000005dc      0x100 ./src/main.o
 .text.SysTick_Handler
                0x000006dc       0x24 ./src/main.o
                0x000006dc                SysTick_Handler
 .text.getTicks
                0x00000700       0x18 ./src/main.o
                0x00000700                getTicks
 .text.run7Seg  0x00000718       0x68 ./src/main.o
                0x00000718                run7Seg
 .text.runBlinkRGB
                0x00000780       0x5c ./src/main.o
                0x00000780                runBlinkRGB
 .text.main     0x000007dc      0x35c ./src/main.o
                0x000007dc                main
 .text.check_failed
                0x00000b38        0xc ./src/main.o
                0x00000b38                check_failed
 .text.SystemInit
                0x00000b44      0x22c C:\Users\Daryl\Desktop\ee2024Assignment2\Lib_CMSISv1p30_LPC17xx\Debug\libCMSISv1p30_LPC17xx.a(system_LPC17xx.o)
                0x00000b44                SystemInit
 .text.I2CRead  0x00000d70       0x5c C:\Users\Daryl\Desktop\ee2024Assignment2\Lib_EaBaseBoard\Debug\libLib_EaBaseBoard.a(acc.o)
 .text.I2CWrite
                0x00000dcc       0x5c C:\Users\Daryl\Desktop\ee2024Assignment2\Lib_EaBaseBoard\Debug\libLib_EaBaseBoard.a(acc.o)
 .text.getStatus
                0x00000e28       0x3c C:\Users\Daryl\Desktop\ee2024Assignment2\Lib_EaBaseBoard\Debug\libLib_EaBaseBoard.a(acc.o)
 .text.setModeControl
                0x00000e64       0x30 C:\Users\Daryl\Desktop\ee2024Assignment2\Lib_EaBaseBoard\Debug\libLib_EaBaseBoard.a(acc.o)
 .text.acc_init
                0x00000e94       0x10 C:\Users\Daryl\Desktop\ee2024Assignment2\Lib_EaBaseBoard\Debug\libLib_EaBaseBoard.a(acc.o)
                0x00000e94                acc_init
 .text.acc_read
                0x00000ea4       0xbc C:\Users\Daryl\Desktop\ee2024Assignment2\Lib_EaBaseBoard\Debug\libLib_EaBaseBoard.a(acc.o)
                0x00000ea4                acc_read
 .text.joystick_init
                0x00000f60       0x28 C:\Users\Daryl\Desktop\ee2024Assignment2\Lib_EaBaseBoard\Debug\libLib_EaBaseBoard.a(joystick.o)
                0x00000f60                joystick_init
 .text.joystick_read
                0x00000f88       0x98 C:\Users\Daryl\Desktop\ee2024Assignment2\Lib_EaBaseBoard\Debug\libLib_EaBaseBoard.a(joystick.o)
                0x00000f88                joystick_read
 .text.led7seg_init
                0x00001020       0x24 C:\Users\Daryl\Desktop\ee2024Assignment2\Lib_EaBaseBoard\Debug\libLib_EaBaseBoard.a(led7seg.o)
                0x00001020                led7seg_init
 .text.led7seg_setChar
                0x00001044       0x88 C:\Users\Daryl\Desktop\ee2024Assignment2\Lib_EaBaseBoard\Debug\libLib_EaBaseBoard.a(led7seg.o)
                0x00001044                led7seg_setChar
 .text.I2CRead  0x000010cc       0x5c C:\Users\Daryl\Desktop\ee2024Assignment2\Lib_EaBaseBoard\Debug\libLib_EaBaseBoard.a(light.o)
 .text.I2CWrite
                0x00001128       0x5c C:\Users\Daryl\Desktop\ee2024Assignment2\Lib_EaBaseBoard\Debug\libLib_EaBaseBoard.a(light.o)
 .text.light_enable
                0x00001184       0x48 C:\Users\Daryl\Desktop\ee2024Assignment2\Lib_EaBaseBoard\Debug\libLib_EaBaseBoard.a(light.o)
                0x00001184                light_enable
 .text.light_read
                0x000011cc       0x90 C:\Users\Daryl\Desktop\ee2024Assignment2\Lib_EaBaseBoard\Debug\libLib_EaBaseBoard.a(light.o)
                0x000011cc                light_read
 .text.writeCommand
                0x0000125c       0x60 C:\Users\Daryl\Desktop\ee2024Assignment2\Lib_EaBaseBoard\Debug\libLib_EaBaseBoard.a(oled.o)
 .text.writeData
                0x000012bc       0x60 C:\Users\Daryl\Desktop\ee2024Assignment2\Lib_EaBaseBoard\Debug\libLib_EaBaseBoard.a(oled.o)
 .text.writeDataLen
                0x0000131c       0x8c C:\Users\Daryl\Desktop\ee2024Assignment2\Lib_EaBaseBoard\Debug\libLib_EaBaseBoard.a(oled.o)
 .text.runInitSequence
                0x000013a8      0x118 C:\Users\Daryl\Desktop\ee2024Assignment2\Lib_EaBaseBoard\Debug\libLib_EaBaseBoard.a(oled.o)
 .text.oled_init
                0x000014c0       0x9c C:\Users\Daryl\Desktop\ee2024Assignment2\Lib_EaBaseBoard\Debug\libLib_EaBaseBoard.a(oled.o)
                0x000014c0                oled_init
 .text.oled_putPixel
                0x0000155c      0x188 C:\Users\Daryl\Desktop\ee2024Assignment2\Lib_EaBaseBoard\Debug\libLib_EaBaseBoard.a(oled.o)
                0x0000155c                oled_putPixel
 .text.oled_clearScreen
                0x000016e4       0x74 C:\Users\Daryl\Desktop\ee2024Assignment2\Lib_EaBaseBoard\Debug\libLib_EaBaseBoard.a(oled.o)
                0x000016e4                oled_clearScreen
 .text.oled_putChar
                0x00001758       0xf0 C:\Users\Daryl\Desktop\ee2024Assignment2\Lib_EaBaseBoard\Debug\libLib_EaBaseBoard.a(oled.o)
                0x00001758                oled_putChar
 .text.oled_putString
                0x00001848       0x54 C:\Users\Daryl\Desktop\ee2024Assignment2\Lib_EaBaseBoard\Debug\libLib_EaBaseBoard.a(oled.o)
                0x00001848                oled_putString
 .text.I2CWrite
                0x0000189c       0x5c C:\Users\Daryl\Desktop\ee2024Assignment2\Lib_EaBaseBoard\Debug\libLib_EaBaseBoard.a(pca9532.o)
 .text.setLsStates
                0x000018f8       0xc4 C:\Users\Daryl\Desktop\ee2024Assignment2\Lib_EaBaseBoard\Debug\libLib_EaBaseBoard.a(pca9532.o)
 .text.setLeds  0x000019bc       0xa0 C:\Users\Daryl\Desktop\ee2024Assignment2\Lib_EaBaseBoard\Debug\libLib_EaBaseBoard.a(pca9532.o)
 .text.pca9532_init
                0x00001a5c        0xc C:\Users\Daryl\Desktop\ee2024Assignment2\Lib_EaBaseBoard\Debug\libLib_EaBaseBoard.a(pca9532.o)
                0x00001a5c                pca9532_init
 .text.pca9532_setLeds
                0x00001a68       0xa0 C:\Users\Daryl\Desktop\ee2024Assignment2\Lib_EaBaseBoard\Debug\libLib_EaBaseBoard.a(pca9532.o)
                0x00001a68                pca9532_setLeds
 .text.rgb_init
                0x00001b08       0x28 C:\Users\Daryl\Desktop\ee2024Assignment2\Lib_EaBaseBoard\Debug\libLib_EaBaseBoard.a(rgb.o)
                0x00001b08                rgb_init
 .text.rgb_setLeds
                0x00001b30       0x5c C:\Users\Daryl\Desktop\ee2024Assignment2\Lib_EaBaseBoard\Debug\libLib_EaBaseBoard.a(rgb.o)
                0x00001b30                rgb_setLeds
 .text.temp_init
                0x00001b8c       0x2c C:\Users\Daryl\Desktop\ee2024Assignment2\Lib_EaBaseBoard\Debug\libLib_EaBaseBoard.a(temp.o)
                0x00001b8c                temp_init
 .text.temp_read
                0x00001bb8      0x10c C:\Users\Daryl\Desktop\ee2024Assignment2\Lib_EaBaseBoard\Debug\libLib_EaBaseBoard.a(temp.o)
                0x00001bb8                temp_read
 .text.GPIO_GetPointer
                0x00001cc4       0x7c C:\Users\Daryl\Desktop\ee2024Assignment2\Lib_MCU\Debug\libLib_MCU.a(lpc17xx_gpio.o)
 .text.GPIO_SetDir
                0x00001d40       0x54 C:\Users\Daryl\Desktop\ee2024Assignment2\Lib_MCU\Debug\libLib_MCU.a(lpc17xx_gpio.o)
                0x00001d40                GPIO_SetDir
 .text.GPIO_SetValue
                0x00001d94       0x2c C:\Users\Daryl\Desktop\ee2024Assignment2\Lib_MCU\Debug\libLib_MCU.a(lpc17xx_gpio.o)
                0x00001d94                GPIO_SetValue
 .text.GPIO_ClearValue
                0x00001dc0       0x2c C:\Users\Daryl\Desktop\ee2024Assignment2\Lib_MCU\Debug\libLib_MCU.a(lpc17xx_gpio.o)
                0x00001dc0                GPIO_ClearValue
 .text.GPIO_ReadValue
                0x00001dec       0x30 C:\Users\Daryl\Desktop\ee2024Assignment2\Lib_MCU\Debug\libLib_MCU.a(lpc17xx_gpio.o)
                0x00001dec                GPIO_ReadValue
 .text.NVIC_EnableIRQ
                0x00001e1c       0x38 C:\Users\Daryl\Desktop\ee2024Assignment2\Lib_MCU\Debug\libLib_MCU.a(lpc17xx_i2c.o)
 .text.NVIC_DisableIRQ
                0x00001e54       0x3c C:\Users\Daryl\Desktop\ee2024Assignment2\Lib_MCU\Debug\libLib_MCU.a(lpc17xx_i2c.o)
 .text.I2C_getNum
                0x00001e90       0x54 C:\Users\Daryl\Desktop\ee2024Assignment2\Lib_MCU\Debug\libLib_MCU.a(lpc17xx_i2c.o)
 .text.I2C_Start
                0x00001ee4       0x44 C:\Users\Daryl\Desktop\ee2024Assignment2\Lib_MCU\Debug\libLib_MCU.a(lpc17xx_i2c.o)
 .text.I2C_Stop
                0x00001f28       0x38 C:\Users\Daryl\Desktop\ee2024Assignment2\Lib_MCU\Debug\libLib_MCU.a(lpc17xx_i2c.o)
 .text.I2C_SendByte
                0x00001f60       0x50 C:\Users\Daryl\Desktop\ee2024Assignment2\Lib_MCU\Debug\libLib_MCU.a(lpc17xx_i2c.o)
 .text.I2C_GetByte
                0x00001fb0       0x5c C:\Users\Daryl\Desktop\ee2024Assignment2\Lib_MCU\Debug\libLib_MCU.a(lpc17xx_i2c.o)
 .text.I2C_IntCmd
                0x0000200c       0xa8 C:\Users\Daryl\Desktop\ee2024Assignment2\Lib_MCU\Debug\libLib_MCU.a(lpc17xx_i2c.o)
                0x0000200c                I2C_IntCmd
 .text.I2C_MasterHandler
                0x000020b4      0x408 C:\Users\Daryl\Desktop\ee2024Assignment2\Lib_MCU\Debug\libLib_MCU.a(lpc17xx_i2c.o)
                0x000020b4                I2C_MasterHandler
 .text.I2C_SetClock
                0x000024bc       0xc8 C:\Users\Daryl\Desktop\ee2024Assignment2\Lib_MCU\Debug\libLib_MCU.a(lpc17xx_i2c.o)
                0x000024bc                I2C_SetClock
 .text.I2C_Init
                0x00002584       0xd8 C:\Users\Daryl\Desktop\ee2024Assignment2\Lib_MCU\Debug\libLib_MCU.a(lpc17xx_i2c.o)
                0x00002584                I2C_Init
 .text.I2C_Cmd  0x0000265c       0x84 C:\Users\Daryl\Desktop\ee2024Assignment2\Lib_MCU\Debug\libLib_MCU.a(lpc17xx_i2c.o)
                0x0000265c                I2C_Cmd
 .text.I2C_MasterTransferData
                0x000026e0      0x390 C:\Users\Daryl\Desktop\ee2024Assignment2\Lib_MCU\Debug\libLib_MCU.a(lpc17xx_i2c.o)
                0x000026e0                I2C_MasterTransferData
 .text.PINSEL_SetPinFunc
                0x00002a70       0x9c C:\Users\Daryl\Desktop\ee2024Assignment2\Lib_MCU\Debug\libLib_MCU.a(lpc17xx_pinsel.o)
                0x00002a70                PINSEL_SetPinFunc
 .text.PINSEL_SetResistorMode
                0x00002b0c       0x9c C:\Users\Daryl\Desktop\ee2024Assignment2\Lib_MCU\Debug\libLib_MCU.a(lpc17xx_pinsel.o)
                0x00002b0c                PINSEL_SetResistorMode
 .text.PINSEL_SetOpenDrainMode
                0x00002ba8       0x7c C:\Users\Daryl\Desktop\ee2024Assignment2\Lib_MCU\Debug\libLib_MCU.a(lpc17xx_pinsel.o)
                0x00002ba8                PINSEL_SetOpenDrainMode
 .text.PINSEL_ConfigPin
                0x00002c24       0x54 C:\Users\Daryl\Desktop\ee2024Assignment2\Lib_MCU\Debug\libLib_MCU.a(lpc17xx_pinsel.o)
                0x00002c24                PINSEL_ConfigPin
 .text.SSP_getNum
                0x00002c78       0x40 C:\Users\Daryl\Desktop\ee2024Assignment2\Lib_MCU\Debug\libLib_MCU.a(lpc17xx_ssp.o)
 .text.SSP_IntHandler
                0x00002cb8      0x338 C:\Users\Daryl\Desktop\ee2024Assignment2\Lib_MCU\Debug\libLib_MCU.a(lpc17xx_ssp.o)
                0x00002cb8                SSP_IntHandler
 .text.SSP_SetClock
                0x00002ff0       0xf8 C:\Users\Daryl\Desktop\ee2024Assignment2\Lib_MCU\Debug\libLib_MCU.a(lpc17xx_ssp.o)
                0x00002ff0                SSP_SetClock
 .text.SSP_Init
                0x000030e8      0x10c C:\Users\Daryl\Desktop\ee2024Assignment2\Lib_MCU\Debug\libLib_MCU.a(lpc17xx_ssp.o)
                0x000030e8                SSP_Init
 .text.SSP_ConfigStructInit
                0x000031f4       0x48 C:\Users\Daryl\Desktop\ee2024Assignment2\Lib_MCU\Debug\libLib_MCU.a(lpc17xx_ssp.o)
                0x000031f4                SSP_ConfigStructInit
 .text.SSP_Cmd  0x0000323c       0x7c C:\Users\Daryl\Desktop\ee2024Assignment2\Lib_MCU\Debug\libLib_MCU.a(lpc17xx_ssp.o)
                0x0000323c                SSP_Cmd
 .text.SSP_SendData
                0x000032b8       0x48 C:\Users\Daryl\Desktop\ee2024Assignment2\Lib_MCU\Debug\libLib_MCU.a(lpc17xx_ssp.o)
                0x000032b8                SSP_SendData
 .text.SSP_ReceiveData
                0x00003300       0x44 C:\Users\Daryl\Desktop\ee2024Assignment2\Lib_MCU\Debug\libLib_MCU.a(lpc17xx_ssp.o)
                0x00003300                SSP_ReceiveData
 .text.SSP_ReadWrite
                0x00003344      0x440 C:\Users\Daryl\Desktop\ee2024Assignment2\Lib_MCU\Debug\libLib_MCU.a(lpc17xx_ssp.o)
                0x00003344                SSP_ReadWrite
 .text.CLKPWR_SetPCLKDiv
                0x00003784       0xcc C:\Users\Daryl\Desktop\ee2024Assignment2\Lib_MCU\Debug\libLib_MCU.a(lpc17xx_clkpwr.o)
                0x00003784                CLKPWR_SetPCLKDiv
 .text.CLKPWR_GetPCLKSEL
                0x00003850       0x54 C:\Users\Daryl\Desktop\ee2024Assignment2\Lib_MCU\Debug\libLib_MCU.a(lpc17xx_clkpwr.o)
                0x00003850                CLKPWR_GetPCLKSEL
 .text.CLKPWR_GetPCLK
                0x000038a4       0x74 C:\Users\Daryl\Desktop\ee2024Assignment2\Lib_MCU\Debug\libLib_MCU.a(lpc17xx_clkpwr.o)
                0x000038a4                CLKPWR_GetPCLK
 .text.CLKPWR_ConfigPPWR
                0x00003918       0x78 C:\Users\Daryl\Desktop\ee2024Assignment2\Lib_MCU\Debug\libLib_MCU.a(lpc17xx_clkpwr.o)
                0x00003918                CLKPWR_ConfigPPWR
 .text          0x00003990      0x370 c:/nxp/lpcxpresso_6.1.4_194/lpcxpresso/tools/bin/../lib/gcc/arm-none-eabi/4.6.2/armv7-m\libgcc.a(_arm_addsubdf3.o)
                0x00003990                __aeabi_drsub
                0x00003998                __aeabi_dsub
                0x00003998                __subdf3
                0x0000399c                __aeabi_dadd
                0x0000399c                __adddf3
                0x00003c14                __floatunsidf
                0x00003c14                __aeabi_ui2d
                0x00003c34                __floatsidf
                0x00003c34                __aeabi_i2d
                0x00003c58                __aeabi_f2d
                0x00003c58                __extendsfdf2
                0x00003c94                __floatundidf
                0x00003c94                __aeabi_ul2d
                0x00003ca4                __floatdidf
                0x00003ca4                __aeabi_l2d
 .text          0x00003d00      0x424 c:/nxp/lpcxpresso_6.1.4_194/lpcxpresso/tools/bin/../lib/gcc/arm-none-eabi/4.6.2/armv7-m\libgcc.a(_arm_muldivdf3.o)
                0x00003d00                __aeabi_dmul
                0x00003d00                __muldf3
                0x00003f54                __divdf3
                0x00003f54                __aeabi_ddiv
 .text          0x00004124       0x2c c:/nxp/lpcxpresso_6.1.4_194/lpcxpresso/tools/bin/../lib/gcc/arm-none-eabi/4.6.2/armv7-m\libgcc.a(_aeabi_uldivmod.o)
                0x00004124                __aeabi_uldivmod
 .text          0x00004150       0x5c c:/nxp/lpcxpresso_6.1.4_194/lpcxpresso/tools/bin/../lib/gcc/arm-none-eabi/4.6.2/armv7-m\libgcc.a(bpabi.o)
                0x00004150                __gnu_ldivmod_helper
                0x00004180                __gnu_uldivmod_helper
 .text          0x000041ac        0x4 c:/nxp/lpcxpresso_6.1.4_194/lpcxpresso/tools/bin/../lib/gcc/arm-none-eabi/4.6.2/armv7-m\libgcc.a(_dvmd_tls.o)
                0x000041ac                __aeabi_idiv0
                0x000041ac                __aeabi_ldiv0
 .text          0x000041b0      0x2c8 c:/nxp/lpcxpresso_6.1.4_194/lpcxpresso/tools/bin/../lib/gcc/arm-none-eabi/4.6.2/armv7-m\libgcc.a(_divdi3.o)
                0x000041b0                __divdi3
 .text          0x00004478      0x298 c:/nxp/lpcxpresso_6.1.4_194/lpcxpresso/tools/bin/../lib/gcc/arm-none-eabi/4.6.2/armv7-m\libgcc.a(_udivdi3.o)
                0x00004478                __udivdi3
 .text.memset   0x00004710       0x90 c:/nxp/lpcxpresso_6.1.4_194/lpcxpresso/tools/bin/../lib/gcc/arm-none-eabi/4.6.2/../../../../arm-none-eabi/lib/armv7-m\libc.a(lib_a-memset.o)
                0x00004710                memset
 .text.sprintf  0x000047a0       0x50 c:/nxp/lpcxpresso_6.1.4_194/lpcxpresso/tools/bin/../lib/gcc/arm-none-eabi/4.6.2/../../../../arm-none-eabi/lib/armv7-m\libc.a(lib_a-sprintf.o)
                0x000047a0                sprintf
 .text._svfprintf_r
                0x000047f0     0x1408 c:/nxp/lpcxpresso_6.1.4_194/lpcxpresso/tools/bin/../lib/gcc/arm-none-eabi/4.6.2/../../../../arm-none-eabi/lib/armv7-m\libc.a(lib_a-svfprintf.o)
                0x000047f0                _svfprintf_r
 .text.quorem   0x00005bf8      0x150 c:/nxp/lpcxpresso_6.1.4_194/lpcxpresso/tools/bin/../lib/gcc/arm-none-eabi/4.6.2/../../../../arm-none-eabi/lib/armv7-m\libc.a(lib_a-dtoa.o)
 .text._dtoa_r  0x00005d48      0xe60 c:/nxp/lpcxpresso_6.1.4_194/lpcxpresso/tools/bin/../lib/gcc/arm-none-eabi/4.6.2/../../../../arm-none-eabi/lib/armv7-m\libc.a(lib_a-dtoa.o)
                0x00005d48                _dtoa_r
 .text._localeconv_r
                0x00006ba8        0xc c:/nxp/lpcxpresso_6.1.4_194/lpcxpresso/tools/bin/../lib/gcc/arm-none-eabi/4.6.2/../../../../arm-none-eabi/lib/armv7-m\libc.a(lib_a-locale.o)
                0x00006ba8                _localeconv_r
 .text._malloc_r
                0x00006bb4      0x528 c:/nxp/lpcxpresso_6.1.4_194/lpcxpresso/tools/bin/../lib/gcc/arm-none-eabi/4.6.2/../../../../arm-none-eabi/lib/armv7-m\libc.a(lib_a-mallocr.o)
                0x00006bb4                _malloc_r
 .text.memchr   0x000070dc       0x84 c:/nxp/lpcxpresso_6.1.4_194/lpcxpresso/tools/bin/../lib/gcc/arm-none-eabi/4.6.2/../../../../arm-none-eabi/lib/armv7-m\libc.a(lib_a-memchr.o)
                0x000070dc                memchr
 .text.memcpy   0x00007160       0x84 c:/nxp/lpcxpresso_6.1.4_194/lpcxpresso/tools/bin/../lib/gcc/arm-none-eabi/4.6.2/../../../../arm-none-eabi/lib/armv7-m\libc.a(lib_a-memcpy.o)
                0x00007160                memcpy
 .text.__malloc_lock
                0x000071e4        0x4 c:/nxp/lpcxpresso_6.1.4_194/lpcxpresso/tools/bin/../lib/gcc/arm-none-eabi/4.6.2/../../../../arm-none-eabi/lib/armv7-m\libc.a(lib_a-mlock.o)
                0x000071e4                __malloc_lock
 .text.__malloc_unlock
                0x000071e8        0x4 c:/nxp/lpcxpresso_6.1.4_194/lpcxpresso/tools/bin/../lib/gcc/arm-none-eabi/4.6.2/../../../../arm-none-eabi/lib/armv7-m\libc.a(lib_a-mlock.o)
                0x000071e8                __malloc_unlock
 .text._Balloc  0x000071ec       0x4c c:/nxp/lpcxpresso_6.1.4_194/lpcxpresso/tools/bin/../lib/gcc/arm-none-eabi/4.6.2/../../../../arm-none-eabi/lib/armv7-m\libc.a(lib_a-mprec.o)
                0x000071ec                _Balloc
 .text._Bfree   0x00007238       0x14 c:/nxp/lpcxpresso_6.1.4_194/lpcxpresso/tools/bin/../lib/gcc/arm-none-eabi/4.6.2/../../../../arm-none-eabi/lib/armv7-m\libc.a(lib_a-mprec.o)
                0x00007238                _Bfree
 .text.__multadd
                0x0000724c       0x84 c:/nxp/lpcxpresso_6.1.4_194/lpcxpresso/tools/bin/../lib/gcc/arm-none-eabi/4.6.2/../../../../arm-none-eabi/lib/armv7-m\libc.a(lib_a-mprec.o)
                0x0000724c                __multadd
 .text.__hi0bits
                0x000072d0       0x3c c:/nxp/lpcxpresso_6.1.4_194/lpcxpresso/tools/bin/../lib/gcc/arm-none-eabi/4.6.2/../../../../arm-none-eabi/lib/armv7-m\libc.a(lib_a-mprec.o)
                0x000072d0                __hi0bits
 .text.__lo0bits
                0x0000730c       0x5c c:/nxp/lpcxpresso_6.1.4_194/lpcxpresso/tools/bin/../lib/gcc/arm-none-eabi/4.6.2/../../../../arm-none-eabi/lib/armv7-m\libc.a(lib_a-mprec.o)
                0x0000730c                __lo0bits
 .text.__i2b    0x00007368       0x14 c:/nxp/lpcxpresso_6.1.4_194/lpcxpresso/tools/bin/../lib/gcc/arm-none-eabi/4.6.2/../../../../arm-none-eabi/lib/armv7-m\libc.a(lib_a-mprec.o)
                0x00007368                __i2b
 .text.__multiply
                0x0000737c      0x144 c:/nxp/lpcxpresso_6.1.4_194/lpcxpresso/tools/bin/../lib/gcc/arm-none-eabi/4.6.2/../../../../arm-none-eabi/lib/armv7-m\libc.a(lib_a-mprec.o)
                0x0000737c                __multiply
 .text.__pow5mult
                0x000074c0       0x98 c:/nxp/lpcxpresso_6.1.4_194/lpcxpresso/tools/bin/../lib/gcc/arm-none-eabi/4.6.2/../../../../arm-none-eabi/lib/armv7-m\libc.a(lib_a-mprec.o)
                0x000074c0                __pow5mult
 .text.__lshift
                0x00007558       0xc0 c:/nxp/lpcxpresso_6.1.4_194/lpcxpresso/tools/bin/../lib/gcc/arm-none-eabi/4.6.2/../../../../arm-none-eabi/lib/armv7-m\libc.a(lib_a-mprec.o)
                0x00007558                __lshift
 .text.__mcmp   0x00007618       0x3c c:/nxp/lpcxpresso_6.1.4_194/lpcxpresso/tools/bin/../lib/gcc/arm-none-eabi/4.6.2/../../../../arm-none-eabi/lib/armv7-m\libc.a(lib_a-mprec.o)
                0x00007618                __mcmp
 .text.__mdiff  0x00007654       0xd8 c:/nxp/lpcxpresso_6.1.4_194/lpcxpresso/tools/bin/../lib/gcc/arm-none-eabi/4.6.2/../../../../arm-none-eabi/lib/armv7-m\libc.a(lib_a-mprec.o)
                0x00007654                __mdiff
 .text.__d2b    0x0000772c       0xcc c:/nxp/lpcxpresso_6.1.4_194/lpcxpresso/tools/bin/../lib/gcc/arm-none-eabi/4.6.2/../../../../arm-none-eabi/lib/armv7-m\libc.a(lib_a-mprec.o)
                0x0000772c                __d2b
 .text.__fpclassifyd
                0x000077f8       0x68 c:/nxp/lpcxpresso_6.1.4_194/lpcxpresso/tools/bin/../lib/gcc/arm-none-eabi/4.6.2/../../../../arm-none-eabi/lib/armv7-m\libc.a(lib_a-s_fpclassify.o)
                0x000077f8                __fpclassifyd
 .text._sbrk_r  0x00007860       0x24 c:/nxp/lpcxpresso_6.1.4_194/lpcxpresso/tools/bin/../lib/gcc/arm-none-eabi/4.6.2/../../../../arm-none-eabi/lib/armv7-m\libc.a(lib_a-sbrkr.o)
                0x00007860                _sbrk_r
 .text.strlen   0x00007884       0x60 c:/nxp/lpcxpresso_6.1.4_194/lpcxpresso/tools/bin/../lib/gcc/arm-none-eabi/4.6.2/../../../../arm-none-eabi/lib/armv7-m\libc.a(lib_a-strlen.o)
                0x00007884                strlen
 .text.__ssprint_r
                0x000078e4       0xf8 c:/nxp/lpcxpresso_6.1.4_194/lpcxpresso/tools/bin/../lib/gcc/arm-none-eabi/4.6.2/../../../../arm-none-eabi/lib/armv7-m\libc.a(lib_a-svfiprintf.o)
                0x000078e4                __ssprint_r
 .text._calloc_r
                0x000079dc       0x60 c:/nxp/lpcxpresso_6.1.4_194/lpcxpresso/tools/bin/../lib/gcc/arm-none-eabi/4.6.2/../../../../arm-none-eabi/lib/armv7-m\libc.a(lib_a-callocr.o)
                0x000079dc                _calloc_r
 .text._malloc_trim_r
                0x00007a3c       0xa0 c:/nxp/lpcxpresso_6.1.4_194/lpcxpresso/tools/bin/../lib/gcc/arm-none-eabi/4.6.2/../../../../arm-none-eabi/lib/armv7-m\libc.a(lib_a-freer.o)
                0x00007a3c                _malloc_trim_r
 .text._free_r  0x00007adc      0x190 c:/nxp/lpcxpresso_6.1.4_194/lpcxpresso/tools/bin/../lib/gcc/arm-none-eabi/4.6.2/../../../../arm-none-eabi/lib/armv7-m\libc.a(lib_a-freer.o)
                0x00007adc                _free_r
 .text.memmove  0x00007c6c       0xb0 c:/nxp/lpcxpresso_6.1.4_194/lpcxpresso/tools/bin/../lib/gcc/arm-none-eabi/4.6.2/../../../../arm-none-eabi/lib/armv7-m\libc.a(lib_a-memmove.o)
                0x00007c6c                memmove
 .text._realloc_r
                0x00007d1c      0x3f4 c:/nxp/lpcxpresso_6.1.4_194/lpcxpresso/tools/bin/../lib/gcc/arm-none-eabi/4.6.2/../../../../arm-none-eabi/lib/armv7-m\libc.a(lib_a-reallocr.o)
                0x00007d1c                _realloc_r
 .text._sbrk    0x00008110       0x3c c:/nxp/lpcxpresso_6.1.4_194/lpcxpresso/tools/bin/../lib/gcc/arm-none-eabi/4.6.2/../../../../arm-none-eabi/lib/armv7-m\libcr_newlib_semihost.a(_cr_sbrk.o)
                0x00008110                _sbrk
 .text.__check_heap_overflow
                0x0000814c       0x2c c:/nxp/lpcxpresso_6.1.4_194/lpcxpresso/tools/bin/../lib/gcc/arm-none-eabi/4.6.2/../../../../arm-none-eabi/lib/armv7-m\libcr_newlib_semihost.a(_cr_check_heap.o)
                0x0000814c                __check_heap_overflow
 .text          0x00008178      0x110 c:/nxp/lpcxpresso_6.1.4_194/lpcxpresso/tools/bin/../lib/gcc/arm-none-eabi/4.6.2/armv7-m\libgcc.a(_arm_cmpdf2.o)
                0x00008178                __gtdf2
                0x00008178                __gedf2
                0x00008180                __ltdf2
                0x00008180                __ledf2
                0x00008188                __nedf2
                0x00008188                __eqdf2
                0x00008188                __cmpdf2
                0x00008204                __aeabi_cdrcmple
                0x00008214                __aeabi_cdcmpeq
                0x00008214                __aeabi_cdcmple
                0x00008224                __aeabi_dcmpeq
                0x00008238                __aeabi_dcmplt
                0x0000824c                __aeabi_dcmple
                0x00008260                __aeabi_dcmpge
                0x00008274                __aeabi_dcmpgt
 .text          0x00008288       0x50 c:/nxp/lpcxpresso_6.1.4_194/lpcxpresso/tools/bin/../lib/gcc/arm-none-eabi/4.6.2/armv7-m\libgcc.a(_arm_fixdfsi.o)
                0x00008288                __aeabi_d2iz
                0x00008288                __fixdfsi
 .text.__errno  0x000082d8        0xc c:/nxp/lpcxpresso_6.1.4_194/lpcxpresso/tools/bin/../lib/gcc/arm-none-eabi/4.6.2/../../../../arm-none-eabi/lib/armv7-m\libc.a(lib_a-errno.o)
                0x000082d8                __errno
 *(.rodata .rodata.* .constdata .constdata.*)
 .rodata        0x000082e4       0x44 ./src/main.o
                0x000082e4                displayValues
 .rodata        0x00008328        0x8 C:\Users\Daryl\Desktop\ee2024Assignment2\Lib_EaBaseBoard\Debug\libLib_EaBaseBoard.a(oled.o)
 .rodata        0x00008330      0x300 C:\Users\Daryl\Desktop\ee2024Assignment2\Lib_EaBaseBoard\Debug\libLib_EaBaseBoard.a(font5x7.o)
                0x00008330                font5x7
 .rodata        0x00008630       0x18 C:\Users\Daryl\Desktop\ee2024Assignment2\Lib_MCU\Debug\libLib_MCU.a(lpc17xx_i2c.o)
 .rodata        0x00008648       0x18 C:\Users\Daryl\Desktop\ee2024Assignment2\Lib_MCU\Debug\libLib_MCU.a(lpc17xx_ssp.o)
 .rodata.zeroes.6590
                0x00008660       0x10 c:/nxp/lpcxpresso_6.1.4_194/lpcxpresso/tools/bin/../lib/gcc/arm-none-eabi/4.6.2/../../../../arm-none-eabi/lib/armv7-m\libc.a(lib_a-svfprintf.o)
 .rodata.str1.4
                0x00008670       0x42 c:/nxp/lpcxpresso_6.1.4_194/lpcxpresso/tools/bin/../lib/gcc/arm-none-eabi/4.6.2/../../../../arm-none-eabi/lib/armv7-m\libc.a(lib_a-svfprintf.o)
                                 0x44 (size before relaxing)
 *fill*         0x000086b2        0x2 00
 .rodata.blanks.6589
                0x000086b4       0x10 c:/nxp/lpcxpresso_6.1.4_194/lpcxpresso/tools/bin/../lib/gcc/arm-none-eabi/4.6.2/../../../../arm-none-eabi/lib/armv7-m\libc.a(lib_a-svfprintf.o)
 .rodata.str1.4
                0x000086c4       0x10 c:/nxp/lpcxpresso_6.1.4_194/lpcxpresso/tools/bin/../lib/gcc/arm-none-eabi/4.6.2/../../../../arm-none-eabi/lib/armv7-m\libc.a(lib_a-dtoa.o)
                                 0x14 (size before relaxing)
 .rodata.str1.4
                0x000086d4        0x2 c:/nxp/lpcxpresso_6.1.4_194/lpcxpresso/tools/bin/../lib/gcc/arm-none-eabi/4.6.2/../../../../arm-none-eabi/lib/armv7-m\libc.a(lib_a-impure.o)
                                  0x4 (size before relaxing)
 *fill*         0x000086d6        0x2 00
 .rodata.str1.4
                0x000086d8        0xc c:/nxp/lpcxpresso_6.1.4_194/lpcxpresso/tools/bin/../lib/gcc/arm-none-eabi/4.6.2/../../../../arm-none-eabi/lib/armv7-m\libc.a(lib_a-locale.o)
                                 0x14 (size before relaxing)
 *fill*         0x000086e4        0x4 00
 .rodata.__mprec_tens
                0x000086e8       0xc8 c:/nxp/lpcxpresso_6.1.4_194/lpcxpresso/tools/bin/../lib/gcc/arm-none-eabi/4.6.2/../../../../arm-none-eabi/lib/armv7-m\libc.a(lib_a-mprec.o)
                0x000086e8                __mprec_tens
 .rodata.__mprec_bigtens
                0x000087b0       0x28 c:/nxp/lpcxpresso_6.1.4_194/lpcxpresso/tools/bin/../lib/gcc/arm-none-eabi/4.6.2/../../../../arm-none-eabi/lib/armv7-m\libc.a(lib_a-mprec.o)
                0x000087b0                __mprec_bigtens
 .rodata.p05.5111
                0x000087d8        0xc c:/nxp/lpcxpresso_6.1.4_194/lpcxpresso/tools/bin/../lib/gcc/arm-none-eabi/4.6.2/../../../../arm-none-eabi/lib/armv7-m\libc.a(lib_a-mprec.o)
                0x000087e4                . = ALIGN (0x4)

.glue_7         0x000087e4        0x0
 .glue_7        0x00000000        0x0 linker stubs

.glue_7t        0x000087e4        0x0
 .glue_7t       0x00000000        0x0 linker stubs

.vfp11_veneer   0x000087e4        0x0
 .vfp11_veneer  0x00000000        0x0 linker stubs

.v4_bx          0x000087e4        0x0
 .v4_bx         0x00000000        0x0 linker stubs

.ARM.extab
 *(.ARM.extab* .gnu.linkonce.armextab.*)
                0x000087e4                __exidx_start = .

.ARM.exidx      0x000087e4        0x8
 *(.ARM.exidx* .gnu.linkonce.armexidx.*)
 .ARM.exidx     0x000087e4        0x8 c:/nxp/lpcxpresso_6.1.4_194/lpcxpresso/tools/bin/../lib/gcc/arm-none-eabi/4.6.2/armv7-m\libgcc.a(_divdi3.o)
 .ARM.exidx     0x000087ec        0x0 c:/nxp/lpcxpresso_6.1.4_194/lpcxpresso/tools/bin/../lib/gcc/arm-none-eabi/4.6.2/armv7-m\libgcc.a(_udivdi3.o)
                                  0x8 (size before relaxing)
                0x000087ec                __exidx_end = .
                0x000087ec                _etext = .

.data_RAM2      0x2007c000        0x0 load address 0x000087ec
 FILL mask 0xff
 *(.data.$RAM2*)
 *(.data.$RamAHB32*)
                0x2007c000                . = ALIGN (0x4)

.uninit_RESERVED
                0x10000000        0x0
 *(.bss.$RESERVED*)
                0x10000000                . = ALIGN (0x4)
                0x10000000                _end_uninit_RESERVED = .

.data           0x10000000      0x8d4 load address 0x000087ec
 FILL mask 0xff
                0x10000000                _data = .
 *(vtable)
 *(.data*)
 .data          0x10000000        0x3 ./src/main.o
 *fill*         0x10000003        0x1 00
 .data          0x10000004        0x4 C:\Users\Daryl\Desktop\ee2024Assignment2\Lib_CMSISv1p30_LPC17xx\Debug\libCMSISv1p30_LPC17xx.a(system_LPC17xx.o)
                0x10000004                SystemCoreClock
 .data          0x10000008       0x50 C:\Users\Daryl\Desktop\ee2024Assignment2\Lib_EaBaseBoard\Debug\libLib_EaBaseBoard.a(led7seg.o)
 .data          0x10000058        0x8 C:\Users\Daryl\Desktop\ee2024Assignment2\Lib_EaBaseBoard\Debug\libLib_EaBaseBoard.a(light.o)
 .data.impure_data
                0x10000060      0x428 c:/nxp/lpcxpresso_6.1.4_194/lpcxpresso/tools/bin/../lib/gcc/arm-none-eabi/4.6.2/../../../../arm-none-eabi/lib/armv7-m\libc.a(lib_a-impure.o)
 .data._impure_ptr
                0x10000488        0x4 c:/nxp/lpcxpresso_6.1.4_194/lpcxpresso/tools/bin/../lib/gcc/arm-none-eabi/4.6.2/../../../../arm-none-eabi/lib/armv7-m\libc.a(lib_a-impure.o)
                0x10000488                _impure_ptr
 .data.lconv    0x1000048c       0x38 c:/nxp/lpcxpresso_6.1.4_194/lpcxpresso/tools/bin/../lib/gcc/arm-none-eabi/4.6.2/../../../../arm-none-eabi/lib/armv7-m\libc.a(lib_a-locale.o)
 .data.__malloc_av_
                0x100004c4      0x408 c:/nxp/lpcxpresso_6.1.4_194/lpcxpresso/tools/bin/../lib/gcc/arm-none-eabi/4.6.2/../../../../arm-none-eabi/lib/armv7-m\libc.a(lib_a-mallocr.o)
                0x100004c4                __malloc_av_
 .data.__malloc_trim_threshold
                0x100008cc        0x4 c:/nxp/lpcxpresso_6.1.4_194/lpcxpresso/tools/bin/../lib/gcc/arm-none-eabi/4.6.2/../../../../arm-none-eabi/lib/armv7-m\libc.a(lib_a-mallocr.o)
                0x100008cc                __malloc_trim_threshold
 .data.__malloc_sbrk_base
                0x100008d0        0x4 c:/nxp/lpcxpresso_6.1.4_194/lpcxpresso/tools/bin/../lib/gcc/arm-none-eabi/4.6.2/../../../../arm-none-eabi/lib/armv7-m\libc.a(lib_a-mallocr.o)
                0x100008d0                __malloc_sbrk_base
                0x100008d4                . = ALIGN (0x4)
                0x100008d4                _edata = .

.bss_RAM2       0x2007c000        0x0
 *(.bss.$RAM2*)
 *(.bss.$RamAHB32*)
                0x2007c000                . = ALIGN (0x4)

.bss            0x100008d4      0x3ec
                0x100008d4                _bss = .
 *(.bss*)
 .bss           0x100008d4       0x18 ./src/main.o
                0x100008d4                msTicks
                0x100008d8                light
                0x100008dc                temperature
                0x100008e0                x
                0x100008e1                y
                0x100008e2                z
 .bss           0x100008ec      0x300 C:\Users\Daryl\Desktop\ee2024Assignment2\Lib_EaBaseBoard\Debug\libLib_EaBaseBoard.a(oled.o)
 .bss           0x10000bec        0x6 C:\Users\Daryl\Desktop\ee2024Assignment2\Lib_EaBaseBoard\Debug\libLib_EaBaseBoard.a(pca9532.o)
 *fill*         0x10000bf2        0x2 00
 .bss           0x10000bf4        0x4 C:\Users\Daryl\Desktop\ee2024Assignment2\Lib_EaBaseBoard\Debug\libLib_EaBaseBoard.a(temp.o)
 .bss           0x10000bf8       0x24 C:\Users\Daryl\Desktop\ee2024Assignment2\Lib_MCU\Debug\libLib_MCU.a(lpc17xx_i2c.o)
 .bss           0x10000c1c       0x18 C:\Users\Daryl\Desktop\ee2024Assignment2\Lib_MCU\Debug\libLib_MCU.a(lpc17xx_ssp.o)
 .bss.__malloc_max_total_mem
                0x10000c34        0x4 c:/nxp/lpcxpresso_6.1.4_194/lpcxpresso/tools/bin/../lib/gcc/arm-none-eabi/4.6.2/../../../../arm-none-eabi/lib/armv7-m\libc.a(lib_a-mallocr.o)
                0x10000c34                __malloc_max_total_mem
 .bss.__malloc_max_sbrked_mem
                0x10000c38        0x4 c:/nxp/lpcxpresso_6.1.4_194/lpcxpresso/tools/bin/../lib/gcc/arm-none-eabi/4.6.2/../../../../arm-none-eabi/lib/armv7-m\libc.a(lib_a-mallocr.o)
                0x10000c38                __malloc_max_sbrked_mem
 .bss.__malloc_top_pad
                0x10000c3c        0x4 c:/nxp/lpcxpresso_6.1.4_194/lpcxpresso/tools/bin/../lib/gcc/arm-none-eabi/4.6.2/../../../../arm-none-eabi/lib/armv7-m\libc.a(lib_a-mallocr.o)
                0x10000c3c                __malloc_top_pad
 .bss.__malloc_current_mallinfo
                0x10000c40       0x28 c:/nxp/lpcxpresso_6.1.4_194/lpcxpresso/tools/bin/../lib/gcc/arm-none-eabi/4.6.2/../../../../arm-none-eabi/lib/armv7-m\libc.a(lib_a-mallocr.o)
                0x10000c40                __malloc_current_mallinfo
 *(COMMON)
 COMMON         0x10000c68       0x4f ./src/main.o
                0x10000c68                OLED_TEMPERATURE
                0x10000c78                OLED_Z
                0x10000c88                OLED_Y
                0x10000c98                OLED_X
                0x10000ca8                OLED_LIGHT
 *fill*         0x10000cb7        0x1 00
 COMMON         0x10000cb8        0x4 c:/nxp/lpcxpresso_6.1.4_194/lpcxpresso/tools/bin/../lib/gcc/arm-none-eabi/4.6.2/../../../../arm-none-eabi/lib/armv7-m\libc.a(lib_a-reent.o)
                0x10000cb8                errno
 COMMON         0x10000cbc        0x4 c:/nxp/lpcxpresso_6.1.4_194/lpcxpresso/tools/bin/../lib/gcc/arm-none-eabi/4.6.2/../../../../arm-none-eabi/lib/armv7-m\libcr_newlib_semihost.a(_cr_sbrk.o)
                0x10000cbc                __end_of_heap
                0x10000cc0                . = ALIGN (0x4)
                0x10000cc0                _ebss = .
                0x10000cc0                PROVIDE (end, .)

.noinit_RAM2    0x2007c000        0x0
 *(.noinit.$RAM2*)
 *(.noinit.$RamAHB32*)
                0x2007c000                . = ALIGN (0x4)

.noinit         0x10000cc0        0x0
                0x10000cc0                _noinit = .
 *(.noinit*)
                0x10000cc0                . = ALIGN (0x4)
                0x10000cc0                _end_noinit = .
                0x10000cc0                PROVIDE (_pvHeapStart, .)
                0x10008000                PROVIDE (_vStackTop, (__top_RamLoc32 - 0x0))
OUTPUT(Assignment2.axf elf32-littlearm)

.debug_info     0x00000000     0x62e5
 .debug_info    0x00000000      0x209 ./src/cr_startup_lpc17.o
 .debug_info    0x00000209      0xd8c ./src/main.o
 .debug_info    0x00000f95      0x357 C:\Users\Daryl\Desktop\ee2024Assignment2\Lib_CMSISv1p30_LPC17xx\Debug\libCMSISv1p30_LPC17xx.a(system_LPC17xx.o)
 .debug_info    0x000012ec      0x53d C:\Users\Daryl\Desktop\ee2024Assignment2\Lib_EaBaseBoard\Debug\libLib_EaBaseBoard.a(acc.o)
 .debug_info    0x00001829      0x10f C:\Users\Daryl\Desktop\ee2024Assignment2\Lib_EaBaseBoard\Debug\libLib_EaBaseBoard.a(joystick.o)
 .debug_info    0x00001938      0x282 C:\Users\Daryl\Desktop\ee2024Assignment2\Lib_EaBaseBoard\Debug\libLib_EaBaseBoard.a(led7seg.o)
 .debug_info    0x00001bba      0x763 C:\Users\Daryl\Desktop\ee2024Assignment2\Lib_EaBaseBoard\Debug\libLib_EaBaseBoard.a(light.o)
 .debug_info    0x0000231d      0x97d C:\Users\Daryl\Desktop\ee2024Assignment2\Lib_EaBaseBoard\Debug\libLib_EaBaseBoard.a(oled.o)
 .debug_info    0x00002c9a      0x642 C:\Users\Daryl\Desktop\ee2024Assignment2\Lib_EaBaseBoard\Debug\libLib_EaBaseBoard.a(pca9532.o)
 .debug_info    0x000032dc       0xe4 C:\Users\Daryl\Desktop\ee2024Assignment2\Lib_EaBaseBoard\Debug\libLib_EaBaseBoard.a(rgb.o)
 .debug_info    0x000033c0      0x154 C:\Users\Daryl\Desktop\ee2024Assignment2\Lib_EaBaseBoard\Debug\libLib_EaBaseBoard.a(temp.o)
 .debug_info    0x00003514       0x65 C:\Users\Daryl\Desktop\ee2024Assignment2\Lib_EaBaseBoard\Debug\libLib_EaBaseBoard.a(font5x7.o)
 .debug_info    0x00003579      0xb95 C:\Users\Daryl\Desktop\ee2024Assignment2\Lib_MCU\Debug\libLib_MCU.a(lpc17xx_gpio.o)
 .debug_info    0x0000410e      0xcc3 C:\Users\Daryl\Desktop\ee2024Assignment2\Lib_MCU\Debug\libLib_MCU.a(lpc17xx_i2c.o)
 .debug_info    0x00004dd1      0x4b1 C:\Users\Daryl\Desktop\ee2024Assignment2\Lib_MCU\Debug\libLib_MCU.a(lpc17xx_pinsel.o)
 .debug_info    0x00005282      0x867 C:\Users\Daryl\Desktop\ee2024Assignment2\Lib_MCU\Debug\libLib_MCU.a(lpc17xx_ssp.o)
 .debug_info    0x00005ae9      0x641 C:\Users\Daryl\Desktop\ee2024Assignment2\Lib_MCU\Debug\libLib_MCU.a(lpc17xx_clkpwr.o)
 .debug_info    0x0000612a      0x106 c:/nxp/lpcxpresso_6.1.4_194/lpcxpresso/tools/bin/../lib/gcc/arm-none-eabi/4.6.2/../../../../arm-none-eabi/lib/armv7-m\libcr_newlib_semihost.a(_cr_sbrk.o)
 .debug_info    0x00006230       0xb5 c:/nxp/lpcxpresso_6.1.4_194/lpcxpresso/tools/bin/../lib/gcc/arm-none-eabi/4.6.2/../../../../arm-none-eabi/lib/armv7-m\libcr_newlib_semihost.a(_cr_check_heap.o)

.debug_abbrev   0x00000000     0x176a
 .debug_abbrev  0x00000000       0xb4 ./src/cr_startup_lpc17.o
 .debug_abbrev  0x000000b4      0x27a ./src/main.o
 .debug_abbrev  0x0000032e       0xce C:\Users\Daryl\Desktop\ee2024Assignment2\Lib_CMSISv1p30_LPC17xx\Debug\libCMSISv1p30_LPC17xx.a(system_LPC17xx.o)
 .debug_abbrev  0x000003fc      0x15c C:\Users\Daryl\Desktop\ee2024Assignment2\Lib_EaBaseBoard\Debug\libLib_EaBaseBoard.a(acc.o)
 .debug_abbrev  0x00000558       0x90 C:\Users\Daryl\Desktop\ee2024Assignment2\Lib_EaBaseBoard\Debug\libLib_EaBaseBoard.a(joystick.o)
 .debug_abbrev  0x000005e8      0x155 C:\Users\Daryl\Desktop\ee2024Assignment2\Lib_EaBaseBoard\Debug\libLib_EaBaseBoard.a(led7seg.o)
 .debug_abbrev  0x0000073d      0x1bd C:\Users\Daryl\Desktop\ee2024Assignment2\Lib_EaBaseBoard\Debug\libLib_EaBaseBoard.a(light.o)
 .debug_abbrev  0x000008fa      0x1f1 C:\Users\Daryl\Desktop\ee2024Assignment2\Lib_EaBaseBoard\Debug\libLib_EaBaseBoard.a(oled.o)
 .debug_abbrev  0x00000aeb      0x1aa C:\Users\Daryl\Desktop\ee2024Assignment2\Lib_EaBaseBoard\Debug\libLib_EaBaseBoard.a(pca9532.o)
 .debug_abbrev  0x00000c95       0x8e C:\Users\Daryl\Desktop\ee2024Assignment2\Lib_EaBaseBoard\Debug\libLib_EaBaseBoard.a(rgb.o)
 .debug_abbrev  0x00000d23       0xc2 C:\Users\Daryl\Desktop\ee2024Assignment2\Lib_EaBaseBoard\Debug\libLib_EaBaseBoard.a(temp.o)
 .debug_abbrev  0x00000de5       0x4b C:\Users\Daryl\Desktop\ee2024Assignment2\Lib_EaBaseBoard\Debug\libLib_EaBaseBoard.a(font5x7.o)
 .debug_abbrev  0x00000e30      0x185 C:\Users\Daryl\Desktop\ee2024Assignment2\Lib_MCU\Debug\libLib_MCU.a(lpc17xx_gpio.o)
 .debug_abbrev  0x00000fb5      0x24a C:\Users\Daryl\Desktop\ee2024Assignment2\Lib_MCU\Debug\libLib_MCU.a(lpc17xx_i2c.o)
 .debug_abbrev  0x000011ff      0x10a C:\Users\Daryl\Desktop\ee2024Assignment2\Lib_MCU\Debug\libLib_MCU.a(lpc17xx_pinsel.o)
 .debug_abbrev  0x00001309      0x1d3 C:\Users\Daryl\Desktop\ee2024Assignment2\Lib_MCU\Debug\libLib_MCU.a(lpc17xx_ssp.o)
 .debug_abbrev  0x000014dc      0x174 C:\Users\Daryl\Desktop\ee2024Assignment2\Lib_MCU\Debug\libLib_MCU.a(lpc17xx_clkpwr.o)
 .debug_abbrev  0x00001650       0xa8 c:/nxp/lpcxpresso_6.1.4_194/lpcxpresso/tools/bin/../lib/gcc/arm-none-eabi/4.6.2/../../../../arm-none-eabi/lib/armv7-m\libcr_newlib_semihost.a(_cr_sbrk.o)
 .debug_abbrev  0x000016f8       0x72 c:/nxp/lpcxpresso_6.1.4_194/lpcxpresso/tools/bin/../lib/gcc/arm-none-eabi/4.6.2/../../../../arm-none-eabi/lib/armv7-m\libcr_newlib_semihost.a(_cr_check_heap.o)

.debug_loc      0x00000000     0x2448
 .debug_loc     0x00000000      0x1f0 ./src/cr_startup_lpc17.o
 .debug_loc     0x000001f0      0x368 ./src/main.o
 .debug_loc     0x00000558       0x58 C:\Users\Daryl\Desktop\ee2024Assignment2\Lib_CMSISv1p30_LPC17xx\Debug\libCMSISv1p30_LPC17xx.a(system_LPC17xx.o)
 .debug_loc     0x000005b0      0x1f0 C:\Users\Daryl\Desktop\ee2024Assignment2\Lib_EaBaseBoard\Debug\libLib_EaBaseBoard.a(acc.o)
 .debug_loc     0x000007a0       0x64 C:\Users\Daryl\Desktop\ee2024Assignment2\Lib_EaBaseBoard\Debug\libLib_EaBaseBoard.a(joystick.o)
 .debug_loc     0x00000804       0x64 C:\Users\Daryl\Desktop\ee2024Assignment2\Lib_EaBaseBoard\Debug\libLib_EaBaseBoard.a(led7seg.o)
 .debug_loc     0x00000868      0x378 C:\Users\Daryl\Desktop\ee2024Assignment2\Lib_EaBaseBoard\Debug\libLib_EaBaseBoard.a(light.o)
 .debug_loc     0x00000be0      0x33e C:\Users\Daryl\Desktop\ee2024Assignment2\Lib_EaBaseBoard\Debug\libLib_EaBaseBoard.a(oled.o)
 .debug_loc     0x00000f1e      0x2d0 C:\Users\Daryl\Desktop\ee2024Assignment2\Lib_EaBaseBoard\Debug\libLib_EaBaseBoard.a(pca9532.o)
 .debug_loc     0x000011ee       0x64 C:\Users\Daryl\Desktop\ee2024Assignment2\Lib_EaBaseBoard\Debug\libLib_EaBaseBoard.a(rgb.o)
 .debug_loc     0x00001252       0x70 C:\Users\Daryl\Desktop\ee2024Assignment2\Lib_EaBaseBoard\Debug\libLib_EaBaseBoard.a(temp.o)
 .debug_loc     0x000012c2      0x4d0 C:\Users\Daryl\Desktop\ee2024Assignment2\Lib_MCU\Debug\libLib_MCU.a(lpc17xx_gpio.o)
 .debug_loc     0x00001792      0x4e4 C:\Users\Daryl\Desktop\ee2024Assignment2\Lib_MCU\Debug\libLib_MCU.a(lpc17xx_i2c.o)
 .debug_loc     0x00001c76      0x150 C:\Users\Daryl\Desktop\ee2024Assignment2\Lib_MCU\Debug\libLib_MCU.a(lpc17xx_pinsel.o)
 .debug_loc     0x00001dc6      0x448 C:\Users\Daryl\Desktop\ee2024Assignment2\Lib_MCU\Debug\libLib_MCU.a(lpc17xx_ssp.o)
 .debug_loc     0x0000220e      0x1bc C:\Users\Daryl\Desktop\ee2024Assignment2\Lib_MCU\Debug\libLib_MCU.a(lpc17xx_clkpwr.o)
 .debug_loc     0x000023ca       0x55 c:/nxp/lpcxpresso_6.1.4_194/lpcxpresso/tools/bin/../lib/gcc/arm-none-eabi/4.6.2/../../../../arm-none-eabi/lib/armv7-m\libcr_newlib_semihost.a(_cr_sbrk.o)
 .debug_loc     0x0000241f       0x29 c:/nxp/lpcxpresso_6.1.4_194/lpcxpresso/tools/bin/../lib/gcc/arm-none-eabi/4.6.2/../../../../arm-none-eabi/lib/armv7-m\libcr_newlib_semihost.a(_cr_check_heap.o)

.debug_aranges  0x00000000      0x710
 .debug_aranges
                0x00000000       0x70 ./src/cr_startup_lpc17.o
 .debug_aranges
                0x00000070       0x98 ./src/main.o
 .debug_aranges
                0x00000108       0x28 C:\Users\Daryl\Desktop\ee2024Assignment2\Lib_CMSISv1p30_LPC17xx\Debug\libCMSISv1p30_LPC17xx.a(system_LPC17xx.o)
 .debug_aranges
                0x00000130       0x60 C:\Users\Daryl\Desktop\ee2024Assignment2\Lib_EaBaseBoard\Debug\libLib_EaBaseBoard.a(acc.o)
 .debug_aranges
                0x00000190       0x28 C:\Users\Daryl\Desktop\ee2024Assignment2\Lib_EaBaseBoard\Debug\libLib_EaBaseBoard.a(joystick.o)
 .debug_aranges
                0x000001b8       0x28 C:\Users\Daryl\Desktop\ee2024Assignment2\Lib_EaBaseBoard\Debug\libLib_EaBaseBoard.a(led7seg.o)
 .debug_aranges
                0x000001e0       0x98 C:\Users\Daryl\Desktop\ee2024Assignment2\Lib_EaBaseBoard\Debug\libLib_EaBaseBoard.a(light.o)
 .debug_aranges
                0x00000278       0x90 C:\Users\Daryl\Desktop\ee2024Assignment2\Lib_EaBaseBoard\Debug\libLib_EaBaseBoard.a(oled.o)
 .debug_aranges
                0x00000308       0x80 C:\Users\Daryl\Desktop\ee2024Assignment2\Lib_EaBaseBoard\Debug\libLib_EaBaseBoard.a(pca9532.o)
 .debug_aranges
                0x00000388       0x28 C:\Users\Daryl\Desktop\ee2024Assignment2\Lib_EaBaseBoard\Debug\libLib_EaBaseBoard.a(rgb.o)
 .debug_aranges
                0x000003b0       0x28 C:\Users\Daryl\Desktop\ee2024Assignment2\Lib_EaBaseBoard\Debug\libLib_EaBaseBoard.a(temp.o)
 .debug_aranges
                0x000003d8       0xc8 C:\Users\Daryl\Desktop\ee2024Assignment2\Lib_MCU\Debug\libLib_MCU.a(lpc17xx_gpio.o)
 .debug_aranges
                0x000004a0       0xd0 C:\Users\Daryl\Desktop\ee2024Assignment2\Lib_MCU\Debug\libLib_MCU.a(lpc17xx_i2c.o)
 .debug_aranges
                0x00000570       0x48 C:\Users\Daryl\Desktop\ee2024Assignment2\Lib_MCU\Debug\libLib_MCU.a(lpc17xx_pinsel.o)
 .debug_aranges
                0x000005b8       0xb8 C:\Users\Daryl\Desktop\ee2024Assignment2\Lib_MCU\Debug\libLib_MCU.a(lpc17xx_ssp.o)
 .debug_aranges
                0x00000670       0x60 C:\Users\Daryl\Desktop\ee2024Assignment2\Lib_MCU\Debug\libLib_MCU.a(lpc17xx_clkpwr.o)
 .debug_aranges
                0x000006d0       0x20 c:/nxp/lpcxpresso_6.1.4_194/lpcxpresso/tools/bin/../lib/gcc/arm-none-eabi/4.6.2/../../../../arm-none-eabi/lib/armv7-m\libcr_newlib_semihost.a(_cr_sbrk.o)
 .debug_aranges
                0x000006f0       0x20 c:/nxp/lpcxpresso_6.1.4_194/lpcxpresso/tools/bin/../lib/gcc/arm-none-eabi/4.6.2/../../../../arm-none-eabi/lib/armv7-m\libcr_newlib_semihost.a(_cr_check_heap.o)

.debug_ranges   0x00000000      0x5f0
 .debug_ranges  0x00000000       0x60 ./src/cr_startup_lpc17.o
 .debug_ranges  0x00000060       0x88 ./src/main.o
 .debug_ranges  0x000000e8       0x18 C:\Users\Daryl\Desktop\ee2024Assignment2\Lib_CMSISv1p30_LPC17xx\Debug\libCMSISv1p30_LPC17xx.a(system_LPC17xx.o)
 .debug_ranges  0x00000100       0x50 C:\Users\Daryl\Desktop\ee2024Assignment2\Lib_EaBaseBoard\Debug\libLib_EaBaseBoard.a(acc.o)
 .debug_ranges  0x00000150       0x18 C:\Users\Daryl\Desktop\ee2024Assignment2\Lib_EaBaseBoard\Debug\libLib_EaBaseBoard.a(joystick.o)
 .debug_ranges  0x00000168       0x18 C:\Users\Daryl\Desktop\ee2024Assignment2\Lib_EaBaseBoard\Debug\libLib_EaBaseBoard.a(led7seg.o)
 .debug_ranges  0x00000180       0x88 C:\Users\Daryl\Desktop\ee2024Assignment2\Lib_EaBaseBoard\Debug\libLib_EaBaseBoard.a(light.o)
 .debug_ranges  0x00000208       0x80 C:\Users\Daryl\Desktop\ee2024Assignment2\Lib_EaBaseBoard\Debug\libLib_EaBaseBoard.a(oled.o)
 .debug_ranges  0x00000288       0x70 C:\Users\Daryl\Desktop\ee2024Assignment2\Lib_EaBaseBoard\Debug\libLib_EaBaseBoard.a(pca9532.o)
 .debug_ranges  0x000002f8       0x18 C:\Users\Daryl\Desktop\ee2024Assignment2\Lib_EaBaseBoard\Debug\libLib_EaBaseBoard.a(rgb.o)
 .debug_ranges  0x00000310       0x18 C:\Users\Daryl\Desktop\ee2024Assignment2\Lib_EaBaseBoard\Debug\libLib_EaBaseBoard.a(temp.o)
 .debug_ranges  0x00000328       0xb8 C:\Users\Daryl\Desktop\ee2024Assignment2\Lib_MCU\Debug\libLib_MCU.a(lpc17xx_gpio.o)
 .debug_ranges  0x000003e0       0xc0 C:\Users\Daryl\Desktop\ee2024Assignment2\Lib_MCU\Debug\libLib_MCU.a(lpc17xx_i2c.o)
 .debug_ranges  0x000004a0       0x38 C:\Users\Daryl\Desktop\ee2024Assignment2\Lib_MCU\Debug\libLib_MCU.a(lpc17xx_pinsel.o)
 .debug_ranges  0x000004d8       0xa8 C:\Users\Daryl\Desktop\ee2024Assignment2\Lib_MCU\Debug\libLib_MCU.a(lpc17xx_ssp.o)
 .debug_ranges  0x00000580       0x50 C:\Users\Daryl\Desktop\ee2024Assignment2\Lib_MCU\Debug\libLib_MCU.a(lpc17xx_clkpwr.o)
 .debug_ranges  0x000005d0       0x10 c:/nxp/lpcxpresso_6.1.4_194/lpcxpresso/tools/bin/../lib/gcc/arm-none-eabi/4.6.2/../../../../arm-none-eabi/lib/armv7-m\libcr_newlib_semihost.a(_cr_sbrk.o)
 .debug_ranges  0x000005e0       0x10 c:/nxp/lpcxpresso_6.1.4_194/lpcxpresso/tools/bin/../lib/gcc/arm-none-eabi/4.6.2/../../../../arm-none-eabi/lib/armv7-m\libcr_newlib_semihost.a(_cr_check_heap.o)

.debug_line     0x00000000     0x5a95
 .debug_line    0x00000000      0x364 ./src/cr_startup_lpc17.o
 .debug_line    0x00000364      0x97b ./src/main.o
 .debug_line    0x00000cdf      0x403 C:\Users\Daryl\Desktop\ee2024Assignment2\Lib_CMSISv1p30_LPC17xx\Debug\libCMSISv1p30_LPC17xx.a(system_LPC17xx.o)
 .debug_line    0x000010e2      0x4d6 C:\Users\Daryl\Desktop\ee2024Assignment2\Lib_EaBaseBoard\Debug\libLib_EaBaseBoard.a(acc.o)
 .debug_line    0x000015b8      0x441 C:\Users\Daryl\Desktop\ee2024Assignment2\Lib_EaBaseBoard\Debug\libLib_EaBaseBoard.a(joystick.o)
 .debug_line    0x000019f9      0x451 C:\Users\Daryl\Desktop\ee2024Assignment2\Lib_EaBaseBoard\Debug\libLib_EaBaseBoard.a(led7seg.o)
 .debug_line    0x00001e4a      0x582 C:\Users\Daryl\Desktop\ee2024Assignment2\Lib_EaBaseBoard\Debug\libLib_EaBaseBoard.a(light.o)
 .debug_line    0x000023cc      0x75b C:\Users\Daryl\Desktop\ee2024Assignment2\Lib_EaBaseBoard\Debug\libLib_EaBaseBoard.a(oled.o)
 .debug_line    0x00002b27      0x56d C:\Users\Daryl\Desktop\ee2024Assignment2\Lib_EaBaseBoard\Debug\libLib_EaBaseBoard.a(pca9532.o)
 .debug_line    0x00003094      0x42a C:\Users\Daryl\Desktop\ee2024Assignment2\Lib_EaBaseBoard\Debug\libLib_EaBaseBoard.a(rgb.o)
 .debug_line    0x000034be      0x44f C:\Users\Daryl\Desktop\ee2024Assignment2\Lib_EaBaseBoard\Debug\libLib_EaBaseBoard.a(temp.o)
 .debug_line    0x0000390d       0x7e C:\Users\Daryl\Desktop\ee2024Assignment2\Lib_EaBaseBoard\Debug\libLib_EaBaseBoard.a(font5x7.o)
 .debug_line    0x0000398b      0x5d6 C:\Users\Daryl\Desktop\ee2024Assignment2\Lib_MCU\Debug\libLib_MCU.a(lpc17xx_gpio.o)
 .debug_line    0x00003f61      0x8f1 C:\Users\Daryl\Desktop\ee2024Assignment2\Lib_MCU\Debug\libLib_MCU.a(lpc17xx_i2c.o)
 .debug_line    0x00004852      0x455 C:\Users\Daryl\Desktop\ee2024Assignment2\Lib_MCU\Debug\libLib_MCU.a(lpc17xx_pinsel.o)
 .debug_line    0x00004ca7      0x824 C:\Users\Daryl\Desktop\ee2024Assignment2\Lib_MCU\Debug\libLib_MCU.a(lpc17xx_ssp.o)
 .debug_line    0x000054cb      0x4b6 C:\Users\Daryl\Desktop\ee2024Assignment2\Lib_MCU\Debug\libLib_MCU.a(lpc17xx_clkpwr.o)
 .debug_line    0x00005981       0xc0 c:/nxp/lpcxpresso_6.1.4_194/lpcxpresso/tools/bin/../lib/gcc/arm-none-eabi/4.6.2/../../../../arm-none-eabi/lib/armv7-m\libcr_newlib_semihost.a(_cr_sbrk.o)
 .debug_line    0x00005a41       0x54 c:/nxp/lpcxpresso_6.1.4_194/lpcxpresso/tools/bin/../lib/gcc/arm-none-eabi/4.6.2/../../../../arm-none-eabi/lib/armv7-m\libcr_newlib_semihost.a(_cr_check_heap.o)

.debug_macinfo  0x00000000    0x916f1
 .debug_macinfo
                0x00000000     0x2c15 ./src/cr_startup_lpc17.o
 .debug_macinfo
                0x00002c15     0xcc3d ./src/main.o
 .debug_macinfo
                0x0000f852     0x83f8 C:\Users\Daryl\Desktop\ee2024Assignment2\Lib_CMSISv1p30_LPC17xx\Debug\libCMSISv1p30_LPC17xx.a(system_LPC17xx.o)
 .debug_macinfo
                0x00017c4a     0x8f1b C:\Users\Daryl\Desktop\ee2024Assignment2\Lib_EaBaseBoard\Debug\libLib_EaBaseBoard.a(acc.o)
 .debug_macinfo
                0x00020b65     0x858b C:\Users\Daryl\Desktop\ee2024Assignment2\Lib_EaBaseBoard\Debug\libLib_EaBaseBoard.a(joystick.o)
 .debug_macinfo
                0x000290f0     0x96a3 C:\Users\Daryl\Desktop\ee2024Assignment2\Lib_EaBaseBoard\Debug\libLib_EaBaseBoard.a(led7seg.o)
 .debug_macinfo
                0x00032793     0x8e3a C:\Users\Daryl\Desktop\ee2024Assignment2\Lib_EaBaseBoard\Debug\libLib_EaBaseBoard.a(light.o)
 .debug_macinfo
                0x0003b5cd     0xa143 C:\Users\Daryl\Desktop\ee2024Assignment2\Lib_EaBaseBoard\Debug\libLib_EaBaseBoard.a(oled.o)
 .debug_macinfo
                0x00045710     0x8e59 C:\Users\Daryl\Desktop\ee2024Assignment2\Lib_EaBaseBoard\Debug\libLib_EaBaseBoard.a(pca9532.o)
 .debug_macinfo
                0x0004e569     0x854c C:\Users\Daryl\Desktop\ee2024Assignment2\Lib_EaBaseBoard\Debug\libLib_EaBaseBoard.a(rgb.o)
 .debug_macinfo
                0x00056ab5     0x85e6 C:\Users\Daryl\Desktop\ee2024Assignment2\Lib_EaBaseBoard\Debug\libLib_EaBaseBoard.a(temp.o)
 .debug_macinfo
                0x0005f09b     0x332a C:\Users\Daryl\Desktop\ee2024Assignment2\Lib_EaBaseBoard\Debug\libLib_EaBaseBoard.a(font5x7.o)
 .debug_macinfo
                0x000623c5     0x86b8 C:\Users\Daryl\Desktop\ee2024Assignment2\Lib_MCU\Debug\libLib_MCU.a(lpc17xx_gpio.o)
 .debug_macinfo
                0x0006aa7d     0xa5d8 C:\Users\Daryl\Desktop\ee2024Assignment2\Lib_MCU\Debug\libLib_MCU.a(lpc17xx_i2c.o)
 .debug_macinfo
                0x00075055     0x87d3 C:\Users\Daryl\Desktop\ee2024Assignment2\Lib_MCU\Debug\libLib_MCU.a(lpc17xx_pinsel.o)
 .debug_macinfo
                0x0007d828     0xa8d0 C:\Users\Daryl\Desktop\ee2024Assignment2\Lib_MCU\Debug\libLib_MCU.a(lpc17xx_ssp.o)
 .debug_macinfo
                0x000880f8     0x95f9 C:\Users\Daryl\Desktop\ee2024Assignment2\Lib_MCU\Debug\libLib_MCU.a(lpc17xx_clkpwr.o)

.debug_str      0x00000000     0x1e27
 .debug_str     0x00000000      0x1c6 ./src/cr_startup_lpc17.o
                                0x200 (size before relaxing)
 .debug_str     0x000001c6      0x5f1 ./src/main.o
                                0x731 (size before relaxing)
 .debug_str     0x000007b7      0x185 C:\Users\Daryl\Desktop\ee2024Assignment2\Lib_CMSISv1p30_LPC17xx\Debug\libCMSISv1p30_LPC17xx.a(system_LPC17xx.o)
                                0x298 (size before relaxing)
 .debug_str     0x0000093c      0x215 C:\Users\Daryl\Desktop\ee2024Assignment2\Lib_EaBaseBoard\Debug\libLib_EaBaseBoard.a(acc.o)
                                0x394 (size before relaxing)
 .debug_str     0x00000b51       0x3a C:\Users\Daryl\Desktop\ee2024Assignment2\Lib_EaBaseBoard\Debug\libLib_EaBaseBoard.a(joystick.o)
                                0x165 (size before relaxing)
 .debug_str     0x00000b8b       0x95 C:\Users\Daryl\Desktop\ee2024Assignment2\Lib_EaBaseBoard\Debug\libLib_EaBaseBoard.a(led7seg.o)
                                0x200 (size before relaxing)
 .debug_str     0x00000c20      0x24a C:\Users\Daryl\Desktop\ee2024Assignment2\Lib_EaBaseBoard\Debug\libLib_EaBaseBoard.a(light.o)
                                0x4f9 (size before relaxing)
 .debug_str     0x00000e6a      0x1a9 C:\Users\Daryl\Desktop\ee2024Assignment2\Lib_EaBaseBoard\Debug\libLib_EaBaseBoard.a(oled.o)
                                0x3b1 (size before relaxing)
 .debug_str     0x00001013      0x136 C:\Users\Daryl\Desktop\ee2024Assignment2\Lib_EaBaseBoard\Debug\libLib_EaBaseBoard.a(pca9532.o)
                                0x3eb (size before relaxing)
 .debug_str     0x00001149       0x22 C:\Users\Daryl\Desktop\ee2024Assignment2\Lib_EaBaseBoard\Debug\libLib_EaBaseBoard.a(rgb.o)
                                0x145 (size before relaxing)
 .debug_str     0x0000116b       0x2d C:\Users\Daryl\Desktop\ee2024Assignment2\Lib_EaBaseBoard\Debug\libLib_EaBaseBoard.a(temp.o)
                                0x168 (size before relaxing)
 .debug_str     0x00001198       0x11 C:\Users\Daryl\Desktop\ee2024Assignment2\Lib_EaBaseBoard\Debug\libLib_EaBaseBoard.a(font5x7.o)
                                 0xbc (size before relaxing)
 .debug_str     0x000011a9      0x375 C:\Users\Daryl\Desktop\ee2024Assignment2\Lib_MCU\Debug\libLib_MCU.a(lpc17xx_gpio.o)
                                0x46d (size before relaxing)
 .debug_str     0x0000151e      0x318 C:\Users\Daryl\Desktop\ee2024Assignment2\Lib_MCU\Debug\libLib_MCU.a(lpc17xx_i2c.o)
                                0x803 (size before relaxing)
 .debug_str     0x00001836      0x214 C:\Users\Daryl\Desktop\ee2024Assignment2\Lib_MCU\Debug\libLib_MCU.a(lpc17xx_pinsel.o)
                                0x3a2 (size before relaxing)
 .debug_str     0x00001a4a      0x211 C:\Users\Daryl\Desktop\ee2024Assignment2\Lib_MCU\Debug\libLib_MCU.a(lpc17xx_ssp.o)
                                0x480 (size before relaxing)
 .debug_str     0x00001c5b       0xcb C:\Users\Daryl\Desktop\ee2024Assignment2\Lib_MCU\Debug\libLib_MCU.a(lpc17xx_clkpwr.o)
                                0x39e (size before relaxing)
 .debug_str     0x00001d26       0xbc c:/nxp/lpcxpresso_6.1.4_194/lpcxpresso/tools/bin/../lib/gcc/arm-none-eabi/4.6.2/../../../../arm-none-eabi/lib/armv7-m\libcr_newlib_semihost.a(_cr_sbrk.o)
                                0x145 (size before relaxing)
 .debug_str     0x00001de2       0x45 c:/nxp/lpcxpresso_6.1.4_194/lpcxpresso/tools/bin/../lib/gcc/arm-none-eabi/4.6.2/../../../../arm-none-eabi/lib/armv7-m\libcr_newlib_semihost.a(_cr_check_heap.o)
                                 0xd1 (size before relaxing)

.comment        0x00000000       0x9a
 .comment       0x00000000       0x70 ./src/cr_startup_lpc17.o
                                 0x71 (size before relaxing)
 .comment       0x00000000       0x71 ./src/main.o
 .comment       0x00000000       0x71 C:\Users\Daryl\Desktop\ee2024Assignment2\Lib_CMSISv1p30_LPC17xx\Debug\libCMSISv1p30_LPC17xx.a(system_LPC17xx.o)
 .comment       0x00000000       0x71 C:\Users\Daryl\Desktop\ee2024Assignment2\Lib_EaBaseBoard\Debug\libLib_EaBaseBoard.a(acc.o)
 .comment       0x00000000       0x71 C:\Users\Daryl\Desktop\ee2024Assignment2\Lib_EaBaseBoard\Debug\libLib_EaBaseBoard.a(joystick.o)
 .comment       0x00000000       0x71 C:\Users\Daryl\Desktop\ee2024Assignment2\Lib_EaBaseBoard\Debug\libLib_EaBaseBoard.a(led7seg.o)
 .comment       0x00000000       0x71 C:\Users\Daryl\Desktop\ee2024Assignment2\Lib_EaBaseBoard\Debug\libLib_EaBaseBoard.a(light.o)
 .comment       0x00000000       0x71 C:\Users\Daryl\Desktop\ee2024Assignment2\Lib_EaBaseBoard\Debug\libLib_EaBaseBoard.a(oled.o)
 .comment       0x00000000       0x71 C:\Users\Daryl\Desktop\ee2024Assignment2\Lib_EaBaseBoard\Debug\libLib_EaBaseBoard.a(pca9532.o)
 .comment       0x00000000       0x71 C:\Users\Daryl\Desktop\ee2024Assignment2\Lib_EaBaseBoard\Debug\libLib_EaBaseBoard.a(rgb.o)
 .comment       0x00000000       0x71 C:\Users\Daryl\Desktop\ee2024Assignment2\Lib_EaBaseBoard\Debug\libLib_EaBaseBoard.a(temp.o)
 .comment       0x00000000       0x71 C:\Users\Daryl\Desktop\ee2024Assignment2\Lib_EaBaseBoard\Debug\libLib_EaBaseBoard.a(font5x7.o)
 .comment       0x00000000       0x71 C:\Users\Daryl\Desktop\ee2024Assignment2\Lib_MCU\Debug\libLib_MCU.a(lpc17xx_gpio.o)
 .comment       0x00000000       0x71 C:\Users\Daryl\Desktop\ee2024Assignment2\Lib_MCU\Debug\libLib_MCU.a(lpc17xx_i2c.o)
 .comment       0x00000000       0x71 C:\Users\Daryl\Desktop\ee2024Assignment2\Lib_MCU\Debug\libLib_MCU.a(lpc17xx_pinsel.o)
 .comment       0x00000000       0x71 C:\Users\Daryl\Desktop\ee2024Assignment2\Lib_MCU\Debug\libLib_MCU.a(lpc17xx_ssp.o)
 .comment       0x00000000       0x71 C:\Users\Daryl\Desktop\ee2024Assignment2\Lib_MCU\Debug\libLib_MCU.a(lpc17xx_clkpwr.o)
 .comment       0x00000070       0x2a c:/nxp/lpcxpresso_6.1.4_194/lpcxpresso/tools/bin/../lib/gcc/arm-none-eabi/4.6.2/../../../../arm-none-eabi/lib/armv7-m\libcr_newlib_semihost.a(_cr_sbrk.o)
                                 0x2b (size before relaxing)
 .comment       0x00000000       0x2b c:/nxp/lpcxpresso_6.1.4_194/lpcxpresso/tools/bin/../lib/gcc/arm-none-eabi/4.6.2/../../../../arm-none-eabi/lib/armv7-m\libcr_newlib_semihost.a(_cr_check_heap.o)

.ARM.attributes
                0x00000000       0x33
 .ARM.attributes
                0x00000000       0x33 ./src/cr_startup_lpc17.o
 .ARM.attributes
                0x00000033       0x33 ./src/main.o
 .ARM.attributes
                0x00000066       0x33 C:\Users\Daryl\Desktop\ee2024Assignment2\Lib_CMSISv1p30_LPC17xx\Debug\libCMSISv1p30_LPC17xx.a(system_LPC17xx.o)
 .ARM.attributes
                0x00000099       0x33 C:\Users\Daryl\Desktop\ee2024Assignment2\Lib_EaBaseBoard\Debug\libLib_EaBaseBoard.a(acc.o)
 .ARM.attributes
                0x000000cc       0x33 C:\Users\Daryl\Desktop\ee2024Assignment2\Lib_EaBaseBoard\Debug\libLib_EaBaseBoard.a(joystick.o)
 .ARM.attributes
                0x000000ff       0x33 C:\Users\Daryl\Desktop\ee2024Assignment2\Lib_EaBaseBoard\Debug\libLib_EaBaseBoard.a(led7seg.o)
 .ARM.attributes
                0x00000132       0x33 C:\Users\Daryl\Desktop\ee2024Assignment2\Lib_EaBaseBoard\Debug\libLib_EaBaseBoard.a(light.o)
 .ARM.attributes
                0x00000165       0x33 C:\Users\Daryl\Desktop\ee2024Assignment2\Lib_EaBaseBoard\Debug\libLib_EaBaseBoard.a(oled.o)
 .ARM.attributes
                0x00000198       0x33 C:\Users\Daryl\Desktop\ee2024Assignment2\Lib_EaBaseBoard\Debug\libLib_EaBaseBoard.a(pca9532.o)
 .ARM.attributes
                0x000001cb       0x33 C:\Users\Daryl\Desktop\ee2024Assignment2\Lib_EaBaseBoard\Debug\libLib_EaBaseBoard.a(rgb.o)
 .ARM.attributes
                0x000001fe       0x33 C:\Users\Daryl\Desktop\ee2024Assignment2\Lib_EaBaseBoard\Debug\libLib_EaBaseBoard.a(temp.o)
 .ARM.attributes
                0x00000231       0x33 C:\Users\Daryl\Desktop\ee2024Assignment2\Lib_EaBaseBoard\Debug\libLib_EaBaseBoard.a(font5x7.o)
 .ARM.attributes
                0x00000264       0x33 C:\Users\Daryl\Desktop\ee2024Assignment2\Lib_MCU\Debug\libLib_MCU.a(lpc17xx_gpio.o)
 .ARM.attributes
                0x00000297       0x33 C:\Users\Daryl\Desktop\ee2024Assignment2\Lib_MCU\Debug\libLib_MCU.a(lpc17xx_i2c.o)
 .ARM.attributes
                0x000002ca       0x33 C:\Users\Daryl\Desktop\ee2024Assignment2\Lib_MCU\Debug\libLib_MCU.a(lpc17xx_pinsel.o)
 .ARM.attributes
                0x000002fd       0x33 C:\Users\Daryl\Desktop\ee2024Assignment2\Lib_MCU\Debug\libLib_MCU.a(lpc17xx_ssp.o)
 .ARM.attributes
                0x00000330       0x33 C:\Users\Daryl\Desktop\ee2024Assignment2\Lib_MCU\Debug\libLib_MCU.a(lpc17xx_clkpwr.o)
 .ARM.attributes
                0x00000363       0x1d c:/nxp/lpcxpresso_6.1.4_194/lpcxpresso/tools/bin/../lib/gcc/arm-none-eabi/4.6.2/armv7-m\libgcc.a(_arm_addsubdf3.o)
 .ARM.attributes
                0x00000380       0x1d c:/nxp/lpcxpresso_6.1.4_194/lpcxpresso/tools/bin/../lib/gcc/arm-none-eabi/4.6.2/armv7-m\libgcc.a(_arm_muldivdf3.o)
 .ARM.attributes
                0x0000039d       0x1d c:/nxp/lpcxpresso_6.1.4_194/lpcxpresso/tools/bin/../lib/gcc/arm-none-eabi/4.6.2/armv7-m\libgcc.a(_aeabi_uldivmod.o)
 .ARM.attributes
                0x000003ba       0x2d c:/nxp/lpcxpresso_6.1.4_194/lpcxpresso/tools/bin/../lib/gcc/arm-none-eabi/4.6.2/armv7-m\libgcc.a(bpabi.o)
 .ARM.attributes
                0x000003e7       0x1d c:/nxp/lpcxpresso_6.1.4_194/lpcxpresso/tools/bin/../lib/gcc/arm-none-eabi/4.6.2/armv7-m\libgcc.a(_dvmd_tls.o)
 .ARM.attributes
                0x00000404       0x2d c:/nxp/lpcxpresso_6.1.4_194/lpcxpresso/tools/bin/../lib/gcc/arm-none-eabi/4.6.2/armv7-m\libgcc.a(_divdi3.o)
 .ARM.attributes
                0x00000431       0x2d c:/nxp/lpcxpresso_6.1.4_194/lpcxpresso/tools/bin/../lib/gcc/arm-none-eabi/4.6.2/armv7-m\libgcc.a(_udivdi3.o)
 .ARM.attributes
                0x0000045e       0x2d c:/nxp/lpcxpresso_6.1.4_194/lpcxpresso/tools/bin/../lib/gcc/arm-none-eabi/4.6.2/../../../../arm-none-eabi/lib/armv7-m\libc.a(lib_a-memset.o)
 .ARM.attributes
                0x0000048b       0x2d c:/nxp/lpcxpresso_6.1.4_194/lpcxpresso/tools/bin/../lib/gcc/arm-none-eabi/4.6.2/../../../../arm-none-eabi/lib/armv7-m\libc.a(lib_a-sprintf.o)
 .ARM.attributes
                0x000004b8       0x2d c:/nxp/lpcxpresso_6.1.4_194/lpcxpresso/tools/bin/../lib/gcc/arm-none-eabi/4.6.2/../../../../arm-none-eabi/lib/armv7-m\libc.a(lib_a-svfprintf.o)
 .ARM.attributes
                0x000004e5       0x2d c:/nxp/lpcxpresso_6.1.4_194/lpcxpresso/tools/bin/../lib/gcc/arm-none-eabi/4.6.2/../../../../arm-none-eabi/lib/armv7-m\libc.a(lib_a-dtoa.o)
 .ARM.attributes
                0x00000512       0x2d c:/nxp/lpcxpresso_6.1.4_194/lpcxpresso/tools/bin/../lib/gcc/arm-none-eabi/4.6.2/../../../../arm-none-eabi/lib/armv7-m\libc.a(lib_a-impure.o)
 .ARM.attributes
                0x0000053f       0x2d c:/nxp/lpcxpresso_6.1.4_194/lpcxpresso/tools/bin/../lib/gcc/arm-none-eabi/4.6.2/../../../../arm-none-eabi/lib/armv7-m\libc.a(lib_a-locale.o)
 .ARM.attributes
                0x0000056c       0x2d c:/nxp/lpcxpresso_6.1.4_194/lpcxpresso/tools/bin/../lib/gcc/arm-none-eabi/4.6.2/../../../../arm-none-eabi/lib/armv7-m\libc.a(lib_a-mallocr.o)
 .ARM.attributes
                0x00000599       0x2d c:/nxp/lpcxpresso_6.1.4_194/lpcxpresso/tools/bin/../lib/gcc/arm-none-eabi/4.6.2/../../../../arm-none-eabi/lib/armv7-m\libc.a(lib_a-memchr.o)
 .ARM.attributes
                0x000005c6       0x2d c:/nxp/lpcxpresso_6.1.4_194/lpcxpresso/tools/bin/../lib/gcc/arm-none-eabi/4.6.2/../../../../arm-none-eabi/lib/armv7-m\libc.a(lib_a-memcpy.o)
 .ARM.attributes
                0x000005f3       0x2d c:/nxp/lpcxpresso_6.1.4_194/lpcxpresso/tools/bin/../lib/gcc/arm-none-eabi/4.6.2/../../../../arm-none-eabi/lib/armv7-m\libc.a(lib_a-mlock.o)
 .ARM.attributes
                0x00000620       0x2d c:/nxp/lpcxpresso_6.1.4_194/lpcxpresso/tools/bin/../lib/gcc/arm-none-eabi/4.6.2/../../../../arm-none-eabi/lib/armv7-m\libc.a(lib_a-mprec.o)
 .ARM.attributes
                0x0000064d       0x2d c:/nxp/lpcxpresso_6.1.4_194/lpcxpresso/tools/bin/../lib/gcc/arm-none-eabi/4.6.2/../../../../arm-none-eabi/lib/armv7-m\libc.a(lib_a-s_fpclassify.o)
 .ARM.attributes
                0x0000067a       0x2d c:/nxp/lpcxpresso_6.1.4_194/lpcxpresso/tools/bin/../lib/gcc/arm-none-eabi/4.6.2/../../../../arm-none-eabi/lib/armv7-m\libc.a(lib_a-sbrkr.o)
 .ARM.attributes
                0x000006a7       0x2d c:/nxp/lpcxpresso_6.1.4_194/lpcxpresso/tools/bin/../lib/gcc/arm-none-eabi/4.6.2/../../../../arm-none-eabi/lib/armv7-m\libc.a(lib_a-strcmp.o)
 .ARM.attributes
                0x000006d4       0x2d c:/nxp/lpcxpresso_6.1.4_194/lpcxpresso/tools/bin/../lib/gcc/arm-none-eabi/4.6.2/../../../../arm-none-eabi/lib/armv7-m\libc.a(lib_a-strlen.o)
 .ARM.attributes
                0x00000701       0x2d c:/nxp/lpcxpresso_6.1.4_194/lpcxpresso/tools/bin/../lib/gcc/arm-none-eabi/4.6.2/../../../../arm-none-eabi/lib/armv7-m\libc.a(lib_a-svfiprintf.o)
 .ARM.attributes
                0x0000072e       0x2d c:/nxp/lpcxpresso_6.1.4_194/lpcxpresso/tools/bin/../lib/gcc/arm-none-eabi/4.6.2/../../../../arm-none-eabi/lib/armv7-m\libc.a(lib_a-callocr.o)
 .ARM.attributes
                0x0000075b       0x2d c:/nxp/lpcxpresso_6.1.4_194/lpcxpresso/tools/bin/../lib/gcc/arm-none-eabi/4.6.2/../../../../arm-none-eabi/lib/armv7-m\libc.a(lib_a-freer.o)
 .ARM.attributes
                0x00000788       0x2d c:/nxp/lpcxpresso_6.1.4_194/lpcxpresso/tools/bin/../lib/gcc/arm-none-eabi/4.6.2/../../../../arm-none-eabi/lib/armv7-m\libc.a(lib_a-memmove.o)
 .ARM.attributes
                0x000007b5       0x2d c:/nxp/lpcxpresso_6.1.4_194/lpcxpresso/tools/bin/../lib/gcc/arm-none-eabi/4.6.2/../../../../arm-none-eabi/lib/armv7-m\libc.a(lib_a-reallocr.o)
 .ARM.attributes
                0x000007e2       0x2d c:/nxp/lpcxpresso_6.1.4_194/lpcxpresso/tools/bin/../lib/gcc/arm-none-eabi/4.6.2/../../../../arm-none-eabi/lib/armv7-m\libc.a(lib_a-reent.o)
 .ARM.attributes
                0x0000080f       0x31 c:/nxp/lpcxpresso_6.1.4_194/lpcxpresso/tools/bin/../lib/gcc/arm-none-eabi/4.6.2/../../../../arm-none-eabi/lib/armv7-m\libcr_newlib_semihost.a(_cr_sbrk.o)
 .ARM.attributes
                0x00000840       0x31 c:/nxp/lpcxpresso_6.1.4_194/lpcxpresso/tools/bin/../lib/gcc/arm-none-eabi/4.6.2/../../../../arm-none-eabi/lib/armv7-m\libcr_newlib_semihost.a(_cr_check_heap.o)
 .ARM.attributes
                0x00000871       0x1d c:/nxp/lpcxpresso_6.1.4_194/lpcxpresso/tools/bin/../lib/gcc/arm-none-eabi/4.6.2/armv7-m\libgcc.a(_arm_cmpdf2.o)
 .ARM.attributes
                0x0000088e       0x1d c:/nxp/lpcxpresso_6.1.4_194/lpcxpresso/tools/bin/../lib/gcc/arm-none-eabi/4.6.2/armv7-m\libgcc.a(_arm_fixdfsi.o)
 .ARM.attributes
                0x000008ab       0x2d c:/nxp/lpcxpresso_6.1.4_194/lpcxpresso/tools/bin/../lib/gcc/arm-none-eabi/4.6.2/../../../../arm-none-eabi/lib/armv7-m\libc.a(lib_a-errno.o)

.debug_frame    0x00000000     0x1d40
 .debug_frame   0x00000000      0x120 ./src/cr_startup_lpc17.o
 .debug_frame   0x00000120      0x1f0 ./src/main.o
 .debug_frame   0x00000310       0x48 C:\Users\Daryl\Desktop\ee2024Assignment2\Lib_CMSISv1p30_LPC17xx\Debug\libCMSISv1p30_LPC17xx.a(system_LPC17xx.o)
 .debug_frame   0x00000358      0x12c C:\Users\Daryl\Desktop\ee2024Assignment2\Lib_EaBaseBoard\Debug\libLib_EaBaseBoard.a(acc.o)
 .debug_frame   0x00000484       0x4c C:\Users\Daryl\Desktop\ee2024Assignment2\Lib_EaBaseBoard\Debug\libLib_EaBaseBoard.a(joystick.o)
 .debug_frame   0x000004d0       0x4c C:\Users\Daryl\Desktop\ee2024Assignment2\Lib_EaBaseBoard\Debug\libLib_EaBaseBoard.a(led7seg.o)
 .debug_frame   0x0000051c      0x208 C:\Users\Daryl\Desktop\ee2024Assignment2\Lib_EaBaseBoard\Debug\libLib_EaBaseBoard.a(light.o)
 .debug_frame   0x00000724      0x1ec C:\Users\Daryl\Desktop\ee2024Assignment2\Lib_EaBaseBoard\Debug\libLib_EaBaseBoard.a(oled.o)
 .debug_frame   0x00000910      0x1a8 C:\Users\Daryl\Desktop\ee2024Assignment2\Lib_EaBaseBoard\Debug\libLib_EaBaseBoard.a(pca9532.o)
 .debug_frame   0x00000ab8       0x4c C:\Users\Daryl\Desktop\ee2024Assignment2\Lib_EaBaseBoard\Debug\libLib_EaBaseBoard.a(rgb.o)
 .debug_frame   0x00000b04       0x50 C:\Users\Daryl\Desktop\ee2024Assignment2\Lib_EaBaseBoard\Debug\libLib_EaBaseBoard.a(temp.o)
 .debug_frame   0x00000b54      0x2c4 C:\Users\Daryl\Desktop\ee2024Assignment2\Lib_MCU\Debug\libLib_MCU.a(lpc17xx_gpio.o)
 .debug_frame   0x00000e18      0x2c8 C:\Users\Daryl\Desktop\ee2024Assignment2\Lib_MCU\Debug\libLib_MCU.a(lpc17xx_i2c.o)
 .debug_frame   0x000010e0       0xbc C:\Users\Daryl\Desktop\ee2024Assignment2\Lib_MCU\Debug\libLib_MCU.a(lpc17xx_pinsel.o)
 .debug_frame   0x0000119c      0x280 C:\Users\Daryl\Desktop\ee2024Assignment2\Lib_MCU\Debug\libLib_MCU.a(lpc17xx_ssp.o)
 .debug_frame   0x0000141c      0x10c C:\Users\Daryl\Desktop\ee2024Assignment2\Lib_MCU\Debug\libLib_MCU.a(lpc17xx_clkpwr.o)
 .debug_frame   0x00001528       0x50 c:/nxp/lpcxpresso_6.1.4_194/lpcxpresso/tools/bin/../lib/gcc/arm-none-eabi/4.6.2/armv7-m\libgcc.a(bpabi.o)
 .debug_frame   0x00001578       0x34 c:/nxp/lpcxpresso_6.1.4_194/lpcxpresso/tools/bin/../lib/gcc/arm-none-eabi/4.6.2/armv7-m\libgcc.a(_divdi3.o)
 .debug_frame   0x000015ac       0x34 c:/nxp/lpcxpresso_6.1.4_194/lpcxpresso/tools/bin/../lib/gcc/arm-none-eabi/4.6.2/armv7-m\libgcc.a(_udivdi3.o)
 .debug_frame   0x000015e0       0x2c c:/nxp/lpcxpresso_6.1.4_194/lpcxpresso/tools/bin/../lib/gcc/arm-none-eabi/4.6.2/../../../../arm-none-eabi/lib/armv7-m\libc.a(lib_a-memset.o)
 .debug_frame   0x0000160c       0x64 c:/nxp/lpcxpresso_6.1.4_194/lpcxpresso/tools/bin/../lib/gcc/arm-none-eabi/4.6.2/../../../../arm-none-eabi/lib/armv7-m\libc.a(lib_a-sprintf.o)
 .debug_frame   0x00001670       0x3c c:/nxp/lpcxpresso_6.1.4_194/lpcxpresso/tools/bin/../lib/gcc/arm-none-eabi/4.6.2/../../../../arm-none-eabi/lib/armv7-m\libc.a(lib_a-svfprintf.o)
 .debug_frame   0x000016ac       0x64 c:/nxp/lpcxpresso_6.1.4_194/lpcxpresso/tools/bin/../lib/gcc/arm-none-eabi/4.6.2/../../../../arm-none-eabi/lib/armv7-m\libc.a(lib_a-dtoa.o)
 .debug_frame   0x00001710       0x98 c:/nxp/lpcxpresso_6.1.4_194/lpcxpresso/tools/bin/../lib/gcc/arm-none-eabi/4.6.2/../../../../arm-none-eabi/lib/armv7-m\libc.a(lib_a-locale.o)
 .debug_frame   0x000017a8       0x38 c:/nxp/lpcxpresso_6.1.4_194/lpcxpresso/tools/bin/../lib/gcc/arm-none-eabi/4.6.2/../../../../arm-none-eabi/lib/armv7-m\libc.a(lib_a-mallocr.o)
 .debug_frame   0x000017e0       0x2c c:/nxp/lpcxpresso_6.1.4_194/lpcxpresso/tools/bin/../lib/gcc/arm-none-eabi/4.6.2/../../../../arm-none-eabi/lib/armv7-m\libc.a(lib_a-memchr.o)
 .debug_frame   0x0000180c       0x2c c:/nxp/lpcxpresso_6.1.4_194/lpcxpresso/tools/bin/../lib/gcc/arm-none-eabi/4.6.2/../../../../arm-none-eabi/lib/armv7-m\libc.a(lib_a-memcpy.o)
 .debug_frame   0x00001838       0x30 c:/nxp/lpcxpresso_6.1.4_194/lpcxpresso/tools/bin/../lib/gcc/arm-none-eabi/4.6.2/../../../../arm-none-eabi/lib/armv7-m\libc.a(lib_a-mlock.o)
 .debug_frame   0x00001868      0x228 c:/nxp/lpcxpresso_6.1.4_194/lpcxpresso/tools/bin/../lib/gcc/arm-none-eabi/4.6.2/../../../../arm-none-eabi/lib/armv7-m\libc.a(lib_a-mprec.o)
 .debug_frame   0x00001a90       0x20 c:/nxp/lpcxpresso_6.1.4_194/lpcxpresso/tools/bin/../lib/gcc/arm-none-eabi/4.6.2/../../../../arm-none-eabi/lib/armv7-m\libc.a(lib_a-s_fpclassify.o)
 .debug_frame   0x00001ab0       0x2c c:/nxp/lpcxpresso_6.1.4_194/lpcxpresso/tools/bin/../lib/gcc/arm-none-eabi/4.6.2/../../../../arm-none-eabi/lib/armv7-m\libc.a(lib_a-sbrkr.o)
 .debug_frame   0x00001adc       0x30 c:/nxp/lpcxpresso_6.1.4_194/lpcxpresso/tools/bin/../lib/gcc/arm-none-eabi/4.6.2/../../../../arm-none-eabi/lib/armv7-m\libc.a(lib_a-strcmp.o)
 .debug_frame   0x00001b0c       0x20 c:/nxp/lpcxpresso_6.1.4_194/lpcxpresso/tools/bin/../lib/gcc/arm-none-eabi/4.6.2/../../../../arm-none-eabi/lib/armv7-m\libc.a(lib_a-strlen.o)
 .debug_frame   0x00001b2c       0x64 c:/nxp/lpcxpresso_6.1.4_194/lpcxpresso/tools/bin/../lib/gcc/arm-none-eabi/4.6.2/../../../../arm-none-eabi/lib/armv7-m\libc.a(lib_a-svfiprintf.o)
 .debug_frame   0x00001b90       0x28 c:/nxp/lpcxpresso_6.1.4_194/lpcxpresso/tools/bin/../lib/gcc/arm-none-eabi/4.6.2/../../../../arm-none-eabi/lib/armv7-m\libc.a(lib_a-callocr.o)
 .debug_frame   0x00001bb8       0x50 c:/nxp/lpcxpresso_6.1.4_194/lpcxpresso/tools/bin/../lib/gcc/arm-none-eabi/4.6.2/../../../../arm-none-eabi/lib/armv7-m\libc.a(lib_a-freer.o)
 .debug_frame   0x00001c08       0x2c c:/nxp/lpcxpresso_6.1.4_194/lpcxpresso/tools/bin/../lib/gcc/arm-none-eabi/4.6.2/../../../../arm-none-eabi/lib/armv7-m\libc.a(lib_a-memmove.o)
 .debug_frame   0x00001c34       0x38 c:/nxp/lpcxpresso_6.1.4_194/lpcxpresso/tools/bin/../lib/gcc/arm-none-eabi/4.6.2/../../../../arm-none-eabi/lib/armv7-m\libc.a(lib_a-reallocr.o)
 .debug_frame   0x00001c6c       0x68 c:/nxp/lpcxpresso_6.1.4_194/lpcxpresso/tools/bin/../lib/gcc/arm-none-eabi/4.6.2/../../../../arm-none-eabi/lib/armv7-m\libc.a(lib_a-reent.o)
 .debug_frame   0x00001cd4       0x2c c:/nxp/lpcxpresso_6.1.4_194/lpcxpresso/tools/bin/../lib/gcc/arm-none-eabi/4.6.2/../../../../arm-none-eabi/lib/armv7-m\libcr_newlib_semihost.a(_cr_sbrk.o)
 .debug_frame   0x00001d00       0x20 c:/nxp/lpcxpresso_6.1.4_194/lpcxpresso/tools/bin/../lib/gcc/arm-none-eabi/4.6.2/../../../../arm-none-eabi/lib/armv7-m\libcr_newlib_semihost.a(_cr_check_heap.o)
 .debug_frame   0x00001d20       0x20 c:/nxp/lpcxpresso_6.1.4_194/lpcxpresso/tools/bin/../lib/gcc/arm-none-eabi/4.6.2/../../../../arm-none-eabi/lib/armv7-m\libc.a(lib_a-errno.o)

.debug_pubnames
                0x00000000       0x68
 .debug_pubnames
                0x00000000       0x2e c:/nxp/lpcxpresso_6.1.4_194/lpcxpresso/tools/bin/../lib/gcc/arm-none-eabi/4.6.2/../../../../arm-none-eabi/lib/armv7-m\libcr_newlib_semihost.a(_cr_sbrk.o)
 .debug_pubnames
                0x0000002e       0x3a c:/nxp/lpcxpresso_6.1.4_194/lpcxpresso/tools/bin/../lib/gcc/arm-none-eabi/4.6.2/../../../../arm-none-eabi/lib/armv7-m\libcr_newlib_semihost.a(_cr_check_heap.o)

.debug_pubtypes
                0x00000000       0x1d
 .debug_pubtypes
                0x00000000       0x1d c:/nxp/lpcxpresso_6.1.4_194/lpcxpresso/tools/bin/../lib/gcc/arm-none-eabi/4.6.2/../../../../arm-none-eabi/lib/armv7-m\libcr_newlib_semihost.a(_cr_sbrk.o)
