Archive member included because of file (symbol)

C:\Users\yongchenglow\Documents\LPCXpresso_6.1.4_194\workspace\ee2024Assignment2\Lib_CMSISv1p30_LPC17xx\Debug\libCMSISv1p30_LPC17xx.a(system_LPC17xx.o)
                              ./src/main.o (SystemCoreClock)
C:\Users\yongchenglow\Documents\LPCXpresso_6.1.4_194\workspace\ee2024Assignment2\Lib_EaBaseBoard\Debug\libLib_EaBaseBoard.a(acc.o)
                              ./src/main.o (acc_init)
C:\Users\yongchenglow\Documents\LPCXpresso_6.1.4_194\workspace\ee2024Assignment2\Lib_EaBaseBoard\Debug\libLib_EaBaseBoard.a(joystick.o)
                              ./src/main.o (joystick_init)
C:\Users\yongchenglow\Documents\LPCXpresso_6.1.4_194\workspace\ee2024Assignment2\Lib_EaBaseBoard\Debug\libLib_EaBaseBoard.a(led7seg.o)
                              ./src/main.o (led7seg_init)
C:\Users\yongchenglow\Documents\LPCXpresso_6.1.4_194\workspace\ee2024Assignment2\Lib_EaBaseBoard\Debug\libLib_EaBaseBoard.a(light.o)
                              ./src/main.o (light_enable)
C:\Users\yongchenglow\Documents\LPCXpresso_6.1.4_194\workspace\ee2024Assignment2\Lib_EaBaseBoard\Debug\libLib_EaBaseBoard.a(oled.o)
                              ./src/main.o (oled_putPixel)
C:\Users\yongchenglow\Documents\LPCXpresso_6.1.4_194\workspace\ee2024Assignment2\Lib_EaBaseBoard\Debug\libLib_EaBaseBoard.a(pca9532.o)
                              ./src/main.o (pca9532_init)
C:\Users\yongchenglow\Documents\LPCXpresso_6.1.4_194\workspace\ee2024Assignment2\Lib_EaBaseBoard\Debug\libLib_EaBaseBoard.a(rgb.o)
                              ./src/main.o (rgb_init)
C:\Users\yongchenglow\Documents\LPCXpresso_6.1.4_194\workspace\ee2024Assignment2\Lib_EaBaseBoard\Debug\libLib_EaBaseBoard.a(font5x7.o)
                              C:\Users\yongchenglow\Documents\LPCXpresso_6.1.4_194\workspace\ee2024Assignment2\Lib_EaBaseBoard\Debug\libLib_EaBaseBoard.a(oled.o) (font5x7)
C:\Users\yongchenglow\Documents\LPCXpresso_6.1.4_194\workspace\ee2024Assignment2\Lib_MCU\Debug\libLib_MCU.a(lpc17xx_gpio.o)
                              ./src/main.o (GPIO_SetDir)
C:\Users\yongchenglow\Documents\LPCXpresso_6.1.4_194\workspace\ee2024Assignment2\Lib_MCU\Debug\libLib_MCU.a(lpc17xx_i2c.o)
                              ./src/main.o (I2C_Init)
C:\Users\yongchenglow\Documents\LPCXpresso_6.1.4_194\workspace\ee2024Assignment2\Lib_MCU\Debug\libLib_MCU.a(lpc17xx_pinsel.o)
                              ./src/main.o (PINSEL_ConfigPin)
C:\Users\yongchenglow\Documents\LPCXpresso_6.1.4_194\workspace\ee2024Assignment2\Lib_MCU\Debug\libLib_MCU.a(lpc17xx_ssp.o)
                              ./src/main.o (SSP_Init)
C:\Users\yongchenglow\Documents\LPCXpresso_6.1.4_194\workspace\ee2024Assignment2\Lib_MCU\Debug\libLib_MCU.a(lpc17xx_timer.o)
                              ./src/main.o (Timer0_Wait)
C:\Users\yongchenglow\Documents\LPCXpresso_6.1.4_194\workspace\ee2024Assignment2\Lib_MCU\Debug\libLib_MCU.a(lpc17xx_clkpwr.o)
                              C:\Users\yongchenglow\Documents\LPCXpresso_6.1.4_194\workspace\ee2024Assignment2\Lib_MCU\Debug\libLib_MCU.a(lpc17xx_i2c.o) (CLKPWR_SetPCLKDiv)
c:/nxp/lpcxpresso_6.1.4_194/lpcxpresso/tools/bin/../lib/gcc/arm-none-eabi/4.6.2/armv7-m\libgcc.a(_aeabi_uldivmod.o)
                              C:\Users\yongchenglow\Documents\LPCXpresso_6.1.4_194\workspace\ee2024Assignment2\Lib_CMSISv1p30_LPC17xx\Debug\libCMSISv1p30_LPC17xx.a(system_LPC17xx.o) (__aeabi_uldivmod)
c:/nxp/lpcxpresso_6.1.4_194/lpcxpresso/tools/bin/../lib/gcc/arm-none-eabi/4.6.2/armv7-m\libgcc.a(bpabi.o)
                              c:/nxp/lpcxpresso_6.1.4_194/lpcxpresso/tools/bin/../lib/gcc/arm-none-eabi/4.6.2/armv7-m\libgcc.a(_aeabi_uldivmod.o) (__gnu_uldivmod_helper)
c:/nxp/lpcxpresso_6.1.4_194/lpcxpresso/tools/bin/../lib/gcc/arm-none-eabi/4.6.2/armv7-m\libgcc.a(_dvmd_tls.o)
                              c:/nxp/lpcxpresso_6.1.4_194/lpcxpresso/tools/bin/../lib/gcc/arm-none-eabi/4.6.2/armv7-m\libgcc.a(_aeabi_uldivmod.o) (__aeabi_ldiv0)
c:/nxp/lpcxpresso_6.1.4_194/lpcxpresso/tools/bin/../lib/gcc/arm-none-eabi/4.6.2/armv7-m\libgcc.a(_divdi3.o)
                              c:/nxp/lpcxpresso_6.1.4_194/lpcxpresso/tools/bin/../lib/gcc/arm-none-eabi/4.6.2/armv7-m\libgcc.a(bpabi.o) (__divdi3)
c:/nxp/lpcxpresso_6.1.4_194/lpcxpresso/tools/bin/../lib/gcc/arm-none-eabi/4.6.2/armv7-m\libgcc.a(_udivdi3.o)
                              c:/nxp/lpcxpresso_6.1.4_194/lpcxpresso/tools/bin/../lib/gcc/arm-none-eabi/4.6.2/armv7-m\libgcc.a(bpabi.o) (__udivdi3)
c:/nxp/lpcxpresso_6.1.4_194/lpcxpresso/tools/bin/../lib/gcc/arm-none-eabi/4.6.2/../../../../arm-none-eabi/lib/armv7-m\libc.a(lib_a-memset.o)
                              C:\Users\yongchenglow\Documents\LPCXpresso_6.1.4_194\workspace\ee2024Assignment2\Lib_EaBaseBoard\Debug\libLib_EaBaseBoard.a(oled.o) (memset)

Allocating common symbols
Common symbol       size              file

lightValue          0x4               ./src/main.o

Discarded input sections

 .text          0x00000000        0x0 ./src/cr_startup_lpc17.o
 .data          0x00000000        0x0 ./src/cr_startup_lpc17.o
 .bss           0x00000000        0x0 ./src/cr_startup_lpc17.o
 .text.SysTick_Handler
                0x00000000        0x8 ./src/cr_startup_lpc17.o
 .text          0x00000000        0x0 ./src/main.o
 .text.drawOled
                0x00000000      0x1a4 ./src/main.o
 .text.playNote
                0x00000000       0x70 ./src/main.o
 .text.getNote  0x00000000       0x5c ./src/main.o
 .text.getDuration
                0x00000000       0x38 ./src/main.o
 .text.getPause
                0x00000000       0x4c ./src/main.o
 .text.playSong
                0x00000000       0x94 ./src/main.o
 .text          0x00000000        0x0 C:\Users\yongchenglow\Documents\LPCXpresso_6.1.4_194\workspace\ee2024Assignment2\Lib_CMSISv1p30_LPC17xx\Debug\libCMSISv1p30_LPC17xx.a(system_LPC17xx.o)
 .bss           0x00000000        0x0 C:\Users\yongchenglow\Documents\LPCXpresso_6.1.4_194\workspace\ee2024Assignment2\Lib_CMSISv1p30_LPC17xx\Debug\libCMSISv1p30_LPC17xx.a(system_LPC17xx.o)
 .text.SystemCoreClockUpdate
                0x00000000      0x2d0 C:\Users\yongchenglow\Documents\LPCXpresso_6.1.4_194\workspace\ee2024Assignment2\Lib_CMSISv1p30_LPC17xx\Debug\libCMSISv1p30_LPC17xx.a(system_LPC17xx.o)
 .text          0x00000000        0x0 C:\Users\yongchenglow\Documents\LPCXpresso_6.1.4_194\workspace\ee2024Assignment2\Lib_EaBaseBoard\Debug\libLib_EaBaseBoard.a(acc.o)
 .data          0x00000000        0x0 C:\Users\yongchenglow\Documents\LPCXpresso_6.1.4_194\workspace\ee2024Assignment2\Lib_EaBaseBoard\Debug\libLib_EaBaseBoard.a(acc.o)
 .bss           0x00000000        0x0 C:\Users\yongchenglow\Documents\LPCXpresso_6.1.4_194\workspace\ee2024Assignment2\Lib_EaBaseBoard\Debug\libLib_EaBaseBoard.a(acc.o)
 .text.getModeControl
                0x00000000       0x3c C:\Users\yongchenglow\Documents\LPCXpresso_6.1.4_194\workspace\ee2024Assignment2\Lib_EaBaseBoard\Debug\libLib_EaBaseBoard.a(acc.o)
 .text.acc_setRange
                0x00000000       0x40 C:\Users\yongchenglow\Documents\LPCXpresso_6.1.4_194\workspace\ee2024Assignment2\Lib_EaBaseBoard\Debug\libLib_EaBaseBoard.a(acc.o)
 .text.acc_setMode
                0x00000000       0x38 C:\Users\yongchenglow\Documents\LPCXpresso_6.1.4_194\workspace\ee2024Assignment2\Lib_EaBaseBoard\Debug\libLib_EaBaseBoard.a(acc.o)
 .text          0x00000000        0x0 C:\Users\yongchenglow\Documents\LPCXpresso_6.1.4_194\workspace\ee2024Assignment2\Lib_EaBaseBoard\Debug\libLib_EaBaseBoard.a(joystick.o)
 .data          0x00000000        0x0 C:\Users\yongchenglow\Documents\LPCXpresso_6.1.4_194\workspace\ee2024Assignment2\Lib_EaBaseBoard\Debug\libLib_EaBaseBoard.a(joystick.o)
 .bss           0x00000000        0x0 C:\Users\yongchenglow\Documents\LPCXpresso_6.1.4_194\workspace\ee2024Assignment2\Lib_EaBaseBoard\Debug\libLib_EaBaseBoard.a(joystick.o)
 .text.joystick_read
                0x00000000       0x98 C:\Users\yongchenglow\Documents\LPCXpresso_6.1.4_194\workspace\ee2024Assignment2\Lib_EaBaseBoard\Debug\libLib_EaBaseBoard.a(joystick.o)
 .text          0x00000000        0x0 C:\Users\yongchenglow\Documents\LPCXpresso_6.1.4_194\workspace\ee2024Assignment2\Lib_EaBaseBoard\Debug\libLib_EaBaseBoard.a(led7seg.o)
 .bss           0x00000000        0x0 C:\Users\yongchenglow\Documents\LPCXpresso_6.1.4_194\workspace\ee2024Assignment2\Lib_EaBaseBoard\Debug\libLib_EaBaseBoard.a(led7seg.o)
 .text          0x00000000        0x0 C:\Users\yongchenglow\Documents\LPCXpresso_6.1.4_194\workspace\ee2024Assignment2\Lib_EaBaseBoard\Debug\libLib_EaBaseBoard.a(light.o)
 .bss           0x00000000        0x0 C:\Users\yongchenglow\Documents\LPCXpresso_6.1.4_194\workspace\ee2024Assignment2\Lib_EaBaseBoard\Debug\libLib_EaBaseBoard.a(light.o)
 .text.readCommandReg
                0x00000000       0x3c C:\Users\yongchenglow\Documents\LPCXpresso_6.1.4_194\workspace\ee2024Assignment2\Lib_EaBaseBoard\Debug\libLib_EaBaseBoard.a(light.o)
 .text.readControlReg
                0x00000000       0x3c C:\Users\yongchenglow\Documents\LPCXpresso_6.1.4_194\workspace\ee2024Assignment2\Lib_EaBaseBoard\Debug\libLib_EaBaseBoard.a(light.o)
 .text.light_init
                0x00000000        0xc C:\Users\yongchenglow\Documents\LPCXpresso_6.1.4_194\workspace\ee2024Assignment2\Lib_EaBaseBoard\Debug\libLib_EaBaseBoard.a(light.o)
 .text.light_setMode
                0x00000000       0x50 C:\Users\yongchenglow\Documents\LPCXpresso_6.1.4_194\workspace\ee2024Assignment2\Lib_EaBaseBoard\Debug\libLib_EaBaseBoard.a(light.o)
 .text.light_setWidth
                0x00000000       0xa4 C:\Users\yongchenglow\Documents\LPCXpresso_6.1.4_194\workspace\ee2024Assignment2\Lib_EaBaseBoard\Debug\libLib_EaBaseBoard.a(light.o)
 .text.light_setRange
                0x00000000       0xac C:\Users\yongchenglow\Documents\LPCXpresso_6.1.4_194\workspace\ee2024Assignment2\Lib_EaBaseBoard\Debug\libLib_EaBaseBoard.a(light.o)
 .text.light_setHiThreshold
                0x00000000       0x58 C:\Users\yongchenglow\Documents\LPCXpresso_6.1.4_194\workspace\ee2024Assignment2\Lib_EaBaseBoard\Debug\libLib_EaBaseBoard.a(light.o)
 .text.light_setLoThreshold
                0x00000000       0x58 C:\Users\yongchenglow\Documents\LPCXpresso_6.1.4_194\workspace\ee2024Assignment2\Lib_EaBaseBoard\Debug\libLib_EaBaseBoard.a(light.o)
 .text.light_setIrqInCycles
                0x00000000       0x48 C:\Users\yongchenglow\Documents\LPCXpresso_6.1.4_194\workspace\ee2024Assignment2\Lib_EaBaseBoard\Debug\libLib_EaBaseBoard.a(light.o)
 .text.light_getIrqStatus
                0x00000000       0x28 C:\Users\yongchenglow\Documents\LPCXpresso_6.1.4_194\workspace\ee2024Assignment2\Lib_EaBaseBoard\Debug\libLib_EaBaseBoard.a(light.o)
 .text.light_clearIrqStatus
                0x00000000       0x3c C:\Users\yongchenglow\Documents\LPCXpresso_6.1.4_194\workspace\ee2024Assignment2\Lib_EaBaseBoard\Debug\libLib_EaBaseBoard.a(light.o)
 .text.light_shutdown
                0x00000000       0x60 C:\Users\yongchenglow\Documents\LPCXpresso_6.1.4_194\workspace\ee2024Assignment2\Lib_EaBaseBoard\Debug\libLib_EaBaseBoard.a(light.o)
 .text          0x00000000        0x0 C:\Users\yongchenglow\Documents\LPCXpresso_6.1.4_194\workspace\ee2024Assignment2\Lib_EaBaseBoard\Debug\libLib_EaBaseBoard.a(oled.o)
 .data          0x00000000        0x0 C:\Users\yongchenglow\Documents\LPCXpresso_6.1.4_194\workspace\ee2024Assignment2\Lib_EaBaseBoard\Debug\libLib_EaBaseBoard.a(oled.o)
 .rodata        0x00000000        0x8 C:\Users\yongchenglow\Documents\LPCXpresso_6.1.4_194\workspace\ee2024Assignment2\Lib_EaBaseBoard\Debug\libLib_EaBaseBoard.a(oled.o)
 .text.writeData
                0x00000000       0x60 C:\Users\yongchenglow\Documents\LPCXpresso_6.1.4_194\workspace\ee2024Assignment2\Lib_EaBaseBoard\Debug\libLib_EaBaseBoard.a(oled.o)
 .text.hLine    0x00000000       0x4c C:\Users\yongchenglow\Documents\LPCXpresso_6.1.4_194\workspace\ee2024Assignment2\Lib_EaBaseBoard\Debug\libLib_EaBaseBoard.a(oled.o)
 .text.vLine    0x00000000       0x4c C:\Users\yongchenglow\Documents\LPCXpresso_6.1.4_194\workspace\ee2024Assignment2\Lib_EaBaseBoard\Debug\libLib_EaBaseBoard.a(oled.o)
 .text.oled_putPixel
                0x00000000      0x188 C:\Users\yongchenglow\Documents\LPCXpresso_6.1.4_194\workspace\ee2024Assignment2\Lib_EaBaseBoard\Debug\libLib_EaBaseBoard.a(oled.o)
 .text.oled_line
                0x00000000      0x1d4 C:\Users\yongchenglow\Documents\LPCXpresso_6.1.4_194\workspace\ee2024Assignment2\Lib_EaBaseBoard\Debug\libLib_EaBaseBoard.a(oled.o)
 .text.oled_circle
                0x00000000      0x32c C:\Users\yongchenglow\Documents\LPCXpresso_6.1.4_194\workspace\ee2024Assignment2\Lib_EaBaseBoard\Debug\libLib_EaBaseBoard.a(oled.o)
 .text.oled_rect
                0x00000000       0x48 C:\Users\yongchenglow\Documents\LPCXpresso_6.1.4_194\workspace\ee2024Assignment2\Lib_EaBaseBoard\Debug\libLib_EaBaseBoard.a(oled.o)
 .text.oled_fillRect
                0x00000000       0x90 C:\Users\yongchenglow\Documents\LPCXpresso_6.1.4_194\workspace\ee2024Assignment2\Lib_EaBaseBoard\Debug\libLib_EaBaseBoard.a(oled.o)
 .text.oled_putChar
                0x00000000       0xf0 C:\Users\yongchenglow\Documents\LPCXpresso_6.1.4_194\workspace\ee2024Assignment2\Lib_EaBaseBoard\Debug\libLib_EaBaseBoard.a(oled.o)
 .text.oled_putString
                0x00000000       0x54 C:\Users\yongchenglow\Documents\LPCXpresso_6.1.4_194\workspace\ee2024Assignment2\Lib_EaBaseBoard\Debug\libLib_EaBaseBoard.a(oled.o)
 .text          0x00000000        0x0 C:\Users\yongchenglow\Documents\LPCXpresso_6.1.4_194\workspace\ee2024Assignment2\Lib_EaBaseBoard\Debug\libLib_EaBaseBoard.a(pca9532.o)
 .data          0x00000000        0x0 C:\Users\yongchenglow\Documents\LPCXpresso_6.1.4_194\workspace\ee2024Assignment2\Lib_EaBaseBoard\Debug\libLib_EaBaseBoard.a(pca9532.o)
 .text.I2CRead  0x00000000       0x5c C:\Users\yongchenglow\Documents\LPCXpresso_6.1.4_194\workspace\ee2024Assignment2\Lib_EaBaseBoard\Debug\libLib_EaBaseBoard.a(pca9532.o)
 .text.pca9532_getLedState
                0x00000000       0xb8 C:\Users\yongchenglow\Documents\LPCXpresso_6.1.4_194\workspace\ee2024Assignment2\Lib_EaBaseBoard\Debug\libLib_EaBaseBoard.a(pca9532.o)
 .text.pca9532_setBlink0Period
                0x00000000       0x30 C:\Users\yongchenglow\Documents\LPCXpresso_6.1.4_194\workspace\ee2024Assignment2\Lib_EaBaseBoard\Debug\libLib_EaBaseBoard.a(pca9532.o)
 .text.pca9532_setBlink0Duty
                0x00000000       0x58 C:\Users\yongchenglow\Documents\LPCXpresso_6.1.4_194\workspace\ee2024Assignment2\Lib_EaBaseBoard\Debug\libLib_EaBaseBoard.a(pca9532.o)
 .text.pca9532_setBlink0Leds
                0x00000000       0x30 C:\Users\yongchenglow\Documents\LPCXpresso_6.1.4_194\workspace\ee2024Assignment2\Lib_EaBaseBoard\Debug\libLib_EaBaseBoard.a(pca9532.o)
 .text.pca9532_setBlink1Period
                0x00000000       0x30 C:\Users\yongchenglow\Documents\LPCXpresso_6.1.4_194\workspace\ee2024Assignment2\Lib_EaBaseBoard\Debug\libLib_EaBaseBoard.a(pca9532.o)
 .text.pca9532_setBlink1Duty
                0x00000000       0x58 C:\Users\yongchenglow\Documents\LPCXpresso_6.1.4_194\workspace\ee2024Assignment2\Lib_EaBaseBoard\Debug\libLib_EaBaseBoard.a(pca9532.o)
 .text.pca9532_setBlink1Leds
                0x00000000       0x30 C:\Users\yongchenglow\Documents\LPCXpresso_6.1.4_194\workspace\ee2024Assignment2\Lib_EaBaseBoard\Debug\libLib_EaBaseBoard.a(pca9532.o)
 .text          0x00000000        0x0 C:\Users\yongchenglow\Documents\LPCXpresso_6.1.4_194\workspace\ee2024Assignment2\Lib_EaBaseBoard\Debug\libLib_EaBaseBoard.a(rgb.o)
 .data          0x00000000        0x0 C:\Users\yongchenglow\Documents\LPCXpresso_6.1.4_194\workspace\ee2024Assignment2\Lib_EaBaseBoard\Debug\libLib_EaBaseBoard.a(rgb.o)
 .bss           0x00000000        0x0 C:\Users\yongchenglow\Documents\LPCXpresso_6.1.4_194\workspace\ee2024Assignment2\Lib_EaBaseBoard\Debug\libLib_EaBaseBoard.a(rgb.o)
 .text          0x00000000        0x0 C:\Users\yongchenglow\Documents\LPCXpresso_6.1.4_194\workspace\ee2024Assignment2\Lib_EaBaseBoard\Debug\libLib_EaBaseBoard.a(font5x7.o)
 .data          0x00000000        0x0 C:\Users\yongchenglow\Documents\LPCXpresso_6.1.4_194\workspace\ee2024Assignment2\Lib_EaBaseBoard\Debug\libLib_EaBaseBoard.a(font5x7.o)
 .bss           0x00000000        0x0 C:\Users\yongchenglow\Documents\LPCXpresso_6.1.4_194\workspace\ee2024Assignment2\Lib_EaBaseBoard\Debug\libLib_EaBaseBoard.a(font5x7.o)
 .rodata        0x00000000      0x300 C:\Users\yongchenglow\Documents\LPCXpresso_6.1.4_194\workspace\ee2024Assignment2\Lib_EaBaseBoard\Debug\libLib_EaBaseBoard.a(font5x7.o)
 .text          0x00000000        0x0 C:\Users\yongchenglow\Documents\LPCXpresso_6.1.4_194\workspace\ee2024Assignment2\Lib_MCU\Debug\libLib_MCU.a(lpc17xx_gpio.o)
 .data          0x00000000        0x0 C:\Users\yongchenglow\Documents\LPCXpresso_6.1.4_194\workspace\ee2024Assignment2\Lib_MCU\Debug\libLib_MCU.a(lpc17xx_gpio.o)
 .bss           0x00000000        0x0 C:\Users\yongchenglow\Documents\LPCXpresso_6.1.4_194\workspace\ee2024Assignment2\Lib_MCU\Debug\libLib_MCU.a(lpc17xx_gpio.o)
 .text.FIO_HalfWordGetPointer
                0x00000000       0x7c C:\Users\yongchenglow\Documents\LPCXpresso_6.1.4_194\workspace\ee2024Assignment2\Lib_MCU\Debug\libLib_MCU.a(lpc17xx_gpio.o)
 .text.FIO_ByteGetPointer
                0x00000000       0x7c C:\Users\yongchenglow\Documents\LPCXpresso_6.1.4_194\workspace\ee2024Assignment2\Lib_MCU\Debug\libLib_MCU.a(lpc17xx_gpio.o)
 .text.GPIO_ReadValue
                0x00000000       0x30 C:\Users\yongchenglow\Documents\LPCXpresso_6.1.4_194\workspace\ee2024Assignment2\Lib_MCU\Debug\libLib_MCU.a(lpc17xx_gpio.o)
 .text.FIO_SetDir
                0x00000000       0x28 C:\Users\yongchenglow\Documents\LPCXpresso_6.1.4_194\workspace\ee2024Assignment2\Lib_MCU\Debug\libLib_MCU.a(lpc17xx_gpio.o)
 .text.FIO_SetValue
                0x00000000       0x20 C:\Users\yongchenglow\Documents\LPCXpresso_6.1.4_194\workspace\ee2024Assignment2\Lib_MCU\Debug\libLib_MCU.a(lpc17xx_gpio.o)
 .text.FIO_ClearValue
                0x00000000       0x20 C:\Users\yongchenglow\Documents\LPCXpresso_6.1.4_194\workspace\ee2024Assignment2\Lib_MCU\Debug\libLib_MCU.a(lpc17xx_gpio.o)
 .text.FIO_ReadValue
                0x00000000       0x20 C:\Users\yongchenglow\Documents\LPCXpresso_6.1.4_194\workspace\ee2024Assignment2\Lib_MCU\Debug\libLib_MCU.a(lpc17xx_gpio.o)
 .text.FIO_SetMask
                0x00000000       0x54 C:\Users\yongchenglow\Documents\LPCXpresso_6.1.4_194\workspace\ee2024Assignment2\Lib_MCU\Debug\libLib_MCU.a(lpc17xx_gpio.o)
 .text.FIO_HalfWordSetDir
                0x00000000       0x94 C:\Users\yongchenglow\Documents\LPCXpresso_6.1.4_194\workspace\ee2024Assignment2\Lib_MCU\Debug\libLib_MCU.a(lpc17xx_gpio.o)
 .text.FIO_HalfWordSetMask
                0x00000000       0x94 C:\Users\yongchenglow\Documents\LPCXpresso_6.1.4_194\workspace\ee2024Assignment2\Lib_MCU\Debug\libLib_MCU.a(lpc17xx_gpio.o)
 .text.FIO_HalfWordSetValue
                0x00000000       0x40 C:\Users\yongchenglow\Documents\LPCXpresso_6.1.4_194\workspace\ee2024Assignment2\Lib_MCU\Debug\libLib_MCU.a(lpc17xx_gpio.o)
 .text.FIO_HalfWordClearValue
                0x00000000       0x40 C:\Users\yongchenglow\Documents\LPCXpresso_6.1.4_194\workspace\ee2024Assignment2\Lib_MCU\Debug\libLib_MCU.a(lpc17xx_gpio.o)
 .text.FIO_HalfWordReadValue
                0x00000000       0x44 C:\Users\yongchenglow\Documents\LPCXpresso_6.1.4_194\workspace\ee2024Assignment2\Lib_MCU\Debug\libLib_MCU.a(lpc17xx_gpio.o)
 .text.FIO_ByteSetDir
                0x00000000       0x70 C:\Users\yongchenglow\Documents\LPCXpresso_6.1.4_194\workspace\ee2024Assignment2\Lib_MCU\Debug\libLib_MCU.a(lpc17xx_gpio.o)
 .text.FIO_ByteSetMask
                0x00000000       0x78 C:\Users\yongchenglow\Documents\LPCXpresso_6.1.4_194\workspace\ee2024Assignment2\Lib_MCU\Debug\libLib_MCU.a(lpc17xx_gpio.o)
 .text.FIO_ByteSetValue
                0x00000000       0x3c C:\Users\yongchenglow\Documents\LPCXpresso_6.1.4_194\workspace\ee2024Assignment2\Lib_MCU\Debug\libLib_MCU.a(lpc17xx_gpio.o)
 .text.FIO_ByteClearValue
                0x00000000       0x3c C:\Users\yongchenglow\Documents\LPCXpresso_6.1.4_194\workspace\ee2024Assignment2\Lib_MCU\Debug\libLib_MCU.a(lpc17xx_gpio.o)
 .text.FIO_ByteReadValue
                0x00000000       0x40 C:\Users\yongchenglow\Documents\LPCXpresso_6.1.4_194\workspace\ee2024Assignment2\Lib_MCU\Debug\libLib_MCU.a(lpc17xx_gpio.o)
 .text          0x00000000        0x0 C:\Users\yongchenglow\Documents\LPCXpresso_6.1.4_194\workspace\ee2024Assignment2\Lib_MCU\Debug\libLib_MCU.a(lpc17xx_i2c.o)
 .data          0x00000000        0x0 C:\Users\yongchenglow\Documents\LPCXpresso_6.1.4_194\workspace\ee2024Assignment2\Lib_MCU\Debug\libLib_MCU.a(lpc17xx_i2c.o)
 .text.I2C_SlaveHandler
                0x00000000      0x1e4 C:\Users\yongchenglow\Documents\LPCXpresso_6.1.4_194\workspace\ee2024Assignment2\Lib_MCU\Debug\libLib_MCU.a(lpc17xx_i2c.o)
 .text.I2C_DeInit
                0x00000000       0xa4 C:\Users\yongchenglow\Documents\LPCXpresso_6.1.4_194\workspace\ee2024Assignment2\Lib_MCU\Debug\libLib_MCU.a(lpc17xx_i2c.o)
 .text.I2C_SlaveTransferData
                0x00000000      0x2a4 C:\Users\yongchenglow\Documents\LPCXpresso_6.1.4_194\workspace\ee2024Assignment2\Lib_MCU\Debug\libLib_MCU.a(lpc17xx_i2c.o)
 .text.I2C_SetOwnSlaveAddr
                0x00000000      0x114 C:\Users\yongchenglow\Documents\LPCXpresso_6.1.4_194\workspace\ee2024Assignment2\Lib_MCU\Debug\libLib_MCU.a(lpc17xx_i2c.o)
 .text.I2C_MonitorModeConfig
                0x00000000       0x98 C:\Users\yongchenglow\Documents\LPCXpresso_6.1.4_194\workspace\ee2024Assignment2\Lib_MCU\Debug\libLib_MCU.a(lpc17xx_i2c.o)
 .text.I2C_MonitorModeCmd
                0x00000000       0x8c C:\Users\yongchenglow\Documents\LPCXpresso_6.1.4_194\workspace\ee2024Assignment2\Lib_MCU\Debug\libLib_MCU.a(lpc17xx_i2c.o)
 .text.I2C_MonitorGetDatabuffer
                0x00000000       0x54 C:\Users\yongchenglow\Documents\LPCXpresso_6.1.4_194\workspace\ee2024Assignment2\Lib_MCU\Debug\libLib_MCU.a(lpc17xx_i2c.o)
 .text.I2C0_StdIntHandler
                0x00000000       0x1c C:\Users\yongchenglow\Documents\LPCXpresso_6.1.4_194\workspace\ee2024Assignment2\Lib_MCU\Debug\libLib_MCU.a(lpc17xx_i2c.o)
 .text.I2C1_StdIntHandler
                0x00000000       0x1c C:\Users\yongchenglow\Documents\LPCXpresso_6.1.4_194\workspace\ee2024Assignment2\Lib_MCU\Debug\libLib_MCU.a(lpc17xx_i2c.o)
 .text.I2C2_StdIntHandler
                0x00000000       0x1c C:\Users\yongchenglow\Documents\LPCXpresso_6.1.4_194\workspace\ee2024Assignment2\Lib_MCU\Debug\libLib_MCU.a(lpc17xx_i2c.o)
 .text          0x00000000        0x0 C:\Users\yongchenglow\Documents\LPCXpresso_6.1.4_194\workspace\ee2024Assignment2\Lib_MCU\Debug\libLib_MCU.a(lpc17xx_pinsel.o)
 .data          0x00000000        0x0 C:\Users\yongchenglow\Documents\LPCXpresso_6.1.4_194\workspace\ee2024Assignment2\Lib_MCU\Debug\libLib_MCU.a(lpc17xx_pinsel.o)
 .bss           0x00000000        0x0 C:\Users\yongchenglow\Documents\LPCXpresso_6.1.4_194\workspace\ee2024Assignment2\Lib_MCU\Debug\libLib_MCU.a(lpc17xx_pinsel.o)
 .text.PINSEL_ConfigTraceFunc
                0x00000000       0x54 C:\Users\yongchenglow\Documents\LPCXpresso_6.1.4_194\workspace\ee2024Assignment2\Lib_MCU\Debug\libLib_MCU.a(lpc17xx_pinsel.o)
 .text.PINSEL_SetI2C0Pins
                0x00000000       0x3c C:\Users\yongchenglow\Documents\LPCXpresso_6.1.4_194\workspace\ee2024Assignment2\Lib_MCU\Debug\libLib_MCU.a(lpc17xx_pinsel.o)
 .text          0x00000000        0x0 C:\Users\yongchenglow\Documents\LPCXpresso_6.1.4_194\workspace\ee2024Assignment2\Lib_MCU\Debug\libLib_MCU.a(lpc17xx_ssp.o)
 .data          0x00000000        0x0 C:\Users\yongchenglow\Documents\LPCXpresso_6.1.4_194\workspace\ee2024Assignment2\Lib_MCU\Debug\libLib_MCU.a(lpc17xx_ssp.o)
 .text.SSP_DeInit
                0x00000000       0x74 C:\Users\yongchenglow\Documents\LPCXpresso_6.1.4_194\workspace\ee2024Assignment2\Lib_MCU\Debug\libLib_MCU.a(lpc17xx_ssp.o)
 .text.SSP_LoopBackCmd
                0x00000000       0x7c C:\Users\yongchenglow\Documents\LPCXpresso_6.1.4_194\workspace\ee2024Assignment2\Lib_MCU\Debug\libLib_MCU.a(lpc17xx_ssp.o)
 .text.SSP_SlaveOutputCmd
                0x00000000       0x7c C:\Users\yongchenglow\Documents\LPCXpresso_6.1.4_194\workspace\ee2024Assignment2\Lib_MCU\Debug\libLib_MCU.a(lpc17xx_ssp.o)
 .text.SSP_GetStatus
                0x00000000       0x84 C:\Users\yongchenglow\Documents\LPCXpresso_6.1.4_194\workspace\ee2024Assignment2\Lib_MCU\Debug\libLib_MCU.a(lpc17xx_ssp.o)
 .text.SSP_IntConfig
                0x00000000       0x98 C:\Users\yongchenglow\Documents\LPCXpresso_6.1.4_194\workspace\ee2024Assignment2\Lib_MCU\Debug\libLib_MCU.a(lpc17xx_ssp.o)
 .text.SSP_GetRawIntStatus
                0x00000000       0x7c C:\Users\yongchenglow\Documents\LPCXpresso_6.1.4_194\workspace\ee2024Assignment2\Lib_MCU\Debug\libLib_MCU.a(lpc17xx_ssp.o)
 .text.SSP_GetIntStatus
                0x00000000       0x7c C:\Users\yongchenglow\Documents\LPCXpresso_6.1.4_194\workspace\ee2024Assignment2\Lib_MCU\Debug\libLib_MCU.a(lpc17xx_ssp.o)
 .text.SSP_ClearIntPending
                0x00000000       0x60 C:\Users\yongchenglow\Documents\LPCXpresso_6.1.4_194\workspace\ee2024Assignment2\Lib_MCU\Debug\libLib_MCU.a(lpc17xx_ssp.o)
 .text.SSP_DMACmd
                0x00000000       0xa8 C:\Users\yongchenglow\Documents\LPCXpresso_6.1.4_194\workspace\ee2024Assignment2\Lib_MCU\Debug\libLib_MCU.a(lpc17xx_ssp.o)
 .text.SSP0_StdIntHandler
                0x00000000       0x1c C:\Users\yongchenglow\Documents\LPCXpresso_6.1.4_194\workspace\ee2024Assignment2\Lib_MCU\Debug\libLib_MCU.a(lpc17xx_ssp.o)
 .text.SSP1_StdIntHandler
                0x00000000       0x1c C:\Users\yongchenglow\Documents\LPCXpresso_6.1.4_194\workspace\ee2024Assignment2\Lib_MCU\Debug\libLib_MCU.a(lpc17xx_ssp.o)
 .text          0x00000000        0x0 C:\Users\yongchenglow\Documents\LPCXpresso_6.1.4_194\workspace\ee2024Assignment2\Lib_MCU\Debug\libLib_MCU.a(lpc17xx_timer.o)
 .data          0x00000000        0x0 C:\Users\yongchenglow\Documents\LPCXpresso_6.1.4_194\workspace\ee2024Assignment2\Lib_MCU\Debug\libLib_MCU.a(lpc17xx_timer.o)
 .bss           0x00000000        0x0 C:\Users\yongchenglow\Documents\LPCXpresso_6.1.4_194\workspace\ee2024Assignment2\Lib_MCU\Debug\libLib_MCU.a(lpc17xx_timer.o)
 .text.TIM_GetPClock
                0x00000000       0x68 C:\Users\yongchenglow\Documents\LPCXpresso_6.1.4_194\workspace\ee2024Assignment2\Lib_MCU\Debug\libLib_MCU.a(lpc17xx_timer.o)
 .text.TIM_ConverUSecToVal
                0x00000000       0x64 C:\Users\yongchenglow\Documents\LPCXpresso_6.1.4_194\workspace\ee2024Assignment2\Lib_MCU\Debug\libLib_MCU.a(lpc17xx_timer.o)
 .text.TIM_ConverPtrToTimeNum
                0x00000000       0x6c C:\Users\yongchenglow\Documents\LPCXpresso_6.1.4_194\workspace\ee2024Assignment2\Lib_MCU\Debug\libLib_MCU.a(lpc17xx_timer.o)
 .rodata        0x00000000       0x18 C:\Users\yongchenglow\Documents\LPCXpresso_6.1.4_194\workspace\ee2024Assignment2\Lib_MCU\Debug\libLib_MCU.a(lpc17xx_timer.o)
 .text.TIM_GetIntStatus
                0x00000000       0xb4 C:\Users\yongchenglow\Documents\LPCXpresso_6.1.4_194\workspace\ee2024Assignment2\Lib_MCU\Debug\libLib_MCU.a(lpc17xx_timer.o)
 .text.TIM_GetIntCaptureStatus
                0x00000000       0xb8 C:\Users\yongchenglow\Documents\LPCXpresso_6.1.4_194\workspace\ee2024Assignment2\Lib_MCU\Debug\libLib_MCU.a(lpc17xx_timer.o)
 .text.TIM_ClearIntPending
                0x00000000       0xa0 C:\Users\yongchenglow\Documents\LPCXpresso_6.1.4_194\workspace\ee2024Assignment2\Lib_MCU\Debug\libLib_MCU.a(lpc17xx_timer.o)
 .text.TIM_ClearIntCapturePending
                0x00000000       0xa4 C:\Users\yongchenglow\Documents\LPCXpresso_6.1.4_194\workspace\ee2024Assignment2\Lib_MCU\Debug\libLib_MCU.a(lpc17xx_timer.o)
 .text.TIM_ConfigStructInit
                0x00000000       0x40 C:\Users\yongchenglow\Documents\LPCXpresso_6.1.4_194\workspace\ee2024Assignment2\Lib_MCU\Debug\libLib_MCU.a(lpc17xx_timer.o)
 .text.TIM_Init
                0x00000000      0x1bc C:\Users\yongchenglow\Documents\LPCXpresso_6.1.4_194\workspace\ee2024Assignment2\Lib_MCU\Debug\libLib_MCU.a(lpc17xx_timer.o)
 .text.TIM_DeInit
                0x00000000       0xc4 C:\Users\yongchenglow\Documents\LPCXpresso_6.1.4_194\workspace\ee2024Assignment2\Lib_MCU\Debug\libLib_MCU.a(lpc17xx_timer.o)
 .text.TIM_Cmd  0x00000000       0x78 C:\Users\yongchenglow\Documents\LPCXpresso_6.1.4_194\workspace\ee2024Assignment2\Lib_MCU\Debug\libLib_MCU.a(lpc17xx_timer.o)
 .text.TIM_ResetCounter
                0x00000000       0x6c C:\Users\yongchenglow\Documents\LPCXpresso_6.1.4_194\workspace\ee2024Assignment2\Lib_MCU\Debug\libLib_MCU.a(lpc17xx_timer.o)
 .text.TIM_ConfigMatch
                0x00000000      0x19c C:\Users\yongchenglow\Documents\LPCXpresso_6.1.4_194\workspace\ee2024Assignment2\Lib_MCU\Debug\libLib_MCU.a(lpc17xx_timer.o)
 .text.TIM_ConfigCapture
                0x00000000      0x108 C:\Users\yongchenglow\Documents\LPCXpresso_6.1.4_194\workspace\ee2024Assignment2\Lib_MCU\Debug\libLib_MCU.a(lpc17xx_timer.o)
 .text.TIM_GetCaptureValue
                0x00000000       0x84 C:\Users\yongchenglow\Documents\LPCXpresso_6.1.4_194\workspace\ee2024Assignment2\Lib_MCU\Debug\libLib_MCU.a(lpc17xx_timer.o)
 .text.Timer0_Wait
                0x00000000       0x8c C:\Users\yongchenglow\Documents\LPCXpresso_6.1.4_194\workspace\ee2024Assignment2\Lib_MCU\Debug\libLib_MCU.a(lpc17xx_timer.o)
 .text.Timer0_us_Wait
                0x00000000       0x8c C:\Users\yongchenglow\Documents\LPCXpresso_6.1.4_194\workspace\ee2024Assignment2\Lib_MCU\Debug\libLib_MCU.a(lpc17xx_timer.o)
 .text          0x00000000        0x0 C:\Users\yongchenglow\Documents\LPCXpresso_6.1.4_194\workspace\ee2024Assignment2\Lib_MCU\Debug\libLib_MCU.a(lpc17xx_clkpwr.o)
 .data          0x00000000        0x0 C:\Users\yongchenglow\Documents\LPCXpresso_6.1.4_194\workspace\ee2024Assignment2\Lib_MCU\Debug\libLib_MCU.a(lpc17xx_clkpwr.o)
 .bss           0x00000000        0x0 C:\Users\yongchenglow\Documents\LPCXpresso_6.1.4_194\workspace\ee2024Assignment2\Lib_MCU\Debug\libLib_MCU.a(lpc17xx_clkpwr.o)
 .text.__WFI    0x00000000        0xc C:\Users\yongchenglow\Documents\LPCXpresso_6.1.4_194\workspace\ee2024Assignment2\Lib_MCU\Debug\libLib_MCU.a(lpc17xx_clkpwr.o)
 .text.CLKPWR_Sleep
                0x00000000       0x1c C:\Users\yongchenglow\Documents\LPCXpresso_6.1.4_194\workspace\ee2024Assignment2\Lib_MCU\Debug\libLib_MCU.a(lpc17xx_clkpwr.o)
 .text.CLKPWR_DeepSleep
                0x00000000       0x28 C:\Users\yongchenglow\Documents\LPCXpresso_6.1.4_194\workspace\ee2024Assignment2\Lib_MCU\Debug\libLib_MCU.a(lpc17xx_clkpwr.o)
 .text.CLKPWR_PowerDown
                0x00000000       0x28 C:\Users\yongchenglow\Documents\LPCXpresso_6.1.4_194\workspace\ee2024Assignment2\Lib_MCU\Debug\libLib_MCU.a(lpc17xx_clkpwr.o)
 .text.CLKPWR_DeepPowerDown
                0x00000000       0x28 C:\Users\yongchenglow\Documents\LPCXpresso_6.1.4_194\workspace\ee2024Assignment2\Lib_MCU\Debug\libLib_MCU.a(lpc17xx_clkpwr.o)
 .text          0x00000000       0x2c c:/nxp/lpcxpresso_6.1.4_194/lpcxpresso/tools/bin/../lib/gcc/arm-none-eabi/4.6.2/armv7-m\libgcc.a(_aeabi_uldivmod.o)
 .data          0x00000000        0x0 c:/nxp/lpcxpresso_6.1.4_194/lpcxpresso/tools/bin/../lib/gcc/arm-none-eabi/4.6.2/armv7-m\libgcc.a(_aeabi_uldivmod.o)
 .bss           0x00000000        0x0 c:/nxp/lpcxpresso_6.1.4_194/lpcxpresso/tools/bin/../lib/gcc/arm-none-eabi/4.6.2/armv7-m\libgcc.a(_aeabi_uldivmod.o)
 .text          0x00000000       0x5c c:/nxp/lpcxpresso_6.1.4_194/lpcxpresso/tools/bin/../lib/gcc/arm-none-eabi/4.6.2/armv7-m\libgcc.a(bpabi.o)
 .data          0x00000000        0x0 c:/nxp/lpcxpresso_6.1.4_194/lpcxpresso/tools/bin/../lib/gcc/arm-none-eabi/4.6.2/armv7-m\libgcc.a(bpabi.o)
 .bss           0x00000000        0x0 c:/nxp/lpcxpresso_6.1.4_194/lpcxpresso/tools/bin/../lib/gcc/arm-none-eabi/4.6.2/armv7-m\libgcc.a(bpabi.o)
 .text          0x00000000        0x4 c:/nxp/lpcxpresso_6.1.4_194/lpcxpresso/tools/bin/../lib/gcc/arm-none-eabi/4.6.2/armv7-m\libgcc.a(_dvmd_tls.o)
 .data          0x00000000        0x0 c:/nxp/lpcxpresso_6.1.4_194/lpcxpresso/tools/bin/../lib/gcc/arm-none-eabi/4.6.2/armv7-m\libgcc.a(_dvmd_tls.o)
 .bss           0x00000000        0x0 c:/nxp/lpcxpresso_6.1.4_194/lpcxpresso/tools/bin/../lib/gcc/arm-none-eabi/4.6.2/armv7-m\libgcc.a(_dvmd_tls.o)
 .text          0x00000000      0x2c8 c:/nxp/lpcxpresso_6.1.4_194/lpcxpresso/tools/bin/../lib/gcc/arm-none-eabi/4.6.2/armv7-m\libgcc.a(_divdi3.o)
 .data          0x00000000        0x0 c:/nxp/lpcxpresso_6.1.4_194/lpcxpresso/tools/bin/../lib/gcc/arm-none-eabi/4.6.2/armv7-m\libgcc.a(_divdi3.o)
 .bss           0x00000000        0x0 c:/nxp/lpcxpresso_6.1.4_194/lpcxpresso/tools/bin/../lib/gcc/arm-none-eabi/4.6.2/armv7-m\libgcc.a(_divdi3.o)
 .ARM.extab     0x00000000        0x0 c:/nxp/lpcxpresso_6.1.4_194/lpcxpresso/tools/bin/../lib/gcc/arm-none-eabi/4.6.2/armv7-m\libgcc.a(_divdi3.o)
 .ARM.exidx     0x00000000        0x8 c:/nxp/lpcxpresso_6.1.4_194/lpcxpresso/tools/bin/../lib/gcc/arm-none-eabi/4.6.2/armv7-m\libgcc.a(_divdi3.o)
 .text          0x00000000      0x298 c:/nxp/lpcxpresso_6.1.4_194/lpcxpresso/tools/bin/../lib/gcc/arm-none-eabi/4.6.2/armv7-m\libgcc.a(_udivdi3.o)
 .data          0x00000000        0x0 c:/nxp/lpcxpresso_6.1.4_194/lpcxpresso/tools/bin/../lib/gcc/arm-none-eabi/4.6.2/armv7-m\libgcc.a(_udivdi3.o)
 .bss           0x00000000        0x0 c:/nxp/lpcxpresso_6.1.4_194/lpcxpresso/tools/bin/../lib/gcc/arm-none-eabi/4.6.2/armv7-m\libgcc.a(_udivdi3.o)
 .ARM.extab     0x00000000        0x0 c:/nxp/lpcxpresso_6.1.4_194/lpcxpresso/tools/bin/../lib/gcc/arm-none-eabi/4.6.2/armv7-m\libgcc.a(_udivdi3.o)
 .ARM.exidx     0x00000000        0x8 c:/nxp/lpcxpresso_6.1.4_194/lpcxpresso/tools/bin/../lib/gcc/arm-none-eabi/4.6.2/armv7-m\libgcc.a(_udivdi3.o)
 .text          0x00000000        0x0 c:/nxp/lpcxpresso_6.1.4_194/lpcxpresso/tools/bin/../lib/gcc/arm-none-eabi/4.6.2/../../../../arm-none-eabi/lib/armv7-m\libc.a(lib_a-memset.o)
 .data          0x00000000        0x0 c:/nxp/lpcxpresso_6.1.4_194/lpcxpresso/tools/bin/../lib/gcc/arm-none-eabi/4.6.2/../../../../arm-none-eabi/lib/armv7-m\libc.a(lib_a-memset.o)
 .bss           0x00000000        0x0 c:/nxp/lpcxpresso_6.1.4_194/lpcxpresso/tools/bin/../lib/gcc/arm-none-eabi/4.6.2/../../../../arm-none-eabi/lib/armv7-m\libc.a(lib_a-memset.o)

Memory Configuration

Name             Origin             Length             Attributes
MFlash512        0x00000000         0x00080000         xr
RamLoc32         0x10000000         0x00008000         xrw
RamAHB32         0x2007c000         0x00008000         xrw
*default*        0x00000000         0xffffffff

Linker script and memory map

LOAD ./src/cr_startup_lpc17.o
LOAD ./src/main.o
LOAD C:\Users\yongchenglow\Documents\LPCXpresso_6.1.4_194\workspace\ee2024Assignment2\Lib_CMSISv1p30_LPC17xx\Debug\libCMSISv1p30_LPC17xx.a
LOAD C:\Users\yongchenglow\Documents\LPCXpresso_6.1.4_194\workspace\ee2024Assignment2\Lib_EaBaseBoard\Debug\libLib_EaBaseBoard.a
LOAD C:\Users\yongchenglow\Documents\LPCXpresso_6.1.4_194\workspace\ee2024Assignment2\Lib_MCU\Debug\libLib_MCU.a
START GROUP
LOAD c:/nxp/lpcxpresso_6.1.4_194/lpcxpresso/tools/bin/../lib/gcc/arm-none-eabi/4.6.2/armv7-m\libgcc.a
LOAD c:/nxp/lpcxpresso_6.1.4_194/lpcxpresso/tools/bin/../lib/gcc/arm-none-eabi/4.6.2/../../../../arm-none-eabi/lib/armv7-m\libc.a
LOAD c:/nxp/lpcxpresso_6.1.4_194/lpcxpresso/tools/bin/../lib/gcc/arm-none-eabi/4.6.2/../../../../arm-none-eabi/lib/armv7-m\libm.a
LOAD c:/nxp/lpcxpresso_6.1.4_194/lpcxpresso/tools/bin/../lib/gcc/arm-none-eabi/4.6.2/../../../../arm-none-eabi/lib/armv7-m\libcr_newlib_semihost.a
END GROUP
                0x00080000                __top_MFlash512 = 0x80000
                0x10008000                __top_RamLoc32 = 0x10008000
                0x20084000                __top_RamAHB32 = 0x20084000

.text           0x00000000     0x32f4
 FILL mask 0xff
                0x00000000                __vectors_start__ = ABSOLUTE (.)
 *(.isr_vector)
 .isr_vector    0x00000000       0xcc ./src/cr_startup_lpc17.o
                0x00000000                g_pfnVectors
                0x000000cc                . = ALIGN (0x4)
                0x000000cc                __section_table_start = .
                0x000000cc                __data_section_table = .
                0x000000cc        0x4 LONG 0x32f4 LOADADDR (.data)
                0x000000d0        0x4 LONG 0x10000000 ADDR (.data)
                0x000000d4        0x4 LONG 0xa0 SIZEOF (.data)
                0x000000d8        0x4 LONG 0x32f4 LOADADDR (.data_RAM2)
                0x000000dc        0x4 LONG 0x2007c000 ADDR (.data_RAM2)
                0x000000e0        0x4 LONG 0x0 SIZEOF (.data_RAM2)
                0x000000e4                __data_section_table_end = .
                0x000000e4                __bss_section_table = .
                0x000000e4        0x4 LONG 0x100000a0 ADDR (.bss)
                0x000000e8        0x4 LONG 0x354 SIZEOF (.bss)
                0x000000ec        0x4 LONG 0x2007c000 ADDR (.bss_RAM2)
                0x000000f0        0x4 LONG 0x0 SIZEOF (.bss_RAM2)
                0x000000f4                __bss_section_table_end = .
                0x000000f4                __section_table_end = .
 *(.after_vectors*)
 *(.text*)
 .text.ResetISR
                0x000000f4       0x68 ./src/cr_startup_lpc17.o
                0x000000f4                ResetISR
 .text.NMI_Handler
                0x0000015c        0x8 ./src/cr_startup_lpc17.o
                0x0000015c                NMI_Handler
 .text.HardFault_Handler
                0x00000164        0x8 ./src/cr_startup_lpc17.o
                0x00000164                HardFault_Handler
 .text.MemManage_Handler
                0x0000016c        0x8 ./src/cr_startup_lpc17.o
                0x0000016c                MemManage_Handler
 .text.BusFault_Handler
                0x00000174        0x8 ./src/cr_startup_lpc17.o
                0x00000174                BusFault_Handler
 .text.UsageFault_Handler
                0x0000017c        0x8 ./src/cr_startup_lpc17.o
                0x0000017c                UsageFault_Handler
 .text.SVCall_Handler
                0x00000184        0x8 ./src/cr_startup_lpc17.o
                0x00000184                SVCall_Handler
 .text.DebugMon_Handler
                0x0000018c        0x8 ./src/cr_startup_lpc17.o
                0x0000018c                DebugMon_Handler
 .text.PendSV_Handler
                0x00000194        0x8 ./src/cr_startup_lpc17.o
                0x00000194                PendSV_Handler
 .text.IntDefaultHandler
                0x0000019c        0x8 ./src/cr_startup_lpc17.o
                0x0000019c                TIMER2_IRQHandler
                0x0000019c                RIT_IRQHandler
                0x0000019c                I2C0_IRQHandler
                0x0000019c                USBActivity_IRQHandler
                0x0000019c                PWM1_IRQHandler
                0x0000019c                I2C1_IRQHandler
                0x0000019c                EINT2_IRQHandler
                0x0000019c                UART1_IRQHandler
                0x0000019c                EINT3_IRQHandler
                0x0000019c                CANActivity_IRQHandler
                0x0000019c                TIMER3_IRQHandler
                0x0000019c                UART0_IRQHandler
                0x0000019c                IntDefaultHandler
                0x0000019c                PLL0_IRQHandler
                0x0000019c                CAN_IRQHandler
                0x0000019c                PLL1_IRQHandler
                0x0000019c                SSP0_IRQHandler
                0x0000019c                I2S_IRQHandler
                0x0000019c                I2C2_IRQHandler
                0x0000019c                RTC_IRQHandler
                0x0000019c                TIMER0_IRQHandler
                0x0000019c                SPI_IRQHandler
                0x0000019c                EINT1_IRQHandler
                0x0000019c                TIMER1_IRQHandler
                0x0000019c                UART2_IRQHandler
                0x0000019c                ADC_IRQHandler
                0x0000019c                SSP1_IRQHandler
                0x0000019c                USB_IRQHandler
                0x0000019c                BOD_IRQHandler
                0x0000019c                WDT_IRQHandler
                0x0000019c                QEI_IRQHandler
                0x0000019c                EINT0_IRQHandler
                0x0000019c                DMA_IRQHandler
                0x0000019c                UART3_IRQHandler
                0x0000019c                MCPWM_IRQHandler
                0x0000019c                ENET_IRQHandler
 .text.NVIC_SetPriority
                0x000001a4       0x5c ./src/main.o
 .text.SysTick_Config
                0x00000200       0x64 ./src/main.o
 .text.moveBar  0x00000264       0xa8 ./src/main.o
 .text.init_ssp
                0x0000030c       0x98 ./src/main.o
 .text.init_i2c
                0x000003a4       0x5c ./src/main.o
 .text.init_GPIO
                0x00000400      0x100 ./src/main.o
 .text.SysTick_Handler
                0x00000500       0x24 ./src/main.o
                0x00000500                SysTick_Handler
 .text.getTicks
                0x00000524       0x18 ./src/main.o
 .text.run7Seg  0x0000053c       0x68 ./src/main.o
                0x0000053c                run7Seg
 .text.runBlinkRGB
                0x000005a4       0x5c ./src/main.o
                0x000005a4                runBlinkRGB
 .text.main     0x00000600      0x2ac ./src/main.o
                0x00000600                main
 .text.check_failed
                0x000008ac        0xc ./src/main.o
                0x000008ac                check_failed
 .text.SystemInit
                0x000008b8      0x22c C:\Users\yongchenglow\Documents\LPCXpresso_6.1.4_194\workspace\ee2024Assignment2\Lib_CMSISv1p30_LPC17xx\Debug\libCMSISv1p30_LPC17xx.a(system_LPC17xx.o)
                0x000008b8                SystemInit
 .text.I2CRead  0x00000ae4       0x5c C:\Users\yongchenglow\Documents\LPCXpresso_6.1.4_194\workspace\ee2024Assignment2\Lib_EaBaseBoard\Debug\libLib_EaBaseBoard.a(acc.o)
 .text.I2CWrite
                0x00000b40       0x5c C:\Users\yongchenglow\Documents\LPCXpresso_6.1.4_194\workspace\ee2024Assignment2\Lib_EaBaseBoard\Debug\libLib_EaBaseBoard.a(acc.o)
 .text.getStatus
                0x00000b9c       0x3c C:\Users\yongchenglow\Documents\LPCXpresso_6.1.4_194\workspace\ee2024Assignment2\Lib_EaBaseBoard\Debug\libLib_EaBaseBoard.a(acc.o)
 .text.setModeControl
                0x00000bd8       0x30 C:\Users\yongchenglow\Documents\LPCXpresso_6.1.4_194\workspace\ee2024Assignment2\Lib_EaBaseBoard\Debug\libLib_EaBaseBoard.a(acc.o)
 .text.acc_init
                0x00000c08       0x10 C:\Users\yongchenglow\Documents\LPCXpresso_6.1.4_194\workspace\ee2024Assignment2\Lib_EaBaseBoard\Debug\libLib_EaBaseBoard.a(acc.o)
                0x00000c08                acc_init
 .text.acc_read
                0x00000c18       0xbc C:\Users\yongchenglow\Documents\LPCXpresso_6.1.4_194\workspace\ee2024Assignment2\Lib_EaBaseBoard\Debug\libLib_EaBaseBoard.a(acc.o)
                0x00000c18                acc_read
 .text.joystick_init
                0x00000cd4       0x28 C:\Users\yongchenglow\Documents\LPCXpresso_6.1.4_194\workspace\ee2024Assignment2\Lib_EaBaseBoard\Debug\libLib_EaBaseBoard.a(joystick.o)
                0x00000cd4                joystick_init
 .text.led7seg_init
                0x00000cfc       0x24 C:\Users\yongchenglow\Documents\LPCXpresso_6.1.4_194\workspace\ee2024Assignment2\Lib_EaBaseBoard\Debug\libLib_EaBaseBoard.a(led7seg.o)
                0x00000cfc                led7seg_init
 .text.led7seg_setChar
                0x00000d20       0x88 C:\Users\yongchenglow\Documents\LPCXpresso_6.1.4_194\workspace\ee2024Assignment2\Lib_EaBaseBoard\Debug\libLib_EaBaseBoard.a(led7seg.o)
                0x00000d20                led7seg_setChar
 .text.I2CRead  0x00000da8       0x5c C:\Users\yongchenglow\Documents\LPCXpresso_6.1.4_194\workspace\ee2024Assignment2\Lib_EaBaseBoard\Debug\libLib_EaBaseBoard.a(light.o)
 .text.I2CWrite
                0x00000e04       0x5c C:\Users\yongchenglow\Documents\LPCXpresso_6.1.4_194\workspace\ee2024Assignment2\Lib_EaBaseBoard\Debug\libLib_EaBaseBoard.a(light.o)
 .text.light_enable
                0x00000e60       0x48 C:\Users\yongchenglow\Documents\LPCXpresso_6.1.4_194\workspace\ee2024Assignment2\Lib_EaBaseBoard\Debug\libLib_EaBaseBoard.a(light.o)
                0x00000e60                light_enable
 .text.light_read
                0x00000ea8       0x90 C:\Users\yongchenglow\Documents\LPCXpresso_6.1.4_194\workspace\ee2024Assignment2\Lib_EaBaseBoard\Debug\libLib_EaBaseBoard.a(light.o)
                0x00000ea8                light_read
 .text.writeCommand
                0x00000f38       0x60 C:\Users\yongchenglow\Documents\LPCXpresso_6.1.4_194\workspace\ee2024Assignment2\Lib_EaBaseBoard\Debug\libLib_EaBaseBoard.a(oled.o)
 .text.writeDataLen
                0x00000f98       0x8c C:\Users\yongchenglow\Documents\LPCXpresso_6.1.4_194\workspace\ee2024Assignment2\Lib_EaBaseBoard\Debug\libLib_EaBaseBoard.a(oled.o)
 .text.runInitSequence
                0x00001024      0x118 C:\Users\yongchenglow\Documents\LPCXpresso_6.1.4_194\workspace\ee2024Assignment2\Lib_EaBaseBoard\Debug\libLib_EaBaseBoard.a(oled.o)
 .text.oled_init
                0x0000113c       0x9c C:\Users\yongchenglow\Documents\LPCXpresso_6.1.4_194\workspace\ee2024Assignment2\Lib_EaBaseBoard\Debug\libLib_EaBaseBoard.a(oled.o)
                0x0000113c                oled_init
 .text.oled_clearScreen
                0x000011d8       0x74 C:\Users\yongchenglow\Documents\LPCXpresso_6.1.4_194\workspace\ee2024Assignment2\Lib_EaBaseBoard\Debug\libLib_EaBaseBoard.a(oled.o)
                0x000011d8                oled_clearScreen
 .text.I2CWrite
                0x0000124c       0x5c C:\Users\yongchenglow\Documents\LPCXpresso_6.1.4_194\workspace\ee2024Assignment2\Lib_EaBaseBoard\Debug\libLib_EaBaseBoard.a(pca9532.o)
 .text.setLsStates
                0x000012a8       0xc4 C:\Users\yongchenglow\Documents\LPCXpresso_6.1.4_194\workspace\ee2024Assignment2\Lib_EaBaseBoard\Debug\libLib_EaBaseBoard.a(pca9532.o)
 .text.setLeds  0x0000136c       0xa0 C:\Users\yongchenglow\Documents\LPCXpresso_6.1.4_194\workspace\ee2024Assignment2\Lib_EaBaseBoard\Debug\libLib_EaBaseBoard.a(pca9532.o)
 .text.pca9532_init
                0x0000140c        0xc C:\Users\yongchenglow\Documents\LPCXpresso_6.1.4_194\workspace\ee2024Assignment2\Lib_EaBaseBoard\Debug\libLib_EaBaseBoard.a(pca9532.o)
                0x0000140c                pca9532_init
 .text.pca9532_setLeds
                0x00001418       0xa0 C:\Users\yongchenglow\Documents\LPCXpresso_6.1.4_194\workspace\ee2024Assignment2\Lib_EaBaseBoard\Debug\libLib_EaBaseBoard.a(pca9532.o)
                0x00001418                pca9532_setLeds
 .text.rgb_init
                0x000014b8       0x38 C:\Users\yongchenglow\Documents\LPCXpresso_6.1.4_194\workspace\ee2024Assignment2\Lib_EaBaseBoard\Debug\libLib_EaBaseBoard.a(rgb.o)
                0x000014b8                rgb_init
 .text.rgb_setLeds
                0x000014f0       0x80 C:\Users\yongchenglow\Documents\LPCXpresso_6.1.4_194\workspace\ee2024Assignment2\Lib_EaBaseBoard\Debug\libLib_EaBaseBoard.a(rgb.o)
                0x000014f0                rgb_setLeds
 .text.GPIO_GetPointer
                0x00001570       0x7c C:\Users\yongchenglow\Documents\LPCXpresso_6.1.4_194\workspace\ee2024Assignment2\Lib_MCU\Debug\libLib_MCU.a(lpc17xx_gpio.o)
 .text.GPIO_SetDir
                0x000015ec       0x54 C:\Users\yongchenglow\Documents\LPCXpresso_6.1.4_194\workspace\ee2024Assignment2\Lib_MCU\Debug\libLib_MCU.a(lpc17xx_gpio.o)
                0x000015ec                GPIO_SetDir
 .text.GPIO_SetValue
                0x00001640       0x2c C:\Users\yongchenglow\Documents\LPCXpresso_6.1.4_194\workspace\ee2024Assignment2\Lib_MCU\Debug\libLib_MCU.a(lpc17xx_gpio.o)
                0x00001640                GPIO_SetValue
 .text.GPIO_ClearValue
                0x0000166c       0x2c C:\Users\yongchenglow\Documents\LPCXpresso_6.1.4_194\workspace\ee2024Assignment2\Lib_MCU\Debug\libLib_MCU.a(lpc17xx_gpio.o)
                0x0000166c                GPIO_ClearValue
 .text.NVIC_EnableIRQ
                0x00001698       0x38 C:\Users\yongchenglow\Documents\LPCXpresso_6.1.4_194\workspace\ee2024Assignment2\Lib_MCU\Debug\libLib_MCU.a(lpc17xx_i2c.o)
 .text.NVIC_DisableIRQ
                0x000016d0       0x3c C:\Users\yongchenglow\Documents\LPCXpresso_6.1.4_194\workspace\ee2024Assignment2\Lib_MCU\Debug\libLib_MCU.a(lpc17xx_i2c.o)
 .text.I2C_getNum
                0x0000170c       0x54 C:\Users\yongchenglow\Documents\LPCXpresso_6.1.4_194\workspace\ee2024Assignment2\Lib_MCU\Debug\libLib_MCU.a(lpc17xx_i2c.o)
 .text.I2C_Start
                0x00001760       0x44 C:\Users\yongchenglow\Documents\LPCXpresso_6.1.4_194\workspace\ee2024Assignment2\Lib_MCU\Debug\libLib_MCU.a(lpc17xx_i2c.o)
 .text.I2C_Stop
                0x000017a4       0x38 C:\Users\yongchenglow\Documents\LPCXpresso_6.1.4_194\workspace\ee2024Assignment2\Lib_MCU\Debug\libLib_MCU.a(lpc17xx_i2c.o)
 .text.I2C_SendByte
                0x000017dc       0x50 C:\Users\yongchenglow\Documents\LPCXpresso_6.1.4_194\workspace\ee2024Assignment2\Lib_MCU\Debug\libLib_MCU.a(lpc17xx_i2c.o)
 .text.I2C_GetByte
                0x0000182c       0x5c C:\Users\yongchenglow\Documents\LPCXpresso_6.1.4_194\workspace\ee2024Assignment2\Lib_MCU\Debug\libLib_MCU.a(lpc17xx_i2c.o)
 .text.I2C_IntCmd
                0x00001888       0xa8 C:\Users\yongchenglow\Documents\LPCXpresso_6.1.4_194\workspace\ee2024Assignment2\Lib_MCU\Debug\libLib_MCU.a(lpc17xx_i2c.o)
                0x00001888                I2C_IntCmd
 .text.I2C_MasterHandler
                0x00001930      0x408 C:\Users\yongchenglow\Documents\LPCXpresso_6.1.4_194\workspace\ee2024Assignment2\Lib_MCU\Debug\libLib_MCU.a(lpc17xx_i2c.o)
                0x00001930                I2C_MasterHandler
 .text.I2C_SetClock
                0x00001d38       0xc8 C:\Users\yongchenglow\Documents\LPCXpresso_6.1.4_194\workspace\ee2024Assignment2\Lib_MCU\Debug\libLib_MCU.a(lpc17xx_i2c.o)
                0x00001d38                I2C_SetClock
 .text.I2C_Init
                0x00001e00       0xd8 C:\Users\yongchenglow\Documents\LPCXpresso_6.1.4_194\workspace\ee2024Assignment2\Lib_MCU\Debug\libLib_MCU.a(lpc17xx_i2c.o)
                0x00001e00                I2C_Init
 .text.I2C_Cmd  0x00001ed8       0x84 C:\Users\yongchenglow\Documents\LPCXpresso_6.1.4_194\workspace\ee2024Assignment2\Lib_MCU\Debug\libLib_MCU.a(lpc17xx_i2c.o)
                0x00001ed8                I2C_Cmd
 .text.I2C_MasterTransferData
                0x00001f5c      0x390 C:\Users\yongchenglow\Documents\LPCXpresso_6.1.4_194\workspace\ee2024Assignment2\Lib_MCU\Debug\libLib_MCU.a(lpc17xx_i2c.o)
                0x00001f5c                I2C_MasterTransferData
 .text.PINSEL_SetPinFunc
                0x000022ec       0x9c C:\Users\yongchenglow\Documents\LPCXpresso_6.1.4_194\workspace\ee2024Assignment2\Lib_MCU\Debug\libLib_MCU.a(lpc17xx_pinsel.o)
                0x000022ec                PINSEL_SetPinFunc
 .text.PINSEL_SetResistorMode
                0x00002388       0x9c C:\Users\yongchenglow\Documents\LPCXpresso_6.1.4_194\workspace\ee2024Assignment2\Lib_MCU\Debug\libLib_MCU.a(lpc17xx_pinsel.o)
                0x00002388                PINSEL_SetResistorMode
 .text.PINSEL_SetOpenDrainMode
                0x00002424       0x7c C:\Users\yongchenglow\Documents\LPCXpresso_6.1.4_194\workspace\ee2024Assignment2\Lib_MCU\Debug\libLib_MCU.a(lpc17xx_pinsel.o)
                0x00002424                PINSEL_SetOpenDrainMode
 .text.PINSEL_ConfigPin
                0x000024a0       0x54 C:\Users\yongchenglow\Documents\LPCXpresso_6.1.4_194\workspace\ee2024Assignment2\Lib_MCU\Debug\libLib_MCU.a(lpc17xx_pinsel.o)
                0x000024a0                PINSEL_ConfigPin
 .text.SSP_getNum
                0x000024f4       0x40 C:\Users\yongchenglow\Documents\LPCXpresso_6.1.4_194\workspace\ee2024Assignment2\Lib_MCU\Debug\libLib_MCU.a(lpc17xx_ssp.o)
 .text.SSP_IntHandler
                0x00002534      0x338 C:\Users\yongchenglow\Documents\LPCXpresso_6.1.4_194\workspace\ee2024Assignment2\Lib_MCU\Debug\libLib_MCU.a(lpc17xx_ssp.o)
                0x00002534                SSP_IntHandler
 .text.SSP_SetClock
                0x0000286c       0xf8 C:\Users\yongchenglow\Documents\LPCXpresso_6.1.4_194\workspace\ee2024Assignment2\Lib_MCU\Debug\libLib_MCU.a(lpc17xx_ssp.o)
                0x0000286c                SSP_SetClock
 .text.SSP_Init
                0x00002964      0x10c C:\Users\yongchenglow\Documents\LPCXpresso_6.1.4_194\workspace\ee2024Assignment2\Lib_MCU\Debug\libLib_MCU.a(lpc17xx_ssp.o)
                0x00002964                SSP_Init
 .text.SSP_ConfigStructInit
                0x00002a70       0x48 C:\Users\yongchenglow\Documents\LPCXpresso_6.1.4_194\workspace\ee2024Assignment2\Lib_MCU\Debug\libLib_MCU.a(lpc17xx_ssp.o)
                0x00002a70                SSP_ConfigStructInit
 .text.SSP_Cmd  0x00002ab8       0x7c C:\Users\yongchenglow\Documents\LPCXpresso_6.1.4_194\workspace\ee2024Assignment2\Lib_MCU\Debug\libLib_MCU.a(lpc17xx_ssp.o)
                0x00002ab8                SSP_Cmd
 .text.SSP_SendData
                0x00002b34       0x48 C:\Users\yongchenglow\Documents\LPCXpresso_6.1.4_194\workspace\ee2024Assignment2\Lib_MCU\Debug\libLib_MCU.a(lpc17xx_ssp.o)
                0x00002b34                SSP_SendData
 .text.SSP_ReceiveData
                0x00002b7c       0x44 C:\Users\yongchenglow\Documents\LPCXpresso_6.1.4_194\workspace\ee2024Assignment2\Lib_MCU\Debug\libLib_MCU.a(lpc17xx_ssp.o)
                0x00002b7c                SSP_ReceiveData
 .text.SSP_ReadWrite
                0x00002bc0      0x440 C:\Users\yongchenglow\Documents\LPCXpresso_6.1.4_194\workspace\ee2024Assignment2\Lib_MCU\Debug\libLib_MCU.a(lpc17xx_ssp.o)
                0x00002bc0                SSP_ReadWrite
 .text.CLKPWR_SetPCLKDiv
                0x00003000       0xcc C:\Users\yongchenglow\Documents\LPCXpresso_6.1.4_194\workspace\ee2024Assignment2\Lib_MCU\Debug\libLib_MCU.a(lpc17xx_clkpwr.o)
                0x00003000                CLKPWR_SetPCLKDiv
 .text.CLKPWR_GetPCLKSEL
                0x000030cc       0x54 C:\Users\yongchenglow\Documents\LPCXpresso_6.1.4_194\workspace\ee2024Assignment2\Lib_MCU\Debug\libLib_MCU.a(lpc17xx_clkpwr.o)
                0x000030cc                CLKPWR_GetPCLKSEL
 .text.CLKPWR_GetPCLK
                0x00003120       0x74 C:\Users\yongchenglow\Documents\LPCXpresso_6.1.4_194\workspace\ee2024Assignment2\Lib_MCU\Debug\libLib_MCU.a(lpc17xx_clkpwr.o)
                0x00003120                CLKPWR_GetPCLK
 .text.CLKPWR_ConfigPPWR
                0x00003194       0x78 C:\Users\yongchenglow\Documents\LPCXpresso_6.1.4_194\workspace\ee2024Assignment2\Lib_MCU\Debug\libLib_MCU.a(lpc17xx_clkpwr.o)
                0x00003194                CLKPWR_ConfigPPWR
 .text.memset   0x0000320c       0x90 c:/nxp/lpcxpresso_6.1.4_194/lpcxpresso/tools/bin/../lib/gcc/arm-none-eabi/4.6.2/../../../../arm-none-eabi/lib/armv7-m\libc.a(lib_a-memset.o)
                0x0000320c                memset
 *(.rodata .rodata.* .constdata .constdata.*)
 .rodata        0x0000329c       0x28 ./src/main.o
                0x000032b0                displayValues
 .rodata        0x000032c4       0x18 C:\Users\yongchenglow\Documents\LPCXpresso_6.1.4_194\workspace\ee2024Assignment2\Lib_MCU\Debug\libLib_MCU.a(lpc17xx_i2c.o)
 .rodata        0x000032dc       0x18 C:\Users\yongchenglow\Documents\LPCXpresso_6.1.4_194\workspace\ee2024Assignment2\Lib_MCU\Debug\libLib_MCU.a(lpc17xx_ssp.o)
                0x000032f4                . = ALIGN (0x4)

.glue_7         0x000032f4        0x0
 .glue_7        0x00000000        0x0 linker stubs

.glue_7t        0x000032f4        0x0
 .glue_7t       0x00000000        0x0 linker stubs

.vfp11_veneer   0x000032f4        0x0
 .vfp11_veneer  0x00000000        0x0 linker stubs

.v4_bx          0x000032f4        0x0
 .v4_bx         0x00000000        0x0 linker stubs

.ARM.extab
 *(.ARM.extab* .gnu.linkonce.armextab.*)
                0x000032f4                __exidx_start = .

.ARM.exidx
 *(.ARM.exidx* .gnu.linkonce.armexidx.*)
                0x000032f4                __exidx_end = .
                0x000032f4                _etext = .

.data_RAM2      0x2007c000        0x0 load address 0x000032f4
 FILL mask 0xff
 *(.data.$RAM2*)
 *(.data.$RamAHB32*)
                0x2007c000                . = ALIGN (0x4)

.uninit_RESERVED
                0x10000000        0x0
 *(.bss.$RESERVED*)
                0x10000000                . = ALIGN (0x4)
                0x10000000                _end_uninit_RESERVED = .

.data           0x10000000       0xa0 load address 0x000032f4
 FILL mask 0xff
                0x10000000                _data = .
 *(vtable)
 *(.data*)
 .data          0x10000000       0x44 ./src/main.o
 .data          0x10000044        0x4 C:\Users\yongchenglow\Documents\LPCXpresso_6.1.4_194\workspace\ee2024Assignment2\Lib_CMSISv1p30_LPC17xx\Debug\libCMSISv1p30_LPC17xx.a(system_LPC17xx.o)
                0x10000044                SystemCoreClock
 .data          0x10000048       0x50 C:\Users\yongchenglow\Documents\LPCXpresso_6.1.4_194\workspace\ee2024Assignment2\Lib_EaBaseBoard\Debug\libLib_EaBaseBoard.a(led7seg.o)
 .data          0x10000098        0x8 C:\Users\yongchenglow\Documents\LPCXpresso_6.1.4_194\workspace\ee2024Assignment2\Lib_EaBaseBoard\Debug\libLib_EaBaseBoard.a(light.o)
                0x100000a0                . = ALIGN (0x4)
                0x100000a0                _edata = .

.bss_RAM2       0x2007c000        0x0
 *(.bss.$RAM2*)
 *(.bss.$RamAHB32*)
                0x2007c000                . = ALIGN (0x4)

.bss            0x100000a0      0x354
                0x100000a0                _bss = .
 *(.bss*)
 .bss           0x100000a0        0xc ./src/main.o
                0x100000a0                msTicks
 .bss           0x100000ac      0x300 C:\Users\yongchenglow\Documents\LPCXpresso_6.1.4_194\workspace\ee2024Assignment2\Lib_EaBaseBoard\Debug\libLib_EaBaseBoard.a(oled.o)
 .bss           0x100003ac        0x6 C:\Users\yongchenglow\Documents\LPCXpresso_6.1.4_194\workspace\ee2024Assignment2\Lib_EaBaseBoard\Debug\libLib_EaBaseBoard.a(pca9532.o)
 *fill*         0x100003b2        0x2 00
 .bss           0x100003b4       0x24 C:\Users\yongchenglow\Documents\LPCXpresso_6.1.4_194\workspace\ee2024Assignment2\Lib_MCU\Debug\libLib_MCU.a(lpc17xx_i2c.o)
 .bss           0x100003d8       0x18 C:\Users\yongchenglow\Documents\LPCXpresso_6.1.4_194\workspace\ee2024Assignment2\Lib_MCU\Debug\libLib_MCU.a(lpc17xx_ssp.o)
 *(COMMON)
 COMMON         0x100003f0        0x4 ./src/main.o
                0x100003f0                lightValue
                0x100003f4                . = ALIGN (0x4)
                0x100003f4                _ebss = .
                0x100003f4                PROVIDE (end, .)

.noinit_RAM2    0x2007c000        0x0
 *(.noinit.$RAM2*)
 *(.noinit.$RamAHB32*)
                0x2007c000                . = ALIGN (0x4)

.noinit         0x100003f4        0x0
                0x100003f4                _noinit = .
 *(.noinit*)
                0x100003f4                . = ALIGN (0x4)
                0x100003f4                _end_noinit = .
                0x100003f4                PROVIDE (_pvHeapStart, .)
                0x10008000                PROVIDE (_vStackTop, (__top_RamLoc32 - 0x0))
OUTPUT(Assignment2.axf elf32-littlearm)

.debug_info     0x00000000     0x6894
 .debug_info    0x00000000      0x209 ./src/cr_startup_lpc17.o
 .debug_info    0x00000209      0xd66 ./src/main.o
 .debug_info    0x00000f6f      0x357 C:\Users\yongchenglow\Documents\LPCXpresso_6.1.4_194\workspace\ee2024Assignment2\Lib_CMSISv1p30_LPC17xx\Debug\libCMSISv1p30_LPC17xx.a(system_LPC17xx.o)
 .debug_info    0x000012c6      0x53d C:\Users\yongchenglow\Documents\LPCXpresso_6.1.4_194\workspace\ee2024Assignment2\Lib_EaBaseBoard\Debug\libLib_EaBaseBoard.a(acc.o)
 .debug_info    0x00001803      0x10f C:\Users\yongchenglow\Documents\LPCXpresso_6.1.4_194\workspace\ee2024Assignment2\Lib_EaBaseBoard\Debug\libLib_EaBaseBoard.a(joystick.o)
 .debug_info    0x00001912      0x282 C:\Users\yongchenglow\Documents\LPCXpresso_6.1.4_194\workspace\ee2024Assignment2\Lib_EaBaseBoard\Debug\libLib_EaBaseBoard.a(led7seg.o)
 .debug_info    0x00001b94      0x763 C:\Users\yongchenglow\Documents\LPCXpresso_6.1.4_194\workspace\ee2024Assignment2\Lib_EaBaseBoard\Debug\libLib_EaBaseBoard.a(light.o)
 .debug_info    0x000022f7      0x97d C:\Users\yongchenglow\Documents\LPCXpresso_6.1.4_194\workspace\ee2024Assignment2\Lib_EaBaseBoard\Debug\libLib_EaBaseBoard.a(oled.o)
 .debug_info    0x00002c74      0x642 C:\Users\yongchenglow\Documents\LPCXpresso_6.1.4_194\workspace\ee2024Assignment2\Lib_EaBaseBoard\Debug\libLib_EaBaseBoard.a(pca9532.o)
 .debug_info    0x000032b6       0xe4 C:\Users\yongchenglow\Documents\LPCXpresso_6.1.4_194\workspace\ee2024Assignment2\Lib_EaBaseBoard\Debug\libLib_EaBaseBoard.a(rgb.o)
 .debug_info    0x0000339a       0x65 C:\Users\yongchenglow\Documents\LPCXpresso_6.1.4_194\workspace\ee2024Assignment2\Lib_EaBaseBoard\Debug\libLib_EaBaseBoard.a(font5x7.o)
 .debug_info    0x000033ff      0xb95 C:\Users\yongchenglow\Documents\LPCXpresso_6.1.4_194\workspace\ee2024Assignment2\Lib_MCU\Debug\libLib_MCU.a(lpc17xx_gpio.o)
 .debug_info    0x00003f94      0xcc3 C:\Users\yongchenglow\Documents\LPCXpresso_6.1.4_194\workspace\ee2024Assignment2\Lib_MCU\Debug\libLib_MCU.a(lpc17xx_i2c.o)
 .debug_info    0x00004c57      0x4b1 C:\Users\yongchenglow\Documents\LPCXpresso_6.1.4_194\workspace\ee2024Assignment2\Lib_MCU\Debug\libLib_MCU.a(lpc17xx_pinsel.o)
 .debug_info    0x00005108      0x867 C:\Users\yongchenglow\Documents\LPCXpresso_6.1.4_194\workspace\ee2024Assignment2\Lib_MCU\Debug\libLib_MCU.a(lpc17xx_ssp.o)
 .debug_info    0x0000596f      0x8e4 C:\Users\yongchenglow\Documents\LPCXpresso_6.1.4_194\workspace\ee2024Assignment2\Lib_MCU\Debug\libLib_MCU.a(lpc17xx_timer.o)
 .debug_info    0x00006253      0x641 C:\Users\yongchenglow\Documents\LPCXpresso_6.1.4_194\workspace\ee2024Assignment2\Lib_MCU\Debug\libLib_MCU.a(lpc17xx_clkpwr.o)

.debug_abbrev   0x00000000     0x171d
 .debug_abbrev  0x00000000       0xb4 ./src/cr_startup_lpc17.o
 .debug_abbrev  0x000000b4      0x26a ./src/main.o
 .debug_abbrev  0x0000031e       0xce C:\Users\yongchenglow\Documents\LPCXpresso_6.1.4_194\workspace\ee2024Assignment2\Lib_CMSISv1p30_LPC17xx\Debug\libCMSISv1p30_LPC17xx.a(system_LPC17xx.o)
 .debug_abbrev  0x000003ec      0x15c C:\Users\yongchenglow\Documents\LPCXpresso_6.1.4_194\workspace\ee2024Assignment2\Lib_EaBaseBoard\Debug\libLib_EaBaseBoard.a(acc.o)
 .debug_abbrev  0x00000548       0x90 C:\Users\yongchenglow\Documents\LPCXpresso_6.1.4_194\workspace\ee2024Assignment2\Lib_EaBaseBoard\Debug\libLib_EaBaseBoard.a(joystick.o)
 .debug_abbrev  0x000005d8      0x155 C:\Users\yongchenglow\Documents\LPCXpresso_6.1.4_194\workspace\ee2024Assignment2\Lib_EaBaseBoard\Debug\libLib_EaBaseBoard.a(led7seg.o)
 .debug_abbrev  0x0000072d      0x1bd C:\Users\yongchenglow\Documents\LPCXpresso_6.1.4_194\workspace\ee2024Assignment2\Lib_EaBaseBoard\Debug\libLib_EaBaseBoard.a(light.o)
 .debug_abbrev  0x000008ea      0x1f1 C:\Users\yongchenglow\Documents\LPCXpresso_6.1.4_194\workspace\ee2024Assignment2\Lib_EaBaseBoard\Debug\libLib_EaBaseBoard.a(oled.o)
 .debug_abbrev  0x00000adb      0x1aa C:\Users\yongchenglow\Documents\LPCXpresso_6.1.4_194\workspace\ee2024Assignment2\Lib_EaBaseBoard\Debug\libLib_EaBaseBoard.a(pca9532.o)
 .debug_abbrev  0x00000c85       0x8e C:\Users\yongchenglow\Documents\LPCXpresso_6.1.4_194\workspace\ee2024Assignment2\Lib_EaBaseBoard\Debug\libLib_EaBaseBoard.a(rgb.o)
 .debug_abbrev  0x00000d13       0x4b C:\Users\yongchenglow\Documents\LPCXpresso_6.1.4_194\workspace\ee2024Assignment2\Lib_EaBaseBoard\Debug\libLib_EaBaseBoard.a(font5x7.o)
 .debug_abbrev  0x00000d5e      0x185 C:\Users\yongchenglow\Documents\LPCXpresso_6.1.4_194\workspace\ee2024Assignment2\Lib_MCU\Debug\libLib_MCU.a(lpc17xx_gpio.o)
 .debug_abbrev  0x00000ee3      0x24a C:\Users\yongchenglow\Documents\LPCXpresso_6.1.4_194\workspace\ee2024Assignment2\Lib_MCU\Debug\libLib_MCU.a(lpc17xx_i2c.o)
 .debug_abbrev  0x0000112d      0x10a C:\Users\yongchenglow\Documents\LPCXpresso_6.1.4_194\workspace\ee2024Assignment2\Lib_MCU\Debug\libLib_MCU.a(lpc17xx_pinsel.o)
 .debug_abbrev  0x00001237      0x1d3 C:\Users\yongchenglow\Documents\LPCXpresso_6.1.4_194\workspace\ee2024Assignment2\Lib_MCU\Debug\libLib_MCU.a(lpc17xx_ssp.o)
 .debug_abbrev  0x0000140a      0x19f C:\Users\yongchenglow\Documents\LPCXpresso_6.1.4_194\workspace\ee2024Assignment2\Lib_MCU\Debug\libLib_MCU.a(lpc17xx_timer.o)
 .debug_abbrev  0x000015a9      0x174 C:\Users\yongchenglow\Documents\LPCXpresso_6.1.4_194\workspace\ee2024Assignment2\Lib_MCU\Debug\libLib_MCU.a(lpc17xx_clkpwr.o)

.debug_loc      0x00000000     0x2782
 .debug_loc     0x00000000      0x1f0 ./src/cr_startup_lpc17.o
 .debug_loc     0x000001f0      0x3d8 ./src/main.o
 .debug_loc     0x000005c8       0x58 C:\Users\yongchenglow\Documents\LPCXpresso_6.1.4_194\workspace\ee2024Assignment2\Lib_CMSISv1p30_LPC17xx\Debug\libCMSISv1p30_LPC17xx.a(system_LPC17xx.o)
 .debug_loc     0x00000620      0x1f0 C:\Users\yongchenglow\Documents\LPCXpresso_6.1.4_194\workspace\ee2024Assignment2\Lib_EaBaseBoard\Debug\libLib_EaBaseBoard.a(acc.o)
 .debug_loc     0x00000810       0x64 C:\Users\yongchenglow\Documents\LPCXpresso_6.1.4_194\workspace\ee2024Assignment2\Lib_EaBaseBoard\Debug\libLib_EaBaseBoard.a(joystick.o)
 .debug_loc     0x00000874       0x64 C:\Users\yongchenglow\Documents\LPCXpresso_6.1.4_194\workspace\ee2024Assignment2\Lib_EaBaseBoard\Debug\libLib_EaBaseBoard.a(led7seg.o)
 .debug_loc     0x000008d8      0x378 C:\Users\yongchenglow\Documents\LPCXpresso_6.1.4_194\workspace\ee2024Assignment2\Lib_EaBaseBoard\Debug\libLib_EaBaseBoard.a(light.o)
 .debug_loc     0x00000c50      0x33e C:\Users\yongchenglow\Documents\LPCXpresso_6.1.4_194\workspace\ee2024Assignment2\Lib_EaBaseBoard\Debug\libLib_EaBaseBoard.a(oled.o)
 .debug_loc     0x00000f8e      0x2d0 C:\Users\yongchenglow\Documents\LPCXpresso_6.1.4_194\workspace\ee2024Assignment2\Lib_EaBaseBoard\Debug\libLib_EaBaseBoard.a(pca9532.o)
 .debug_loc     0x0000125e       0x64 C:\Users\yongchenglow\Documents\LPCXpresso_6.1.4_194\workspace\ee2024Assignment2\Lib_EaBaseBoard\Debug\libLib_EaBaseBoard.a(rgb.o)
 .debug_loc     0x000012c2      0x4d0 C:\Users\yongchenglow\Documents\LPCXpresso_6.1.4_194\workspace\ee2024Assignment2\Lib_MCU\Debug\libLib_MCU.a(lpc17xx_gpio.o)
 .debug_loc     0x00001792      0x4e4 C:\Users\yongchenglow\Documents\LPCXpresso_6.1.4_194\workspace\ee2024Assignment2\Lib_MCU\Debug\libLib_MCU.a(lpc17xx_i2c.o)
 .debug_loc     0x00001c76      0x150 C:\Users\yongchenglow\Documents\LPCXpresso_6.1.4_194\workspace\ee2024Assignment2\Lib_MCU\Debug\libLib_MCU.a(lpc17xx_pinsel.o)
 .debug_loc     0x00001dc6      0x448 C:\Users\yongchenglow\Documents\LPCXpresso_6.1.4_194\workspace\ee2024Assignment2\Lib_MCU\Debug\libLib_MCU.a(lpc17xx_ssp.o)
 .debug_loc     0x0000220e      0x3b8 C:\Users\yongchenglow\Documents\LPCXpresso_6.1.4_194\workspace\ee2024Assignment2\Lib_MCU\Debug\libLib_MCU.a(lpc17xx_timer.o)
 .debug_loc     0x000025c6      0x1bc C:\Users\yongchenglow\Documents\LPCXpresso_6.1.4_194\workspace\ee2024Assignment2\Lib_MCU\Debug\libLib_MCU.a(lpc17xx_clkpwr.o)

.debug_aranges  0x00000000      0x758
 .debug_aranges
                0x00000000       0x70 ./src/cr_startup_lpc17.o
 .debug_aranges
                0x00000070       0xa8 ./src/main.o
 .debug_aranges
                0x00000118       0x28 C:\Users\yongchenglow\Documents\LPCXpresso_6.1.4_194\workspace\ee2024Assignment2\Lib_CMSISv1p30_LPC17xx\Debug\libCMSISv1p30_LPC17xx.a(system_LPC17xx.o)
 .debug_aranges
                0x00000140       0x60 C:\Users\yongchenglow\Documents\LPCXpresso_6.1.4_194\workspace\ee2024Assignment2\Lib_EaBaseBoard\Debug\libLib_EaBaseBoard.a(acc.o)
 .debug_aranges
                0x000001a0       0x28 C:\Users\yongchenglow\Documents\LPCXpresso_6.1.4_194\workspace\ee2024Assignment2\Lib_EaBaseBoard\Debug\libLib_EaBaseBoard.a(joystick.o)
 .debug_aranges
                0x000001c8       0x28 C:\Users\yongchenglow\Documents\LPCXpresso_6.1.4_194\workspace\ee2024Assignment2\Lib_EaBaseBoard\Debug\libLib_EaBaseBoard.a(led7seg.o)
 .debug_aranges
                0x000001f0       0x98 C:\Users\yongchenglow\Documents\LPCXpresso_6.1.4_194\workspace\ee2024Assignment2\Lib_EaBaseBoard\Debug\libLib_EaBaseBoard.a(light.o)
 .debug_aranges
                0x00000288       0x90 C:\Users\yongchenglow\Documents\LPCXpresso_6.1.4_194\workspace\ee2024Assignment2\Lib_EaBaseBoard\Debug\libLib_EaBaseBoard.a(oled.o)
 .debug_aranges
                0x00000318       0x80 C:\Users\yongchenglow\Documents\LPCXpresso_6.1.4_194\workspace\ee2024Assignment2\Lib_EaBaseBoard\Debug\libLib_EaBaseBoard.a(pca9532.o)
 .debug_aranges
                0x00000398       0x28 C:\Users\yongchenglow\Documents\LPCXpresso_6.1.4_194\workspace\ee2024Assignment2\Lib_EaBaseBoard\Debug\libLib_EaBaseBoard.a(rgb.o)
 .debug_aranges
                0x000003c0       0xc8 C:\Users\yongchenglow\Documents\LPCXpresso_6.1.4_194\workspace\ee2024Assignment2\Lib_MCU\Debug\libLib_MCU.a(lpc17xx_gpio.o)
 .debug_aranges
                0x00000488       0xd0 C:\Users\yongchenglow\Documents\LPCXpresso_6.1.4_194\workspace\ee2024Assignment2\Lib_MCU\Debug\libLib_MCU.a(lpc17xx_i2c.o)
 .debug_aranges
                0x00000558       0x48 C:\Users\yongchenglow\Documents\LPCXpresso_6.1.4_194\workspace\ee2024Assignment2\Lib_MCU\Debug\libLib_MCU.a(lpc17xx_pinsel.o)
 .debug_aranges
                0x000005a0       0xb8 C:\Users\yongchenglow\Documents\LPCXpresso_6.1.4_194\workspace\ee2024Assignment2\Lib_MCU\Debug\libLib_MCU.a(lpc17xx_ssp.o)
 .debug_aranges
                0x00000658       0xa0 C:\Users\yongchenglow\Documents\LPCXpresso_6.1.4_194\workspace\ee2024Assignment2\Lib_MCU\Debug\libLib_MCU.a(lpc17xx_timer.o)
 .debug_aranges
                0x000006f8       0x60 C:\Users\yongchenglow\Documents\LPCXpresso_6.1.4_194\workspace\ee2024Assignment2\Lib_MCU\Debug\libLib_MCU.a(lpc17xx_clkpwr.o)

.debug_ranges   0x00000000      0x658
 .debug_ranges  0x00000000       0x60 ./src/cr_startup_lpc17.o
 .debug_ranges  0x00000060       0x98 ./src/main.o
 .debug_ranges  0x000000f8       0x18 C:\Users\yongchenglow\Documents\LPCXpresso_6.1.4_194\workspace\ee2024Assignment2\Lib_CMSISv1p30_LPC17xx\Debug\libCMSISv1p30_LPC17xx.a(system_LPC17xx.o)
 .debug_ranges  0x00000110       0x50 C:\Users\yongchenglow\Documents\LPCXpresso_6.1.4_194\workspace\ee2024Assignment2\Lib_EaBaseBoard\Debug\libLib_EaBaseBoard.a(acc.o)
 .debug_ranges  0x00000160       0x18 C:\Users\yongchenglow\Documents\LPCXpresso_6.1.4_194\workspace\ee2024Assignment2\Lib_EaBaseBoard\Debug\libLib_EaBaseBoard.a(joystick.o)
 .debug_ranges  0x00000178       0x18 C:\Users\yongchenglow\Documents\LPCXpresso_6.1.4_194\workspace\ee2024Assignment2\Lib_EaBaseBoard\Debug\libLib_EaBaseBoard.a(led7seg.o)
 .debug_ranges  0x00000190       0x88 C:\Users\yongchenglow\Documents\LPCXpresso_6.1.4_194\workspace\ee2024Assignment2\Lib_EaBaseBoard\Debug\libLib_EaBaseBoard.a(light.o)
 .debug_ranges  0x00000218       0x80 C:\Users\yongchenglow\Documents\LPCXpresso_6.1.4_194\workspace\ee2024Assignment2\Lib_EaBaseBoard\Debug\libLib_EaBaseBoard.a(oled.o)
 .debug_ranges  0x00000298       0x70 C:\Users\yongchenglow\Documents\LPCXpresso_6.1.4_194\workspace\ee2024Assignment2\Lib_EaBaseBoard\Debug\libLib_EaBaseBoard.a(pca9532.o)
 .debug_ranges  0x00000308       0x18 C:\Users\yongchenglow\Documents\LPCXpresso_6.1.4_194\workspace\ee2024Assignment2\Lib_EaBaseBoard\Debug\libLib_EaBaseBoard.a(rgb.o)
 .debug_ranges  0x00000320       0xb8 C:\Users\yongchenglow\Documents\LPCXpresso_6.1.4_194\workspace\ee2024Assignment2\Lib_MCU\Debug\libLib_MCU.a(lpc17xx_gpio.o)
 .debug_ranges  0x000003d8       0xc0 C:\Users\yongchenglow\Documents\LPCXpresso_6.1.4_194\workspace\ee2024Assignment2\Lib_MCU\Debug\libLib_MCU.a(lpc17xx_i2c.o)
 .debug_ranges  0x00000498       0x38 C:\Users\yongchenglow\Documents\LPCXpresso_6.1.4_194\workspace\ee2024Assignment2\Lib_MCU\Debug\libLib_MCU.a(lpc17xx_pinsel.o)
 .debug_ranges  0x000004d0       0xa8 C:\Users\yongchenglow\Documents\LPCXpresso_6.1.4_194\workspace\ee2024Assignment2\Lib_MCU\Debug\libLib_MCU.a(lpc17xx_ssp.o)
 .debug_ranges  0x00000578       0x90 C:\Users\yongchenglow\Documents\LPCXpresso_6.1.4_194\workspace\ee2024Assignment2\Lib_MCU\Debug\libLib_MCU.a(lpc17xx_timer.o)
 .debug_ranges  0x00000608       0x50 C:\Users\yongchenglow\Documents\LPCXpresso_6.1.4_194\workspace\ee2024Assignment2\Lib_MCU\Debug\libLib_MCU.a(lpc17xx_clkpwr.o)

.debug_line     0x00000000     0x5f82
 .debug_line    0x00000000      0x38c ./src/cr_startup_lpc17.o
 .debug_line    0x0000038c      0x6a5 ./src/main.o
 .debug_line    0x00000a31      0x42b C:\Users\yongchenglow\Documents\LPCXpresso_6.1.4_194\workspace\ee2024Assignment2\Lib_CMSISv1p30_LPC17xx\Debug\libCMSISv1p30_LPC17xx.a(system_LPC17xx.o)
 .debug_line    0x00000e5c      0x54e C:\Users\yongchenglow\Documents\LPCXpresso_6.1.4_194\workspace\ee2024Assignment2\Lib_EaBaseBoard\Debug\libLib_EaBaseBoard.a(acc.o)
 .debug_line    0x000013aa      0x4b9 C:\Users\yongchenglow\Documents\LPCXpresso_6.1.4_194\workspace\ee2024Assignment2\Lib_EaBaseBoard\Debug\libLib_EaBaseBoard.a(joystick.o)
 .debug_line    0x00001863      0x4c9 C:\Users\yongchenglow\Documents\LPCXpresso_6.1.4_194\workspace\ee2024Assignment2\Lib_EaBaseBoard\Debug\libLib_EaBaseBoard.a(led7seg.o)
 .debug_line    0x00001d2c      0x5fa C:\Users\yongchenglow\Documents\LPCXpresso_6.1.4_194\workspace\ee2024Assignment2\Lib_EaBaseBoard\Debug\libLib_EaBaseBoard.a(light.o)
 .debug_line    0x00002326      0x7d3 C:\Users\yongchenglow\Documents\LPCXpresso_6.1.4_194\workspace\ee2024Assignment2\Lib_EaBaseBoard\Debug\libLib_EaBaseBoard.a(oled.o)
 .debug_line    0x00002af9      0x5e5 C:\Users\yongchenglow\Documents\LPCXpresso_6.1.4_194\workspace\ee2024Assignment2\Lib_EaBaseBoard\Debug\libLib_EaBaseBoard.a(pca9532.o)
 .debug_line    0x000030de      0x4a6 C:\Users\yongchenglow\Documents\LPCXpresso_6.1.4_194\workspace\ee2024Assignment2\Lib_EaBaseBoard\Debug\libLib_EaBaseBoard.a(rgb.o)
 .debug_line    0x00003584       0xa6 C:\Users\yongchenglow\Documents\LPCXpresso_6.1.4_194\workspace\ee2024Assignment2\Lib_EaBaseBoard\Debug\libLib_EaBaseBoard.a(font5x7.o)
 .debug_line    0x0000362a      0x626 C:\Users\yongchenglow\Documents\LPCXpresso_6.1.4_194\workspace\ee2024Assignment2\Lib_MCU\Debug\libLib_MCU.a(lpc17xx_gpio.o)
 .debug_line    0x00003c50      0x941 C:\Users\yongchenglow\Documents\LPCXpresso_6.1.4_194\workspace\ee2024Assignment2\Lib_MCU\Debug\libLib_MCU.a(lpc17xx_i2c.o)
 .debug_line    0x00004591      0x4a5 C:\Users\yongchenglow\Documents\LPCXpresso_6.1.4_194\workspace\ee2024Assignment2\Lib_MCU\Debug\libLib_MCU.a(lpc17xx_pinsel.o)
 .debug_line    0x00004a36      0x874 C:\Users\yongchenglow\Documents\LPCXpresso_6.1.4_194\workspace\ee2024Assignment2\Lib_MCU\Debug\libLib_MCU.a(lpc17xx_ssp.o)
 .debug_line    0x000052aa      0x7d2 C:\Users\yongchenglow\Documents\LPCXpresso_6.1.4_194\workspace\ee2024Assignment2\Lib_MCU\Debug\libLib_MCU.a(lpc17xx_timer.o)
 .debug_line    0x00005a7c      0x506 C:\Users\yongchenglow\Documents\LPCXpresso_6.1.4_194\workspace\ee2024Assignment2\Lib_MCU\Debug\libLib_MCU.a(lpc17xx_clkpwr.o)

.debug_macinfo  0x00000000    0x908a1
 .debug_macinfo
                0x00000000     0x2c15 ./src/cr_startup_lpc17.o
 .debug_macinfo
                0x00002c15     0x9f06 ./src/main.o
 .debug_macinfo
                0x0000cb1b     0x83f8 C:\Users\yongchenglow\Documents\LPCXpresso_6.1.4_194\workspace\ee2024Assignment2\Lib_CMSISv1p30_LPC17xx\Debug\libCMSISv1p30_LPC17xx.a(system_LPC17xx.o)
 .debug_macinfo
                0x00014f13     0x8f1b C:\Users\yongchenglow\Documents\LPCXpresso_6.1.4_194\workspace\ee2024Assignment2\Lib_EaBaseBoard\Debug\libLib_EaBaseBoard.a(acc.o)
 .debug_macinfo
                0x0001de2e     0x858b C:\Users\yongchenglow\Documents\LPCXpresso_6.1.4_194\workspace\ee2024Assignment2\Lib_EaBaseBoard\Debug\libLib_EaBaseBoard.a(joystick.o)
 .debug_macinfo
                0x000263b9     0x96a3 C:\Users\yongchenglow\Documents\LPCXpresso_6.1.4_194\workspace\ee2024Assignment2\Lib_EaBaseBoard\Debug\libLib_EaBaseBoard.a(led7seg.o)
 .debug_macinfo
                0x0002fa5c     0x8e3a C:\Users\yongchenglow\Documents\LPCXpresso_6.1.4_194\workspace\ee2024Assignment2\Lib_EaBaseBoard\Debug\libLib_EaBaseBoard.a(light.o)
 .debug_macinfo
                0x00038896     0xa143 C:\Users\yongchenglow\Documents\LPCXpresso_6.1.4_194\workspace\ee2024Assignment2\Lib_EaBaseBoard\Debug\libLib_EaBaseBoard.a(oled.o)
 .debug_macinfo
                0x000429d9     0x8e59 C:\Users\yongchenglow\Documents\LPCXpresso_6.1.4_194\workspace\ee2024Assignment2\Lib_EaBaseBoard\Debug\libLib_EaBaseBoard.a(pca9532.o)
 .debug_macinfo
                0x0004b832     0x854c C:\Users\yongchenglow\Documents\LPCXpresso_6.1.4_194\workspace\ee2024Assignment2\Lib_EaBaseBoard\Debug\libLib_EaBaseBoard.a(rgb.o)
 .debug_macinfo
                0x00053d7e     0x332a C:\Users\yongchenglow\Documents\LPCXpresso_6.1.4_194\workspace\ee2024Assignment2\Lib_EaBaseBoard\Debug\libLib_EaBaseBoard.a(font5x7.o)
 .debug_macinfo
                0x000570a8     0x86b8 C:\Users\yongchenglow\Documents\LPCXpresso_6.1.4_194\workspace\ee2024Assignment2\Lib_MCU\Debug\libLib_MCU.a(lpc17xx_gpio.o)
 .debug_macinfo
                0x0005f760     0xa5d8 C:\Users\yongchenglow\Documents\LPCXpresso_6.1.4_194\workspace\ee2024Assignment2\Lib_MCU\Debug\libLib_MCU.a(lpc17xx_i2c.o)
 .debug_macinfo
                0x00069d38     0x87d3 C:\Users\yongchenglow\Documents\LPCXpresso_6.1.4_194\workspace\ee2024Assignment2\Lib_MCU\Debug\libLib_MCU.a(lpc17xx_pinsel.o)
 .debug_macinfo
                0x0007250b     0xa8d0 C:\Users\yongchenglow\Documents\LPCXpresso_6.1.4_194\workspace\ee2024Assignment2\Lib_MCU\Debug\libLib_MCU.a(lpc17xx_ssp.o)
 .debug_macinfo
                0x0007cddb     0xa4cd C:\Users\yongchenglow\Documents\LPCXpresso_6.1.4_194\workspace\ee2024Assignment2\Lib_MCU\Debug\libLib_MCU.a(lpc17xx_timer.o)
 .debug_macinfo
                0x000872a8     0x95f9 C:\Users\yongchenglow\Documents\LPCXpresso_6.1.4_194\workspace\ee2024Assignment2\Lib_MCU\Debug\libLib_MCU.a(lpc17xx_clkpwr.o)

.debug_str      0x00000000     0x21cd
 .debug_str     0x00000000      0x1ee ./src/cr_startup_lpc17.o
                                0x228 (size before relaxing)
 .debug_str     0x000001ee      0x5ed ./src/main.o
                                0x755 (size before relaxing)
 .debug_str     0x000007db      0x1ad C:\Users\yongchenglow\Documents\LPCXpresso_6.1.4_194\workspace\ee2024Assignment2\Lib_CMSISv1p30_LPC17xx\Debug\libCMSISv1p30_LPC17xx.a(system_LPC17xx.o)
                                0x2c0 (size before relaxing)
 .debug_str     0x00000988      0x23d C:\Users\yongchenglow\Documents\LPCXpresso_6.1.4_194\workspace\ee2024Assignment2\Lib_EaBaseBoard\Debug\libLib_EaBaseBoard.a(acc.o)
                                0x3bc (size before relaxing)
 .debug_str     0x00000bc5       0x3a C:\Users\yongchenglow\Documents\LPCXpresso_6.1.4_194\workspace\ee2024Assignment2\Lib_EaBaseBoard\Debug\libLib_EaBaseBoard.a(joystick.o)
                                0x18d (size before relaxing)
 .debug_str     0x00000bff       0x95 C:\Users\yongchenglow\Documents\LPCXpresso_6.1.4_194\workspace\ee2024Assignment2\Lib_EaBaseBoard\Debug\libLib_EaBaseBoard.a(led7seg.o)
                                0x228 (size before relaxing)
 .debug_str     0x00000c94      0x24a C:\Users\yongchenglow\Documents\LPCXpresso_6.1.4_194\workspace\ee2024Assignment2\Lib_EaBaseBoard\Debug\libLib_EaBaseBoard.a(light.o)
                                0x521 (size before relaxing)
 .debug_str     0x00000ede      0x1a9 C:\Users\yongchenglow\Documents\LPCXpresso_6.1.4_194\workspace\ee2024Assignment2\Lib_EaBaseBoard\Debug\libLib_EaBaseBoard.a(oled.o)
                                0x3d9 (size before relaxing)
 .debug_str     0x00001087      0x136 C:\Users\yongchenglow\Documents\LPCXpresso_6.1.4_194\workspace\ee2024Assignment2\Lib_EaBaseBoard\Debug\libLib_EaBaseBoard.a(pca9532.o)
                                0x413 (size before relaxing)
 .debug_str     0x000011bd       0x22 C:\Users\yongchenglow\Documents\LPCXpresso_6.1.4_194\workspace\ee2024Assignment2\Lib_EaBaseBoard\Debug\libLib_EaBaseBoard.a(rgb.o)
                                0x16d (size before relaxing)
 .debug_str     0x000011df       0x11 C:\Users\yongchenglow\Documents\LPCXpresso_6.1.4_194\workspace\ee2024Assignment2\Lib_EaBaseBoard\Debug\libLib_EaBaseBoard.a(font5x7.o)
                                 0xe4 (size before relaxing)
 .debug_str     0x000011f0      0x39d C:\Users\yongchenglow\Documents\LPCXpresso_6.1.4_194\workspace\ee2024Assignment2\Lib_MCU\Debug\libLib_MCU.a(lpc17xx_gpio.o)
                                0x495 (size before relaxing)
 .debug_str     0x0000158d      0x318 C:\Users\yongchenglow\Documents\LPCXpresso_6.1.4_194\workspace\ee2024Assignment2\Lib_MCU\Debug\libLib_MCU.a(lpc17xx_i2c.o)
                                0x82b (size before relaxing)
 .debug_str     0x000018a5      0x214 C:\Users\yongchenglow\Documents\LPCXpresso_6.1.4_194\workspace\ee2024Assignment2\Lib_MCU\Debug\libLib_MCU.a(lpc17xx_pinsel.o)
                                0x3ca (size before relaxing)
 .debug_str     0x00001ab9      0x211 C:\Users\yongchenglow\Documents\LPCXpresso_6.1.4_194\workspace\ee2024Assignment2\Lib_MCU\Debug\libLib_MCU.a(lpc17xx_ssp.o)
                                0x4a8 (size before relaxing)
 .debug_str     0x00001cca      0x438 C:\Users\yongchenglow\Documents\LPCXpresso_6.1.4_194\workspace\ee2024Assignment2\Lib_MCU\Debug\libLib_MCU.a(lpc17xx_timer.o)
                                0x5de (size before relaxing)
 .debug_str     0x00002102       0xcb C:\Users\yongchenglow\Documents\LPCXpresso_6.1.4_194\workspace\ee2024Assignment2\Lib_MCU\Debug\libLib_MCU.a(lpc17xx_clkpwr.o)
                                0x3c6 (size before relaxing)

.comment        0x00000000       0x70
 .comment       0x00000000       0x70 ./src/cr_startup_lpc17.o
                                 0x71 (size before relaxing)
 .comment       0x00000000       0x71 ./src/main.o
 .comment       0x00000000       0x71 C:\Users\yongchenglow\Documents\LPCXpresso_6.1.4_194\workspace\ee2024Assignment2\Lib_CMSISv1p30_LPC17xx\Debug\libCMSISv1p30_LPC17xx.a(system_LPC17xx.o)
 .comment       0x00000000       0x71 C:\Users\yongchenglow\Documents\LPCXpresso_6.1.4_194\workspace\ee2024Assignment2\Lib_EaBaseBoard\Debug\libLib_EaBaseBoard.a(acc.o)
 .comment       0x00000000       0x71 C:\Users\yongchenglow\Documents\LPCXpresso_6.1.4_194\workspace\ee2024Assignment2\Lib_EaBaseBoard\Debug\libLib_EaBaseBoard.a(joystick.o)
 .comment       0x00000000       0x71 C:\Users\yongchenglow\Documents\LPCXpresso_6.1.4_194\workspace\ee2024Assignment2\Lib_EaBaseBoard\Debug\libLib_EaBaseBoard.a(led7seg.o)
 .comment       0x00000000       0x71 C:\Users\yongchenglow\Documents\LPCXpresso_6.1.4_194\workspace\ee2024Assignment2\Lib_EaBaseBoard\Debug\libLib_EaBaseBoard.a(light.o)
 .comment       0x00000000       0x71 C:\Users\yongchenglow\Documents\LPCXpresso_6.1.4_194\workspace\ee2024Assignment2\Lib_EaBaseBoard\Debug\libLib_EaBaseBoard.a(oled.o)
 .comment       0x00000000       0x71 C:\Users\yongchenglow\Documents\LPCXpresso_6.1.4_194\workspace\ee2024Assignment2\Lib_EaBaseBoard\Debug\libLib_EaBaseBoard.a(pca9532.o)
 .comment       0x00000000       0x71 C:\Users\yongchenglow\Documents\LPCXpresso_6.1.4_194\workspace\ee2024Assignment2\Lib_EaBaseBoard\Debug\libLib_EaBaseBoard.a(rgb.o)
 .comment       0x00000000       0x71 C:\Users\yongchenglow\Documents\LPCXpresso_6.1.4_194\workspace\ee2024Assignment2\Lib_EaBaseBoard\Debug\libLib_EaBaseBoard.a(font5x7.o)
 .comment       0x00000000       0x71 C:\Users\yongchenglow\Documents\LPCXpresso_6.1.4_194\workspace\ee2024Assignment2\Lib_MCU\Debug\libLib_MCU.a(lpc17xx_gpio.o)
 .comment       0x00000000       0x71 C:\Users\yongchenglow\Documents\LPCXpresso_6.1.4_194\workspace\ee2024Assignment2\Lib_MCU\Debug\libLib_MCU.a(lpc17xx_i2c.o)
 .comment       0x00000000       0x71 C:\Users\yongchenglow\Documents\LPCXpresso_6.1.4_194\workspace\ee2024Assignment2\Lib_MCU\Debug\libLib_MCU.a(lpc17xx_pinsel.o)
 .comment       0x00000000       0x71 C:\Users\yongchenglow\Documents\LPCXpresso_6.1.4_194\workspace\ee2024Assignment2\Lib_MCU\Debug\libLib_MCU.a(lpc17xx_ssp.o)
 .comment       0x00000000       0x71 C:\Users\yongchenglow\Documents\LPCXpresso_6.1.4_194\workspace\ee2024Assignment2\Lib_MCU\Debug\libLib_MCU.a(lpc17xx_timer.o)
 .comment       0x00000000       0x71 C:\Users\yongchenglow\Documents\LPCXpresso_6.1.4_194\workspace\ee2024Assignment2\Lib_MCU\Debug\libLib_MCU.a(lpc17xx_clkpwr.o)

.ARM.attributes
                0x00000000       0x33
 .ARM.attributes
                0x00000000       0x33 ./src/cr_startup_lpc17.o
 .ARM.attributes
                0x00000033       0x33 ./src/main.o
 .ARM.attributes
                0x00000066       0x33 C:\Users\yongchenglow\Documents\LPCXpresso_6.1.4_194\workspace\ee2024Assignment2\Lib_CMSISv1p30_LPC17xx\Debug\libCMSISv1p30_LPC17xx.a(system_LPC17xx.o)
 .ARM.attributes
                0x00000099       0x33 C:\Users\yongchenglow\Documents\LPCXpresso_6.1.4_194\workspace\ee2024Assignment2\Lib_EaBaseBoard\Debug\libLib_EaBaseBoard.a(acc.o)
 .ARM.attributes
                0x000000cc       0x33 C:\Users\yongchenglow\Documents\LPCXpresso_6.1.4_194\workspace\ee2024Assignment2\Lib_EaBaseBoard\Debug\libLib_EaBaseBoard.a(joystick.o)
 .ARM.attributes
                0x000000ff       0x33 C:\Users\yongchenglow\Documents\LPCXpresso_6.1.4_194\workspace\ee2024Assignment2\Lib_EaBaseBoard\Debug\libLib_EaBaseBoard.a(led7seg.o)
 .ARM.attributes
                0x00000132       0x33 C:\Users\yongchenglow\Documents\LPCXpresso_6.1.4_194\workspace\ee2024Assignment2\Lib_EaBaseBoard\Debug\libLib_EaBaseBoard.a(light.o)
 .ARM.attributes
                0x00000165       0x33 C:\Users\yongchenglow\Documents\LPCXpresso_6.1.4_194\workspace\ee2024Assignment2\Lib_EaBaseBoard\Debug\libLib_EaBaseBoard.a(oled.o)
 .ARM.attributes
                0x00000198       0x33 C:\Users\yongchenglow\Documents\LPCXpresso_6.1.4_194\workspace\ee2024Assignment2\Lib_EaBaseBoard\Debug\libLib_EaBaseBoard.a(pca9532.o)
 .ARM.attributes
                0x000001cb       0x33 C:\Users\yongchenglow\Documents\LPCXpresso_6.1.4_194\workspace\ee2024Assignment2\Lib_EaBaseBoard\Debug\libLib_EaBaseBoard.a(rgb.o)
 .ARM.attributes
                0x000001fe       0x33 C:\Users\yongchenglow\Documents\LPCXpresso_6.1.4_194\workspace\ee2024Assignment2\Lib_EaBaseBoard\Debug\libLib_EaBaseBoard.a(font5x7.o)
 .ARM.attributes
                0x00000231       0x33 C:\Users\yongchenglow\Documents\LPCXpresso_6.1.4_194\workspace\ee2024Assignment2\Lib_MCU\Debug\libLib_MCU.a(lpc17xx_gpio.o)
 .ARM.attributes
                0x00000264       0x33 C:\Users\yongchenglow\Documents\LPCXpresso_6.1.4_194\workspace\ee2024Assignment2\Lib_MCU\Debug\libLib_MCU.a(lpc17xx_i2c.o)
 .ARM.attributes
                0x00000297       0x33 C:\Users\yongchenglow\Documents\LPCXpresso_6.1.4_194\workspace\ee2024Assignment2\Lib_MCU\Debug\libLib_MCU.a(lpc17xx_pinsel.o)
 .ARM.attributes
                0x000002ca       0x33 C:\Users\yongchenglow\Documents\LPCXpresso_6.1.4_194\workspace\ee2024Assignment2\Lib_MCU\Debug\libLib_MCU.a(lpc17xx_ssp.o)
 .ARM.attributes
                0x000002fd       0x33 C:\Users\yongchenglow\Documents\LPCXpresso_6.1.4_194\workspace\ee2024Assignment2\Lib_MCU\Debug\libLib_MCU.a(lpc17xx_timer.o)
 .ARM.attributes
                0x00000330       0x33 C:\Users\yongchenglow\Documents\LPCXpresso_6.1.4_194\workspace\ee2024Assignment2\Lib_MCU\Debug\libLib_MCU.a(lpc17xx_clkpwr.o)
 .ARM.attributes
                0x00000363       0x1d c:/nxp/lpcxpresso_6.1.4_194/lpcxpresso/tools/bin/../lib/gcc/arm-none-eabi/4.6.2/armv7-m\libgcc.a(_aeabi_uldivmod.o)
 .ARM.attributes
                0x00000380       0x2d c:/nxp/lpcxpresso_6.1.4_194/lpcxpresso/tools/bin/../lib/gcc/arm-none-eabi/4.6.2/armv7-m\libgcc.a(bpabi.o)
 .ARM.attributes
                0x000003ad       0x1d c:/nxp/lpcxpresso_6.1.4_194/lpcxpresso/tools/bin/../lib/gcc/arm-none-eabi/4.6.2/armv7-m\libgcc.a(_dvmd_tls.o)
 .ARM.attributes
                0x000003ca       0x2d c:/nxp/lpcxpresso_6.1.4_194/lpcxpresso/tools/bin/../lib/gcc/arm-none-eabi/4.6.2/armv7-m\libgcc.a(_divdi3.o)
 .ARM.attributes
                0x000003f7       0x2d c:/nxp/lpcxpresso_6.1.4_194/lpcxpresso/tools/bin/../lib/gcc/arm-none-eabi/4.6.2/armv7-m\libgcc.a(_udivdi3.o)
 .ARM.attributes
                0x00000424       0x2d c:/nxp/lpcxpresso_6.1.4_194/lpcxpresso/tools/bin/../lib/gcc/arm-none-eabi/4.6.2/../../../../arm-none-eabi/lib/armv7-m\libc.a(lib_a-memset.o)

.debug_frame    0x00000000     0x1820
 .debug_frame   0x00000000      0x120 ./src/cr_startup_lpc17.o
 .debug_frame   0x00000120      0x22c ./src/main.o
 .debug_frame   0x0000034c       0x48 C:\Users\yongchenglow\Documents\LPCXpresso_6.1.4_194\workspace\ee2024Assignment2\Lib_CMSISv1p30_LPC17xx\Debug\libCMSISv1p30_LPC17xx.a(system_LPC17xx.o)
 .debug_frame   0x00000394      0x12c C:\Users\yongchenglow\Documents\LPCXpresso_6.1.4_194\workspace\ee2024Assignment2\Lib_EaBaseBoard\Debug\libLib_EaBaseBoard.a(acc.o)
 .debug_frame   0x000004c0       0x4c C:\Users\yongchenglow\Documents\LPCXpresso_6.1.4_194\workspace\ee2024Assignment2\Lib_EaBaseBoard\Debug\libLib_EaBaseBoard.a(joystick.o)
 .debug_frame   0x0000050c       0x4c C:\Users\yongchenglow\Documents\LPCXpresso_6.1.4_194\workspace\ee2024Assignment2\Lib_EaBaseBoard\Debug\libLib_EaBaseBoard.a(led7seg.o)
 .debug_frame   0x00000558      0x208 C:\Users\yongchenglow\Documents\LPCXpresso_6.1.4_194\workspace\ee2024Assignment2\Lib_EaBaseBoard\Debug\libLib_EaBaseBoard.a(light.o)
 .debug_frame   0x00000760      0x1ec C:\Users\yongchenglow\Documents\LPCXpresso_6.1.4_194\workspace\ee2024Assignment2\Lib_EaBaseBoard\Debug\libLib_EaBaseBoard.a(oled.o)
 .debug_frame   0x0000094c      0x1a8 C:\Users\yongchenglow\Documents\LPCXpresso_6.1.4_194\workspace\ee2024Assignment2\Lib_EaBaseBoard\Debug\libLib_EaBaseBoard.a(pca9532.o)
 .debug_frame   0x00000af4       0x4c C:\Users\yongchenglow\Documents\LPCXpresso_6.1.4_194\workspace\ee2024Assignment2\Lib_EaBaseBoard\Debug\libLib_EaBaseBoard.a(rgb.o)
 .debug_frame   0x00000b40      0x2c4 C:\Users\yongchenglow\Documents\LPCXpresso_6.1.4_194\workspace\ee2024Assignment2\Lib_MCU\Debug\libLib_MCU.a(lpc17xx_gpio.o)
 .debug_frame   0x00000e04      0x2c8 C:\Users\yongchenglow\Documents\LPCXpresso_6.1.4_194\workspace\ee2024Assignment2\Lib_MCU\Debug\libLib_MCU.a(lpc17xx_i2c.o)
 .debug_frame   0x000010cc       0xbc C:\Users\yongchenglow\Documents\LPCXpresso_6.1.4_194\workspace\ee2024Assignment2\Lib_MCU\Debug\libLib_MCU.a(lpc17xx_pinsel.o)
 .debug_frame   0x00001188      0x280 C:\Users\yongchenglow\Documents\LPCXpresso_6.1.4_194\workspace\ee2024Assignment2\Lib_MCU\Debug\libLib_MCU.a(lpc17xx_ssp.o)
 .debug_frame   0x00001408      0x228 C:\Users\yongchenglow\Documents\LPCXpresso_6.1.4_194\workspace\ee2024Assignment2\Lib_MCU\Debug\libLib_MCU.a(lpc17xx_timer.o)
 .debug_frame   0x00001630      0x10c C:\Users\yongchenglow\Documents\LPCXpresso_6.1.4_194\workspace\ee2024Assignment2\Lib_MCU\Debug\libLib_MCU.a(lpc17xx_clkpwr.o)
 .debug_frame   0x0000173c       0x50 c:/nxp/lpcxpresso_6.1.4_194/lpcxpresso/tools/bin/../lib/gcc/arm-none-eabi/4.6.2/armv7-m\libgcc.a(bpabi.o)
 .debug_frame   0x0000178c       0x34 c:/nxp/lpcxpresso_6.1.4_194/lpcxpresso/tools/bin/../lib/gcc/arm-none-eabi/4.6.2/armv7-m\libgcc.a(_divdi3.o)
 .debug_frame   0x000017c0       0x34 c:/nxp/lpcxpresso_6.1.4_194/lpcxpresso/tools/bin/../lib/gcc/arm-none-eabi/4.6.2/armv7-m\libgcc.a(_udivdi3.o)
 .debug_frame   0x000017f4       0x2c c:/nxp/lpcxpresso_6.1.4_194/lpcxpresso/tools/bin/../lib/gcc/arm-none-eabi/4.6.2/../../../../arm-none-eabi/lib/armv7-m\libc.a(lib_a-memset.o)
