Archive member included because of file (symbol)

C:\Users\yongchenglow\Documents\LPCXpresso_6.1.4_194\workspace\ee2024Assignment2\Lib_CMSISv1p30_LPC17xx\Debug\libCMSISv1p30_LPC17xx.a(system_LPC17xx.o)
                              ./src/main.o (SystemCoreClock)
C:\Users\yongchenglow\Documents\LPCXpresso_6.1.4_194\workspace\ee2024Assignment2\Lib_EaBaseBoard\Debug\libLib_EaBaseBoard.a(acc.o)
                              ./src/main.o (acc_init)
C:\Users\yongchenglow\Documents\LPCXpresso_6.1.4_194\workspace\ee2024Assignment2\Lib_EaBaseBoard\Debug\libLib_EaBaseBoard.a(joystick.o)
                              ./src/main.o (joystick_init)
C:\Users\yongchenglow\Documents\LPCXpresso_6.1.4_194\workspace\ee2024Assignment2\Lib_EaBaseBoard\Debug\libLib_EaBaseBoard.a(led7seg.o)
                              ./src/main.o (led7seg_init)
C:\Users\yongchenglow\Documents\LPCXpresso_6.1.4_194\workspace\ee2024Assignment2\Lib_EaBaseBoard\Debug\libLib_EaBaseBoard.a(light.o)
                              ./src/main.o (light_enable)
C:\Users\yongchenglow\Documents\LPCXpresso_6.1.4_194\workspace\ee2024Assignment2\Lib_EaBaseBoard\Debug\libLib_EaBaseBoard.a(oled.o)
                              ./src/main.o (oled_init)
C:\Users\yongchenglow\Documents\LPCXpresso_6.1.4_194\workspace\ee2024Assignment2\Lib_EaBaseBoard\Debug\libLib_EaBaseBoard.a(pca9532.o)
                              ./src/main.o (pca9532_init)
C:\Users\yongchenglow\Documents\LPCXpresso_6.1.4_194\workspace\ee2024Assignment2\Lib_EaBaseBoard\Debug\libLib_EaBaseBoard.a(rgb.o)
                              ./src/main.o (rgb_init)
C:\Users\yongchenglow\Documents\LPCXpresso_6.1.4_194\workspace\ee2024Assignment2\Lib_EaBaseBoard\Debug\libLib_EaBaseBoard.a(temp.o)
                              ./src/main.o (temp_init)
C:\Users\yongchenglow\Documents\LPCXpresso_6.1.4_194\workspace\ee2024Assignment2\Lib_EaBaseBoard\Debug\libLib_EaBaseBoard.a(font5x7.o)
                              C:\Users\yongchenglow\Documents\LPCXpresso_6.1.4_194\workspace\ee2024Assignment2\Lib_EaBaseBoard\Debug\libLib_EaBaseBoard.a(oled.o) (font5x7)
C:\Users\yongchenglow\Documents\LPCXpresso_6.1.4_194\workspace\ee2024Assignment2\Lib_MCU\Debug\libLib_MCU.a(lpc17xx_gpio.o)
                              ./src/main.o (GPIO_SetDir)
C:\Users\yongchenglow\Documents\LPCXpresso_6.1.4_194\workspace\ee2024Assignment2\Lib_MCU\Debug\libLib_MCU.a(lpc17xx_i2c.o)
                              ./src/main.o (I2C_Init)
C:\Users\yongchenglow\Documents\LPCXpresso_6.1.4_194\workspace\ee2024Assignment2\Lib_MCU\Debug\libLib_MCU.a(lpc17xx_pinsel.o)
                              ./src/main.o (PINSEL_ConfigPin)
C:\Users\yongchenglow\Documents\LPCXpresso_6.1.4_194\workspace\ee2024Assignment2\Lib_MCU\Debug\libLib_MCU.a(lpc17xx_ssp.o)
                              ./src/main.o (SSP_Init)
C:\Users\yongchenglow\Documents\LPCXpresso_6.1.4_194\workspace\ee2024Assignment2\Lib_MCU\Debug\libLib_MCU.a(lpc17xx_uart.o)
                              ./src/main.o (UART_TxCmd)
C:\Users\yongchenglow\Documents\LPCXpresso_6.1.4_194\workspace\ee2024Assignment2\Lib_MCU\Debug\libLib_MCU.a(lpc17xx_clkpwr.o)
                              C:\Users\yongchenglow\Documents\LPCXpresso_6.1.4_194\workspace\ee2024Assignment2\Lib_MCU\Debug\libLib_MCU.a(lpc17xx_i2c.o) (CLKPWR_SetPCLKDiv)
c:/nxp/lpcxpresso_6.1.4_194/lpcxpresso/tools/bin/../lib/gcc/arm-none-eabi/4.6.2/armv7-m\libgcc.a(_arm_addsubdf3.o)
                              ./src/main.o (__aeabi_ui2d)
c:/nxp/lpcxpresso_6.1.4_194/lpcxpresso/tools/bin/../lib/gcc/arm-none-eabi/4.6.2/armv7-m\libgcc.a(_arm_muldivdf3.o)
                              ./src/main.o (__aeabi_ddiv)
c:/nxp/lpcxpresso_6.1.4_194/lpcxpresso/tools/bin/../lib/gcc/arm-none-eabi/4.6.2/armv7-m\libgcc.a(_arm_cmpdf2.o)
                              ./src/main.o (__aeabi_dcmpgt)
c:/nxp/lpcxpresso_6.1.4_194/lpcxpresso/tools/bin/../lib/gcc/arm-none-eabi/4.6.2/armv7-m\libgcc.a(_aeabi_uldivmod.o)
                              C:\Users\yongchenglow\Documents\LPCXpresso_6.1.4_194\workspace\ee2024Assignment2\Lib_CMSISv1p30_LPC17xx\Debug\libCMSISv1p30_LPC17xx.a(system_LPC17xx.o) (__aeabi_uldivmod)
c:/nxp/lpcxpresso_6.1.4_194/lpcxpresso/tools/bin/../lib/gcc/arm-none-eabi/4.6.2/armv7-m\libgcc.a(bpabi.o)
                              c:/nxp/lpcxpresso_6.1.4_194/lpcxpresso/tools/bin/../lib/gcc/arm-none-eabi/4.6.2/armv7-m\libgcc.a(_aeabi_uldivmod.o) (__gnu_uldivmod_helper)
c:/nxp/lpcxpresso_6.1.4_194/lpcxpresso/tools/bin/../lib/gcc/arm-none-eabi/4.6.2/armv7-m\libgcc.a(_dvmd_tls.o)
                              c:/nxp/lpcxpresso_6.1.4_194/lpcxpresso/tools/bin/../lib/gcc/arm-none-eabi/4.6.2/armv7-m\libgcc.a(_aeabi_uldivmod.o) (__aeabi_ldiv0)
c:/nxp/lpcxpresso_6.1.4_194/lpcxpresso/tools/bin/../lib/gcc/arm-none-eabi/4.6.2/armv7-m\libgcc.a(_divdi3.o)
                              c:/nxp/lpcxpresso_6.1.4_194/lpcxpresso/tools/bin/../lib/gcc/arm-none-eabi/4.6.2/armv7-m\libgcc.a(bpabi.o) (__divdi3)
[...]
Memory Configuration

Name             Origin             Length             Attributes
MFlash512        0x00000000         0x00080000         xr
RamLoc32         0x10000000         0x00008000         xrw
RamAHB32         0x2007c000         0x00008000         xrw
*default*        0x00000000         0xffffffff

Linker script and memory map

LOAD ./src/cr_startup_lpc17.o
LOAD ./src/main.o
LOAD C:\Users\yongchenglow\Documents\LPCXpresso_6.1.4_194\workspace\ee2024Assignment2\Lib_CMSISv1p30_LPC17xx\Debug\libCMSISv1p30_LPC17xx.a
LOAD C:\Users\yongchenglow\Documents\LPCXpresso_6.1.4_194\workspace\ee2024Assignment2\Lib_EaBaseBoard\Debug\libLib_EaBaseBoard.a
LOAD C:\Users\yongchenglow\Documents\LPCXpresso_6.1.4_194\workspace\ee2024Assignment2\Lib_MCU\Debug\libLib_MCU.a
START GROUP
LOAD c:/nxp/lpcxpresso_6.1.4_194/lpcxpresso/tools/bin/../lib/gcc/arm-none-eabi/4.6.2/armv7-m\libgcc.a
LOAD c:/nxp/lpcxpresso_6.1.4_194/lpcxpresso/tools/bin/../lib/gcc/arm-none-eabi/4.6.2/../../../../arm-none-eabi/lib/armv7-m\libc.a
LOAD c:/nxp/lpcxpresso_6.1.4_194/lpcxpresso/tools/bin/../lib/gcc/arm-none-eabi/4.6.2/../../../../arm-none-eabi/lib/armv7-m\libm.a
LOAD c:/nxp/lpcxpresso_6.1.4_194/lpcxpresso/tools/bin/../lib/gcc/arm-none-eabi/4.6.2/../../../../arm-none-eabi/lib/armv7-m\libcr_newlib_semihost.a
END GROUP
                0x00080000                __top_MFlash512 = 0x80000
                0x10008000                __top_RamLoc32 = 0x10008000
                0x20084000                __top_RamAHB32 = 0x20084000

.text           0x00000000     0x95dc
 FILL mask 0xff
                0x00000000                __vectors_start__ = ABSOLUTE (.)
 *(.isr_vector)
 .isr_vector    0x00000000       0xcc ./src/cr_startup_lpc17.o
                0x00000000                g_pfnVectors
                0x000000cc                . = ALIGN (0x4)
                0x000000cc                __section_table_start = .
                0x000000cc                __data_section_table = .
                0x000000cc        0x4 LONG 0x95e4 LOADADDR (.data)
                0x000000d0        0x4 LONG 0x10000000 ADDR (.data)
                0x000000d4        0x4 LONG 0x8dc SIZEOF (.data)
                0x000000d8        0x4 LONG 0x95e4 LOADADDR (.data_RAM2)
                0x000000dc        0x4 LONG 0x2007c000 ADDR (.data_RAM2)
                0x000000e0        0x4 LONG 0x0 SIZEOF (.data_RAM2)
                0x000000e4                __data_section_table_end = .
                0x000000e4                __bss_section_table = .
                0x000000e4        0x4 LONG 0x100008dc ADDR (.bss)
                0x000000e8        0x4 LONG 0x46c SIZEOF (.bss)
                0x000000ec        0x4 LONG 0x2007c000 ADDR (.bss_RAM2)
                0x000000f0        0x4 LONG 0x0 SIZEOF (.bss_RAM2)
                0x000000f4                __bss_section_table_end = .
                0x000000f4                __section_table_end = .
 *(.after_vectors*)
 *(.text*)
 .text.ResetISR
                0x000000f4       0x68 ./src/cr_startup_lpc17.o
                0x000000f4                ResetISR
 .text.NMI_Handler
                0x0000015c        0x8 ./src/cr_startup_lpc17.o
                0x0000015c                NMI_Handler
 .text.HardFault_Handler
                0x00000164        0x8 ./src/cr_startup_lpc17.o
                0x00000164                HardFault_Handler
 .text.MemManage_Handler
                0x0000016c        0x8 ./src/cr_startup_lpc17.o
                0x0000016c                MemManage_Handler
 .text.BusFault_Handler
                0x00000174        0x8 ./src/cr_startup_lpc17.o
                0x00000174                BusFault_Handler
 .text.UsageFault_Handler
                0x0000017c        0x8 ./src/cr_startup_lpc17.o
                0x0000017c                UsageFault_Handler
 .text.SVCall_Handler
                0x00000184        0x8 ./src/cr_startup_lpc17.o
                0x00000184                SVCall_Handler
 .text.DebugMon_Handler
                0x0000018c        0x8 ./src/cr_startup_lpc17.o
                0x0000018c                DebugMon_Handler
 .text.PendSV_Handler
                0x00000194        0x8 ./src/cr_startup_lpc17.o
                0x00000194                PendSV_Handler
 .text.IntDefaultHandler
                0x0000019c        0x8 ./src/cr_startup_lpc17.o
                0x0000019c                RIT_IRQHandler
                0x0000019c                I2C0_IRQHandler
                0x0000019c                USBActivity_IRQHandler
                0x0000019c                PWM1_IRQHandler
                0x0000019c                I2C1_IRQHandler
                0x0000019c                EINT2_IRQHandler
                0x0000019c                UART1_IRQHandler
                0x0000019c                CANActivity_IRQHandler
                0x0000019c                TIMER3_IRQHandler
                0x0000019c                UART0_IRQHandler
                0x0000019c                IntDefaultHandler
                0x0000019c                PLL0_IRQHandler
                0x0000019c                CAN_IRQHandler
                0x0000019c                PLL1_IRQHandler
                0x0000019c                SSP0_IRQHandler
                0x0000019c                I2S_IRQHandler
                0x0000019c                I2C2_IRQHandler
                0x0000019c                RTC_IRQHandler
                0x0000019c                TIMER0_IRQHandler
                0x0000019c                SPI_IRQHandler
                0x0000019c                EINT1_IRQHandler
                0x0000019c                UART2_IRQHandler
                0x0000019c                ADC_IRQHandler
                0x0000019c                SSP1_IRQHandler
                0x0000019c                USB_IRQHandler
                0x0000019c                BOD_IRQHandler
                0x0000019c                WDT_IRQHandler
                0x0000019c                QEI_IRQHandler
                0x0000019c                EINT0_IRQHandler
                0x0000019c                DMA_IRQHandler
                0x0000019c                UART3_IRQHandler
                0x0000019c                MCPWM_IRQHandler
                0x0000019c                ENET_IRQHandler
 .text.NVIC_EnableIRQ
                0x000001a4       0x38 ./src/main.o
 .text.NVIC_DisableIRQ
                0x000001dc       0x3c ./src/main.o
 .text.NVIC_ClearPendingIRQ
                0x00000218       0x3c ./src/main.o
 .text.NVIC_SetPriority
                0x00000254       0x5c ./src/main.o
 .text.SysTick_Config
                0x000002b0       0x64 ./src/main.o
 .text.runWarning
                0x00000314       0x94 ./src/main.o
                0x00000314                runWarning
 .text.readAllSensors
                0x000003a8       0xbc ./src/main.o
                0x000003a8                readAllSensors
 .text.pinsel_uart3
                0x00000464       0x38 ./src/main.o
                0x00000464                pinsel_uart3
 .text.init_uart
                0x0000049c       0x4c ./src/main.o
                0x0000049c                init_uart
 .text.init_i2c
                0x000004e8       0x5c ./src/main.o
 .text.init_ssp
                0x00000544       0x98 ./src/main.o
 .text.init_GPIO
                0x000005dc       0x44 ./src/main.o
 .text.init_lightInterrupt
                0x00000620       0x68 ./src/main.o
                0x00000620                init_lightInterrupt
 .text.SysTick_Handler
                0x00000688       0x24 ./src/main.o
                0x00000688                SysTick_Handler
 .text.getTicks
                0x000006ac       0x18 ./src/main.o
                0x000006ac                getTicks
 .text.change7Seg
                0x000006c4       0x5c ./src/main.o
                0x000006c4                change7Seg
 .text.getPrescalar
                0x00000720       0xd0 ./src/main.o
                0x00000720                getPrescalar
 .text.init_timer1Interrupt
                0x000007f0       0x80 ./src/main.o
                0x000007f0                init_timer1Interrupt
 .text.init_timer2Interrupt
                0x00000870       0x80 ./src/main.o
                0x00000870                init_timer2Interrupt
 .text.isSwitch4Pressed
                0x000008f0       0x64 ./src/main.o
                0x000008f0                isSwitch4Pressed
 .text.changeMode
                0x00000954       0x38 ./src/main.o
                0x00000954                changeMode
 .text.setAccelerometerAtZeroG
                0x0000098c       0x70 ./src/main.o
                0x0000098c                setAccelerometerAtZeroG
 .text.disableAllInterrupts
                0x000009fc       0x3c ./src/main.o
                0x000009fc                disableAllInterrupts
 .text.turnOffAllOperations
                0x00000a38       0x6c ./src/main.o
                0x00000a38                turnOffAllOperations
 .text.enableAllOperations
                0x00000aa4       0x5c ./src/main.o
                0x00000aa4                enableAllOperations
 .text.determineWarningToIssue
                0x00000b00      0x120 ./src/main.o
                0x00000b00                determineWarningToIssue
 .text.enableInterruptsDependingOnWarning
                0x00000c20       0x28 ./src/main.o
                0x00000c20                enableInterruptsDependingOnWarning
 .text.createStringsToDisplayOnOLED
                0x00000c48       0xcc ./src/main.o
                0x00000c48                createStringsToDisplayOnOLED
 .text.displayStringsOnOLED
                0x00000d14       0xc0 ./src/main.o
                0x00000d14                displayStringsOnOLED
 .text.displayValuesOnOLED
                0x00000dd4       0x10 ./src/main.o
                0x00000dd4                displayValuesOnOLED
 .text.isFiveOrTenOrFifteenSeconds
                0x00000de4       0x40 ./src/main.o
                0x00000de4                isFiveOrTenOrFifteenSeconds
 .text.isFifteenSeconds
                0x00000e24       0x24 ./src/main.o
                0x00000e24                isFifteenSeconds
 .text.checkForMovement
                0x00000e48       0x5c ./src/main.o
                0x00000e48                checkForMovement
 .text.displayResultsOnUART
                0x00000ea4       0xd8 ./src/main.o
                0x00000ea4                displayResultsOnUART
 .text.EINT3_IRQHandler
                0x00000f7c       0x4c ./src/main.o
                0x00000f7c                EINT3_IRQHandler
 .text.TIMER1_IRQHandler
                0x00000fc8       0x38 ./src/main.o
                0x00000fc8                TIMER1_IRQHandler
 .text.TIMER2_IRQHandler
                0x00001000       0x2c ./src/main.o
                0x00001000                TIMER2_IRQHandler
 .text.main     0x0000102c      0x10c ./src/main.o
                0x0000102c                main
 .text.check_failed
                0x00001138        0xc ./src/main.o
                0x00001138                check_failed
 .text.SystemInit
                0x00001144      0x22c C:\Users\yongchenglow\Documents\LPCXpresso_6.1.4_194\workspace\ee2024Assignment2\Lib_CMSISv1p30_LPC17xx\Debug\libCMSISv1p30_LPC17xx.a(system_LPC17xx.o)
                0x00001144                SystemInit
 .text.I2CRead  0x00001370       0x5c C:\Users\yongchenglow\Documents\LPCXpresso_6.1.4_194\workspace\ee2024Assignment2\Lib_EaBaseBoard\Debug\libLib_EaBaseBoard.a(acc.o)
 .text.I2CWrite
                0x000013cc       0x5c C:\Users\yongchenglow\Documents\LPCXpresso_6.1.4_194\workspace\ee2024Assignment2\Lib_EaBaseBoard\Debug\libLib_EaBaseBoard.a(acc.o)
 .text.getStatus
                0x00001428       0x3c C:\Users\yongchenglow\Documents\LPCXpresso_6.1.4_194\workspace\ee2024Assignment2\Lib_EaBaseBoard\Debug\libLib_EaBaseBoard.a(acc.o)
 .text.setModeControl
                0x00001464       0x30 C:\Users\yongchenglow\Documents\LPCXpresso_6.1.4_194\workspace\ee2024Assignment2\Lib_EaBaseBoard\Debug\libLib_EaBaseBoard.a(acc.o)
 .text.acc_init
                0x00001494       0x10 C:\Users\yongchenglow\Documents\LPCXpresso_6.1.4_194\workspace\ee2024Assignment2\Lib_EaBaseBoard\Debug\libLib_EaBaseBoard.a(acc.o)
                0x00001494                acc_init
 .text.acc_read
                0x000014a4       0xbc C:\Users\yongchenglow\Documents\LPCXpresso_6.1.4_194\workspace\ee2024Assignment2\Lib_EaBaseBoard\Debug\libLib_EaBaseBoard.a(acc.o)
                0x000014a4                acc_read
 .text.joystick_init
                0x00001560       0x28 C:\Users\yongchenglow\Documents\LPCXpresso_6.1.4_194\workspace\ee2024Assignment2\Lib_EaBaseBoard\Debug\libLib_EaBaseBoard.a(joystick.o)
                0x00001560                joystick_init
 .text.led7seg_init
                0x00001588       0x24 C:\Users\yongchenglow\Documents\LPCXpresso_6.1.4_194\workspace\ee2024Assignment2\Lib_EaBaseBoard\Debug\libLib_EaBaseBoard.a(led7seg.o)
                0x00001588                led7seg_init
 .text.led7seg_setChar
                0x000015ac       0x88 C:\Users\yongchenglow\Documents\LPCXpresso_6.1.4_194\workspace\ee2024Assignment2\Lib_EaBaseBoard\Debug\libLib_EaBaseBoard.a(led7seg.o)
                0x000015ac                led7seg_setChar
 .text.I2CRead  0x00001634       0x5c C:\Users\yongchenglow\Documents\LPCXpresso_6.1.4_194\workspace\ee2024Assignment2\Lib_EaBaseBoard\Debug\libLib_EaBaseBoard.a(light.o)
 .text.I2CWrite
                0x00001690       0x5c C:\Users\yongchenglow\Documents\LPCXpresso_6.1.4_194\workspace\ee2024Assignment2\Lib_EaBaseBoard\Debug\libLib_EaBaseBoard.a(light.o)
 .text.readControlReg
                0x000016ec       0x3c C:\Users\yongchenglow\Documents\LPCXpresso_6.1.4_194\workspace\ee2024Assignment2\Lib_EaBaseBoard\Debug\libLib_EaBaseBoard.a(light.o)
 .text.light_enable
                0x00001728       0x48 C:\Users\yongchenglow\Documents\LPCXpresso_6.1.4_194\workspace\ee2024Assignment2\Lib_EaBaseBoard\Debug\libLib_EaBaseBoard.a(light.o)
                0x00001728                light_enable
 .text.light_read
                0x00001770       0x90 C:\Users\yongchenglow\Documents\LPCXpresso_6.1.4_194\workspace\ee2024Assignment2\Lib_EaBaseBoard\Debug\libLib_EaBaseBoard.a(light.o)
                0x00001770                light_read
 .text.light_setRange
                0x00001800       0xac C:\Users\yongchenglow\Documents\LPCXpresso_6.1.4_194\workspace\ee2024Assignment2\Lib_EaBaseBoard\Debug\libLib_EaBaseBoard.a(light.o)
                0x00001800                light_setRange
 .text.light_setHiThreshold
                0x000018ac       0x58 C:\Users\yongchenglow\Documents\LPCXpresso_6.1.4_194\workspace\ee2024Assignment2\Lib_EaBaseBoard\Debug\libLib_EaBaseBoard.a(light.o)
                0x000018ac                light_setHiThreshold
 .text.light_setLoThreshold
                0x00001904       0x58 C:\Users\yongchenglow\Documents\LPCXpresso_6.1.4_194\workspace\ee2024Assignment2\Lib_EaBaseBoard\Debug\libLib_EaBaseBoard.a(light.o)
                0x00001904                light_setLoThreshold
 .text.light_setIrqInCycles
                0x0000195c       0x48 C:\Users\yongchenglow\Documents\LPCXpresso_6.1.4_194\workspace\ee2024Assignment2\Lib_EaBaseBoard\Debug\libLib_EaBaseBoard.a(light.o)
                0x0000195c                light_setIrqInCycles
 .text.light_clearIrqStatus
                0x000019a4       0x3c C:\Users\yongchenglow\Documents\LPCXpresso_6.1.4_194\workspace\ee2024Assignment2\Lib_EaBaseBoard\Debug\libLib_EaBaseBoard.a(light.o)
                0x000019a4                light_clearIrqStatus
 .text.writeCommand
                0x000019e0       0x60 C:\Users\yongchenglow\Documents\LPCXpresso_6.1.4_194\workspace\ee2024Assignment2\Lib_EaBaseBoard\Debug\libLib_EaBaseBoard.a(oled.o)
 .text.writeData
                0x00001a40       0x60 C:\Users\yongchenglow\Documents\LPCXpresso_6.1.4_194\workspace\ee2024Assignment2\Lib_EaBaseBoard\Debug\libLib_EaBaseBoard.a(oled.o)
 .text.writeDataLen
                0x00001aa0       0x8c C:\Users\yongchenglow\Documents\LPCXpresso_6.1.4_194\workspace\ee2024Assignment2\Lib_EaBaseBoard\Debug\libLib_EaBaseBoard.a(oled.o)
 .text.runInitSequence
                0x00001b2c      0x118 C:\Users\yongchenglow\Documents\LPCXpresso_6.1.4_194\workspace\ee2024Assignment2\Lib_EaBaseBoard\Debug\libLib_EaBaseBoard.a(oled.o)
 .text.oled_init
                0x00001c44       0x9c C:\Users\yongchenglow\Documents\LPCXpresso_6.1.4_194\workspace\ee2024Assignment2\Lib_EaBaseBoard\Debug\libLib_EaBaseBoard.a(oled.o)
                0x00001c44                oled_init
 .text.oled_putPixel
                0x00001ce0      0x188 C:\Users\yongchenglow\Documents\LPCXpresso_6.1.4_194\workspace\ee2024Assignment2\Lib_EaBaseBoard\Debug\libLib_EaBaseBoard.a(oled.o)
                0x00001ce0                oled_putPixel
 .text.oled_clearScreen
                0x00001e68       0x74 C:\Users\yongchenglow\Documents\LPCXpresso_6.1.4_194\workspace\ee2024Assignment2\Lib_EaBaseBoard\Debug\libLib_EaBaseBoard.a(oled.o)
                0x00001e68                oled_clearScreen
 .text.oled_putChar
                0x00001edc       0xf0 C:\Users\yongchenglow\Documents\LPCXpresso_6.1.4_194\workspace\ee2024Assignment2\Lib_EaBaseBoard\Debug\libLib_EaBaseBoard.a(oled.o)
                0x00001edc                oled_putChar
 .text.oled_putString
                0x00001fcc       0x54 C:\Users\yongchenglow\Documents\LPCXpresso_6.1.4_194\workspace\ee2024Assignment2\Lib_EaBaseBoard\Debug\libLib_EaBaseBoard.a(oled.o)
                0x00001fcc                oled_putString
 .text.pca9532_init
                0x00002020        0xc C:\Users\yongchenglow\Documents\LPCXpresso_6.1.4_194\workspace\ee2024Assignment2\Lib_EaBaseBoard\Debug\libLib_EaBaseBoard.a(pca9532.o)
                0x00002020                pca9532_init
 .text.rgb_init
                0x0000202c       0x28 C:\Users\yongchenglow\Documents\LPCXpresso_6.1.4_194\workspace\ee2024Assignment2\Lib_EaBaseBoard\Debug\libLib_EaBaseBoard.a(rgb.o)
                0x0000202c                rgb_init
 .text.rgb_setLeds
                0x00002054       0x5c C:\Users\yongchenglow\Documents\LPCXpresso_6.1.4_194\workspace\ee2024Assignment2\Lib_EaBaseBoard\Debug\libLib_EaBaseBoard.a(rgb.o)
                0x00002054                rgb_setLeds
 .text.temp_init
                0x000020b0       0x2c C:\Users\yongchenglow\Documents\LPCXpresso_6.1.4_194\workspace\ee2024Assignment2\Lib_EaBaseBoard\Debug\libLib_EaBaseBoard.a(temp.o)
                0x000020b0                temp_init
 .text.temp_read
                0x000020dc      0x10c C:\Users\yongchenglow\Documents\LPCXpresso_6.1.4_194\workspace\ee2024Assignment2\Lib_EaBaseBoard\Debug\libLib_EaBaseBoard.a(temp.o)
                0x000020dc                temp_read
 .text.GPIO_GetPointer
                0x000021e8       0x7c C:\Users\yongchenglow\Documents\LPCXpresso_6.1.4_194\workspace\ee2024Assignment2\Lib_MCU\Debug\libLib_MCU.a(lpc17xx_gpio.o)
 .text.GPIO_SetDir
                0x00002264       0x54 C:\Users\yongchenglow\Documents\LPCXpresso_6.1.4_194\workspace\ee2024Assignment2\Lib_MCU\Debug\libLib_MCU.a(lpc17xx_gpio.o)
                0x00002264                GPIO_SetDir
 .text.GPIO_SetValue
                0x000022b8       0x2c C:\Users\yongchenglow\Documents\LPCXpresso_6.1.4_194\workspace\ee2024Assignment2\Lib_MCU\Debug\libLib_MCU.a(lpc17xx_gpio.o)
                0x000022b8                GPIO_SetValue
 .text.GPIO_ClearValue
                0x000022e4       0x2c C:\Users\yongchenglow\Documents\LPCXpresso_6.1.4_194\workspace\ee2024Assignment2\Lib_MCU\Debug\libLib_MCU.a(lpc17xx_gpio.o)
                0x000022e4                GPIO_ClearValue
 .text.GPIO_ReadValue
                0x00002310       0x30 C:\Users\yongchenglow\Documents\LPCXpresso_6.1.4_194\workspace\ee2024Assignment2\Lib_MCU\Debug\libLib_MCU.a(lpc17xx_gpio.o)
                0x00002310                GPIO_ReadValue
 .text.NVIC_EnableIRQ
                0x00002340       0x38 C:\Users\yongchenglow\Documents\LPCXpresso_6.1.4_194\workspace\ee2024Assignment2\Lib_MCU\Debug\libLib_MCU.a(lpc17xx_i2c.o)
 .text.NVIC_DisableIRQ
                0x00002378       0x3c C:\Users\yongchenglow\Documents\LPCXpresso_6.1.4_194\workspace\ee2024Assignment2\Lib_MCU\Debug\libLib_MCU.a(lpc17xx_i2c.o)
 .text.I2C_getNum
                0x000023b4       0x54 C:\Users\yongchenglow\Documents\LPCXpresso_6.1.4_194\workspace\ee2024Assignment2\Lib_MCU\Debug\libLib_MCU.a(lpc17xx_i2c.o)
 .text.I2C_Start
                0x00002408       0x44 C:\Users\yongchenglow\Documents\LPCXpresso_6.1.4_194\workspace\ee2024Assignment2\Lib_MCU\Debug\libLib_MCU.a(lpc17xx_i2c.o)
 .text.I2C_Stop
                0x0000244c       0x38 C:\Users\yongchenglow\Documents\LPCXpresso_6.1.4_194\workspace\ee2024Assignment2\Lib_MCU\Debug\libLib_MCU.a(lpc17xx_i2c.o)
 .text.I2C_SendByte
                0x00002484       0x50 C:\Users\yongchenglow\Documents\LPCXpresso_6.1.4_194\workspace\ee2024Assignment2\Lib_MCU\Debug\libLib_MCU.a(lpc17xx_i2c.o)
 .text.I2C_GetByte
                0x000024d4       0x5c C:\Users\yongchenglow\Documents\LPCXpresso_6.1.4_194\workspace\ee2024Assignment2\Lib_MCU\Debug\libLib_MCU.a(lpc17xx_i2c.o)
 .text.I2C_IntCmd
                0x00002530       0xa8 C:\Users\yongchenglow\Documents\LPCXpresso_6.1.4_194\workspace\ee2024Assignment2\Lib_MCU\Debug\libLib_MCU.a(lpc17xx_i2c.o)
                0x00002530                I2C_IntCmd
 .text.I2C_MasterHandler
                0x000025d8      0x408 C:\Users\yongchenglow\Documents\LPCXpresso_6.1.4_194\workspace\ee2024Assignment2\Lib_MCU\Debug\libLib_MCU.a(lpc17xx_i2c.o)
                0x000025d8                I2C_MasterHandler
 .text.I2C_SetClock
                0x000029e0       0xc8 C:\Users\yongchenglow\Documents\LPCXpresso_6.1.4_194\workspace\ee2024Assignment2\Lib_MCU\Debug\libLib_MCU.a(lpc17xx_i2c.o)
                0x000029e0                I2C_SetClock
 .text.I2C_Init
                0x00002aa8       0xd8 C:\Users\yongchenglow\Documents\LPCXpresso_6.1.4_194\workspace\ee2024Assignment2\Lib_MCU\Debug\libLib_MCU.a(lpc17xx_i2c.o)
                0x00002aa8                I2C_Init
 .text.I2C_Cmd  0x00002b80       0x84 C:\Users\yongchenglow\Documents\LPCXpresso_6.1.4_194\workspace\ee2024Assignment2\Lib_MCU\Debug\libLib_MCU.a(lpc17xx_i2c.o)
                0x00002b80                I2C_Cmd
 .text.I2C_MasterTransferData
                0x00002c04      0x390 C:\Users\yongchenglow\Documents\LPCXpresso_6.1.4_194\workspace\ee2024Assignment2\Lib_MCU\Debug\libLib_MCU.a(lpc17xx_i2c.o)
                0x00002c04                I2C_MasterTransferData
 .text.PINSEL_SetPinFunc
                0x00002f94       0x9c C:\Users\yongchenglow\Documents\LPCXpresso_6.1.4_194\workspace\ee2024Assignment2\Lib_MCU\Debug\libLib_MCU.a(lpc17xx_pinsel.o)
                0x00002f94                PINSEL_SetPinFunc
 .text.PINSEL_SetResistorMode
                0x00003030       0x9c C:\Users\yongchenglow\Documents\LPCXpresso_6.1.4_194\workspace\ee2024Assignment2\Lib_MCU\Debug\libLib_MCU.a(lpc17xx_pinsel.o)
                0x00003030                PINSEL_SetResistorMode
 .text.PINSEL_SetOpenDrainMode
                0x000030cc       0x7c C:\Users\yongchenglow\Documents\LPCXpresso_6.1.4_194\workspace\ee2024Assignment2\Lib_MCU\Debug\libLib_MCU.a(lpc17xx_pinsel.o)
                0x000030cc                PINSEL_SetOpenDrainMode
 .text.PINSEL_ConfigPin
                0x00003148       0x54 C:\Users\yongchenglow\Documents\LPCXpresso_6.1.4_194\workspace\ee2024Assignment2\Lib_MCU\Debug\libLib_MCU.a(lpc17xx_pinsel.o)
                0x00003148                PINSEL_ConfigPin
 .text.SSP_getNum
                0x0000319c       0x40 C:\Users\yongchenglow\Documents\LPCXpresso_6.1.4_194\workspace\ee2024Assignment2\Lib_MCU\Debug\libLib_MCU.a(lpc17xx_ssp.o)
 .text.SSP_IntHandler
                0x000031dc      0x338 C:\Users\yongchenglow\Documents\LPCXpresso_6.1.4_194\workspace\ee2024Assignment2\Lib_MCU\Debug\libLib_MCU.a(lpc17xx_ssp.o)
                0x000031dc                SSP_IntHandler
 .text.SSP_SetClock
                0x00003514       0xf8 C:\Users\yongchenglow\Documents\LPCXpresso_6.1.4_194\workspace\ee2024Assignment2\Lib_MCU\Debug\libLib_MCU.a(lpc17xx_ssp.o)
                0x00003514                SSP_SetClock
 .text.SSP_Init
                0x0000360c      0x10c C:\Users\yongchenglow\Documents\LPCXpresso_6.1.4_194\workspace\ee2024Assignment2\Lib_MCU\Debug\libLib_MCU.a(lpc17xx_ssp.o)
                0x0000360c                SSP_Init
 .text.SSP_ConfigStructInit
                0x00003718       0x48 C:\Users\yongchenglow\Documents\LPCXpresso_6.1.4_194\workspace\ee2024Assignment2\Lib_MCU\Debug\libLib_MCU.a(lpc17xx_ssp.o)
                0x00003718                SSP_ConfigStructInit
 .text.SSP_Cmd  0x00003760       0x7c C:\Users\yongchenglow\Documents\LPCXpresso_6.1.4_194\workspace\ee2024Assignment2\Lib_MCU\Debug\libLib_MCU.a(lpc17xx_ssp.o)
                0x00003760                SSP_Cmd
 .text.SSP_SendData
                0x000037dc       0x48 C:\Users\yongchenglow\Documents\LPCXpresso_6.1.4_194\workspace\ee2024Assignment2\Lib_MCU\Debug\libLib_MCU.a(lpc17xx_ssp.o)
                0x000037dc                SSP_SendData
 .text.SSP_ReceiveData
                0x00003824       0x44 C:\Users\yongchenglow\Documents\LPCXpresso_6.1.4_194\workspace\ee2024Assignment2\Lib_MCU\Debug\libLib_MCU.a(lpc17xx_ssp.o)
                0x00003824                SSP_ReceiveData
 .text.SSP_ReadWrite
                0x00003868      0x440 C:\Users\yongchenglow\Documents\LPCXpresso_6.1.4_194\workspace\ee2024Assignment2\Lib_MCU\Debug\libLib_MCU.a(lpc17xx_ssp.o)
                0x00003868                SSP_ReadWrite
 .text.uart_set_divisors
                0x00003ca8      0x26c C:\Users\yongchenglow\Documents\LPCXpresso_6.1.4_194\workspace\ee2024Assignment2\Lib_MCU\Debug\libLib_MCU.a(lpc17xx_uart.o)
                0x00003ca8                uart_set_divisors
 .text.UART_Init
                0x00003f14      0x368 C:\Users\yongchenglow\Documents\LPCXpresso_6.1.4_194\workspace\ee2024Assignment2\Lib_MCU\Debug\libLib_MCU.a(lpc17xx_uart.o)
                0x00003f14                UART_Init
 .text.UART_SendData
                0x0000427c       0x78 C:\Users\yongchenglow\Documents\LPCXpresso_6.1.4_194\workspace\ee2024Assignment2\Lib_MCU\Debug\libLib_MCU.a(lpc17xx_uart.o)
                0x0000427c                UART_SendData
 .text.UART_TxCmd
                0x000042f4       0xe8 C:\Users\yongchenglow\Documents\LPCXpresso_6.1.4_194\workspace\ee2024Assignment2\Lib_MCU\Debug\libLib_MCU.a(lpc17xx_uart.o)
                0x000042f4                UART_TxCmd
 .text.UART_Send
                0x000043dc      0x10c C:\Users\yongchenglow\Documents\LPCXpresso_6.1.4_194\workspace\ee2024Assignment2\Lib_MCU\Debug\libLib_MCU.a(lpc17xx_uart.o)
                0x000043dc                UART_Send
 .text.CLKPWR_SetPCLKDiv
                0x000044e8       0xcc C:\Users\yongchenglow\Documents\LPCXpresso_6.1.4_194\workspace\ee2024Assignment2\Lib_MCU\Debug\libLib_MCU.a(lpc17xx_clkpwr.o)
                0x000044e8                CLKPWR_SetPCLKDiv
 .text.CLKPWR_GetPCLKSEL
                0x000045b4       0x54 C:\Users\yongchenglow\Documents\LPCXpresso_6.1.4_194\workspace\ee2024Assignment2\Lib_MCU\Debug\libLib_MCU.a(lpc17xx_clkpwr.o)
                0x000045b4                CLKPWR_GetPCLKSEL
 .text.CLKPWR_GetPCLK
                0x00004608       0x74 C:\Users\yongchenglow\Documents\LPCXpresso_6.1.4_194\workspace\ee2024Assignment2\Lib_MCU\Debug\libLib_MCU.a(lpc17xx_clkpwr.o)
                0x00004608                CLKPWR_GetPCLK
 .text.CLKPWR_ConfigPPWR
                0x0000467c       0x78 C:\Users\yongchenglow\Documents\LPCXpresso_6.1.4_194\workspace\ee2024Assignment2\Lib_MCU\Debug\libLib_MCU.a(lpc17xx_clkpwr.o)
                0x0000467c                CLKPWR_ConfigPPWR
 .text          0x000046f4      0x370 c:/nxp/lpcxpresso_6.1.4_194/lpcxpresso/tools/bin/../lib/gcc/arm-none-eabi/4.6.2/armv7-m\libgcc.a(_arm_addsubdf3.o)
                0x000046f4                __aeabi_drsub
                0x000046fc                __aeabi_dsub
                0x000046fc                __subdf3
                0x00004700                __aeabi_dadd
                0x00004700                __adddf3
                0x00004978                __floatunsidf
                0x00004978                __aeabi_ui2d
                0x00004998                __floatsidf
                0x00004998                __aeabi_i2d
                0x000049bc                __aeabi_f2d
                0x000049bc                __extendsfdf2
                0x000049f8                __floatundidf
                0x000049f8                __aeabi_ul2d
                0x00004a08                __floatdidf
                0x00004a08                __aeabi_l2d
 .text          0x00004a64      0x424 c:/nxp/lpcxpresso_6.1.4_194/lpcxpresso/tools/bin/../lib/gcc/arm-none-eabi/4.6.2/armv7-m\libgcc.a(_arm_muldivdf3.o)
                0x00004a64                __aeabi_dmul
                0x00004a64                __muldf3
                0x00004cb8                __divdf3
                0x00004cb8                __aeabi_ddiv
 .text          0x00004e88      0x110 c:/nxp/lpcxpresso_6.1.4_194/lpcxpresso/tools/bin/../lib/gcc/arm-none-eabi/4.6.2/armv7-m\libgcc.a(_arm_cmpdf2.o)
                0x00004e88                __gtdf2
                0x00004e88                __gedf2
                0x00004e90                __ltdf2
                0x00004e90                __ledf2
                0x00004e98                __nedf2
                0x00004e98                __eqdf2
                0x00004e98                __cmpdf2
                0x00004f14                __aeabi_cdrcmple
                0x00004f24                __aeabi_cdcmpeq
                0x00004f24                __aeabi_cdcmple
                0x00004f34                __aeabi_dcmpeq
                0x00004f48                __aeabi_dcmplt
                0x00004f5c                __aeabi_dcmple
                0x00004f70                __aeabi_dcmpge
                0x00004f84                __aeabi_dcmpgt
 .text          0x00004f98       0x2c c:/nxp/lpcxpresso_6.1.4_194/lpcxpresso/tools/bin/../lib/gcc/arm-none-eabi/4.6.2/armv7-m\libgcc.a(_aeabi_uldivmod.o)
                0x00004f98                __aeabi_uldivmod
 .text          0x00004fc4       0x5c c:/nxp/lpcxpresso_6.1.4_194/lpcxpresso/tools/bin/../lib/gcc/arm-none-eabi/4.6.2/armv7-m\libgcc.a(bpabi.o)
                0x00004fc4                __gnu_ldivmod_helper
                0x00004ff4                __gnu_uldivmod_helper
 .text          0x00005020        0x4 c:/nxp/lpcxpresso_6.1.4_194/lpcxpresso/tools/bin/../lib/gcc/arm-none-eabi/4.6.2/armv7-m\libgcc.a(_dvmd_tls.o)
                0x00005020                __aeabi_idiv0
                0x00005020                __aeabi_ldiv0
 .text          0x00005024      0x2c8 c:/nxp/lpcxpresso_6.1.4_194/lpcxpresso/tools/bin/../lib/gcc/arm-none-eabi/4.6.2/armv7-m\libgcc.a(_divdi3.o)
                0x00005024                __divdi3
 .text          0x000052ec      0x298 c:/nxp/lpcxpresso_6.1.4_194/lpcxpresso/tools/bin/../lib/gcc/arm-none-eabi/4.6.2/armv7-m\libgcc.a(_udivdi3.o)
                0x000052ec                __udivdi3
 .text.abs      0x00005584        0x8 c:/nxp/lpcxpresso_6.1.4_194/lpcxpresso/tools/bin/../lib/gcc/arm-none-eabi/4.6.2/../../../../arm-none-eabi/lib/armv7-m\libc.a(lib_a-abs.o)
                0x00005584                abs
 .text.memset   0x0000558c       0x90 c:/nxp/lpcxpresso_6.1.4_194/lpcxpresso/tools/bin/../lib/gcc/arm-none-eabi/4.6.2/../../../../arm-none-eabi/lib/armv7-m\libc.a(lib_a-memset.o)
                0x0000558c                memset
 .text.sprintf  0x0000561c       0x50 c:/nxp/lpcxpresso_6.1.4_194/lpcxpresso/tools/bin/../lib/gcc/arm-none-eabi/4.6.2/../../../../arm-none-eabi/lib/armv7-m\libc.a(lib_a-sprintf.o)
                0x0000561c                sprintf
 .text.strlen   0x0000566c       0x60 c:/nxp/lpcxpresso_6.1.4_194/lpcxpresso/tools/bin/../lib/gcc/arm-none-eabi/4.6.2/../../../../arm-none-eabi/lib/armv7-m\libc.a(lib_a-strlen.o)
                0x0000566c                strlen
 .text._svfprintf_r
                0x000056cc     0x1408 c:/nxp/lpcxpresso_6.1.4_194/lpcxpresso/tools/bin/../lib/gcc/arm-none-eabi/4.6.2/../../../../arm-none-eabi/lib/armv7-m\libc.a(lib_a-svfprintf.o)
                0x000056cc                _svfprintf_r
 .text.quorem   0x00006ad4      0x150 c:/nxp/lpcxpresso_6.1.4_194/lpcxpresso/tools/bin/../lib/gcc/arm-none-eabi/4.6.2/../../../../arm-none-eabi/lib/armv7-m\libc.a(lib_a-dtoa.o)
 *fill*         0x00006c24        0x4 00
 .text._dtoa_r  0x00006c28      0xe60 c:/nxp/lpcxpresso_6.1.4_194/lpcxpresso/tools/bin/../lib/gcc/arm-none-eabi/4.6.2/../../../../arm-none-eabi/lib/armv7-m\libc.a(lib_a-dtoa.o)
                0x00006c28                _dtoa_r
 .text._localeconv_r
                0x00007a88        0xc c:/nxp/lpcxpresso_6.1.4_194/lpcxpresso/tools/bin/../lib/gcc/arm-none-eabi/4.6.2/../../../../arm-none-eabi/lib/armv7-m\libc.a(lib_a-locale.o)
                0x00007a88                _localeconv_r
 .text._malloc_r
                0x00007a94      0x528 c:/nxp/lpcxpresso_6.1.4_194/lpcxpresso/tools/bin/../lib/gcc/arm-none-eabi/4.6.2/../../../../arm-none-eabi/lib/armv7-m\libc.a(lib_a-mallocr.o)
                0x00007a94                _malloc_r
 .text.memchr   0x00007fbc       0x84 c:/nxp/lpcxpresso_6.1.4_194/lpcxpresso/tools/bin/../lib/gcc/arm-none-eabi/4.6.2/../../../../arm-none-eabi/lib/armv7-m\libc.a(lib_a-memchr.o)
                0x00007fbc                memchr
 .text.memcpy   0x00008040       0x84 c:/nxp/lpcxpresso_6.1.4_194/lpcxpresso/tools/bin/../lib/gcc/arm-none-eabi/4.6.2/../../../../arm-none-eabi/lib/armv7-m\libc.a(lib_a-memcpy.o)
                0x00008040                memcpy
 .text.__malloc_lock
                0x000080c4        0x4 c:/nxp/lpcxpresso_6.1.4_194/lpcxpresso/tools/bin/../lib/gcc/arm-none-eabi/4.6.2/../../../../arm-none-eabi/lib/armv7-m\libc.a(lib_a-mlock.o)
                0x000080c4                __malloc_lock
 .text.__malloc_unlock
                0x000080c8        0x4 c:/nxp/lpcxpresso_6.1.4_194/lpcxpresso/tools/bin/../lib/gcc/arm-none-eabi/4.6.2/../../../../arm-none-eabi/lib/armv7-m\libc.a(lib_a-mlock.o)
                0x000080c8                __malloc_unlock
 .text._Balloc  0x000080cc       0x4c c:/nxp/lpcxpresso_6.1.4_194/lpcxpresso/tools/bin/../lib/gcc/arm-none-eabi/4.6.2/../../../../arm-none-eabi/lib/armv7-m\libc.a(lib_a-mprec.o)
                0x000080cc                _Balloc
 .text._Bfree   0x00008118       0x14 c:/nxp/lpcxpresso_6.1.4_194/lpcxpresso/tools/bin/../lib/gcc/arm-none-eabi/4.6.2/../../../../arm-none-eabi/lib/armv7-m\libc.a(lib_a-mprec.o)
                0x00008118                _Bfree
 .text.__multadd
                0x0000812c       0x84 c:/nxp/lpcxpresso_6.1.4_194/lpcxpresso/tools/bin/../lib/gcc/arm-none-eabi/4.6.2/../../../../arm-none-eabi/lib/armv7-m\libc.a(lib_a-mprec.o)
                0x0000812c                __multadd
 .text.__hi0bits
                0x000081b0       0x3c c:/nxp/lpcxpresso_6.1.4_194/lpcxpresso/tools/bin/../lib/gcc/arm-none-eabi/4.6.2/../../../../arm-none-eabi/lib/armv7-m\libc.a(lib_a-mprec.o)
                0x000081b0                __hi0bits
 .text.__lo0bits
                0x000081ec       0x5c c:/nxp/lpcxpresso_6.1.4_194/lpcxpresso/tools/bin/../lib/gcc/arm-none-eabi/4.6.2/../../../../arm-none-eabi/lib/armv7-m\libc.a(lib_a-mprec.o)
                0x000081ec                __lo0bits
 .text.__i2b    0x00008248       0x14 c:/nxp/lpcxpresso_6.1.4_194/lpcxpresso/tools/bin/../lib/gcc/arm-none-eabi/4.6.2/../../../../arm-none-eabi/lib/armv7-m\libc.a(lib_a-mprec.o)
                0x00008248                __i2b
 .text.__multiply
                0x0000825c      0x144 c:/nxp/lpcxpresso_6.1.4_194/lpcxpresso/tools/bin/../lib/gcc/arm-none-eabi/4.6.2/../../../../arm-none-eabi/lib/armv7-m\libc.a(lib_a-mprec.o)
                0x0000825c                __multiply
 .text.__pow5mult
                0x000083a0       0x98 c:/nxp/lpcxpresso_6.1.4_194/lpcxpresso/tools/bin/../lib/gcc/arm-none-eabi/4.6.2/../../../../arm-none-eabi/lib/armv7-m\libc.a(lib_a-mprec.o)
                0x000083a0                __pow5mult
 .text.__lshift
                0x00008438       0xc0 c:/nxp/lpcxpresso_6.1.4_194/lpcxpresso/tools/bin/../lib/gcc/arm-none-eabi/4.6.2/../../../../arm-none-eabi/lib/armv7-m\libc.a(lib_a-mprec.o)
                0x00008438                __lshift
 .text.__mcmp   0x000084f8       0x3c c:/nxp/lpcxpresso_6.1.4_194/lpcxpresso/tools/bin/../lib/gcc/arm-none-eabi/4.6.2/../../../../arm-none-eabi/lib/armv7-m\libc.a(lib_a-mprec.o)
                0x000084f8                __mcmp
 .text.__mdiff  0x00008534       0xd8 c:/nxp/lpcxpresso_6.1.4_194/lpcxpresso/tools/bin/../lib/gcc/arm-none-eabi/4.6.2/../../../../arm-none-eabi/lib/armv7-m\libc.a(lib_a-mprec.o)
                0x00008534                __mdiff
 .text.__d2b    0x0000860c       0xcc c:/nxp/lpcxpresso_6.1.4_194/lpcxpresso/tools/bin/../lib/gcc/arm-none-eabi/4.6.2/../../../../arm-none-eabi/lib/armv7-m\libc.a(lib_a-mprec.o)
                0x0000860c                __d2b
 .text.__fpclassifyd
                0x000086d8       0x68 c:/nxp/lpcxpresso_6.1.4_194/lpcxpresso/tools/bin/../lib/gcc/arm-none-eabi/4.6.2/../../../../arm-none-eabi/lib/armv7-m\libc.a(lib_a-s_fpclassify.o)
                0x000086d8                __fpclassifyd
 .text._sbrk_r  0x00008740       0x24 c:/nxp/lpcxpresso_6.1.4_194/lpcxpresso/tools/bin/../lib/gcc/arm-none-eabi/4.6.2/../../../../arm-none-eabi/lib/armv7-m\libc.a(lib_a-sbrkr.o)
                0x00008740                _sbrk_r
 .text.__ssprint_r
                0x00008764       0xf8 c:/nxp/lpcxpresso_6.1.4_194/lpcxpresso/tools/bin/../lib/gcc/arm-none-eabi/4.6.2/../../../../arm-none-eabi/lib/armv7-m\libc.a(lib_a-svfiprintf.o)
                0x00008764                __ssprint_r
 .text._calloc_r
                0x0000885c       0x60 c:/nxp/lpcxpresso_6.1.4_194/lpcxpresso/tools/bin/../lib/gcc/arm-none-eabi/4.6.2/../../../../arm-none-eabi/lib/armv7-m\libc.a(lib_a-callocr.o)
                0x0000885c                _calloc_r
 .text._malloc_trim_r
                0x000088bc       0xa0 c:/nxp/lpcxpresso_6.1.4_194/lpcxpresso/tools/bin/../lib/gcc/arm-none-eabi/4.6.2/../../../../arm-none-eabi/lib/armv7-m\libc.a(lib_a-freer.o)
                0x000088bc                _malloc_trim_r
 .text._free_r  0x0000895c      0x190 c:/nxp/lpcxpresso_6.1.4_194/lpcxpresso/tools/bin/../lib/gcc/arm-none-eabi/4.6.2/../../../../arm-none-eabi/lib/armv7-m\libc.a(lib_a-freer.o)
                0x0000895c                _free_r
 .text.memmove  0x00008aec       0xb0 c:/nxp/lpcxpresso_6.1.4_194/lpcxpresso/tools/bin/../lib/gcc/arm-none-eabi/4.6.2/../../../../arm-none-eabi/lib/armv7-m\libc.a(lib_a-memmove.o)
                0x00008aec                memmove
 .text._realloc_r
                0x00008b9c      0x3f4 c:/nxp/lpcxpresso_6.1.4_194/lpcxpresso/tools/bin/../lib/gcc/arm-none-eabi/4.6.2/../../../../arm-none-eabi/lib/armv7-m\libc.a(lib_a-reallocr.o)
                0x00008b9c                _realloc_r
 .text._sbrk    0x00008f90       0x3c c:/nxp/lpcxpresso_6.1.4_194/lpcxpresso/tools/bin/../lib/gcc/arm-none-eabi/4.6.2/../../../../arm-none-eabi/lib/armv7-m\libcr_newlib_semihost.a(_cr_sbrk.o)
                0x00008f90                _sbrk
 .text.__check_heap_overflow
                0x00008fcc       0x2c c:/nxp/lpcxpresso_6.1.4_194/lpcxpresso/tools/bin/../lib/gcc/arm-none-eabi/4.6.2/../../../../arm-none-eabi/lib/armv7-m\libcr_newlib_semihost.a(_cr_check_heap.o)
                0x00008fcc                __check_heap_overflow
 .text          0x00008ff8       0x50 c:/nxp/lpcxpresso_6.1.4_194/lpcxpresso/tools/bin/../lib/gcc/arm-none-eabi/4.6.2/armv7-m\libgcc.a(_arm_fixdfsi.o)
                0x00008ff8                __aeabi_d2iz
                0x00008ff8                __fixdfsi
 .text.__errno  0x00009048        0xc c:/nxp/lpcxpresso_6.1.4_194/lpcxpresso/tools/bin/../lib/gcc/arm-none-eabi/4.6.2/../../../../arm-none-eabi/lib/armv7-m\libc.a(lib_a-errno.o)
                0x00009048                __errno
 *(.rodata .rodata.* .constdata .constdata.*)
 .rodata        0x00009054       0xb8 ./src/main.o
                0x00009054                interruptDarkLowerLimit
                0x00009058                interruptDarkUpperLimit
                0x0000905c                interruptLightLowerLimit
                0x00009060                interruptLightUpperLimit
                0x00009064                displayValues
                0x00009078                messageEnterMonitor
 .rodata        0x0000910c        0x8 C:\Users\yongchenglow\Documents\LPCXpresso_6.1.4_194\workspace\ee2024Assignment2\Lib_EaBaseBoard\Debug\libLib_EaBaseBoard.a(oled.o)
 .rodata        0x00009114      0x300 C:\Users\yongchenglow\Documents\LPCXpresso_6.1.4_194\workspace\ee2024Assignment2\Lib_EaBaseBoard\Debug\libLib_EaBaseBoard.a(font5x7.o)
                0x00009114                font5x7
 .rodata        0x00009414       0x18 C:\Users\yongchenglow\Documents\LPCXpresso_6.1.4_194\workspace\ee2024Assignment2\Lib_MCU\Debug\libLib_MCU.a(lpc17xx_i2c.o)
 .rodata        0x0000942c       0x18 C:\Users\yongchenglow\Documents\LPCXpresso_6.1.4_194\workspace\ee2024Assignment2\Lib_MCU\Debug\libLib_MCU.a(lpc17xx_ssp.o)
 .rodata        0x00009444       0x18 C:\Users\yongchenglow\Documents\LPCXpresso_6.1.4_194\workspace\ee2024Assignment2\Lib_MCU\Debug\libLib_MCU.a(lpc17xx_uart.o)
 .rodata.zeroes.6590
                0x0000945c       0x10 c:/nxp/lpcxpresso_6.1.4_194/lpcxpresso/tools/bin/../lib/gcc/arm-none-eabi/4.6.2/../../../../arm-none-eabi/lib/armv7-m\libc.a(lib_a-svfprintf.o)
 .rodata.str1.4
                0x0000946c       0x42 c:/nxp/lpcxpresso_6.1.4_194/lpcxpresso/tools/bin/../lib/gcc/arm-none-eabi/4.6.2/../../../../arm-none-eabi/lib/armv7-m\libc.a(lib_a-svfprintf.o)
                                 0x44 (size before relaxing)
 *fill*         0x000094ae        0x2 00
 .rodata.blanks.6589
                0x000094b0       0x10 c:/nxp/lpcxpresso_6.1.4_194/lpcxpresso/tools/bin/../lib/gcc/arm-none-eabi/4.6.2/../../../../arm-none-eabi/lib/armv7-m\libc.a(lib_a-svfprintf.o)
 .rodata.str1.4
                0x000094c0       0x10 c:/nxp/lpcxpresso_6.1.4_194/lpcxpresso/tools/bin/../lib/gcc/arm-none-eabi/4.6.2/../../../../arm-none-eabi/lib/armv7-m\libc.a(lib_a-dtoa.o)
                                 0x14 (size before relaxing)
 .rodata.str1.4
                0x000094d0        0x2 c:/nxp/lpcxpresso_6.1.4_194/lpcxpresso/tools/bin/../lib/gcc/arm-none-eabi/4.6.2/../../../../arm-none-eabi/lib/armv7-m\libc.a(lib_a-impure.o)
                                  0x4 (size before relaxing)
 *fill*         0x000094d2        0x2 00
 .rodata.str1.4
                0x000094d4        0xc c:/nxp/lpcxpresso_6.1.4_194/lpcxpresso/tools/bin/../lib/gcc/arm-none-eabi/4.6.2/../../../../arm-none-eabi/lib/armv7-m\libc.a(lib_a-locale.o)
                                 0x14 (size before relaxing)
 .rodata.__mprec_tens
                0x000094e0       0xc8 c:/nxp/lpcxpresso_6.1.4_194/lpcxpresso/tools/bin/../lib/gcc/arm-none-eabi/4.6.2/../../../../arm-none-eabi/lib/armv7-m\libc.a(lib_a-mprec.o)
                0x000094e0                __mprec_tens
 .rodata.__mprec_bigtens
                0x000095a8       0x28 c:/nxp/lpcxpresso_6.1.4_194/lpcxpresso/tools/bin/../lib/gcc/arm-none-eabi/4.6.2/../../../../arm-none-eabi/lib/armv7-m\libc.a(lib_a-mprec.o)
                0x000095a8                __mprec_bigtens
 .rodata.p05.5111
                0x000095d0        0xc c:/nxp/lpcxpresso_6.1.4_194/lpcxpresso/tools/bin/../lib/gcc/arm-none-eabi/4.6.2/../../../../arm-none-eabi/lib/armv7-m\libc.a(lib_a-mprec.o)
                0x000095dc                . = ALIGN (0x4)

.glue_7         0x000095dc        0x0
 .glue_7        0x00000000        0x0 linker stubs

.glue_7t        0x000095dc        0x0
 .glue_7t       0x00000000        0x0 linker stubs

.vfp11_veneer   0x000095dc        0x0
 .vfp11_veneer  0x00000000        0x0 linker stubs

.v4_bx          0x000095dc        0x0
 .v4_bx         0x00000000        0x0 linker stubs

.ARM.extab
 *(.ARM.extab* .gnu.linkonce.armextab.*)
                0x000095dc                __exidx_start = .

.ARM.exidx      0x000095dc        0x8
 *(.ARM.exidx* .gnu.linkonce.armexidx.*)
 .ARM.exidx     0x000095dc        0x8 c:/nxp/lpcxpresso_6.1.4_194/lpcxpresso/tools/bin/../lib/gcc/arm-none-eabi/4.6.2/armv7-m\libgcc.a(_divdi3.o)
 .ARM.exidx     0x000095e4        0x0 c:/nxp/lpcxpresso_6.1.4_194/lpcxpresso/tools/bin/../lib/gcc/arm-none-eabi/4.6.2/armv7-m\libgcc.a(_udivdi3.o)
                                  0x8 (size before relaxing)
                0x000095e4                __exidx_end = .
                0x000095e4                _etext = .

.data_RAM2      0x2007c000        0x0 load address 0x000095e4
 FILL mask 0xff
 *(.data.$RAM2*)
 *(.data.$RamAHB32*)
                0x2007c000                . = ALIGN (0x4)

.uninit_RESERVED
                0x10000000        0x0
 *(.bss.$RESERVED*)
                0x10000000                . = ALIGN (0x4)
                0x10000000                _end_uninit_RESERVED = .

.data           0x10000000      0x8dc load address 0x000095e4
 FILL mask 0xff
                0x10000000                _data = .
 *(vtable)
 *(.data*)
 .data          0x10000000        0x8 ./src/main.o
                0x10000000                isFirstTimeEnterStable
                0x10000001                isFirstTimeEnterMonitor
                0x10000002                RGB_RED_AND_BLUE
                0x10000004                onOrOff
 .data          0x10000008        0x4 C:\Users\yongchenglow\Documents\LPCXpresso_6.1.4_194\workspace\ee2024Assignment2\Lib_CMSISv1p30_LPC17xx\Debug\libCMSISv1p30_LPC17xx.a(system_LPC17xx.o)
                0x10000008                SystemCoreClock
 .data          0x1000000c       0x50 C:\Users\yongchenglow\Documents\LPCXpresso_6.1.4_194\workspace\ee2024Assignment2\Lib_EaBaseBoard\Debug\libLib_EaBaseBoard.a(led7seg.o)
 .data          0x1000005c        0x8 C:\Users\yongchenglow\Documents\LPCXpresso_6.1.4_194\workspace\ee2024Assignment2\Lib_EaBaseBoard\Debug\libLib_EaBaseBoard.a(light.o)
 *fill*         0x10000064        0x4 00
 .data.impure_data
                0x10000068      0x428 c:/nxp/lpcxpresso_6.1.4_194/lpcxpresso/tools/bin/../lib/gcc/arm-none-eabi/4.6.2/../../../../arm-none-eabi/lib/armv7-m\libc.a(lib_a-impure.o)
 .data._impure_ptr
                0x10000490        0x4 c:/nxp/lpcxpresso_6.1.4_194/lpcxpresso/tools/bin/../lib/gcc/arm-none-eabi/4.6.2/../../../../arm-none-eabi/lib/armv7-m\libc.a(lib_a-impure.o)
                0x10000490                _impure_ptr
 .data.lconv    0x10000494       0x38 c:/nxp/lpcxpresso_6.1.4_194/lpcxpresso/tools/bin/../lib/gcc/arm-none-eabi/4.6.2/../../../../arm-none-eabi/lib/armv7-m\libc.a(lib_a-locale.o)
 .data.__malloc_av_
                0x100004cc      0x408 c:/nxp/lpcxpresso_6.1.4_194/lpcxpresso/tools/bin/../lib/gcc/arm-none-eabi/4.6.2/../../../../arm-none-eabi/lib/armv7-m\libc.a(lib_a-mallocr.o)
                0x100004cc                __malloc_av_
 .data.__malloc_trim_threshold
                0x100008d4        0x4 c:/nxp/lpcxpresso_6.1.4_194/lpcxpresso/tools/bin/../lib/gcc/arm-none-eabi/4.6.2/../../../../arm-none-eabi/lib/armv7-m\libc.a(lib_a-mallocr.o)
                0x100008d4                __malloc_trim_threshold
 .data.__malloc_sbrk_base
                0x100008d8        0x4 c:/nxp/lpcxpresso_6.1.4_194/lpcxpresso/tools/bin/../lib/gcc/arm-none-eabi/4.6.2/../../../../arm-none-eabi/lib/armv7-m\libc.a(lib_a-mallocr.o)
                0x100008d8                __malloc_sbrk_base
                0x100008dc                . = ALIGN (0x4)
                0x100008dc                _edata = .

.bss_RAM2       0x2007c000        0x0
 *(.bss.$RAM2*)
 *(.bss.$RamAHB32*)
                0x2007c000                . = ALIGN (0x4)

.bss            0x100008dc      0x46c
                0x100008dc                _bss = .
 *(.bss*)
 .bss           0x100008dc       0x9c ./src/main.o
                0x100008dc                mode
                0x100008e0                msTicks
                0x100008e4                lightLowWarning
                0x100008e8                oneSecondHasReached
                0x100008ec                segCount
                0x100008f0                sw4
                0x100008f4                xoff
                0x100008f8                yoff
                0x100008fc                zoff
                0x10000900                x
                0x10000901                y
                0x10000902                z
                0x10000904                isThereMovement
                0x10000908                displayValuesToUART
                0x1000096c                message
                0x10000970                light
                0x10000974                temperature
 .bss           0x10000978      0x300 C:\Users\yongchenglow\Documents\LPCXpresso_6.1.4_194\workspace\ee2024Assignment2\Lib_EaBaseBoard\Debug\libLib_EaBaseBoard.a(oled.o)
 .bss           0x10000c78        0x4 C:\Users\yongchenglow\Documents\LPCXpresso_6.1.4_194\workspace\ee2024Assignment2\Lib_EaBaseBoard\Debug\libLib_EaBaseBoard.a(temp.o)
 .bss           0x10000c7c       0x24 C:\Users\yongchenglow\Documents\LPCXpresso_6.1.4_194\workspace\ee2024Assignment2\Lib_MCU\Debug\libLib_MCU.a(lpc17xx_i2c.o)
 .bss           0x10000ca0       0x18 C:\Users\yongchenglow\Documents\LPCXpresso_6.1.4_194\workspace\ee2024Assignment2\Lib_MCU\Debug\libLib_MCU.a(lpc17xx_ssp.o)
 .bss.__malloc_max_total_mem
                0x10000cb8        0x4 c:/nxp/lpcxpresso_6.1.4_194/lpcxpresso/tools/bin/../lib/gcc/arm-none-eabi/4.6.2/../../../../arm-none-eabi/lib/armv7-m\libc.a(lib_a-mallocr.o)
                0x10000cb8                __malloc_max_total_mem
 .bss.__malloc_max_sbrked_mem
                0x10000cbc        0x4 c:/nxp/lpcxpresso_6.1.4_194/lpcxpresso/tools/bin/../lib/gcc/arm-none-eabi/4.6.2/../../../../arm-none-eabi/lib/armv7-m\libc.a(lib_a-mallocr.o)
                0x10000cbc                __malloc_max_sbrked_mem
 .bss.__malloc_top_pad
                0x10000cc0        0x4 c:/nxp/lpcxpresso_6.1.4_194/lpcxpresso/tools/bin/../lib/gcc/arm-none-eabi/4.6.2/../../../../arm-none-eabi/lib/armv7-m\libc.a(lib_a-mallocr.o)
                0x10000cc0                __malloc_top_pad
 .bss.__malloc_current_mallinfo
                0x10000cc4       0x28 c:/nxp/lpcxpresso_6.1.4_194/lpcxpresso/tools/bin/../lib/gcc/arm-none-eabi/4.6.2/../../../../arm-none-eabi/lib/armv7-m\libc.a(lib_a-mallocr.o)
                0x10000cc4                __malloc_current_mallinfo
 *(COMMON)
 COMMON         0x10000cec       0x53 ./src/main.o
                0x10000cec                OLED_TEMPERATURE
                0x10000cfc                sw4PressTicks
                0x10000d00                OLED_Z
                0x10000d10                OLED_Y
                0x10000d20                OLED_X
                0x10000d2f                warning
                0x10000d30                OLED_LIGHT
 *fill*         0x10000d3f        0x1 00
 COMMON         0x10000d40        0x4 c:/nxp/lpcxpresso_6.1.4_194/lpcxpresso/tools/bin/../lib/gcc/arm-none-eabi/4.6.2/../../../../arm-none-eabi/lib/armv7-m\libc.a(lib_a-reent.o)
                0x10000d40                errno
 COMMON         0x10000d44        0x4 c:/nxp/lpcxpresso_6.1.4_194/lpcxpresso/tools/bin/../lib/gcc/arm-none-eabi/4.6.2/../../../../arm-none-eabi/lib/armv7-m\libcr_newlib_semihost.a(_cr_sbrk.o)
                0x10000d44                __end_of_heap
                0x10000d48                . = ALIGN (0x4)
                0x10000d48                _ebss = .
                0x10000d48                PROVIDE (end, .)

.noinit_RAM2    0x2007c000        0x0
 *(.noinit.$RAM2*)
 *(.noinit.$RamAHB32*)
                0x2007c000                . = ALIGN (0x4)

.noinit         0x10000d48        0x0
                0x10000d48                _noinit = .
 *(.noinit*)
                0x10000d48                . = ALIGN (0x4)
                0x10000d48                _end_noinit = .
                0x10000d48                PROVIDE (_pvHeapStart, .)
                0x10008000                PROVIDE (_vStackTop, (__top_RamLoc32 - 0x0))
OUTPUT(Assignment2.axf elf32-littlearm)

.debug_info     0x00000000     0x82ee
 .debug_info    0x00000000      0x209 ./src/cr_startup_lpc17.o
 .debug_info    0x00000209     0x18b6 ./src/main.o
 .debug_info    0x00001abf      0x357 C:\Users\yongchenglow\Documents\LPCXpresso_6.1.4_194\workspace\ee2024Assignment2\Lib_CMSISv1p30_LPC17xx\Debug\libCMSISv1p30_LPC17xx.a(system_LPC17xx.o)
 .debug_info    0x00001e16      0x53d C:\Users\yongchenglow\Documents\LPCXpresso_6.1.4_194\workspace\ee2024Assignment2\Lib_EaBaseBoard\Debug\libLib_EaBaseBoard.a(acc.o)
 .debug_info    0x00002353      0x10f C:\Users\yongchenglow\Documents\LPCXpresso_6.1.4_194\workspace\ee2024Assignment2\Lib_EaBaseBoard\Debug\libLib_EaBaseBoard.a(joystick.o)
 .debug_info    0x00002462      0x282 C:\Users\yongchenglow\Documents\LPCXpresso_6.1.4_194\workspace\ee2024Assignment2\Lib_EaBaseBoard\Debug\libLib_EaBaseBoard.a(led7seg.o)
 .debug_info    0x000026e4      0x763 C:\Users\yongchenglow\Documents\LPCXpresso_6.1.4_194\workspace\ee2024Assignment2\Lib_EaBaseBoard\Debug\libLib_EaBaseBoard.a(light.o)
 .debug_info    0x00002e47      0x97d C:\Users\yongchenglow\Documents\LPCXpresso_6.1.4_194\workspace\ee2024Assignment2\Lib_EaBaseBoard\Debug\libLib_EaBaseBoard.a(oled.o)
 .debug_info    0x000037c4      0x642 C:\Users\yongchenglow\Documents\LPCXpresso_6.1.4_194\workspace\ee2024Assignment2\Lib_EaBaseBoard\Debug\libLib_EaBaseBoard.a(pca9532.o)
 .debug_info    0x00003e06       0xe4 C:\Users\yongchenglow\Documents\LPCXpresso_6.1.4_194\workspace\ee2024Assignment2\Lib_EaBaseBoard\Debug\libLib_EaBaseBoard.a(rgb.o)
 .debug_info    0x00003eea      0x154 C:\Users\yongchenglow\Documents\LPCXpresso_6.1.4_194\workspace\ee2024Assignment2\Lib_EaBaseBoard\Debug\libLib_EaBaseBoard.a(temp.o)
 .debug_info    0x0000403e       0x65 C:\Users\yongchenglow\Documents\LPCXpresso_6.1.4_194\workspace\ee2024Assignment2\Lib_EaBaseBoard\Debug\libLib_EaBaseBoard.a(font5x7.o)
 .debug_info    0x000040a3      0xb95 C:\Users\yongchenglow\Documents\LPCXpresso_6.1.4_194\workspace\ee2024Assignment2\Lib_MCU\Debug\libLib_MCU.a(lpc17xx_gpio.o)
 .debug_info    0x00004c38      0xcc3 C:\Users\yongchenglow\Documents\LPCXpresso_6.1.4_194\workspace\ee2024Assignment2\Lib_MCU\Debug\libLib_MCU.a(lpc17xx_i2c.o)
 .debug_info    0x000058fb      0x4b1 C:\Users\yongchenglow\Documents\LPCXpresso_6.1.4_194\workspace\ee2024Assignment2\Lib_MCU\Debug\libLib_MCU.a(lpc17xx_pinsel.o)
 .debug_info    0x00005dac      0x867 C:\Users\yongchenglow\Documents\LPCXpresso_6.1.4_194\workspace\ee2024Assignment2\Lib_MCU\Debug\libLib_MCU.a(lpc17xx_ssp.o)
 .debug_info    0x00006613     0x14df C:\Users\yongchenglow\Documents\LPCXpresso_6.1.4_194\workspace\ee2024Assignment2\Lib_MCU\Debug\libLib_MCU.a(lpc17xx_uart.o)
 .debug_info    0x00007af2      0x641 C:\Users\yongchenglow\Documents\LPCXpresso_6.1.4_194\workspace\ee2024Assignment2\Lib_MCU\Debug\libLib_MCU.a(lpc17xx_clkpwr.o)
 .debug_info    0x00008133      0x106 c:/nxp/lpcxpresso_6.1.4_194/lpcxpresso/tools/bin/../lib/gcc/arm-none-eabi/4.6.2/../../../../arm-none-eabi/lib/armv7-m\libcr_newlib_semihost.a(_cr_sbrk.o)
 .debug_info    0x00008239       0xb5 c:/nxp/lpcxpresso_6.1.4_194/lpcxpresso/tools/bin/../lib/gcc/arm-none-eabi/4.6.2/../../../../arm-none-eabi/lib/armv7-m\libcr_newlib_semihost.a(_cr_check_heap.o)

.debug_abbrev   0x00000000     0x1a17
 .debug_abbrev  0x00000000       0xb4 ./src/cr_startup_lpc17.o
 .debug_abbrev  0x000000b4      0x2ce ./src/main.o
 .debug_abbrev  0x00000382       0xce C:\Users\yongchenglow\Documents\LPCXpresso_6.1.4_194\workspace\ee2024Assignment2\Lib_CMSISv1p30_LPC17xx\Debug\libCMSISv1p30_LPC17xx.a(system_LPC17xx.o)
 .debug_abbrev  0x00000450      0x15c C:\Users\yongchenglow\Documents\LPCXpresso_6.1.4_194\workspace\ee2024Assignment2\Lib_EaBaseBoard\Debug\libLib_EaBaseBoard.a(acc.o)
 .debug_abbrev  0x000005ac       0x90 C:\Users\yongchenglow\Documents\LPCXpresso_6.1.4_194\workspace\ee2024Assignment2\Lib_EaBaseBoard\Debug\libLib_EaBaseBoard.a(joystick.o)
 .debug_abbrev  0x0000063c      0x155 C:\Users\yongchenglow\Documents\LPCXpresso_6.1.4_194\workspace\ee2024Assignment2\Lib_EaBaseBoard\Debug\libLib_EaBaseBoard.a(led7seg.o)
 .debug_abbrev  0x00000791      0x1bd C:\Users\yongchenglow\Documents\LPCXpresso_6.1.4_194\workspace\ee2024Assignment2\Lib_EaBaseBoard\Debug\libLib_EaBaseBoard.a(light.o)
 .debug_abbrev  0x0000094e      0x1f1 C:\Users\yongchenglow\Documents\LPCXpresso_6.1.4_194\workspace\ee2024Assignment2\Lib_EaBaseBoard\Debug\libLib_EaBaseBoard.a(oled.o)
 .debug_abbrev  0x00000b3f      0x1aa C:\Users\yongchenglow\Documents\LPCXpresso_6.1.4_194\workspace\ee2024Assignment2\Lib_EaBaseBoard\Debug\libLib_EaBaseBoard.a(pca9532.o)
 .debug_abbrev  0x00000ce9       0x8e C:\Users\yongchenglow\Documents\LPCXpresso_6.1.4_194\workspace\ee2024Assignment2\Lib_EaBaseBoard\Debug\libLib_EaBaseBoard.a(rgb.o)
 .debug_abbrev  0x00000d77       0xc2 C:\Users\yongchenglow\Documents\LPCXpresso_6.1.4_194\workspace\ee2024Assignment2\Lib_EaBaseBoard\Debug\libLib_EaBaseBoard.a(temp.o)
 .debug_abbrev  0x00000e39       0x4b C:\Users\yongchenglow\Documents\LPCXpresso_6.1.4_194\workspace\ee2024Assignment2\Lib_EaBaseBoard\Debug\libLib_EaBaseBoard.a(font5x7.o)
 .debug_abbrev  0x00000e84      0x185 C:\Users\yongchenglow\Documents\LPCXpresso_6.1.4_194\workspace\ee2024Assignment2\Lib_MCU\Debug\libLib_MCU.a(lpc17xx_gpio.o)
 .debug_abbrev  0x00001009      0x24a C:\Users\yongchenglow\Documents\LPCXpresso_6.1.4_194\workspace\ee2024Assignment2\Lib_MCU\Debug\libLib_MCU.a(lpc17xx_i2c.o)
 .debug_abbrev  0x00001253      0x10a C:\Users\yongchenglow\Documents\LPCXpresso_6.1.4_194\workspace\ee2024Assignment2\Lib_MCU\Debug\libLib_MCU.a(lpc17xx_pinsel.o)
 .debug_abbrev  0x0000135d      0x1d3 C:\Users\yongchenglow\Documents\LPCXpresso_6.1.4_194\workspace\ee2024Assignment2\Lib_MCU\Debug\libLib_MCU.a(lpc17xx_ssp.o)
 .debug_abbrev  0x00001530      0x259 C:\Users\yongchenglow\Documents\LPCXpresso_6.1.4_194\workspace\ee2024Assignment2\Lib_MCU\Debug\libLib_MCU.a(lpc17xx_uart.o)
 .debug_abbrev  0x00001789      0x174 C:\Users\yongchenglow\Documents\LPCXpresso_6.1.4_194\workspace\ee2024Assignment2\Lib_MCU\Debug\libLib_MCU.a(lpc17xx_clkpwr.o)
 .debug_abbrev  0x000018fd       0xa8 c:/nxp/lpcxpresso_6.1.4_194/lpcxpresso/tools/bin/../lib/gcc/arm-none-eabi/4.6.2/../../../../arm-none-eabi/lib/armv7-m\libcr_newlib_semihost.a(_cr_sbrk.o)
 .debug_abbrev  0x000019a5       0x72 c:/nxp/lpcxpresso_6.1.4_194/lpcxpresso/tools/bin/../lib/gcc/arm-none-eabi/4.6.2/../../../../arm-none-eabi/lib/armv7-m\libcr_newlib_semihost.a(_cr_check_heap.o)

.debug_loc      0x00000000     0x303e
 .debug_loc     0x00000000      0x1f0 ./src/cr_startup_lpc17.o
 .debug_loc     0x000001f0      0x7e4 ./src/main.o
 .debug_loc     0x000009d4       0x58 C:\Users\yongchenglow\Documents\LPCXpresso_6.1.4_194\workspace\ee2024Assignment2\Lib_CMSISv1p30_LPC17xx\Debug\libCMSISv1p30_LPC17xx.a(system_LPC17xx.o)
 .debug_loc     0x00000a2c      0x1f0 C:\Users\yongchenglow\Documents\LPCXpresso_6.1.4_194\workspace\ee2024Assignment2\Lib_EaBaseBoard\Debug\libLib_EaBaseBoard.a(acc.o)
 .debug_loc     0x00000c1c       0x64 C:\Users\yongchenglow\Documents\LPCXpresso_6.1.4_194\workspace\ee2024Assignment2\Lib_EaBaseBoard\Debug\libLib_EaBaseBoard.a(joystick.o)
 .debug_loc     0x00000c80       0x64 C:\Users\yongchenglow\Documents\LPCXpresso_6.1.4_194\workspace\ee2024Assignment2\Lib_EaBaseBoard\Debug\libLib_EaBaseBoard.a(led7seg.o)
 .debug_loc     0x00000ce4      0x378 C:\Users\yongchenglow\Documents\LPCXpresso_6.1.4_194\workspace\ee2024Assignment2\Lib_EaBaseBoard\Debug\libLib_EaBaseBoard.a(light.o)
 .debug_loc     0x0000105c      0x33e C:\Users\yongchenglow\Documents\LPCXpresso_6.1.4_194\workspace\ee2024Assignment2\Lib_EaBaseBoard\Debug\libLib_EaBaseBoard.a(oled.o)
 .debug_loc     0x0000139a      0x2d0 C:\Users\yongchenglow\Documents\LPCXpresso_6.1.4_194\workspace\ee2024Assignment2\Lib_EaBaseBoard\Debug\libLib_EaBaseBoard.a(pca9532.o)
 .debug_loc     0x0000166a       0x64 C:\Users\yongchenglow\Documents\LPCXpresso_6.1.4_194\workspace\ee2024Assignment2\Lib_EaBaseBoard\Debug\libLib_EaBaseBoard.a(rgb.o)
 .debug_loc     0x000016ce       0x70 C:\Users\yongchenglow\Documents\LPCXpresso_6.1.4_194\workspace\ee2024Assignment2\Lib_EaBaseBoard\Debug\libLib_EaBaseBoard.a(temp.o)
 .debug_loc     0x0000173e      0x4d0 C:\Users\yongchenglow\Documents\LPCXpresso_6.1.4_194\workspace\ee2024Assignment2\Lib_MCU\Debug\libLib_MCU.a(lpc17xx_gpio.o)
 .debug_loc     0x00001c0e      0x4e4 C:\Users\yongchenglow\Documents\LPCXpresso_6.1.4_194\workspace\ee2024Assignment2\Lib_MCU\Debug\libLib_MCU.a(lpc17xx_i2c.o)
 .debug_loc     0x000020f2      0x150 C:\Users\yongchenglow\Documents\LPCXpresso_6.1.4_194\workspace\ee2024Assignment2\Lib_MCU\Debug\libLib_MCU.a(lpc17xx_pinsel.o)
 .debug_loc     0x00002242      0x448 C:\Users\yongchenglow\Documents\LPCXpresso_6.1.4_194\workspace\ee2024Assignment2\Lib_MCU\Debug\libLib_MCU.a(lpc17xx_ssp.o)
 .debug_loc     0x0000268a      0x77a C:\Users\yongchenglow\Documents\LPCXpresso_6.1.4_194\workspace\ee2024Assignment2\Lib_MCU\Debug\libLib_MCU.a(lpc17xx_uart.o)
 .debug_loc     0x00002e04      0x1bc C:\Users\yongchenglow\Documents\LPCXpresso_6.1.4_194\workspace\ee2024Assignment2\Lib_MCU\Debug\libLib_MCU.a(lpc17xx_clkpwr.o)
 .debug_loc     0x00002fc0       0x55 c:/nxp/lpcxpresso_6.1.4_194/lpcxpresso/tools/bin/../lib/gcc/arm-none-eabi/4.6.2/../../../../arm-none-eabi/lib/armv7-m\libcr_newlib_semihost.a(_cr_sbrk.o)
 .debug_loc     0x00003015       0x29 c:/nxp/lpcxpresso_6.1.4_194/lpcxpresso/tools/bin/../lib/gcc/arm-none-eabi/4.6.2/../../../../arm-none-eabi/lib/armv7-m\libcr_newlib_semihost.a(_cr_check_heap.o)

.debug_aranges  0x00000000      0x908
 .debug_aranges
                0x00000000       0x70 ./src/cr_startup_lpc17.o
 .debug_aranges
                0x00000070      0x160 ./src/main.o
 .debug_aranges
                0x000001d0       0x28 C:\Users\yongchenglow\Documents\LPCXpresso_6.1.4_194\workspace\ee2024Assignment2\Lib_CMSISv1p30_LPC17xx\Debug\libCMSISv1p30_LPC17xx.a(system_LPC17xx.o)
 .debug_aranges
                0x000001f8       0x60 C:\Users\yongchenglow\Documents\LPCXpresso_6.1.4_194\workspace\ee2024Assignment2\Lib_EaBaseBoard\Debug\libLib_EaBaseBoard.a(acc.o)
 .debug_aranges
                0x00000258       0x28 C:\Users\yongchenglow\Documents\LPCXpresso_6.1.4_194\workspace\ee2024Assignment2\Lib_EaBaseBoard\Debug\libLib_EaBaseBoard.a(joystick.o)
 .debug_aranges
                0x00000280       0x28 C:\Users\yongchenglow\Documents\LPCXpresso_6.1.4_194\workspace\ee2024Assignment2\Lib_EaBaseBoard\Debug\libLib_EaBaseBoard.a(led7seg.o)
 .debug_aranges
                0x000002a8       0x98 C:\Users\yongchenglow\Documents\LPCXpresso_6.1.4_194\workspace\ee2024Assignment2\Lib_EaBaseBoard\Debug\libLib_EaBaseBoard.a(light.o)
 .debug_aranges
                0x00000340       0x90 C:\Users\yongchenglow\Documents\LPCXpresso_6.1.4_194\workspace\ee2024Assignment2\Lib_EaBaseBoard\Debug\libLib_EaBaseBoard.a(oled.o)
 .debug_aranges
                0x000003d0       0x80 C:\Users\yongchenglow\Documents\LPCXpresso_6.1.4_194\workspace\ee2024Assignment2\Lib_EaBaseBoard\Debug\libLib_EaBaseBoard.a(pca9532.o)
 .debug_aranges
                0x00000450       0x28 C:\Users\yongchenglow\Documents\LPCXpresso_6.1.4_194\workspace\ee2024Assignment2\Lib_EaBaseBoard\Debug\libLib_EaBaseBoard.a(rgb.o)
 .debug_aranges
                0x00000478       0x28 C:\Users\yongchenglow\Documents\LPCXpresso_6.1.4_194\workspace\ee2024Assignment2\Lib_EaBaseBoard\Debug\libLib_EaBaseBoard.a(temp.o)
 .debug_aranges
                0x000004a0       0xc8 C:\Users\yongchenglow\Documents\LPCXpresso_6.1.4_194\workspace\ee2024Assignment2\Lib_MCU\Debug\libLib_MCU.a(lpc17xx_gpio.o)
 .debug_aranges
                0x00000568       0xd0 C:\Users\yongchenglow\Documents\LPCXpresso_6.1.4_194\workspace\ee2024Assignment2\Lib_MCU\Debug\libLib_MCU.a(lpc17xx_i2c.o)
 .debug_aranges
                0x00000638       0x48 C:\Users\yongchenglow\Documents\LPCXpresso_6.1.4_194\workspace\ee2024Assignment2\Lib_MCU\Debug\libLib_MCU.a(lpc17xx_pinsel.o)
 .debug_aranges
                0x00000680       0xb8 C:\Users\yongchenglow\Documents\LPCXpresso_6.1.4_194\workspace\ee2024Assignment2\Lib_MCU\Debug\libLib_MCU.a(lpc17xx_ssp.o)
 .debug_aranges
                0x00000738      0x130 C:\Users\yongchenglow\Documents\LPCXpresso_6.1.4_194\workspace\ee2024Assignment2\Lib_MCU\Debug\libLib_MCU.a(lpc17xx_uart.o)
 .debug_aranges
                0x00000868       0x60 C:\Users\yongchenglow\Documents\LPCXpresso_6.1.4_194\workspace\ee2024Assignment2\Lib_MCU\Debug\libLib_MCU.a(lpc17xx_clkpwr.o)
 .debug_aranges
                0x000008c8       0x20 c:/nxp/lpcxpresso_6.1.4_194/lpcxpresso/tools/bin/../lib/gcc/arm-none-eabi/4.6.2/../../../../arm-none-eabi/lib/armv7-m\libcr_newlib_semihost.a(_cr_sbrk.o)
 .debug_aranges
                0x000008e8       0x20 c:/nxp/lpcxpresso_6.1.4_194/lpcxpresso/tools/bin/../lib/gcc/arm-none-eabi/4.6.2/../../../../arm-none-eabi/lib/armv7-m\libcr_newlib_semihost.a(_cr_check_heap.o)

.debug_ranges   0x00000000      0x7d8
 .debug_ranges  0x00000000       0x60 ./src/cr_startup_lpc17.o
 .debug_ranges  0x00000060      0x150 ./src/main.o
 .debug_ranges  0x000001b0       0x18 C:\Users\yongchenglow\Documents\LPCXpresso_6.1.4_194\workspace\ee2024Assignment2\Lib_CMSISv1p30_LPC17xx\Debug\libCMSISv1p30_LPC17xx.a(system_LPC17xx.o)
 .debug_ranges  0x000001c8       0x50 C:\Users\yongchenglow\Documents\LPCXpresso_6.1.4_194\workspace\ee2024Assignment2\Lib_EaBaseBoard\Debug\libLib_EaBaseBoard.a(acc.o)
 .debug_ranges  0x00000218       0x18 C:\Users\yongchenglow\Documents\LPCXpresso_6.1.4_194\workspace\ee2024Assignment2\Lib_EaBaseBoard\Debug\libLib_EaBaseBoard.a(joystick.o)
 .debug_ranges  0x00000230       0x18 C:\Users\yongchenglow\Documents\LPCXpresso_6.1.4_194\workspace\ee2024Assignment2\Lib_EaBaseBoard\Debug\libLib_EaBaseBoard.a(led7seg.o)
 .debug_ranges  0x00000248       0x88 C:\Users\yongchenglow\Documents\LPCXpresso_6.1.4_194\workspace\ee2024Assignment2\Lib_EaBaseBoard\Debug\libLib_EaBaseBoard.a(light.o)
 .debug_ranges  0x000002d0       0x80 C:\Users\yongchenglow\Documents\LPCXpresso_6.1.4_194\workspace\ee2024Assignment2\Lib_EaBaseBoard\Debug\libLib_EaBaseBoard.a(oled.o)
 .debug_ranges  0x00000350       0x70 C:\Users\yongchenglow\Documents\LPCXpresso_6.1.4_194\workspace\ee2024Assignment2\Lib_EaBaseBoard\Debug\libLib_EaBaseBoard.a(pca9532.o)
 .debug_ranges  0x000003c0       0x18 C:\Users\yongchenglow\Documents\LPCXpresso_6.1.4_194\workspace\ee2024Assignment2\Lib_EaBaseBoard\Debug\libLib_EaBaseBoard.a(rgb.o)
 .debug_ranges  0x000003d8       0x18 C:\Users\yongchenglow\Documents\LPCXpresso_6.1.4_194\workspace\ee2024Assignment2\Lib_EaBaseBoard\Debug\libLib_EaBaseBoard.a(temp.o)
 .debug_ranges  0x000003f0       0xb8 C:\Users\yongchenglow\Documents\LPCXpresso_6.1.4_194\workspace\ee2024Assignment2\Lib_MCU\Debug\libLib_MCU.a(lpc17xx_gpio.o)
 .debug_ranges  0x000004a8       0xc0 C:\Users\yongchenglow\Documents\LPCXpresso_6.1.4_194\workspace\ee2024Assignment2\Lib_MCU\Debug\libLib_MCU.a(lpc17xx_i2c.o)
 .debug_ranges  0x00000568       0x38 C:\Users\yongchenglow\Documents\LPCXpresso_6.1.4_194\workspace\ee2024Assignment2\Lib_MCU\Debug\libLib_MCU.a(lpc17xx_pinsel.o)
 .debug_ranges  0x000005a0       0xa8 C:\Users\yongchenglow\Documents\LPCXpresso_6.1.4_194\workspace\ee2024Assignment2\Lib_MCU\Debug\libLib_MCU.a(lpc17xx_ssp.o)
 .debug_ranges  0x00000648      0x120 C:\Users\yongchenglow\Documents\LPCXpresso_6.1.4_194\workspace\ee2024Assignment2\Lib_MCU\Debug\libLib_MCU.a(lpc17xx_uart.o)
 .debug_ranges  0x00000768       0x50 C:\Users\yongchenglow\Documents\LPCXpresso_6.1.4_194\workspace\ee2024Assignment2\Lib_MCU\Debug\libLib_MCU.a(lpc17xx_clkpwr.o)
 .debug_ranges  0x000007b8       0x10 c:/nxp/lpcxpresso_6.1.4_194/lpcxpresso/tools/bin/../lib/gcc/arm-none-eabi/4.6.2/../../../../arm-none-eabi/lib/armv7-m\libcr_newlib_semihost.a(_cr_sbrk.o)
 .debug_ranges  0x000007c8       0x10 c:/nxp/lpcxpresso_6.1.4_194/lpcxpresso/tools/bin/../lib/gcc/arm-none-eabi/4.6.2/../../../../arm-none-eabi/lib/armv7-m\libcr_newlib_semihost.a(_cr_check_heap.o)

.debug_line     0x00000000     0x6efe
 .debug_line    0x00000000      0x38c ./src/cr_startup_lpc17.o
 .debug_line    0x0000038c      0xc5c ./src/main.o
 .debug_line    0x00000fe8      0x42b C:\Users\yongchenglow\Documents\LPCXpresso_6.1.4_194\workspace\ee2024Assignment2\Lib_CMSISv1p30_LPC17xx\Debug\libCMSISv1p30_LPC17xx.a(system_LPC17xx.o)
 .debug_line    0x00001413      0x54e C:\Users\yongchenglow\Documents\LPCXpresso_6.1.4_194\workspace\ee2024Assignment2\Lib_EaBaseBoard\Debug\libLib_EaBaseBoard.a(acc.o)
 .debug_line    0x00001961      0x4b9 C:\Users\yongchenglow\Documents\LPCXpresso_6.1.4_194\workspace\ee2024Assignment2\Lib_EaBaseBoard\Debug\libLib_EaBaseBoard.a(joystick.o)
 .debug_line    0x00001e1a      0x4c9 C:\Users\yongchenglow\Documents\LPCXpresso_6.1.4_194\workspace\ee2024Assignment2\Lib_EaBaseBoard\Debug\libLib_EaBaseBoard.a(led7seg.o)
 .debug_line    0x000022e3      0x5fa C:\Users\yongchenglow\Documents\LPCXpresso_6.1.4_194\workspace\ee2024Assignment2\Lib_EaBaseBoard\Debug\libLib_EaBaseBoard.a(light.o)
 .debug_line    0x000028dd      0x7d3 C:\Users\yongchenglow\Documents\LPCXpresso_6.1.4_194\workspace\ee2024Assignment2\Lib_EaBaseBoard\Debug\libLib_EaBaseBoard.a(oled.o)
 .debug_line    0x000030b0      0x5e5 C:\Users\yongchenglow\Documents\LPCXpresso_6.1.4_194\workspace\ee2024Assignment2\Lib_EaBaseBoard\Debug\libLib_EaBaseBoard.a(pca9532.o)
 .debug_line    0x00003695      0x4a2 C:\Users\yongchenglow\Documents\LPCXpresso_6.1.4_194\workspace\ee2024Assignment2\Lib_EaBaseBoard\Debug\libLib_EaBaseBoard.a(rgb.o)
 .debug_line    0x00003b37      0x4c7 C:\Users\yongchenglow\Documents\LPCXpresso_6.1.4_194\workspace\ee2024Assignment2\Lib_EaBaseBoard\Debug\libLib_EaBaseBoard.a(temp.o)
 .debug_line    0x00003ffe       0xa6 C:\Users\yongchenglow\Documents\LPCXpresso_6.1.4_194\workspace\ee2024Assignment2\Lib_EaBaseBoard\Debug\libLib_EaBaseBoard.a(font5x7.o)
 .debug_line    0x000040a4      0x626 C:\Users\yongchenglow\Documents\LPCXpresso_6.1.4_194\workspace\ee2024Assignment2\Lib_MCU\Debug\libLib_MCU.a(lpc17xx_gpio.o)
 .debug_line    0x000046ca      0x941 C:\Users\yongchenglow\Documents\LPCXpresso_6.1.4_194\workspace\ee2024Assignment2\Lib_MCU\Debug\libLib_MCU.a(lpc17xx_i2c.o)
 .debug_line    0x0000500b      0x4a5 C:\Users\yongchenglow\Documents\LPCXpresso_6.1.4_194\workspace\ee2024Assignment2\Lib_MCU\Debug\libLib_MCU.a(lpc17xx_pinsel.o)
 .debug_line    0x000054b0      0x874 C:\Users\yongchenglow\Documents\LPCXpresso_6.1.4_194\workspace\ee2024Assignment2\Lib_MCU\Debug\libLib_MCU.a(lpc17xx_ssp.o)
 .debug_line    0x00005d24      0xbc0 C:\Users\yongchenglow\Documents\LPCXpresso_6.1.4_194\workspace\ee2024Assignment2\Lib_MCU\Debug\libLib_MCU.a(lpc17xx_uart.o)
 .debug_line    0x000068e4      0x506 C:\Users\yongchenglow\Documents\LPCXpresso_6.1.4_194\workspace\ee2024Assignment2\Lib_MCU\Debug\libLib_MCU.a(lpc17xx_clkpwr.o)
 .debug_line    0x00006dea       0xc0 c:/nxp/lpcxpresso_6.1.4_194/lpcxpresso/tools/bin/../lib/gcc/arm-none-eabi/4.6.2/../../../../arm-none-eabi/lib/armv7-m\libcr_newlib_semihost.a(_cr_sbrk.o)
 .debug_line    0x00006eaa       0x54 c:/nxp/lpcxpresso_6.1.4_194/lpcxpresso/tools/bin/../lib/gcc/arm-none-eabi/4.6.2/../../../../arm-none-eabi/lib/armv7-m\libcr_newlib_semihost.a(_cr_check_heap.o)

.debug_macinfo  0x00000000    0x9e194
 .debug_macinfo
                0x00000000     0x2c15 ./src/cr_startup_lpc17.o
 .debug_macinfo
                0x00002c15     0xe6a1 ./src/main.o
 .debug_macinfo
                0x000112b6     0x83f8 C:\Users\yongchenglow\Documents\LPCXpresso_6.1.4_194\workspace\ee2024Assignment2\Lib_CMSISv1p30_LPC17xx\Debug\libCMSISv1p30_LPC17xx.a(system_LPC17xx.o)
 .debug_macinfo
                0x000196ae     0x8f1b C:\Users\yongchenglow\Documents\LPCXpresso_6.1.4_194\workspace\ee2024Assignment2\Lib_EaBaseBoard\Debug\libLib_EaBaseBoard.a(acc.o)
 .debug_macinfo
                0x000225c9     0x858b C:\Users\yongchenglow\Documents\LPCXpresso_6.1.4_194\workspace\ee2024Assignment2\Lib_EaBaseBoard\Debug\libLib_EaBaseBoard.a(joystick.o)
 .debug_macinfo
                0x0002ab54     0x96a3 C:\Users\yongchenglow\Documents\LPCXpresso_6.1.4_194\workspace\ee2024Assignment2\Lib_EaBaseBoard\Debug\libLib_EaBaseBoard.a(led7seg.o)
 .debug_macinfo
                0x000341f7     0x8e3a C:\Users\yongchenglow\Documents\LPCXpresso_6.1.4_194\workspace\ee2024Assignment2\Lib_EaBaseBoard\Debug\libLib_EaBaseBoard.a(light.o)
 .debug_macinfo
                0x0003d031     0xa143 C:\Users\yongchenglow\Documents\LPCXpresso_6.1.4_194\workspace\ee2024Assignment2\Lib_EaBaseBoard\Debug\libLib_EaBaseBoard.a(oled.o)
 .debug_macinfo
                0x00047174     0x8e59 C:\Users\yongchenglow\Documents\LPCXpresso_6.1.4_194\workspace\ee2024Assignment2\Lib_EaBaseBoard\Debug\libLib_EaBaseBoard.a(pca9532.o)
 .debug_macinfo
                0x0004ffcd     0x854c C:\Users\yongchenglow\Documents\LPCXpresso_6.1.4_194\workspace\ee2024Assignment2\Lib_EaBaseBoard\Debug\libLib_EaBaseBoard.a(rgb.o)
 .debug_macinfo
                0x00058519     0x85e6 C:\Users\yongchenglow\Documents\LPCXpresso_6.1.4_194\workspace\ee2024Assignment2\Lib_EaBaseBoard\Debug\libLib_EaBaseBoard.a(temp.o)
 .debug_macinfo
                0x00060aff     0x332a C:\Users\yongchenglow\Documents\LPCXpresso_6.1.4_194\workspace\ee2024Assignment2\Lib_EaBaseBoard\Debug\libLib_EaBaseBoard.a(font5x7.o)
 .debug_macinfo
                0x00063e29     0x86b8 C:\Users\yongchenglow\Documents\LPCXpresso_6.1.4_194\workspace\ee2024Assignment2\Lib_MCU\Debug\libLib_MCU.a(lpc17xx_gpio.o)
 .debug_macinfo
                0x0006c4e1     0xa5d8 C:\Users\yongchenglow\Documents\LPCXpresso_6.1.4_194\workspace\ee2024Assignment2\Lib_MCU\Debug\libLib_MCU.a(lpc17xx_i2c.o)
 .debug_macinfo
                0x00076ab9     0x87d3 C:\Users\yongchenglow\Documents\LPCXpresso_6.1.4_194\workspace\ee2024Assignment2\Lib_MCU\Debug\libLib_MCU.a(lpc17xx_pinsel.o)
 .debug_macinfo
                0x0007f28c     0xa8d0 C:\Users\yongchenglow\Documents\LPCXpresso_6.1.4_194\workspace\ee2024Assignment2\Lib_MCU\Debug\libLib_MCU.a(lpc17xx_ssp.o)
 .debug_macinfo
                0x00089b5c     0xb03f C:\Users\yongchenglow\Documents\LPCXpresso_6.1.4_194\workspace\ee2024Assignment2\Lib_MCU\Debug\libLib_MCU.a(lpc17xx_uart.o)
 .debug_macinfo
                0x00094b9b     0x95f9 C:\Users\yongchenglow\Documents\LPCXpresso_6.1.4_194\workspace\ee2024Assignment2\Lib_MCU\Debug\libLib_MCU.a(lpc17xx_clkpwr.o)

.debug_str      0x00000000     0x2d16
 .debug_str     0x00000000      0x1ee ./src/cr_startup_lpc17.o
                                0x228 (size before relaxing)
 .debug_str     0x000001ee      0xca6 ./src/main.o
                                0xe41 (size before relaxing)
 .debug_str     0x00000e94       0xae C:\Users\yongchenglow\Documents\LPCXpresso_6.1.4_194\workspace\ee2024Assignment2\Lib_CMSISv1p30_LPC17xx\Debug\libCMSISv1p30_LPC17xx.a(system_LPC17xx.o)
                                0x2c0 (size before relaxing)
 .debug_str     0x00000f42      0x23d C:\Users\yongchenglow\Documents\LPCXpresso_6.1.4_194\workspace\ee2024Assignment2\Lib_EaBaseBoard\Debug\libLib_EaBaseBoard.a(acc.o)
                                0x3bc (size before relaxing)
 .debug_str     0x0000117f       0x3a C:\Users\yongchenglow\Documents\LPCXpresso_6.1.4_194\workspace\ee2024Assignment2\Lib_EaBaseBoard\Debug\libLib_EaBaseBoard.a(joystick.o)
                                0x18d (size before relaxing)
 .debug_str     0x000011b9       0x95 C:\Users\yongchenglow\Documents\LPCXpresso_6.1.4_194\workspace\ee2024Assignment2\Lib_EaBaseBoard\Debug\libLib_EaBaseBoard.a(led7seg.o)
                                0x228 (size before relaxing)
 .debug_str     0x0000124e      0x1cb C:\Users\yongchenglow\Documents\LPCXpresso_6.1.4_194\workspace\ee2024Assignment2\Lib_EaBaseBoard\Debug\libLib_EaBaseBoard.a(light.o)
                                0x521 (size before relaxing)
 .debug_str     0x00001419      0x1b2 C:\Users\yongchenglow\Documents\LPCXpresso_6.1.4_194\workspace\ee2024Assignment2\Lib_EaBaseBoard\Debug\libLib_EaBaseBoard.a(oled.o)
                                0x3d9 (size before relaxing)
 .debug_str     0x000015cb      0x136 C:\Users\yongchenglow\Documents\LPCXpresso_6.1.4_194\workspace\ee2024Assignment2\Lib_EaBaseBoard\Debug\libLib_EaBaseBoard.a(pca9532.o)
                                0x413 (size before relaxing)
 .debug_str     0x00001701       0x22 C:\Users\yongchenglow\Documents\LPCXpresso_6.1.4_194\workspace\ee2024Assignment2\Lib_EaBaseBoard\Debug\libLib_EaBaseBoard.a(rgb.o)
                                0x16d (size before relaxing)
 .debug_str     0x00001723       0x33 C:\Users\yongchenglow\Documents\LPCXpresso_6.1.4_194\workspace\ee2024Assignment2\Lib_EaBaseBoard\Debug\libLib_EaBaseBoard.a(temp.o)
                                0x190 (size before relaxing)
 .debug_str     0x00001756       0x11 C:\Users\yongchenglow\Documents\LPCXpresso_6.1.4_194\workspace\ee2024Assignment2\Lib_EaBaseBoard\Debug\libLib_EaBaseBoard.a(font5x7.o)
                                 0xe4 (size before relaxing)
 .debug_str     0x00001767      0x39d C:\Users\yongchenglow\Documents\LPCXpresso_6.1.4_194\workspace\ee2024Assignment2\Lib_MCU\Debug\libLib_MCU.a(lpc17xx_gpio.o)
                                0x495 (size before relaxing)
 .debug_str     0x00001b04      0x2f9 C:\Users\yongchenglow\Documents\LPCXpresso_6.1.4_194\workspace\ee2024Assignment2\Lib_MCU\Debug\libLib_MCU.a(lpc17xx_i2c.o)
                                0x82b (size before relaxing)
 .debug_str     0x00001dfd      0x214 C:\Users\yongchenglow\Documents\LPCXpresso_6.1.4_194\workspace\ee2024Assignment2\Lib_MCU\Debug\libLib_MCU.a(lpc17xx_pinsel.o)
                                0x3ca (size before relaxing)
 .debug_str     0x00002011      0x209 C:\Users\yongchenglow\Documents\LPCXpresso_6.1.4_194\workspace\ee2024Assignment2\Lib_MCU\Debug\libLib_MCU.a(lpc17xx_ssp.o)
                                0x4a8 (size before relaxing)
 .debug_str     0x0000221a      0x930 C:\Users\yongchenglow\Documents\LPCXpresso_6.1.4_194\workspace\ee2024Assignment2\Lib_MCU\Debug\libLib_MCU.a(lpc17xx_uart.o)
                                0xc7e (size before relaxing)
 .debug_str     0x00002b4a       0xcb C:\Users\yongchenglow\Documents\LPCXpresso_6.1.4_194\workspace\ee2024Assignment2\Lib_MCU\Debug\libLib_MCU.a(lpc17xx_clkpwr.o)
                                0x3c6 (size before relaxing)
 .debug_str     0x00002c15       0xbc c:/nxp/lpcxpresso_6.1.4_194/lpcxpresso/tools/bin/../lib/gcc/arm-none-eabi/4.6.2/../../../../arm-none-eabi/lib/armv7-m\libcr_newlib_semihost.a(_cr_sbrk.o)
                                0x145 (size before relaxing)
 .debug_str     0x00002cd1       0x45 c:/nxp/lpcxpresso_6.1.4_194/lpcxpresso/tools/bin/../lib/gcc/arm-none-eabi/4.6.2/../../../../arm-none-eabi/lib/armv7-m\libcr_newlib_semihost.a(_cr_check_heap.o)
                                 0xd1 (size before relaxing)

.comment        0x00000000       0x9a
 .comment       0x00000000       0x70 ./src/cr_startup_lpc17.o
                                 0x71 (size before relaxing)
 .comment       0x00000000       0x71 ./src/main.o
 .comment       0x00000000       0x71 C:\Users\yongchenglow\Documents\LPCXpresso_6.1.4_194\workspace\ee2024Assignment2\Lib_CMSISv1p30_LPC17xx\Debug\libCMSISv1p30_LPC17xx.a(system_LPC17xx.o)
 .comment       0x00000000       0x71 C:\Users\yongchenglow\Documents\LPCXpresso_6.1.4_194\workspace\ee2024Assignment2\Lib_EaBaseBoard\Debug\libLib_EaBaseBoard.a(acc.o)
 .comment       0x00000000       0x71 C:\Users\yongchenglow\Documents\LPCXpresso_6.1.4_194\workspace\ee2024Assignment2\Lib_EaBaseBoard\Debug\libLib_EaBaseBoard.a(joystick.o)
 .comment       0x00000000       0x71 C:\Users\yongchenglow\Documents\LPCXpresso_6.1.4_194\workspace\ee2024Assignment2\Lib_EaBaseBoard\Debug\libLib_EaBaseBoard.a(led7seg.o)
 .comment       0x00000000       0x71 C:\Users\yongchenglow\Documents\LPCXpresso_6.1.4_194\workspace\ee2024Assignment2\Lib_EaBaseBoard\Debug\libLib_EaBaseBoard.a(light.o)
 .comment       0x00000000       0x71 C:\Users\yongchenglow\Documents\LPCXpresso_6.1.4_194\workspace\ee2024Assignment2\Lib_EaBaseBoard\Debug\libLib_EaBaseBoard.a(oled.o)
 .comment       0x00000000       0x71 C:\Users\yongchenglow\Documents\LPCXpresso_6.1.4_194\workspace\ee2024Assignment2\Lib_EaBaseBoard\Debug\libLib_EaBaseBoard.a(pca9532.o)
 .comment       0x00000000       0x71 C:\Users\yongchenglow\Documents\LPCXpresso_6.1.4_194\workspace\ee2024Assignment2\Lib_EaBaseBoard\Debug\libLib_EaBaseBoard.a(rgb.o)
 .comment       0x00000000       0x71 C:\Users\yongchenglow\Documents\LPCXpresso_6.1.4_194\workspace\ee2024Assignment2\Lib_EaBaseBoard\Debug\libLib_EaBaseBoard.a(temp.o)
 .comment       0x00000000       0x71 C:\Users\yongchenglow\Documents\LPCXpresso_6.1.4_194\workspace\ee2024Assignment2\Lib_EaBaseBoard\Debug\libLib_EaBaseBoard.a(font5x7.o)
 .comment       0x00000000       0x71 C:\Users\yongchenglow\Documents\LPCXpresso_6.1.4_194\workspace\ee2024Assignment2\Lib_MCU\Debug\libLib_MCU.a(lpc17xx_gpio.o)
 .comment       0x00000000       0x71 C:\Users\yongchenglow\Documents\LPCXpresso_6.1.4_194\workspace\ee2024Assignment2\Lib_MCU\Debug\libLib_MCU.a(lpc17xx_i2c.o)
 .comment       0x00000000       0x71 C:\Users\yongchenglow\Documents\LPCXpresso_6.1.4_194\workspace\ee2024Assignment2\Lib_MCU\Debug\libLib_MCU.a(lpc17xx_pinsel.o)
 .comment       0x00000000       0x71 C:\Users\yongchenglow\Documents\LPCXpresso_6.1.4_194\workspace\ee2024Assignment2\Lib_MCU\Debug\libLib_MCU.a(lpc17xx_ssp.o)
 .comment       0x00000000       0x71 C:\Users\yongchenglow\Documents\LPCXpresso_6.1.4_194\workspace\ee2024Assignment2\Lib_MCU\Debug\libLib_MCU.a(lpc17xx_uart.o)
 .comment       0x00000000       0x71 C:\Users\yongchenglow\Documents\LPCXpresso_6.1.4_194\workspace\ee2024Assignment2\Lib_MCU\Debug\libLib_MCU.a(lpc17xx_clkpwr.o)
 .comment       0x00000070       0x2a c:/nxp/lpcxpresso_6.1.4_194/lpcxpresso/tools/bin/../lib/gcc/arm-none-eabi/4.6.2/../../../../arm-none-eabi/lib/armv7-m\libcr_newlib_semihost.a(_cr_sbrk.o)
                                 0x2b (size before relaxing)
 .comment       0x00000000       0x2b c:/nxp/lpcxpresso_6.1.4_194/lpcxpresso/tools/bin/../lib/gcc/arm-none-eabi/4.6.2/../../../../arm-none-eabi/lib/armv7-m\libcr_newlib_semihost.a(_cr_check_heap.o)

.ARM.attributes
                0x00000000       0x33
 .ARM.attributes
                0x00000000       0x33 ./src/cr_startup_lpc17.o
 .ARM.attributes
                0x00000033       0x33 ./src/main.o
 .ARM.attributes
                0x00000066       0x33 C:\Users\yongchenglow\Documents\LPCXpresso_6.1.4_194\workspace\ee2024Assignment2\Lib_CMSISv1p30_LPC17xx\Debug\libCMSISv1p30_LPC17xx.a(system_LPC17xx.o)
 .ARM.attributes
                0x00000099       0x33 C:\Users\yongchenglow\Documents\LPCXpresso_6.1.4_194\workspace\ee2024Assignment2\Lib_EaBaseBoard\Debug\libLib_EaBaseBoard.a(acc.o)
 .ARM.attributes
                0x000000cc       0x33 C:\Users\yongchenglow\Documents\LPCXpresso_6.1.4_194\workspace\ee2024Assignment2\Lib_EaBaseBoard\Debug\libLib_EaBaseBoard.a(joystick.o)
 .ARM.attributes
                0x000000ff       0x33 C:\Users\yongchenglow\Documents\LPCXpresso_6.1.4_194\workspace\ee2024Assignment2\Lib_EaBaseBoard\Debug\libLib_EaBaseBoard.a(led7seg.o)
 .ARM.attributes
                0x00000132       0x33 C:\Users\yongchenglow\Documents\LPCXpresso_6.1.4_194\workspace\ee2024Assignment2\Lib_EaBaseBoard\Debug\libLib_EaBaseBoard.a(light.o)
 .ARM.attributes
                0x00000165       0x33 C:\Users\yongchenglow\Documents\LPCXpresso_6.1.4_194\workspace\ee2024Assignment2\Lib_EaBaseBoard\Debug\libLib_EaBaseBoard.a(oled.o)
 .ARM.attributes
                0x00000198       0x33 C:\Users\yongchenglow\Documents\LPCXpresso_6.1.4_194\workspace\ee2024Assignment2\Lib_EaBaseBoard\Debug\libLib_EaBaseBoard.a(pca9532.o)
 .ARM.attributes
                0x000001cb       0x33 C:\Users\yongchenglow\Documents\LPCXpresso_6.1.4_194\workspace\ee2024Assignment2\Lib_EaBaseBoard\Debug\libLib_EaBaseBoard.a(rgb.o)
 .ARM.attributes
                0x000001fe       0x33 C:\Users\yongchenglow\Documents\LPCXpresso_6.1.4_194\workspace\ee2024Assignment2\Lib_EaBaseBoard\Debug\libLib_EaBaseBoard.a(temp.o)
 .ARM.attributes
                0x00000231       0x33 C:\Users\yongchenglow\Documents\LPCXpresso_6.1.4_194\workspace\ee2024Assignment2\Lib_EaBaseBoard\Debug\libLib_EaBaseBoard.a(font5x7.o)
 .ARM.attributes
                0x00000264       0x33 C:\Users\yongchenglow\Documents\LPCXpresso_6.1.4_194\workspace\ee2024Assignment2\Lib_MCU\Debug\libLib_MCU.a(lpc17xx_gpio.o)
 .ARM.attributes
                0x00000297       0x33 C:\Users\yongchenglow\Documents\LPCXpresso_6.1.4_194\workspace\ee2024Assignment2\Lib_MCU\Debug\libLib_MCU.a(lpc17xx_i2c.o)
 .ARM.attributes
                0x000002ca       0x33 C:\Users\yongchenglow\Documents\LPCXpresso_6.1.4_194\workspace\ee2024Assignment2\Lib_MCU\Debug\libLib_MCU.a(lpc17xx_pinsel.o)
 .ARM.attributes
                0x000002fd       0x33 C:\Users\yongchenglow\Documents\LPCXpresso_6.1.4_194\workspace\ee2024Assignment2\Lib_MCU\Debug\libLib_MCU.a(lpc17xx_ssp.o)
 .ARM.attributes
                0x00000330       0x33 C:\Users\yongchenglow\Documents\LPCXpresso_6.1.4_194\workspace\ee2024Assignment2\Lib_MCU\Debug\libLib_MCU.a(lpc17xx_uart.o)
 .ARM.attributes
                0x00000363       0x33 C:\Users\yongchenglow\Documents\LPCXpresso_6.1.4_194\workspace\ee2024Assignment2\Lib_MCU\Debug\libLib_MCU.a(lpc17xx_clkpwr.o)
 .ARM.attributes
                0x00000396       0x1d c:/nxp/lpcxpresso_6.1.4_194/lpcxpresso/tools/bin/../lib/gcc/arm-none-eabi/4.6.2/armv7-m\libgcc.a(_arm_addsubdf3.o)
 .ARM.attributes
                0x000003b3       0x1d c:/nxp/lpcxpresso_6.1.4_194/lpcxpresso/tools/bin/../lib/gcc/arm-none-eabi/4.6.2/armv7-m\libgcc.a(_arm_muldivdf3.o)
 .ARM.attributes
                0x000003d0       0x1d c:/nxp/lpcxpresso_6.1.4_194/lpcxpresso/tools/bin/../lib/gcc/arm-none-eabi/4.6.2/armv7-m\libgcc.a(_arm_cmpdf2.o)
 .ARM.attributes
                0x000003ed       0x1d c:/nxp/lpcxpresso_6.1.4_194/lpcxpresso/tools/bin/../lib/gcc/arm-none-eabi/4.6.2/armv7-m\libgcc.a(_aeabi_uldivmod.o)
 .ARM.attributes
                0x0000040a       0x2d c:/nxp/lpcxpresso_6.1.4_194/lpcxpresso/tools/bin/../lib/gcc/arm-none-eabi/4.6.2/armv7-m\libgcc.a(bpabi.o)
 .ARM.attributes
                0x00000437       0x1d c:/nxp/lpcxpresso_6.1.4_194/lpcxpresso/tools/bin/../lib/gcc/arm-none-eabi/4.6.2/armv7-m\libgcc.a(_dvmd_tls.o)
 .ARM.attributes
                0x00000454       0x2d c:/nxp/lpcxpresso_6.1.4_194/lpcxpresso/tools/bin/../lib/gcc/arm-none-eabi/4.6.2/armv7-m\libgcc.a(_divdi3.o)
 .ARM.attributes
                0x00000481       0x2d c:/nxp/lpcxpresso_6.1.4_194/lpcxpresso/tools/bin/../lib/gcc/arm-none-eabi/4.6.2/armv7-m\libgcc.a(_udivdi3.o)
 .ARM.attributes
                0x000004ae       0x2d c:/nxp/lpcxpresso_6.1.4_194/lpcxpresso/tools/bin/../lib/gcc/arm-none-eabi/4.6.2/../../../../arm-none-eabi/lib/armv7-m\libc.a(lib_a-abs.o)
 .ARM.attributes
                0x000004db       0x2d c:/nxp/lpcxpresso_6.1.4_194/lpcxpresso/tools/bin/../lib/gcc/arm-none-eabi/4.6.2/../../../../arm-none-eabi/lib/armv7-m\libc.a(lib_a-memset.o)
 .ARM.attributes
                0x00000508       0x2d c:/nxp/lpcxpresso_6.1.4_194/lpcxpresso/tools/bin/../lib/gcc/arm-none-eabi/4.6.2/../../../../arm-none-eabi/lib/armv7-m\libc.a(lib_a-sprintf.o)
 .ARM.attributes
                0x00000535       0x2d c:/nxp/lpcxpresso_6.1.4_194/lpcxpresso/tools/bin/../lib/gcc/arm-none-eabi/4.6.2/../../../../arm-none-eabi/lib/armv7-m\libc.a(lib_a-strlen.o)
 .ARM.attributes
                0x00000562       0x2d c:/nxp/lpcxpresso_6.1.4_194/lpcxpresso/tools/bin/../lib/gcc/arm-none-eabi/4.6.2/../../../../arm-none-eabi/lib/armv7-m\libc.a(lib_a-svfprintf.o)
 .ARM.attributes
                0x0000058f       0x2d c:/nxp/lpcxpresso_6.1.4_194/lpcxpresso/tools/bin/../lib/gcc/arm-none-eabi/4.6.2/../../../../arm-none-eabi/lib/armv7-m\libc.a(lib_a-dtoa.o)
 .ARM.attributes
                0x000005bc       0x2d c:/nxp/lpcxpresso_6.1.4_194/lpcxpresso/tools/bin/../lib/gcc/arm-none-eabi/4.6.2/../../../../arm-none-eabi/lib/armv7-m\libc.a(lib_a-impure.o)
 .ARM.attributes
                0x000005e9       0x2d c:/nxp/lpcxpresso_6.1.4_194/lpcxpresso/tools/bin/../lib/gcc/arm-none-eabi/4.6.2/../../../../arm-none-eabi/lib/armv7-m\libc.a(lib_a-locale.o)
 .ARM.attributes
                0x00000616       0x2d c:/nxp/lpcxpresso_6.1.4_194/lpcxpresso/tools/bin/../lib/gcc/arm-none-eabi/4.6.2/../../../../arm-none-eabi/lib/armv7-m\libc.a(lib_a-mallocr.o)
 .ARM.attributes
                0x00000643       0x2d c:/nxp/lpcxpresso_6.1.4_194/lpcxpresso/tools/bin/../lib/gcc/arm-none-eabi/4.6.2/../../../../arm-none-eabi/lib/armv7-m\libc.a(lib_a-memchr.o)
 .ARM.attributes
                0x00000670       0x2d c:/nxp/lpcxpresso_6.1.4_194/lpcxpresso/tools/bin/../lib/gcc/arm-none-eabi/4.6.2/../../../../arm-none-eabi/lib/armv7-m\libc.a(lib_a-memcpy.o)
 .ARM.attributes
                0x0000069d       0x2d c:/nxp/lpcxpresso_6.1.4_194/lpcxpresso/tools/bin/../lib/gcc/arm-none-eabi/4.6.2/../../../../arm-none-eabi/lib/armv7-m\libc.a(lib_a-mlock.o)
 .ARM.attributes
                0x000006ca       0x2d c:/nxp/lpcxpresso_6.1.4_194/lpcxpresso/tools/bin/../lib/gcc/arm-none-eabi/4.6.2/../../../../arm-none-eabi/lib/armv7-m\libc.a(lib_a-mprec.o)
 .ARM.attributes
                0x000006f7       0x2d c:/nxp/lpcxpresso_6.1.4_194/lpcxpresso/tools/bin/../lib/gcc/arm-none-eabi/4.6.2/../../../../arm-none-eabi/lib/armv7-m\libc.a(lib_a-s_fpclassify.o)
 .ARM.attributes
                0x00000724       0x2d c:/nxp/lpcxpresso_6.1.4_194/lpcxpresso/tools/bin/../lib/gcc/arm-none-eabi/4.6.2/../../../../arm-none-eabi/lib/armv7-m\libc.a(lib_a-sbrkr.o)
 .ARM.attributes
                0x00000751       0x2d c:/nxp/lpcxpresso_6.1.4_194/lpcxpresso/tools/bin/../lib/gcc/arm-none-eabi/4.6.2/../../../../arm-none-eabi/lib/armv7-m\libc.a(lib_a-strcmp.o)
 .ARM.attributes
                0x0000077e       0x2d c:/nxp/lpcxpresso_6.1.4_194/lpcxpresso/tools/bin/../lib/gcc/arm-none-eabi/4.6.2/../../../../arm-none-eabi/lib/armv7-m\libc.a(lib_a-svfiprintf.o)
 .ARM.attributes
                0x000007ab       0x2d c:/nxp/lpcxpresso_6.1.4_194/lpcxpresso/tools/bin/../lib/gcc/arm-none-eabi/4.6.2/../../../../arm-none-eabi/lib/armv7-m\libc.a(lib_a-callocr.o)
 .ARM.attributes
                0x000007d8       0x2d c:/nxp/lpcxpresso_6.1.4_194/lpcxpresso/tools/bin/../lib/gcc/arm-none-eabi/4.6.2/../../../../arm-none-eabi/lib/armv7-m\libc.a(lib_a-freer.o)
 .ARM.attributes
                0x00000805       0x2d c:/nxp/lpcxpresso_6.1.4_194/lpcxpresso/tools/bin/../lib/gcc/arm-none-eabi/4.6.2/../../../../arm-none-eabi/lib/armv7-m\libc.a(lib_a-memmove.o)
 .ARM.attributes
                0x00000832       0x2d c:/nxp/lpcxpresso_6.1.4_194/lpcxpresso/tools/bin/../lib/gcc/arm-none-eabi/4.6.2/../../../../arm-none-eabi/lib/armv7-m\libc.a(lib_a-reallocr.o)
 .ARM.attributes
                0x0000085f       0x2d c:/nxp/lpcxpresso_6.1.4_194/lpcxpresso/tools/bin/../lib/gcc/arm-none-eabi/4.6.2/../../../../arm-none-eabi/lib/armv7-m\libc.a(lib_a-reent.o)
 .ARM.attributes
                0x0000088c       0x31 c:/nxp/lpcxpresso_6.1.4_194/lpcxpresso/tools/bin/../lib/gcc/arm-none-eabi/4.6.2/../../../../arm-none-eabi/lib/armv7-m\libcr_newlib_semihost.a(_cr_sbrk.o)
 .ARM.attributes
                0x000008bd       0x31 c:/nxp/lpcxpresso_6.1.4_194/lpcxpresso/tools/bin/../lib/gcc/arm-none-eabi/4.6.2/../../../../arm-none-eabi/lib/armv7-m\libcr_newlib_semihost.a(_cr_check_heap.o)
 .ARM.attributes
                0x000008ee       0x1d c:/nxp/lpcxpresso_6.1.4_194/lpcxpresso/tools/bin/../lib/gcc/arm-none-eabi/4.6.2/armv7-m\libgcc.a(_arm_fixdfsi.o)
 .ARM.attributes
                0x0000090b       0x2d c:/nxp/lpcxpresso_6.1.4_194/lpcxpresso/tools/bin/../lib/gcc/arm-none-eabi/4.6.2/../../../../arm-none-eabi/lib/armv7-m\libc.a(lib_a-errno.o)

.debug_frame    0x00000000     0x246c
 .debug_frame   0x00000000      0x120 ./src/cr_startup_lpc17.o
 .debug_frame   0x00000120      0x4b0 ./src/main.o
 .debug_frame   0x000005d0       0x48 C:\Users\yongchenglow\Documents\LPCXpresso_6.1.4_194\workspace\ee2024Assignment2\Lib_CMSISv1p30_LPC17xx\Debug\libCMSISv1p30_LPC17xx.a(system_LPC17xx.o)
 .debug_frame   0x00000618      0x12c C:\Users\yongchenglow\Documents\LPCXpresso_6.1.4_194\workspace\ee2024Assignment2\Lib_EaBaseBoard\Debug\libLib_EaBaseBoard.a(acc.o)
 .debug_frame   0x00000744       0x4c C:\Users\yongchenglow\Documents\LPCXpresso_6.1.4_194\workspace\ee2024Assignment2\Lib_EaBaseBoard\Debug\libLib_EaBaseBoard.a(joystick.o)
 .debug_frame   0x00000790       0x4c C:\Users\yongchenglow\Documents\LPCXpresso_6.1.4_194\workspace\ee2024Assignment2\Lib_EaBaseBoard\Debug\libLib_EaBaseBoard.a(led7seg.o)
 .debug_frame   0x000007dc      0x208 C:\Users\yongchenglow\Documents\LPCXpresso_6.1.4_194\workspace\ee2024Assignment2\Lib_EaBaseBoard\Debug\libLib_EaBaseBoard.a(light.o)
 .debug_frame   0x000009e4      0x1ec C:\Users\yongchenglow\Documents\LPCXpresso_6.1.4_194\workspace\ee2024Assignment2\Lib_EaBaseBoard\Debug\libLib_EaBaseBoard.a(oled.o)
 .debug_frame   0x00000bd0      0x1a8 C:\Users\yongchenglow\Documents\LPCXpresso_6.1.4_194\workspace\ee2024Assignment2\Lib_EaBaseBoard\Debug\libLib_EaBaseBoard.a(pca9532.o)
 .debug_frame   0x00000d78       0x4c C:\Users\yongchenglow\Documents\LPCXpresso_6.1.4_194\workspace\ee2024Assignment2\Lib_EaBaseBoard\Debug\libLib_EaBaseBoard.a(rgb.o)
 .debug_frame   0x00000dc4       0x50 C:\Users\yongchenglow\Documents\LPCXpresso_6.1.4_194\workspace\ee2024Assignment2\Lib_EaBaseBoard\Debug\libLib_EaBaseBoard.a(temp.o)
 .debug_frame   0x00000e14      0x2c4 C:\Users\yongchenglow\Documents\LPCXpresso_6.1.4_194\workspace\ee2024Assignment2\Lib_MCU\Debug\libLib_MCU.a(lpc17xx_gpio.o)
 .debug_frame   0x000010d8      0x2c8 C:\Users\yongchenglow\Documents\LPCXpresso_6.1.4_194\workspace\ee2024Assignment2\Lib_MCU\Debug\libLib_MCU.a(lpc17xx_i2c.o)
 .debug_frame   0x000013a0       0xbc C:\Users\yongchenglow\Documents\LPCXpresso_6.1.4_194\workspace\ee2024Assignment2\Lib_MCU\Debug\libLib_MCU.a(lpc17xx_pinsel.o)
 .debug_frame   0x0000145c      0x280 C:\Users\yongchenglow\Documents\LPCXpresso_6.1.4_194\workspace\ee2024Assignment2\Lib_MCU\Debug\libLib_MCU.a(lpc17xx_ssp.o)
 .debug_frame   0x000016dc      0x44c C:\Users\yongchenglow\Documents\LPCXpresso_6.1.4_194\workspace\ee2024Assignment2\Lib_MCU\Debug\libLib_MCU.a(lpc17xx_uart.o)
 .debug_frame   0x00001b28      0x10c C:\Users\yongchenglow\Documents\LPCXpresso_6.1.4_194\workspace\ee2024Assignment2\Lib_MCU\Debug\libLib_MCU.a(lpc17xx_clkpwr.o)