11:18:20 **** Incremental Build of configuration Debug for project Assignment2 ****
make all 
Building file: ../src/main.c
Invoking: MCU C Compiler
arm-none-eabi-gcc -DDEBUG -D__USE_CMSIS=CMSISv1p30_LPC17xx -D__CODE_RED -D__NEWLIB__ -I"C:\Users\yongchenglow\Documents\LPCXpresso_6.1.4_194\workspace\ee2024Assignment2\Lib_CMSISv1p30_LPC17xx\inc" -I"C:\Users\yongchenglow\Documents\LPCXpresso_6.1.4_194\workspace\ee2024Assignment2\Lib_EaBaseBoard\inc" -I"C:\Users\yongchenglow\Documents\LPCXpresso_6.1.4_194\workspace\ee2024Assignment2\Lib_MCU\inc" -O0 -g3 -Wall -c -fmessage-length=0 -fno-builtin -ffunction-sections -mcpu=cortex-m3 -mthumb -MMD -MP -MF"src/main.d" -MT"src/main.d" -o "src/main.o" "../src/main.c"
../src/main.c: In function 'readSensors':
../src/main.c:64:2: warning: pointer targets in passing argument 1 of 'acc_read' differ in signedness [-Wpointer-sign]
C:\Users\yongchenglow\Documents\LPCXpresso_6.1.4_194\workspace\ee2024Assignment2\Lib_EaBaseBoard\inc/acc.h:30:6: note: expected 'int8_t *' but argument is of type 'uint8_t *'
../src/main.c:64:2: warning: pointer targets in passing argument 2 of 'acc_read' differ in signedness [-Wpointer-sign]
C:\Users\yongchenglow\Documents\LPCXpresso_6.1.4_194\workspace\ee2024Assignment2\Lib_EaBaseBoard\inc/acc.h:30:6: note: expected 'int8_t *' but argument is of type 'uint8_t *'
../src/main.c:64:2: warning: pointer targets in passing argument 3 of 'acc_read' differ in signedness [-Wpointer-sign]
C:\Users\yongchenglow\Documents\LPCXpresso_6.1.4_194\workspace\ee2024Assignment2\Lib_EaBaseBoard\inc/acc.h:30:6: note: expected 'int8_t *' but argument is of type 'uint8_t *'
../src/main.c: In function 'main':
../src/main.c:502:15: warning: pointer targets in passing argument 3 of 'readSensors' differ in signedness [-Wpointer-sign]
../src/main.c:61:6: note: expected 'uint8_t *' but argument is of type 'int8_t *'
../src/main.c:502:15: warning: pointer targets in passing argument 4 of 'readSensors' differ in signedness [-Wpointer-sign]
../src/main.c:61:6: note: expected 'uint8_t *' but argument is of type 'int8_t *'
../src/main.c:502:15: warning: pointer targets in passing argument 5 of 'readSensors' differ in signedness [-Wpointer-sign]
../src/main.c:61:6: note: expected 'uint8_t *' but argument is of type 'int8_t *'
../src/main.c:542:9: warning: pointer targets in passing argument 1 of 'sprintf' differ in signedness [-Wpointer-sign]
c:\nxp\lpcxpresso_6.1.4_194\lpcxpresso\tools\bin\../lib/gcc/arm-none-eabi/4.6.2/../../../../arm-none-eabi/include/newlib_inc/stdio.h:226:5: note: expected 'char *' but argument is of type 'unsigned char *'
../src/main.c:542:9: warning: format '%d' expects argument of type 'int', but argument 3 has type 'uint32_t' [-Wformat]
../src/main.c:543:9: warning: pointer targets in passing argument 1 of 'strlen' differ in signedness [-Wpointer-sign]
c:\nxp\lpcxpresso_6.1.4_194\lpcxpresso\tools\bin\../lib/gcc/arm-none-eabi/4.6.2/../../../../arm-none-eabi/include/newlib_inc/string.h:34:9: note: expected 'const char *' but argument is of type 'unsigned char *'
../src/main.c: At top level:
../src/main.c:90:13: warning: 'drawOled' defined but not used [-Wunused-function]
../src/main.c:141:17: warning: 'getDuration' defined but not used [-Wunused-function]
../src/main.c:154:17: warning: 'getPause' defined but not used [-Wunused-function]
Finished building: ../src/main.c
 
Building target: Assignment2.axf
Invoking: MCU Linker
arm-none-eabi-gcc -nostdlib -L"C:\Users\yongchenglow\Documents\LPCXpresso_6.1.4_194\workspace\ee2024Assignment2\Lib_CMSISv1p30_LPC17xx\Debug" -L"C:\Users\yongchenglow\Documents\LPCXpresso_6.1.4_194\workspace\ee2024Assignment2\Lib_EaBaseBoard\Debug" -L"C:\Users\yongchenglow\Documents\LPCXpresso_6.1.4_194\workspace\ee2024Assignment2\Lib_MCU\Debug" -Xlinker --gc-sections -Xlinker -Map=Assignment2.map -mcpu=cortex-m3 -mthumb -T "Assignment2_Debug.ld" -o "Assignment2.axf"  ./src/cr_startup_lpc17.o ./src/main.o   -lCMSISv1p30_LPC17xx -lLib_EaBaseBoard -lLib_MCU
Finished building target: Assignment2.axf
 
make --no-print-directory post-build
Performing post-build steps
arm-none-eabi-size Assignment2.axf; # arm-none-eabi-objdump -h -S Assignment2.axf >Assignment2.lss
   text	   data	    bss	    dec	    hex	filename
  37300	   2260	   1104	  40664	   9ed8	Assignment2.axf
 

11:18:22 Build Finished (took 2s.62ms)

