18:36:53 **** Incremental Build of configuration Debug for project Lib_CMSISv1p30_LPC17xx ****
make all 
make: Nothing to be done for `all'.
18:36:55 **** Incremental Build of configuration Debug for project Lib_MCU ****
make all 
make: Nothing to be done for `all'.
18:36:58 **** Incremental Build of configuration Debug for project Lib_EaBaseBoard ****
make all 
make: Nothing to be done for `all'.
18:37:10 **** Incremental Build of configuration Debug for project Assignment2 ****
make all 
Building file: ../src/main.c
Invoking: MCU C Compiler
arm-none-eabi-gcc -DDEBUG -D__USE_CMSIS=CMSISv1p30_LPC17xx -D__CODE_RED -D__NEWLIB__ -I"C:\Users\Daryl\Desktop\ee2024Assignment2\Lib_CMSISv1p30_LPC17xx\inc" -I"C:\Users\Daryl\Desktop\ee2024Assignment2\Lib_EaBaseBoard\inc" -I"C:\Users\Daryl\Desktop\ee2024Assignment2\Lib_MCU\inc" -O0 -g3 -Wall -c -fmessage-length=0 -fno-builtin -ffunction-sections -mcpu=cortex-m3 -mthumb -MMD -MP -MF"src/main.d" -MT"src/main.d" -o "src/main.o" "../src/main.c"
../src/main.c: In function 'main':
../src/main.c:544:17: warning: unused variable 'LOW' [-Wunused-variable]
../src/main.c:411:13: warning: unused variable 'btn1' [-Wunused-variable]
../src/main.c:409:13: warning: unused variable 'state' [-Wunused-variable]
../src/main.c:396:6: warning: unused variable 'led' [-Wunused-variable]
../src/main.c: At top level:
../src/main.c:60:13: warning: 'drawOled' defined but not used [-Wunused-function]
../src/main.c:207:13: warning: 'playSong' defined but not used [-Wunused-function]
../src/main.c:238:18: warning: 'song' defined but not used [-Wunused-variable]
Finished building: ../src/main.c
 
Building target: Assignment2.axf
Invoking: MCU Linker
arm-none-eabi-gcc -nostdlib -L"C:\Users\Daryl\Desktop\ee2024Assignment2\Lib_CMSISv1p30_LPC17xx\Debug" -L"C:\Users\Daryl\Desktop\ee2024Assignment2\Lib_EaBaseBoard\Debug" -L"C:\Users\Daryl\Desktop\ee2024Assignment2\Lib_MCU\Debug" -Xlinker --gc-sections -Xlinker -Map=Assignment2.map -mcpu=cortex-m3 -mthumb -T "Assignment2_Debug.ld" -o "Assignment2.axf"  ./src/cr_startup_lpc17.o ./src/main.o   -lCMSISv1p30_LPC17xx -lLib_EaBaseBoard -lLib_MCU
Finished building target: Assignment2.axf
 
make --no-print-directory post-build
Performing post-build steps
arm-none-eabi-size Assignment2.axf; # arm-none-eabi-objdump -h -S Assignment2.axf >Assignment2.lss
   text	   data	    bss	    dec	    hex	filename
  14676	    160	    852	  15688	   3d48	Assignment2.axf
 
18:44:34 **** Incremental Build of configuration Debug for project Lib_CMSISv1p30_LPC17xx ****
make all 
make: Nothing to be done for `all'.
18:44:36 **** Incremental Build of configuration Debug for project Lib_MCU ****
make all 
make: Nothing to be done for `all'.
18:44:38 **** Incremental Build of configuration Debug for project Lib_EaBaseBoard ****
make all 
make: Nothing to be done for `all'.
18:44:45 **** Incremental Build of configuration Debug for project Assignment2 ****
make all 
make: Nothing to be done for `all'.
21:23:27 **** Build of configuration Debug for project Lib_CMSISv1p30_LPC17xx ****
make all 
Command canceled
21:23:36 **** Build of configuration Debug for project Lib_CMSISv1p30_LPC17xx ****
make all 
make: Nothing to be done for `all'.
21:23:41 **** Build of configuration Debug for project Lib_MCU ****
make all 
make: Nothing to be done for `all'.
21:23:45 **** Build of configuration Debug for project Lib_EaBaseBoard ****
make all 
Building file: ../src/rgb.c
Invoking: MCU C Compiler
arm-none-eabi-gcc -DDEBUG -D__CODE_RED -D__REDLIB__ -I"C:\Users\Daryl\Desktop\ee2024Assignment2\Lib_CMSISv1p30_LPC17xx\inc" -I"C:\Users\Daryl\Desktop\ee2024Assignment2\Lib_EaBaseBoard\inc" -I"C:\Users\Daryl\Desktop\ee2024Assignment2\Lib_MCU\inc" -O0 -g3 -Wall -c -fmessage-length=0 -fno-builtin -ffunction-sections -mcpu=cortex-m3 -mthumb -MMD -MP -MF"src/rgb.d" -MT"src/rgb.d" -o "src/rgb.o" "../src/rgb.c"
Finished building: ../src/rgb.c
 
Building target: libLib_EaBaseBoard.a
Invoking: MCU Archiver
arm-none-eabi-ar -r  "libLib_EaBaseBoard.a"  ./src/acc.o ./src/eeprom.o ./src/flash.o ./src/font5x7.o ./src/joystick.o ./src/led7seg.o ./src/light.o ./src/oled.o ./src/pca9532.o ./src/rgb.o ./src/rotary.o ./src/temp.o ./src/uart2.o   
Finished building target: libLib_EaBaseBoard.a
 
make --no-print-directory post-build
Performing post-build steps
arm-none-eabi-size libLib_EaBaseBoard.a ; # arm-none-eabi-objdump -h -S libLib_EaBaseBoard.a >libLib_EaBaseBoard.lss
   text	   data	    bss	    dec	    hex	filename
    676	      0	      0	    676	    2a4	acc.o (ex libLib_EaBaseBoard.a)
    680	      0	      0	    680	    2a8	eeprom.o (ex libLib_EaBaseBoard.a)
   1772	     80	     12	   1864	    748	flash.o (ex libLib_EaBaseBoard.a)
    768	      0	      0	    768	    300	font5x7.o (ex libLib_EaBaseBoard.a)
    192	      0	      0	    192	     c0	joystick.o (ex libLib_EaBaseBoard.a)
    172	     80	      0	    252	     fc	led7seg.o (ex libLib_EaBaseBoard.a)
   1392	      8	      0	   1400	    578	light.o (ex libLib_EaBaseBoard.a)
   3256	      0	    768	   4024	    fb8	oled.o (ex libLib_EaBaseBoard.a)
   1264	      0	      6	   1270	    4f6	pca9532.o (ex libLib_EaBaseBoard.a)
    132	      0	      0	    132	     84	rgb.o (ex libLib_EaBaseBoard.a)
    268	      0	      0	    268	    10c	rotary.o (ex libLib_EaBaseBoard.a)
    312	      0	      4	    316	    13c	temp.o (ex libLib_EaBaseBoard.a)
    980	      0	      1	    981	    3d5	uart2.o (ex libLib_EaBaseBoard.a)
 
21:24:05 **** Build of configuration Debug for project Assignment2 ****
make all 
Building file: ../src/main.c
Invoking: MCU C Compiler
arm-none-eabi-gcc -DDEBUG -D__USE_CMSIS=CMSISv1p30_LPC17xx -D__CODE_RED -D__NEWLIB__ -I"C:\Users\Daryl\Desktop\ee2024Assignment2\Lib_CMSISv1p30_LPC17xx\inc" -I"C:\Users\Daryl\Desktop\ee2024Assignment2\Lib_EaBaseBoard\inc" -I"C:\Users\Daryl\Desktop\ee2024Assignment2\Lib_MCU\inc" -O0 -g3 -Wall -c -fmessage-length=0 -fno-builtin -ffunction-sections -mcpu=cortex-m3 -mthumb -MMD -MP -MF"src/main.d" -MT"src/main.d" -o "src/main.o" "../src/main.c"
../src/main.c:226:13: warning: 'playSong' defined but not used [-Wunused-function]
../src/main.c:257:18: warning: 'song' defined but not used [-Wunused-variable]
Finished building: ../src/main.c
 
Building target: Assignment2.axf
Invoking: MCU Linker
arm-none-eabi-gcc -nostdlib -L"C:\Users\Daryl\Desktop\ee2024Assignment2\Lib_CMSISv1p30_LPC17xx\Debug" -L"C:\Users\Daryl\Desktop\ee2024Assignment2\Lib_EaBaseBoard\Debug" -L"C:\Users\Daryl\Desktop\ee2024Assignment2\Lib_MCU\Debug" -Xlinker --gc-sections -Xlinker -Map=Assignment2.map -mcpu=cortex-m3 -mthumb -T "Assignment2_Debug.ld" -o "Assignment2.axf"  ./src/cr_startup_lpc17.o ./src/main.o   -lCMSISv1p30_LPC17xx -lLib_EaBaseBoard -lLib_MCU
Finished building target: Assignment2.axf
 
make --no-print-directory post-build
Performing post-build steps
arm-none-eabi-size Assignment2.axf; # arm-none-eabi-objdump -h -S Assignment2.axf >Assignment2.lss
   text	   data	    bss	    dec	    hex	filename
  34684	   2324	   1004	  38012	   947c	Assignment2.axf
 
21:25:47 **** Incremental Build of configuration Debug for project Lib_CMSISv1p30_LPC17xx ****
make all 
make: Nothing to be done for `all'.
21:25:49 **** Incremental Build of configuration Debug for project Lib_MCU ****
make all 
make: Nothing to be done for `all'.
21:25:51 **** Incremental Build of configuration Debug for project Lib_EaBaseBoard ****
make all 
make: Nothing to be done for `all'.
21:25:59 **** Incremental Build of configuration Debug for project Assignment2 ****
make all 
Building file: ../src/main.c
Invoking: MCU C Compiler
arm-none-eabi-gcc -DDEBUG -D__USE_CMSIS=CMSISv1p30_LPC17xx -D__CODE_RED -D__NEWLIB__ -I"C:\Users\Daryl\Desktop\ee2024Assignment2\Lib_CMSISv1p30_LPC17xx\inc" -I"C:\Users\Daryl\Desktop\ee2024Assignment2\Lib_EaBaseBoard\inc" -I"C:\Users\Daryl\Desktop\ee2024Assignment2\Lib_MCU\inc" -O0 -g3 -Wall -c -fmessage-length=0 -fno-builtin -ffunction-sections -mcpu=cortex-m3 -mthumb -MMD -MP -MF"src/main.d" -MT"src/main.d" -o "src/main.o" "../src/main.c"
../src/main.c: In function 'main':
../src/main.c:545:9: warning: format '%lu' expects argument of type 'long unsigned int', but argument 3 has type 'double' [-Wformat]
../src/main.c: At top level:
../src/main.c:226:13: warning: 'playSong' defined but not used [-Wunused-function]
../src/main.c:257:18: warning: 'song' defined but not used [-Wunused-variable]
Finished building: ../src/main.c
 
Building target: Assignment2.axf
Invoking: MCU Linker
arm-none-eabi-gcc -nostdlib -L"C:\Users\Daryl\Desktop\ee2024Assignment2\Lib_CMSISv1p30_LPC17xx\Debug" -L"C:\Users\Daryl\Desktop\ee2024Assignment2\Lib_EaBaseBoard\Debug" -L"C:\Users\Daryl\Desktop\ee2024Assignment2\Lib_MCU\Debug" -Xlinker --gc-sections -Xlinker -Map=Assignment2.map -mcpu=cortex-m3 -mthumb -T "Assignment2_Debug.ld" -o "Assignment2.axf"  ./src/cr_startup_lpc17.o ./src/main.o   -lCMSISv1p30_LPC17xx -lLib_EaBaseBoard -lLib_MCU
Finished building target: Assignment2.axf
 
make --no-print-directory post-build
Performing post-build steps
arm-none-eabi-size Assignment2.axf; # arm-none-eabi-objdump -h -S Assignment2.axf >Assignment2.lss
   text	   data	    bss	    dec	    hex	filename
  35276	   2324	   1004	  38604	   96cc	Assignment2.axf
 
13:46:30 **** Incremental Build of configuration Debug for project Lib_CMSISv1p30_LPC17xx ****
make all 
make: Nothing to be done for `all'.
13:46:40 **** Incremental Build of configuration Debug for project Lib_MCU ****
make all 
make: Nothing to be done for `all'.
13:46:48 **** Incremental Build of configuration Debug for project Lib_EaBaseBoard ****
make all 
make: Nothing to be done for `all'.
13:47:08 **** Incremental Build of configuration Debug for project Assignment2 ****
make all 
Building file: ../src/main.c
Invoking: MCU C Compiler
arm-none-eabi-gcc -DDEBUG -D__USE_CMSIS=CMSISv1p30_LPC17xx -D__CODE_RED -D__NEWLIB__ -I"C:\Users\Daryl\Desktop\ee2024Assignment2\Lib_CMSISv1p30_LPC17xx\inc" -I"C:\Users\Daryl\Desktop\ee2024Assignment2\Lib_EaBaseBoard\inc" -I"C:\Users\Daryl\Desktop\ee2024Assignment2\Lib_MCU\inc" -O0 -g3 -Wall -c -fmessage-length=0 -fno-builtin -ffunction-sections -mcpu=cortex-m3 -mthumb -MMD -MP -MF"src/main.d" -MT"src/main.d" -o "src/main.o" "../src/main.c"
../src/main.c: In function 'main':
../src/main.c:426:9: error: too many arguments to function 'readSensors'
../src/main.c:50:6: note: declared here
../src/main.c:429:9: warning: format '%lu' expects argument of type 'long unsigned int', but argument 3 has type 'int' [-Wformat]
../src/main.c:430:9: warning: format '%lu' expects argument of type 'long unsigned int', but argument 3 has type 'int' [-Wformat]
../src/main.c:431:9: warning: format '%lu' expects argument of type 'long unsigned int', but argument 3 has type 'int' [-Wformat]
../src/main.c:325:13: warning: unused variable 'wait' [-Wunused-variable]
../src/main.c:318:13: warning: variable 'zoff' set but not used [-Wunused-but-set-variable]
../src/main.c:317:13: warning: variable 'yoff' set but not used [-Wunused-but-set-variable]
../src/main.c:316:13: warning: variable 'xoff' set but not used [-Wunused-but-set-variable]
../src/main.c: At top level:
../src/main.c:131:17: warning: 'getDuration' defined but not used [-Wunused-function]
../src/main.c:144:17: warning: 'getPause' defined but not used [-Wunused-function]
make: *** [src/main.o] Error 1
13:48:45 **** Clean-only build of configuration Debug for project Lib_CMSISv1p30_LPC17xx ****
make clean 
rm -rf  ./src/core_cm3.o ./src/system_LPC17xx.o  ./src/core_cm3.d ./src/system_LPC17xx.d  libCMSISv1p30_LPC17xx.a
 
13:48:48 **** Clean-only build of configuration Debug for project Lib_MCU ****
make clean 
rm -rf  ./src/lpc17xx_adc.o ./src/lpc17xx_can.o ./src/lpc17xx_clkpwr.o ./src/lpc17xx_dac.o ./src/lpc17xx_emac.o ./src/lpc17xx_gpio.o ./src/lpc17xx_i2c.o ./src/lpc17xx_i2s.o ./src/lpc17xx_libcfg_default.o ./src/lpc17xx_mcpwm.o ./src/lpc17xx_nvic.o ./src/lpc17xx_pinsel.o ./src/lpc17xx_pwm.o ./src/lpc17xx_qei.o ./src/lpc17xx_rit.o ./src/lpc17xx_rtc.o ./src/lpc17xx_spi.o ./src/lpc17xx_ssp.o ./src/lpc17xx_timer.o ./src/lpc17xx_uart.o ./src/lpc17xx_wdt.o  ./src/lpc17xx_adc.d ./src/lpc17xx_can.d ./src/lpc17xx_clkpwr.d ./src/lpc17xx_dac.d ./src/lpc17xx_emac.d ./src/lpc17xx_gpio.d ./src/lpc17xx_i2c.d ./src/lpc17xx_i2s.d ./src/lpc17xx_libcfg_default.d ./src/lpc17xx_mcpwm.d ./src/lpc17xx_nvic.d ./src/lpc17xx_pinsel.d ./src/lpc17xx_pwm.d ./src/lpc17xx_qei.d ./src/lpc17xx_rit.d ./src/lpc17xx_rtc.d ./src/lpc17xx_spi.d ./src/lpc17xx_ssp.d ./src/lpc17xx_timer.d ./src/lpc17xx_uart.d ./src/lpc17xx_wdt.d  libLib_MCU.a
 
13:48:52 **** Clean-only build of configuration Debug for project Lib_EaBaseBoard ****
make clean 
rm -rf  ./src/acc.o ./src/eeprom.o ./src/flash.o ./src/font5x7.o ./src/joystick.o ./src/led7seg.o ./src/light.o ./src/oled.o ./src/pca9532.o ./src/rgb.o ./src/rotary.o ./src/temp.o ./src/uart2.o  ./src/acc.d ./src/eeprom.d ./src/flash.d ./src/font5x7.d ./src/joystick.d ./src/led7seg.d ./src/light.d ./src/oled.d ./src/pca9532.d ./src/rgb.d ./src/rotary.d ./src/temp.d ./src/uart2.d  libLib_EaBaseBoard.a
 
13:48:55 **** Clean-only build of configuration Debug for project Assignment2 ****
make clean 
rm -rf  ./src/cr_startup_lpc17.o ./src/main.o  ./src/cr_startup_lpc17.d ./src/main.d  Assignment2.axf
 
13:49:02 **** Build of configuration Debug for project Lib_CMSISv1p30_LPC17xx ****
make all 
Building file: ../src/core_cm3.c
Invoking: MCU C Compiler
arm-none-eabi-gcc -DDEBUG -D__CODE_RED -D__REDLIB__ -I"C:\Users\Daryl\Desktop\ee2024Assignment2\Lib_CMSISv1p30_LPC17xx\inc" -O0 -g3 -Wall -c -fmessage-length=0 -fno-builtin -ffunction-sections -mcpu=cortex-m3 -mthumb -MMD -MP -MF"src/core_cm3.d" -MT"src/core_cm3.d" -o "src/core_cm3.o" "../src/core_cm3.c"
Finished building: ../src/core_cm3.c
 
Building file: ../src/system_LPC17xx.c
Invoking: MCU C Compiler
arm-none-eabi-gcc -DDEBUG -D__CODE_RED -D__REDLIB__ -I"C:\Users\Daryl\Desktop\ee2024Assignment2\Lib_CMSISv1p30_LPC17xx\inc" -O0 -g3 -Wall -c -fmessage-length=0 -fno-builtin -ffunction-sections -mcpu=cortex-m3 -mthumb -MMD -MP -MF"src/system_LPC17xx.d" -MT"src/system_LPC17xx.d" -o "src/system_LPC17xx.o" "../src/system_LPC17xx.c"
Finished building: ../src/system_LPC17xx.c
 
Building target: libCMSISv1p30_LPC17xx.a
Invoking: MCU Archiver
arm-none-eabi-ar -r  "libCMSISv1p30_LPC17xx.a"  ./src/core_cm3.o ./src/system_LPC17xx.o   
c:\nxp\LPCXpresso_6.1.4_194\lpcxpresso\tools\bin\arm-none-eabi-ar.exe: creating libCMSISv1p30_LPC17xx.a
Finished building target: libCMSISv1p30_LPC17xx.a
 
make --no-print-directory post-build
Performing post-build steps
arm-none-eabi-size libCMSISv1p30_LPC17xx.a ; # arm-none-eabi-objdump -h -S libCMSISv1p30_LPC17xx.a >libCMSISv1p30_LPC17xx.lss
   text	   data	    bss	    dec	    hex	filename
    652	      0	      0	    652	    28c	core_cm3.o (ex libCMSISv1p30_LPC17xx.a)
   1276	      4	      0	   1280	    500	system_LPC17xx.o (ex libCMSISv1p30_LPC17xx.a)
 
13:49:21 **** Build of configuration Debug for project Lib_MCU ****
make all 
Building file: ../src/lpc17xx_adc.c
Invoking: MCU C Compiler
arm-none-eabi-gcc -DDEBUG -D__CODE_RED -D__REDLIB__ -I"C:\Users\Daryl\Desktop\ee2024Assignment2\Lib_CMSISv1p30_LPC17xx\inc" -I"C:\Users\Daryl\Desktop\ee2024Assignment2\Lib_MCU\inc" -O0 -g3 -Wall -c -fmessage-length=0 -fno-builtin -ffunction-sections -mcpu=cortex-m3 -mthumb -MMD -MP -MF"src/lpc17xx_adc.d" -MT"src/lpc17xx_adc.d" -o "src/lpc17xx_adc.o" "../src/lpc17xx_adc.c"
Finished building: ../src/lpc17xx_adc.c
 
Building file: ../src/lpc17xx_can.c
Invoking: MCU C Compiler
arm-none-eabi-gcc -DDEBUG -D__CODE_RED -D__REDLIB__ -I"C:\Users\Daryl\Desktop\ee2024Assignment2\Lib_CMSISv1p30_LPC17xx\inc" -I"C:\Users\Daryl\Desktop\ee2024Assignment2\Lib_MCU\inc" -O0 -g3 -Wall -c -fmessage-length=0 -fno-builtin -ffunction-sections -mcpu=cortex-m3 -mthumb -MMD -MP -MF"src/lpc17xx_can.d" -MT"src/lpc17xx_can.d" -o "src/lpc17xx_can.o" "../src/lpc17xx_can.c"
../src/lpc17xx_can.c: In function 'CAN_Init':
../src/lpc17xx_can.c:177:11: warning: variable 'temp' set but not used [-Wunused-but-set-variable]
Finished building: ../src/lpc17xx_can.c
 
Building file: ../src/lpc17xx_clkpwr.c
Invoking: MCU C Compiler
arm-none-eabi-gcc -DDEBUG -D__CODE_RED -D__REDLIB__ -I"C:\Users\Daryl\Desktop\ee2024Assignment2\Lib_CMSISv1p30_LPC17xx\inc" -I"C:\Users\Daryl\Desktop\ee2024Assignment2\Lib_MCU\inc" -O0 -g3 -Wall -c -fmessage-length=0 -fno-builtin -ffunction-sections -mcpu=cortex-m3 -mthumb -MMD -MP -MF"src/lpc17xx_clkpwr.d" -MT"src/lpc17xx_clkpwr.d" -o "src/lpc17xx_clkpwr.o" "../src/lpc17xx_clkpwr.c"
Finished building: ../src/lpc17xx_clkpwr.c
 
Building file: ../src/lpc17xx_dac.c
Invoking: MCU C Compiler
arm-none-eabi-gcc -DDEBUG -D__CODE_RED -D__REDLIB__ -I"C:\Users\Daryl\Desktop\ee2024Assignment2\Lib_CMSISv1p30_LPC17xx\inc" -I"C:\Users\Daryl\Desktop\ee2024Assignment2\Lib_MCU\inc" -O0 -g3 -Wall -c -fmessage-length=0 -fno-builtin -ffunction-sections -mcpu=cortex-m3 -mthumb -MMD -MP -MF"src/lpc17xx_dac.d" -MT"src/lpc17xx_dac.d" -o "src/lpc17xx_dac.o" "../src/lpc17xx_dac.c"
Finished building: ../src/lpc17xx_dac.c
 
Building file: ../src/lpc17xx_emac.c
Invoking: MCU C Compiler
arm-none-eabi-gcc -DDEBUG -D__CODE_RED -D__REDLIB__ -I"C:\Users\Daryl\Desktop\ee2024Assignment2\Lib_CMSISv1p30_LPC17xx\inc" -I"C:\Users\Daryl\Desktop\ee2024Assignment2\Lib_MCU\inc" -O0 -g3 -Wall -c -fmessage-length=0 -fno-builtin -ffunction-sections -mcpu=cortex-m3 -mthumb -MMD -MP -MF"src/lpc17xx_emac.d" -MT"src/lpc17xx_emac.d" -o "src/lpc17xx_emac.o" "../src/lpc17xx_emac.c"
Finished building: ../src/lpc17xx_emac.c
 
Building file: ../src/lpc17xx_gpio.c
Invoking: MCU C Compiler
arm-none-eabi-gcc -DDEBUG -D__CODE_RED -D__REDLIB__ -I"C:\Users\Daryl\Desktop\ee2024Assignment2\Lib_CMSISv1p30_LPC17xx\inc" -I"C:\Users\Daryl\Desktop\ee2024Assignment2\Lib_MCU\inc" -O0 -g3 -Wall -c -fmessage-length=0 -fno-builtin -ffunction-sections -mcpu=cortex-m3 -mthumb -MMD -MP -MF"src/lpc17xx_gpio.d" -MT"src/lpc17xx_gpio.d" -o "src/lpc17xx_gpio.o" "../src/lpc17xx_gpio.c"
Finished building: ../src/lpc17xx_gpio.c
 
Building file: ../src/lpc17xx_i2c.c
Invoking: MCU C Compiler
arm-none-eabi-gcc -DDEBUG -D__CODE_RED -D__REDLIB__ -I"C:\Users\Daryl\Desktop\ee2024Assignment2\Lib_CMSISv1p30_LPC17xx\inc" -I"C:\Users\Daryl\Desktop\ee2024Assignment2\Lib_MCU\inc" -O0 -g3 -Wall -c -fmessage-length=0 -fno-builtin -ffunction-sections -mcpu=cortex-m3 -mthumb -MMD -MP -MF"src/lpc17xx_i2c.d" -MT"src/lpc17xx_i2c.d" -o "src/lpc17xx_i2c.o" "../src/lpc17xx_i2c.c"
Finished building: ../src/lpc17xx_i2c.c
 
Building file: ../src/lpc17xx_i2s.c
Invoking: MCU C Compiler
arm-none-eabi-gcc -DDEBUG -D__CODE_RED -D__REDLIB__ -I"C:\Users\Daryl\Desktop\ee2024Assignment2\Lib_CMSISv1p30_LPC17xx\inc" -I"C:\Users\Daryl\Desktop\ee2024Assignment2\Lib_MCU\inc" -O0 -g3 -Wall -c -fmessage-length=0 -fno-builtin -ffunction-sections -mcpu=cortex-m3 -mthumb -MMD -MP -MF"src/lpc17xx_i2s.d" -MT"src/lpc17xx_i2s.d" -o "src/lpc17xx_i2s.o" "../src/lpc17xx_i2s.c"
Finished building: ../src/lpc17xx_i2s.c
 
Building file: ../src/lpc17xx_libcfg_default.c
Invoking: MCU C Compiler
arm-none-eabi-gcc -DDEBUG -D__CODE_RED -D__REDLIB__ -I"C:\Users\Daryl\Desktop\ee2024Assignment2\Lib_CMSISv1p30_LPC17xx\inc" -I"C:\Users\Daryl\Desktop\ee2024Assignment2\Lib_MCU\inc" -O0 -g3 -Wall -c -fmessage-length=0 -fno-builtin -ffunction-sections -mcpu=cortex-m3 -mthumb -MMD -MP -MF"src/lpc17xx_libcfg_default.d" -MT"src/lpc17xx_libcfg_default.d" -o "src/lpc17xx_libcfg_default.o" "../src/lpc17xx_libcfg_default.c"
Finished building: ../src/lpc17xx_libcfg_default.c
 
Building file: ../src/lpc17xx_mcpwm.c
Invoking: MCU C Compiler
arm-none-eabi-gcc -DDEBUG -D__CODE_RED -D__REDLIB__ -I"C:\Users\Daryl\Desktop\ee2024Assignment2\Lib_CMSISv1p30_LPC17xx\inc" -I"C:\Users\Daryl\Desktop\ee2024Assignment2\Lib_MCU\inc" -O0 -g3 -Wall -c -fmessage-length=0 -fno-builtin -ffunction-sections -mcpu=cortex-m3 -mthumb -MMD -MP -MF"src/lpc17xx_mcpwm.d" -MT"src/lpc17xx_mcpwm.d" -o "src/lpc17xx_mcpwm.o" "../src/lpc17xx_mcpwm.c"
Finished building: ../src/lpc17xx_mcpwm.c
 
Building file: ../src/lpc17xx_nvic.c
Invoking: MCU C Compiler
arm-none-eabi-gcc -DDEBUG -D__CODE_RED -D__REDLIB__ -I"C:\Users\Daryl\Desktop\ee2024Assignment2\Lib_CMSISv1p30_LPC17xx\inc" -I"C:\Users\Daryl\Desktop\ee2024Assignment2\Lib_MCU\inc" -O0 -g3 -Wall -c -fmessage-length=0 -fno-builtin -ffunction-sections -mcpu=cortex-m3 -mthumb -MMD -MP -MF"src/lpc17xx_nvic.d" -MT"src/lpc17xx_nvic.d" -o "src/lpc17xx_nvic.o" "../src/lpc17xx_nvic.c"
Finished building: ../src/lpc17xx_nvic.c
 
Building file: ../src/lpc17xx_pinsel.c
Invoking: MCU C Compiler
arm-none-eabi-gcc -DDEBUG -D__CODE_RED -D__REDLIB__ -I"C:\Users\Daryl\Desktop\ee2024Assignment2\Lib_CMSISv1p30_LPC17xx\inc" -I"C:\Users\Daryl\Desktop\ee2024Assignment2\Lib_MCU\inc" -O0 -g3 -Wall -c -fmessage-length=0 -fno-builtin -ffunction-sections -mcpu=cortex-m3 -mthumb -MMD -MP -MF"src/lpc17xx_pinsel.d" -MT"src/lpc17xx_pinsel.d" -o "src/lpc17xx_pinsel.o" "../src/lpc17xx_pinsel.c"
Finished building: ../src/lpc17xx_pinsel.c
 
Building file: ../src/lpc17xx_pwm.c
Invoking: MCU C Compiler
arm-none-eabi-gcc -DDEBUG -D__CODE_RED -D__REDLIB__ -I"C:\Users\Daryl\Desktop\ee2024Assignment2\Lib_CMSISv1p30_LPC17xx\inc" -I"C:\Users\Daryl\Desktop\ee2024Assignment2\Lib_MCU\inc" -O0 -g3 -Wall -c -fmessage-length=0 -fno-builtin -ffunction-sections -mcpu=cortex-m3 -mthumb -MMD -MP -MF"src/lpc17xx_pwm.d" -MT"src/lpc17xx_pwm.d" -o "src/lpc17xx_pwm.o" "../src/lpc17xx_pwm.c"
Finished building: ../src/lpc17xx_pwm.c
 
Building file: ../src/lpc17xx_qei.c
Invoking: MCU C Compiler
arm-none-eabi-gcc -DDEBUG -D__CODE_RED -D__REDLIB__ -I"C:\Users\Daryl\Desktop\ee2024Assignment2\Lib_CMSISv1p30_LPC17xx\inc" -I"C:\Users\Daryl\Desktop\ee2024Assignment2\Lib_MCU\inc" -O0 -g3 -Wall -c -fmessage-length=0 -fno-builtin -ffunction-sections -mcpu=cortex-m3 -mthumb -MMD -MP -MF"src/lpc17xx_qei.d" -MT"src/lpc17xx_qei.d" -o "src/lpc17xx_qei.o" "../src/lpc17xx_qei.c"
Finished building: ../src/lpc17xx_qei.c
 
Building file: ../src/lpc17xx_rit.c
Invoking: MCU C Compiler
arm-none-eabi-gcc -DDEBUG -D__CODE_RED -D__REDLIB__ -I"C:\Users\Daryl\Desktop\ee2024Assignment2\Lib_CMSISv1p30_LPC17xx\inc" -I"C:\Users\Daryl\Desktop\ee2024Assignment2\Lib_MCU\inc" -O0 -g3 -Wall -c -fmessage-length=0 -fno-builtin -ffunction-sections -mcpu=cortex-m3 -mthumb -MMD -MP -MF"src/lpc17xx_rit.d" -MT"src/lpc17xx_rit.d" -o "src/lpc17xx_rit.o" "../src/lpc17xx_rit.c"
Finished building: ../src/lpc17xx_rit.c
 
Building file: ../src/lpc17xx_rtc.c
Invoking: MCU C Compiler
arm-none-eabi-gcc -DDEBUG -D__CODE_RED -D__REDLIB__ -I"C:\Users\Daryl\Desktop\ee2024Assignment2\Lib_CMSISv1p30_LPC17xx\inc" -I"C:\Users\Daryl\Desktop\ee2024Assignment2\Lib_MCU\inc" -O0 -g3 -Wall -c -fmessage-length=0 -fno-builtin -ffunction-sections -mcpu=cortex-m3 -mthumb -MMD -MP -MF"src/lpc17xx_rtc.d" -MT"src/lpc17xx_rtc.d" -o "src/lpc17xx_rtc.o" "../src/lpc17xx_rtc.c"
Finished building: ../src/lpc17xx_rtc.c
 
Building file: ../src/lpc17xx_spi.c
Invoking: MCU C Compiler
arm-none-eabi-gcc -DDEBUG -D__CODE_RED -D__REDLIB__ -I"C:\Users\Daryl\Desktop\ee2024Assignment2\Lib_CMSISv1p30_LPC17xx\inc" -I"C:\Users\Daryl\Desktop\ee2024Assignment2\Lib_MCU\inc" -O0 -g3 -Wall -c -fmessage-length=0 -fno-builtin -ffunction-sections -mcpu=cortex-m3 -mthumb -MMD -MP -MF"src/lpc17xx_spi.d" -MT"src/lpc17xx_spi.d" -o "src/lpc17xx_spi.o" "../src/lpc17xx_spi.c"
Finished building: ../src/lpc17xx_spi.c
 
Building file: ../src/lpc17xx_ssp.c
Invoking: MCU C Compiler
arm-none-eabi-gcc -DDEBUG -D__CODE_RED -D__REDLIB__ -I"C:\Users\Daryl\Desktop\ee2024Assignment2\Lib_CMSISv1p30_LPC17xx\inc" -I"C:\Users\Daryl\Desktop\ee2024Assignment2\Lib_MCU\inc" -O0 -g3 -Wall -c -fmessage-length=0 -fno-builtin -ffunction-sections -mcpu=cortex-m3 -mthumb -MMD -MP -MF"src/lpc17xx_ssp.d" -MT"src/lpc17xx_ssp.d" -o "src/lpc17xx_ssp.o" "../src/lpc17xx_ssp.c"
Finished building: ../src/lpc17xx_ssp.c
 
Building file: ../src/lpc17xx_timer.c
Invoking: MCU C Compiler
arm-none-eabi-gcc -DDEBUG -D__CODE_RED -D__REDLIB__ -I"C:\Users\Daryl\Desktop\ee2024Assignment2\Lib_CMSISv1p30_LPC17xx\inc" -I"C:\Users\Daryl\Desktop\ee2024Assignment2\Lib_MCU\inc" -O0 -g3 -Wall -c -fmessage-length=0 -fno-builtin -ffunction-sections -mcpu=cortex-m3 -mthumb -MMD -MP -MF"src/lpc17xx_timer.d" -MT"src/lpc17xx_timer.d" -o "src/lpc17xx_timer.o" "../src/lpc17xx_timer.c"
../src/lpc17xx_timer.c: In function 'TIM_Init':
../src/lpc17xx_timer.c:244:11: warning: variable 'timer' set but not used [-Wunused-but-set-variable]
../src/lpc17xx_timer.c: In function 'TIM_ConfigMatch':
../src/lpc17xx_timer.c:389:11: warning: variable 'timer' set but not used [-Wunused-but-set-variable]
../src/lpc17xx_timer.c: In function 'TIM_ConfigCapture':
../src/lpc17xx_timer.c:436:11: warning: variable 'timer' set but not used [-Wunused-but-set-variable]
Finished building: ../src/lpc17xx_timer.c
 
Building file: ../src/lpc17xx_uart.c
Invoking: MCU C Compiler
arm-none-eabi-gcc -DDEBUG -D__CODE_RED -D__REDLIB__ -I"C:\Users\Daryl\Desktop\ee2024Assignment2\Lib_CMSISv1p30_LPC17xx\inc" -I"C:\Users\Daryl\Desktop\ee2024Assignment2\Lib_MCU\inc" -O0 -g3 -Wall -c -fmessage-length=0 -fno-builtin -ffunction-sections -mcpu=cortex-m3 -mthumb -MMD -MP -MF"src/lpc17xx_uart.d" -MT"src/lpc17xx_uart.d" -o "src/lpc17xx_uart.o" "../src/lpc17xx_uart.c"
../src/lpc17xx_uart.c: In function 'UART_SendString':
../src/lpc17xx_uart.c:1394:2: warning: implicit declaration of function 'strlen' [-Wimplicit-function-declaration]
Finished building: ../src/lpc17xx_uart.c
 
Building file: ../src/lpc17xx_wdt.c
Invoking: MCU C Compiler
arm-none-eabi-gcc -DDEBUG -D__CODE_RED -D__REDLIB__ -I"C:\Users\Daryl\Desktop\ee2024Assignment2\Lib_CMSISv1p30_LPC17xx\inc" -I"C:\Users\Daryl\Desktop\ee2024Assignment2\Lib_MCU\inc" -O0 -g3 -Wall -c -fmessage-length=0 -fno-builtin -ffunction-sections -mcpu=cortex-m3 -mthumb -MMD -MP -MF"src/lpc17xx_wdt.d" -MT"src/lpc17xx_wdt.d" -o "src/lpc17xx_wdt.o" "../src/lpc17xx_wdt.c"
Finished building: ../src/lpc17xx_wdt.c
 
Building target: libLib_MCU.a
Invoking: MCU Archiver
arm-none-eabi-ar -r  "libLib_MCU.a"  ./src/lpc17xx_adc.o ./src/lpc17xx_can.o ./src/lpc17xx_clkpwr.o ./src/lpc17xx_dac.o ./src/lpc17xx_emac.o ./src/lpc17xx_gpio.o ./src/lpc17xx_i2c.o ./src/lpc17xx_i2s.o ./src/lpc17xx_libcfg_default.o ./src/lpc17xx_mcpwm.o ./src/lpc17xx_nvic.o ./src/lpc17xx_pinsel.o ./src/lpc17xx_pwm.o ./src/lpc17xx_qei.o ./src/lpc17xx_rit.o ./src/lpc17xx_rtc.o ./src/lpc17xx_spi.o ./src/lpc17xx_ssp.o ./src/lpc17xx_timer.o ./src/lpc17xx_uart.o ./src/lpc17xx_wdt.o   
c:\nxp\LPCXpresso_6.1.4_194\lpcxpresso\tools\bin\arm-none-eabi-ar.exe: creating libLib_MCU.a
Finished building target: libLib_MCU.a
 
make --no-print-directory post-build
Performing post-build steps
arm-none-eabi-size libLib_MCU.a ; # arm-none-eabi-objdump -h -S libLib_MCU.a >libLib_MCU.lss
   text	   data	    bss	    dec	    hex	filename
   1428	      0	      0	   1428	    594	lpc17xx_adc.o (ex libLib_MCU.a)
  14060	     16	     60	  14136	   3738	lpc17xx_can.o (ex libLib_MCU.a)
    684	      0	      0	    684	    2ac	lpc17xx_clkpwr.o (ex libLib_MCU.a)
    428	      0	      0	    428	    1ac	lpc17xx_dac.o (ex libLib_MCU.a)
   3460	      0	  10896	  14356	   3814	lpc17xx_emac.o (ex libLib_MCU.a)
   1720	      0	      0	   1720	    6b8	lpc17xx_gpio.o (ex libLib_MCU.a)
   5240	      0	     36	   5276	   149c	lpc17xx_i2c.o (ex libLib_MCU.a)
   3372	      0	      8	   3380	    d34	lpc17xx_i2s.o (ex libLib_MCU.a)
     12	      0	      0	     12	      c	lpc17xx_libcfg_default.o (ex libLib_MCU.a)
   2016	      0	      0	   2016	    7e0	lpc17xx_mcpwm.o (ex libLib_MCU.a)
    352	      0	      0	    352	    160	lpc17xx_nvic.o (ex libLib_MCU.a)
    664	      0	      0	    664	    298	lpc17xx_pinsel.o (ex libLib_MCU.a)
   2996	      0	      0	   2996	    bb4	lpc17xx_pwm.o (ex libLib_MCU.a)
   2388	      0	      0	   2388	    954	lpc17xx_qei.o (ex libLib_MCU.a)
    736	      0	      0	    736	    2e0	lpc17xx_rit.o (ex libLib_MCU.a)
   4308	      0	      0	   4308	   10d4	lpc17xx_rtc.o (ex libLib_MCU.a)
   2012	      0	     12	   2024	    7e8	lpc17xx_spi.o (ex libLib_MCU.a)
   4068	      0	     24	   4092	    ffc	lpc17xx_ssp.o (ex libLib_MCU.a)
   3044	      0	      0	   3044	    be4	lpc17xx_timer.o (ex libLib_MCU.a)
   6748	      0	     68	   6816	   1aa0	lpc17xx_uart.o (ex libLib_MCU.a)
    852	      0	      0	    852	    354	lpc17xx_wdt.o (ex libLib_MCU.a)
 
13:50:46 **** Build of configuration Debug for project Lib_EaBaseBoard ****
make all 
Building file: ../src/acc.c
Invoking: MCU C Compiler
arm-none-eabi-gcc -DDEBUG -D__CODE_RED -D__REDLIB__ -I"C:\Users\Daryl\Desktop\ee2024Assignment2\Lib_CMSISv1p30_LPC17xx\inc" -I"C:\Users\Daryl\Desktop\ee2024Assignment2\Lib_EaBaseBoard\inc" -I"C:\Users\Daryl\Desktop\ee2024Assignment2\Lib_MCU\inc" -O0 -g3 -Wall -c -fmessage-length=0 -fno-builtin -ffunction-sections -mcpu=cortex-m3 -mthumb -MMD -MP -MF"src/acc.d" -MT"src/acc.d" -o "src/acc.o" "../src/acc.c"
Finished building: ../src/acc.c
 
Building file: ../src/eeprom.c
Invoking: MCU C Compiler
arm-none-eabi-gcc -DDEBUG -D__CODE_RED -D__REDLIB__ -I"C:\Users\Daryl\Desktop\ee2024Assignment2\Lib_CMSISv1p30_LPC17xx\inc" -I"C:\Users\Daryl\Desktop\ee2024Assignment2\Lib_EaBaseBoard\inc" -I"C:\Users\Daryl\Desktop\ee2024Assignment2\Lib_MCU\inc" -O0 -g3 -Wall -c -fmessage-length=0 -fno-builtin -ffunction-sections -mcpu=cortex-m3 -mthumb -MMD -MP -MF"src/eeprom.d" -MT"src/eeprom.d" -o "src/eeprom.o" "../src/eeprom.c"
Finished building: ../src/eeprom.c
 
Building file: ../src/flash.c
Invoking: MCU C Compiler
arm-none-eabi-gcc -DDEBUG -D__CODE_RED -D__REDLIB__ -I"C:\Users\Daryl\Desktop\ee2024Assignment2\Lib_CMSISv1p30_LPC17xx\inc" -I"C:\Users\Daryl\Desktop\ee2024Assignment2\Lib_EaBaseBoard\inc" -I"C:\Users\Daryl\Desktop\ee2024Assignment2\Lib_MCU\inc" -O0 -g3 -Wall -c -fmessage-length=0 -fno-builtin -ffunction-sections -mcpu=cortex-m3 -mthumb -MMD -MP -MF"src/flash.d" -MT"src/flash.d" -o "src/flash.o" "../src/flash.c"
Finished building: ../src/flash.c
 
Building file: ../src/font5x7.c
Invoking: MCU C Compiler
arm-none-eabi-gcc -DDEBUG -D__CODE_RED -D__REDLIB__ -I"C:\Users\Daryl\Desktop\ee2024Assignment2\Lib_CMSISv1p30_LPC17xx\inc" -I"C:\Users\Daryl\Desktop\ee2024Assignment2\Lib_EaBaseBoard\inc" -I"C:\Users\Daryl\Desktop\ee2024Assignment2\Lib_MCU\inc" -O0 -g3 -Wall -c -fmessage-length=0 -fno-builtin -ffunction-sections -mcpu=cortex-m3 -mthumb -MMD -MP -MF"src/font5x7.d" -MT"src/font5x7.d" -o "src/font5x7.o" "../src/font5x7.c"
Finished building: ../src/font5x7.c
 
Building file: ../src/joystick.c
Invoking: MCU C Compiler
arm-none-eabi-gcc -DDEBUG -D__CODE_RED -D__REDLIB__ -I"C:\Users\Daryl\Desktop\ee2024Assignment2\Lib_CMSISv1p30_LPC17xx\inc" -I"C:\Users\Daryl\Desktop\ee2024Assignment2\Lib_EaBaseBoard\inc" -I"C:\Users\Daryl\Desktop\ee2024Assignment2\Lib_MCU\inc" -O0 -g3 -Wall -c -fmessage-length=0 -fno-builtin -ffunction-sections -mcpu=cortex-m3 -mthumb -MMD -MP -MF"src/joystick.d" -MT"src/joystick.d" -o "src/joystick.o" "../src/joystick.c"
Finished building: ../src/joystick.c
 
Building file: ../src/led7seg.c
Invoking: MCU C Compiler
arm-none-eabi-gcc -DDEBUG -D__CODE_RED -D__REDLIB__ -I"C:\Users\Daryl\Desktop\ee2024Assignment2\Lib_CMSISv1p30_LPC17xx\inc" -I"C:\Users\Daryl\Desktop\ee2024Assignment2\Lib_EaBaseBoard\inc" -I"C:\Users\Daryl\Desktop\ee2024Assignment2\Lib_MCU\inc" -O0 -g3 -Wall -c -fmessage-length=0 -fno-builtin -ffunction-sections -mcpu=cortex-m3 -mthumb -MMD -MP -MF"src/led7seg.d" -MT"src/led7seg.d" -o "src/led7seg.o" "../src/led7seg.c"
Finished building: ../src/led7seg.c
 
Building file: ../src/light.c
Invoking: MCU C Compiler
arm-none-eabi-gcc -DDEBUG -D__CODE_RED -D__REDLIB__ -I"C:\Users\Daryl\Desktop\ee2024Assignment2\Lib_CMSISv1p30_LPC17xx\inc" -I"C:\Users\Daryl\Desktop\ee2024Assignment2\Lib_EaBaseBoard\inc" -I"C:\Users\Daryl\Desktop\ee2024Assignment2\Lib_MCU\inc" -O0 -g3 -Wall -c -fmessage-length=0 -fno-builtin -ffunction-sections -mcpu=cortex-m3 -mthumb -MMD -MP -MF"src/light.d" -MT"src/light.d" -o "src/light.o" "../src/light.c"
Finished building: ../src/light.c
 
Building file: ../src/oled.c
Invoking: MCU C Compiler
arm-none-eabi-gcc -DDEBUG -D__CODE_RED -D__REDLIB__ -I"C:\Users\Daryl\Desktop\ee2024Assignment2\Lib_CMSISv1p30_LPC17xx\inc" -I"C:\Users\Daryl\Desktop\ee2024Assignment2\Lib_EaBaseBoard\inc" -I"C:\Users\Daryl\Desktop\ee2024Assignment2\Lib_MCU\inc" -O0 -g3 -Wall -c -fmessage-length=0 -fno-builtin -ffunction-sections -mcpu=cortex-m3 -mthumb -MMD -MP -MF"src/oled.d" -MT"src/oled.d" -o "src/oled.o" "../src/oled.c"
Finished building: ../src/oled.c
 
Building file: ../src/pca9532.c
Invoking: MCU C Compiler
arm-none-eabi-gcc -DDEBUG -D__CODE_RED -D__REDLIB__ -I"C:\Users\Daryl\Desktop\ee2024Assignment2\Lib_CMSISv1p30_LPC17xx\inc" -I"C:\Users\Daryl\Desktop\ee2024Assignment2\Lib_EaBaseBoard\inc" -I"C:\Users\Daryl\Desktop\ee2024Assignment2\Lib_MCU\inc" -O0 -g3 -Wall -c -fmessage-length=0 -fno-builtin -ffunction-sections -mcpu=cortex-m3 -mthumb -MMD -MP -MF"src/pca9532.d" -MT"src/pca9532.d" -o "src/pca9532.o" "../src/pca9532.c"
Finished building: ../src/pca9532.c
 
Building file: ../src/rgb.c
Invoking: MCU C Compiler
arm-none-eabi-gcc -DDEBUG -D__CODE_RED -D__REDLIB__ -I"C:\Users\Daryl\Desktop\ee2024Assignment2\Lib_CMSISv1p30_LPC17xx\inc" -I"C:\Users\Daryl\Desktop\ee2024Assignment2\Lib_EaBaseBoard\inc" -I"C:\Users\Daryl\Desktop\ee2024Assignment2\Lib_MCU\inc" -O0 -g3 -Wall -c -fmessage-length=0 -fno-builtin -ffunction-sections -mcpu=cortex-m3 -mthumb -MMD -MP -MF"src/rgb.d" -MT"src/rgb.d" -o "src/rgb.o" "../src/rgb.c"
Finished building: ../src/rgb.c
 
Building file: ../src/rotary.c
Invoking: MCU C Compiler
arm-none-eabi-gcc -DDEBUG -D__CODE_RED -D__REDLIB__ -I"C:\Users\Daryl\Desktop\ee2024Assignment2\Lib_CMSISv1p30_LPC17xx\inc" -I"C:\Users\Daryl\Desktop\ee2024Assignment2\Lib_EaBaseBoard\inc" -I"C:\Users\Daryl\Desktop\ee2024Assignment2\Lib_MCU\inc" -O0 -g3 -Wall -c -fmessage-length=0 -fno-builtin -ffunction-sections -mcpu=cortex-m3 -mthumb -MMD -MP -MF"src/rotary.d" -MT"src/rotary.d" -o "src/rotary.o" "../src/rotary.c"
Finished building: ../src/rotary.c
 
Building file: ../src/temp.c
Invoking: MCU C Compiler
arm-none-eabi-gcc -DDEBUG -D__CODE_RED -D__REDLIB__ -I"C:\Users\Daryl\Desktop\ee2024Assignment2\Lib_CMSISv1p30_LPC17xx\inc" -I"C:\Users\Daryl\Desktop\ee2024Assignment2\Lib_EaBaseBoard\inc" -I"C:\Users\Daryl\Desktop\ee2024Assignment2\Lib_MCU\inc" -O0 -g3 -Wall -c -fmessage-length=0 -fno-builtin -ffunction-sections -mcpu=cortex-m3 -mthumb -MMD -MP -MF"src/temp.d" -MT"src/temp.d" -o "src/temp.o" "../src/temp.c"
Finished building: ../src/temp.c
 
Building file: ../src/uart2.c
Invoking: MCU C Compiler
arm-none-eabi-gcc -DDEBUG -D__CODE_RED -D__REDLIB__ -I"C:\Users\Daryl\Desktop\ee2024Assignment2\Lib_CMSISv1p30_LPC17xx\inc" -I"C:\Users\Daryl\Desktop\ee2024Assignment2\Lib_EaBaseBoard\inc" -I"C:\Users\Daryl\Desktop\ee2024Assignment2\Lib_MCU\inc" -O0 -g3 -Wall -c -fmessage-length=0 -fno-builtin -ffunction-sections -mcpu=cortex-m3 -mthumb -MMD -MP -MF"src/uart2.d" -MT"src/uart2.d" -o "src/uart2.o" "../src/uart2.c"
Finished building: ../src/uart2.c
 
Building target: libLib_EaBaseBoard.a
Invoking: MCU Archiver
arm-none-eabi-ar -r  "libLib_EaBaseBoard.a"  ./src/acc.o ./src/eeprom.o ./src/flash.o ./src/font5x7.o ./src/joystick.o ./src/led7seg.o ./src/light.o ./src/oled.o ./src/pca9532.o ./src/rgb.o ./src/rotary.o ./src/temp.o ./src/uart2.o   
c:\nxp\LPCXpresso_6.1.4_194\lpcxpresso\tools\bin\arm-none-eabi-ar.exe: creating libLib_EaBaseBoard.a
Finished building target: libLib_EaBaseBoard.a
 
make --no-print-directory post-build
Performing post-build steps
arm-none-eabi-size libLib_EaBaseBoard.a ; # arm-none-eabi-objdump -h -S libLib_EaBaseBoard.a >libLib_EaBaseBoard.lss
   text	   data	    bss	    dec	    hex	filename
    676	      0	      0	    676	    2a4	acc.o (ex libLib_EaBaseBoard.a)
    680	      0	      0	    680	    2a8	eeprom.o (ex libLib_EaBaseBoard.a)
   1772	     80	     12	   1864	    748	flash.o (ex libLib_EaBaseBoard.a)
    768	      0	      0	    768	    300	font5x7.o (ex libLib_EaBaseBoard.a)
    192	      0	      0	    192	     c0	joystick.o (ex libLib_EaBaseBoard.a)
    172	     80	      0	    252	     fc	led7seg.o (ex libLib_EaBaseBoard.a)
   1392	      8	      0	   1400	    578	light.o (ex libLib_EaBaseBoard.a)
   3256	      0	    768	   4024	    fb8	oled.o (ex libLib_EaBaseBoard.a)
   1264	      0	      6	   1270	    4f6	pca9532.o (ex libLib_EaBaseBoard.a)
    132	      0	      0	    132	     84	rgb.o (ex libLib_EaBaseBoard.a)
    268	      0	      0	    268	    10c	rotary.o (ex libLib_EaBaseBoard.a)
    312	      0	      4	    316	    13c	temp.o (ex libLib_EaBaseBoard.a)
    980	      0	      1	    981	    3d5	uart2.o (ex libLib_EaBaseBoard.a)
 
13:51:40 **** Build of configuration Debug for project Assignment2 ****
make all 
Building file: ../src/cr_startup_lpc17.c
Invoking: MCU C Compiler
arm-none-eabi-gcc -DDEBUG -D__USE_CMSIS=CMSISv1p30_LPC17xx -D__CODE_RED -D__NEWLIB__ -I"C:\Users\Daryl\Desktop\ee2024Assignment2\Lib_CMSISv1p30_LPC17xx\inc" -I"C:\Users\Daryl\Desktop\ee2024Assignment2\Lib_EaBaseBoard\inc" -I"C:\Users\Daryl\Desktop\ee2024Assignment2\Lib_MCU\inc" -O0 -g3 -Wall -c -fmessage-length=0 -fno-builtin -ffunction-sections -mcpu=cortex-m3 -mthumb -MMD -MP -MF"src/cr_startup_lpc17.d" -MT"src/cr_startup_lpc17.d" -o "src/cr_startup_lpc17.o" "../src/cr_startup_lpc17.c"
Finished building: ../src/cr_startup_lpc17.c
 
Building file: ../src/main.c
Invoking: MCU C Compiler
arm-none-eabi-gcc -DDEBUG -D__USE_CMSIS=CMSISv1p30_LPC17xx -D__CODE_RED -D__NEWLIB__ -I"C:\Users\Daryl\Desktop\ee2024Assignment2\Lib_CMSISv1p30_LPC17xx\inc" -I"C:\Users\Daryl\Desktop\ee2024Assignment2\Lib_EaBaseBoard\inc" -I"C:\Users\Daryl\Desktop\ee2024Assignment2\Lib_MCU\inc" -O0 -g3 -Wall -c -fmessage-length=0 -fno-builtin -ffunction-sections -mcpu=cortex-m3 -mthumb -MMD -MP -MF"src/main.d" -MT"src/main.d" -o "src/main.o" "../src/main.c"
../src/main.c: In function 'main':
../src/main.c:426:9: warning: passing argument 3 of 'readSensors' from incompatible pointer type [enabled by default]
../src/main.c:50:6: note: expected 'uint32_t *' but argument is of type 'int8_t *'
../src/main.c:426:9: warning: passing argument 4 of 'readSensors' from incompatible pointer type [enabled by default]
../src/main.c:50:6: note: expected 'uint32_t *' but argument is of type 'int8_t *'
../src/main.c:426:9: warning: passing argument 5 of 'readSensors' from incompatible pointer type [enabled by default]
../src/main.c:50:6: note: expected 'uint32_t *' but argument is of type 'int8_t *'
../src/main.c:429:9: warning: format '%lu' expects argument of type 'long unsigned int', but argument 3 has type 'int' [-Wformat]
../src/main.c:430:9: warning: format '%lu' expects argument of type 'long unsigned int', but argument 3 has type 'int' [-Wformat]
../src/main.c:431:9: warning: format '%lu' expects argument of type 'long unsigned int', but argument 3 has type 'int' [-Wformat]
../src/main.c:325:13: warning: unused variable 'wait' [-Wunused-variable]
../src/main.c:318:13: warning: variable 'zoff' set but not used [-Wunused-but-set-variable]
../src/main.c:317:13: warning: variable 'yoff' set but not used [-Wunused-but-set-variable]
../src/main.c:316:13: warning: variable 'xoff' set but not used [-Wunused-but-set-variable]
../src/main.c: At top level:
../src/main.c:131:17: warning: 'getDuration' defined but not used [-Wunused-function]
../src/main.c:144:17: warning: 'getPause' defined but not used [-Wunused-function]
Finished building: ../src/main.c
 
Building target: Assignment2.axf
Invoking: MCU Linker
arm-none-eabi-gcc -nostdlib -L"C:\Users\Daryl\Desktop\ee2024Assignment2\Lib_CMSISv1p30_LPC17xx\Debug" -L"C:\Users\Daryl\Desktop\ee2024Assignment2\Lib_EaBaseBoard\Debug" -L"C:\Users\Daryl\Desktop\ee2024Assignment2\Lib_MCU\Debug" -Xlinker --gc-sections -Xlinker -Map=Assignment2.map -mcpu=cortex-m3 -mthumb -T "Assignment2_Debug.ld" -o "Assignment2.axf"  ./src/cr_startup_lpc17.o ./src/main.o   -lCMSISv1p30_LPC17xx -lLib_EaBaseBoard -lLib_MCU
Finished building target: Assignment2.axf
 
make --no-print-directory post-build
Performing post-build steps
arm-none-eabi-size Assignment2.axf; # arm-none-eabi-objdump -h -S Assignment2.axf >Assignment2.lss
   text	   data	    bss	    dec	    hex	filename
  34708	   2260	   1004	  37972	   9454	Assignment2.axf
 
13:54:38 **** Clean-only build of configuration Debug for project Lib_CMSISv1p30_LPC17xx ****
make clean 
rm -rf  ./src/core_cm3.o ./src/system_LPC17xx.o  ./src/core_cm3.d ./src/system_LPC17xx.d  libCMSISv1p30_LPC17xx.a
 
13:54:40 **** Clean-only build of configuration Debug for project Lib_MCU ****
make clean 
rm -rf  ./src/lpc17xx_adc.o ./src/lpc17xx_can.o ./src/lpc17xx_clkpwr.o ./src/lpc17xx_dac.o ./src/lpc17xx_emac.o ./src/lpc17xx_gpio.o ./src/lpc17xx_i2c.o ./src/lpc17xx_i2s.o ./src/lpc17xx_libcfg_default.o ./src/lpc17xx_mcpwm.o ./src/lpc17xx_nvic.o ./src/lpc17xx_pinsel.o ./src/lpc17xx_pwm.o ./src/lpc17xx_qei.o ./src/lpc17xx_rit.o ./src/lpc17xx_rtc.o ./src/lpc17xx_spi.o ./src/lpc17xx_ssp.o ./src/lpc17xx_timer.o ./src/lpc17xx_uart.o ./src/lpc17xx_wdt.o  ./src/lpc17xx_adc.d ./src/lpc17xx_can.d ./src/lpc17xx_clkpwr.d ./src/lpc17xx_dac.d ./src/lpc17xx_emac.d ./src/lpc17xx_gpio.d ./src/lpc17xx_i2c.d ./src/lpc17xx_i2s.d ./src/lpc17xx_libcfg_default.d ./src/lpc17xx_mcpwm.d ./src/lpc17xx_nvic.d ./src/lpc17xx_pinsel.d ./src/lpc17xx_pwm.d ./src/lpc17xx_qei.d ./src/lpc17xx_rit.d ./src/lpc17xx_rtc.d ./src/lpc17xx_spi.d ./src/lpc17xx_ssp.d ./src/lpc17xx_timer.d ./src/lpc17xx_uart.d ./src/lpc17xx_wdt.d  libLib_MCU.a
 
13:54:43 **** Clean-only build of configuration Debug for project Lib_EaBaseBoard ****
make clean 
rm -rf  ./src/acc.o ./src/eeprom.o ./src/flash.o ./src/font5x7.o ./src/joystick.o ./src/led7seg.o ./src/light.o ./src/oled.o ./src/pca9532.o ./src/rgb.o ./src/rotary.o ./src/temp.o ./src/uart2.o  ./src/acc.d ./src/eeprom.d ./src/flash.d ./src/font5x7.d ./src/joystick.d ./src/led7seg.d ./src/light.d ./src/oled.d ./src/pca9532.d ./src/rgb.d ./src/rotary.d ./src/temp.d ./src/uart2.d  libLib_EaBaseBoard.a
 
13:54:46 **** Clean-only build of configuration Debug for project Assignment2 ****
make clean 
rm -rf  ./src/cr_startup_lpc17.o ./src/main.o  ./src/cr_startup_lpc17.d ./src/main.d  Assignment2.axf
 
13:54:54 **** Build of configuration Debug for project Lib_CMSISv1p30_LPC17xx ****
make all 
Building file: ../src/core_cm3.c
Invoking: MCU C Compiler
arm-none-eabi-gcc -DDEBUG -D__CODE_RED -D__REDLIB__ -I"C:\Users\Daryl\Desktop\ee2024Assignment2\Lib_CMSISv1p30_LPC17xx\inc" -O0 -g3 -Wall -c -fmessage-length=0 -fno-builtin -ffunction-sections -mcpu=cortex-m3 -mthumb -MMD -MP -MF"src/core_cm3.d" -MT"src/core_cm3.d" -o "src/core_cm3.o" "../src/core_cm3.c"
Finished building: ../src/core_cm3.c
 
Building file: ../src/system_LPC17xx.c
Invoking: MCU C Compiler
arm-none-eabi-gcc -DDEBUG -D__CODE_RED -D__REDLIB__ -I"C:\Users\Daryl\Desktop\ee2024Assignment2\Lib_CMSISv1p30_LPC17xx\inc" -O0 -g3 -Wall -c -fmessage-length=0 -fno-builtin -ffunction-sections -mcpu=cortex-m3 -mthumb -MMD -MP -MF"src/system_LPC17xx.d" -MT"src/system_LPC17xx.d" -o "src/system_LPC17xx.o" "../src/system_LPC17xx.c"
Finished building: ../src/system_LPC17xx.c
 
Building target: libCMSISv1p30_LPC17xx.a
Invoking: MCU Archiver
arm-none-eabi-ar -r  "libCMSISv1p30_LPC17xx.a"  ./src/core_cm3.o ./src/system_LPC17xx.o   
c:\nxp\LPCXpresso_6.1.4_194\lpcxpresso\tools\bin\arm-none-eabi-ar.exe: creating libCMSISv1p30_LPC17xx.a
Finished building target: libCMSISv1p30_LPC17xx.a
 
make --no-print-directory post-build
Performing post-build steps
arm-none-eabi-size libCMSISv1p30_LPC17xx.a ; # arm-none-eabi-objdump -h -S libCMSISv1p30_LPC17xx.a >libCMSISv1p30_LPC17xx.lss
   text	   data	    bss	    dec	    hex	filename
    652	      0	      0	    652	    28c	core_cm3.o (ex libCMSISv1p30_LPC17xx.a)
   1276	      4	      0	   1280	    500	system_LPC17xx.o (ex libCMSISv1p30_LPC17xx.a)
 
13:55:11 **** Build of configuration Debug for project Lib_MCU ****
make all 
Building file: ../src/lpc17xx_adc.c
Invoking: MCU C Compiler
arm-none-eabi-gcc -DDEBUG -D__CODE_RED -D__REDLIB__ -I"C:\Users\Daryl\Desktop\ee2024Assignment2\Lib_CMSISv1p30_LPC17xx\inc" -I"C:\Users\Daryl\Desktop\ee2024Assignment2\Lib_MCU\inc" -O0 -g3 -Wall -c -fmessage-length=0 -fno-builtin -ffunction-sections -mcpu=cortex-m3 -mthumb -MMD -MP -MF"src/lpc17xx_adc.d" -MT"src/lpc17xx_adc.d" -o "src/lpc17xx_adc.o" "../src/lpc17xx_adc.c"
Finished building: ../src/lpc17xx_adc.c
 
Building file: ../src/lpc17xx_can.c
Invoking: MCU C Compiler
arm-none-eabi-gcc -DDEBUG -D__CODE_RED -D__REDLIB__ -I"C:\Users\Daryl\Desktop\ee2024Assignment2\Lib_CMSISv1p30_LPC17xx\inc" -I"C:\Users\Daryl\Desktop\ee2024Assignment2\Lib_MCU\inc" -O0 -g3 -Wall -c -fmessage-length=0 -fno-builtin -ffunction-sections -mcpu=cortex-m3 -mthumb -MMD -MP -MF"src/lpc17xx_can.d" -MT"src/lpc17xx_can.d" -o "src/lpc17xx_can.o" "../src/lpc17xx_can.c"
../src/lpc17xx_can.c: In function 'CAN_Init':
../src/lpc17xx_can.c:177:11: warning: variable 'temp' set but not used [-Wunused-but-set-variable]
Finished building: ../src/lpc17xx_can.c
 
Building file: ../src/lpc17xx_clkpwr.c
Invoking: MCU C Compiler
arm-none-eabi-gcc -DDEBUG -D__CODE_RED -D__REDLIB__ -I"C:\Users\Daryl\Desktop\ee2024Assignment2\Lib_CMSISv1p30_LPC17xx\inc" -I"C:\Users\Daryl\Desktop\ee2024Assignment2\Lib_MCU\inc" -O0 -g3 -Wall -c -fmessage-length=0 -fno-builtin -ffunction-sections -mcpu=cortex-m3 -mthumb -MMD -MP -MF"src/lpc17xx_clkpwr.d" -MT"src/lpc17xx_clkpwr.d" -o "src/lpc17xx_clkpwr.o" "../src/lpc17xx_clkpwr.c"
Finished building: ../src/lpc17xx_clkpwr.c
 
Building file: ../src/lpc17xx_dac.c
Invoking: MCU C Compiler
arm-none-eabi-gcc -DDEBUG -D__CODE_RED -D__REDLIB__ -I"C:\Users\Daryl\Desktop\ee2024Assignment2\Lib_CMSISv1p30_LPC17xx\inc" -I"C:\Users\Daryl\Desktop\ee2024Assignment2\Lib_MCU\inc" -O0 -g3 -Wall -c -fmessage-length=0 -fno-builtin -ffunction-sections -mcpu=cortex-m3 -mthumb -MMD -MP -MF"src/lpc17xx_dac.d" -MT"src/lpc17xx_dac.d" -o "src/lpc17xx_dac.o" "../src/lpc17xx_dac.c"
Finished building: ../src/lpc17xx_dac.c
 
Building file: ../src/lpc17xx_emac.c
Invoking: MCU C Compiler
arm-none-eabi-gcc -DDEBUG -D__CODE_RED -D__REDLIB__ -I"C:\Users\Daryl\Desktop\ee2024Assignment2\Lib_CMSISv1p30_LPC17xx\inc" -I"C:\Users\Daryl\Desktop\ee2024Assignment2\Lib_MCU\inc" -O0 -g3 -Wall -c -fmessage-length=0 -fno-builtin -ffunction-sections -mcpu=cortex-m3 -mthumb -MMD -MP -MF"src/lpc17xx_emac.d" -MT"src/lpc17xx_emac.d" -o "src/lpc17xx_emac.o" "../src/lpc17xx_emac.c"
Finished building: ../src/lpc17xx_emac.c
 
Building file: ../src/lpc17xx_gpio.c
Invoking: MCU C Compiler
arm-none-eabi-gcc -DDEBUG -D__CODE_RED -D__REDLIB__ -I"C:\Users\Daryl\Desktop\ee2024Assignment2\Lib_CMSISv1p30_LPC17xx\inc" -I"C:\Users\Daryl\Desktop\ee2024Assignment2\Lib_MCU\inc" -O0 -g3 -Wall -c -fmessage-length=0 -fno-builtin -ffunction-sections -mcpu=cortex-m3 -mthumb -MMD -MP -MF"src/lpc17xx_gpio.d" -MT"src/lpc17xx_gpio.d" -o "src/lpc17xx_gpio.o" "../src/lpc17xx_gpio.c"
Finished building: ../src/lpc17xx_gpio.c
 
Building file: ../src/lpc17xx_i2c.c
Invoking: MCU C Compiler
arm-none-eabi-gcc -DDEBUG -D__CODE_RED -D__REDLIB__ -I"C:\Users\Daryl\Desktop\ee2024Assignment2\Lib_CMSISv1p30_LPC17xx\inc" -I"C:\Users\Daryl\Desktop\ee2024Assignment2\Lib_MCU\inc" -O0 -g3 -Wall -c -fmessage-length=0 -fno-builtin -ffunction-sections -mcpu=cortex-m3 -mthumb -MMD -MP -MF"src/lpc17xx_i2c.d" -MT"src/lpc17xx_i2c.d" -o "src/lpc17xx_i2c.o" "../src/lpc17xx_i2c.c"
Finished building: ../src/lpc17xx_i2c.c
 
Building file: ../src/lpc17xx_i2s.c
Invoking: MCU C Compiler
arm-none-eabi-gcc -DDEBUG -D__CODE_RED -D__REDLIB__ -I"C:\Users\Daryl\Desktop\ee2024Assignment2\Lib_CMSISv1p30_LPC17xx\inc" -I"C:\Users\Daryl\Desktop\ee2024Assignment2\Lib_MCU\inc" -O0 -g3 -Wall -c -fmessage-length=0 -fno-builtin -ffunction-sections -mcpu=cortex-m3 -mthumb -MMD -MP -MF"src/lpc17xx_i2s.d" -MT"src/lpc17xx_i2s.d" -o "src/lpc17xx_i2s.o" "../src/lpc17xx_i2s.c"
Finished building: ../src/lpc17xx_i2s.c
 
Building file: ../src/lpc17xx_libcfg_default.c
Invoking: MCU C Compiler
arm-none-eabi-gcc -DDEBUG -D__CODE_RED -D__REDLIB__ -I"C:\Users\Daryl\Desktop\ee2024Assignment2\Lib_CMSISv1p30_LPC17xx\inc" -I"C:\Users\Daryl\Desktop\ee2024Assignment2\Lib_MCU\inc" -O0 -g3 -Wall -c -fmessage-length=0 -fno-builtin -ffunction-sections -mcpu=cortex-m3 -mthumb -MMD -MP -MF"src/lpc17xx_libcfg_default.d" -MT"src/lpc17xx_libcfg_default.d" -o "src/lpc17xx_libcfg_default.o" "../src/lpc17xx_libcfg_default.c"
Finished building: ../src/lpc17xx_libcfg_default.c
 
Building file: ../src/lpc17xx_mcpwm.c
Invoking: MCU C Compiler
arm-none-eabi-gcc -DDEBUG -D__CODE_RED -D__REDLIB__ -I"C:\Users\Daryl\Desktop\ee2024Assignment2\Lib_CMSISv1p30_LPC17xx\inc" -I"C:\Users\Daryl\Desktop\ee2024Assignment2\Lib_MCU\inc" -O0 -g3 -Wall -c -fmessage-length=0 -fno-builtin -ffunction-sections -mcpu=cortex-m3 -mthumb -MMD -MP -MF"src/lpc17xx_mcpwm.d" -MT"src/lpc17xx_mcpwm.d" -o "src/lpc17xx_mcpwm.o" "../src/lpc17xx_mcpwm.c"
Finished building: ../src/lpc17xx_mcpwm.c
 
Building file: ../src/lpc17xx_nvic.c
Invoking: MCU C Compiler
arm-none-eabi-gcc -DDEBUG -D__CODE_RED -D__REDLIB__ -I"C:\Users\Daryl\Desktop\ee2024Assignment2\Lib_CMSISv1p30_LPC17xx\inc" -I"C:\Users\Daryl\Desktop\ee2024Assignment2\Lib_MCU\inc" -O0 -g3 -Wall -c -fmessage-length=0 -fno-builtin -ffunction-sections -mcpu=cortex-m3 -mthumb -MMD -MP -MF"src/lpc17xx_nvic.d" -MT"src/lpc17xx_nvic.d" -o "src/lpc17xx_nvic.o" "../src/lpc17xx_nvic.c"
Finished building: ../src/lpc17xx_nvic.c
 
Building file: ../src/lpc17xx_pinsel.c
Invoking: MCU C Compiler
arm-none-eabi-gcc -DDEBUG -D__CODE_RED -D__REDLIB__ -I"C:\Users\Daryl\Desktop\ee2024Assignment2\Lib_CMSISv1p30_LPC17xx\inc" -I"C:\Users\Daryl\Desktop\ee2024Assignment2\Lib_MCU\inc" -O0 -g3 -Wall -c -fmessage-length=0 -fno-builtin -ffunction-sections -mcpu=cortex-m3 -mthumb -MMD -MP -MF"src/lpc17xx_pinsel.d" -MT"src/lpc17xx_pinsel.d" -o "src/lpc17xx_pinsel.o" "../src/lpc17xx_pinsel.c"
Finished building: ../src/lpc17xx_pinsel.c
 
Building file: ../src/lpc17xx_pwm.c
Invoking: MCU C Compiler
arm-none-eabi-gcc -DDEBUG -D__CODE_RED -D__REDLIB__ -I"C:\Users\Daryl\Desktop\ee2024Assignment2\Lib_CMSISv1p30_LPC17xx\inc" -I"C:\Users\Daryl\Desktop\ee2024Assignment2\Lib_MCU\inc" -O0 -g3 -Wall -c -fmessage-length=0 -fno-builtin -ffunction-sections -mcpu=cortex-m3 -mthumb -MMD -MP -MF"src/lpc17xx_pwm.d" -MT"src/lpc17xx_pwm.d" -o "src/lpc17xx_pwm.o" "../src/lpc17xx_pwm.c"
Finished building: ../src/lpc17xx_pwm.c
 
Building file: ../src/lpc17xx_qei.c
Invoking: MCU C Compiler
arm-none-eabi-gcc -DDEBUG -D__CODE_RED -D__REDLIB__ -I"C:\Users\Daryl\Desktop\ee2024Assignment2\Lib_CMSISv1p30_LPC17xx\inc" -I"C:\Users\Daryl\Desktop\ee2024Assignment2\Lib_MCU\inc" -O0 -g3 -Wall -c -fmessage-length=0 -fno-builtin -ffunction-sections -mcpu=cortex-m3 -mthumb -MMD -MP -MF"src/lpc17xx_qei.d" -MT"src/lpc17xx_qei.d" -o "src/lpc17xx_qei.o" "../src/lpc17xx_qei.c"
Finished building: ../src/lpc17xx_qei.c
 
Building file: ../src/lpc17xx_rit.c
Invoking: MCU C Compiler
arm-none-eabi-gcc -DDEBUG -D__CODE_RED -D__REDLIB__ -I"C:\Users\Daryl\Desktop\ee2024Assignment2\Lib_CMSISv1p30_LPC17xx\inc" -I"C:\Users\Daryl\Desktop\ee2024Assignment2\Lib_MCU\inc" -O0 -g3 -Wall -c -fmessage-length=0 -fno-builtin -ffunction-sections -mcpu=cortex-m3 -mthumb -MMD -MP -MF"src/lpc17xx_rit.d" -MT"src/lpc17xx_rit.d" -o "src/lpc17xx_rit.o" "../src/lpc17xx_rit.c"
Finished building: ../src/lpc17xx_rit.c
 
Building file: ../src/lpc17xx_rtc.c
Invoking: MCU C Compiler
arm-none-eabi-gcc -DDEBUG -D__CODE_RED -D__REDLIB__ -I"C:\Users\Daryl\Desktop\ee2024Assignment2\Lib_CMSISv1p30_LPC17xx\inc" -I"C:\Users\Daryl\Desktop\ee2024Assignment2\Lib_MCU\inc" -O0 -g3 -Wall -c -fmessage-length=0 -fno-builtin -ffunction-sections -mcpu=cortex-m3 -mthumb -MMD -MP -MF"src/lpc17xx_rtc.d" -MT"src/lpc17xx_rtc.d" -o "src/lpc17xx_rtc.o" "../src/lpc17xx_rtc.c"
Finished building: ../src/lpc17xx_rtc.c
 
Building file: ../src/lpc17xx_spi.c
Invoking: MCU C Compiler
arm-none-eabi-gcc -DDEBUG -D__CODE_RED -D__REDLIB__ -I"C:\Users\Daryl\Desktop\ee2024Assignment2\Lib_CMSISv1p30_LPC17xx\inc" -I"C:\Users\Daryl\Desktop\ee2024Assignment2\Lib_MCU\inc" -O0 -g3 -Wall -c -fmessage-length=0 -fno-builtin -ffunction-sections -mcpu=cortex-m3 -mthumb -MMD -MP -MF"src/lpc17xx_spi.d" -MT"src/lpc17xx_spi.d" -o "src/lpc17xx_spi.o" "../src/lpc17xx_spi.c"
Finished building: ../src/lpc17xx_spi.c
 
Building file: ../src/lpc17xx_ssp.c
Invoking: MCU C Compiler
arm-none-eabi-gcc -DDEBUG -D__CODE_RED -D__REDLIB__ -I"C:\Users\Daryl\Desktop\ee2024Assignment2\Lib_CMSISv1p30_LPC17xx\inc" -I"C:\Users\Daryl\Desktop\ee2024Assignment2\Lib_MCU\inc" -O0 -g3 -Wall -c -fmessage-length=0 -fno-builtin -ffunction-sections -mcpu=cortex-m3 -mthumb -MMD -MP -MF"src/lpc17xx_ssp.d" -MT"src/lpc17xx_ssp.d" -o "src/lpc17xx_ssp.o" "../src/lpc17xx_ssp.c"
Finished building: ../src/lpc17xx_ssp.c
 
Building file: ../src/lpc17xx_timer.c
Invoking: MCU C Compiler
arm-none-eabi-gcc -DDEBUG -D__CODE_RED -D__REDLIB__ -I"C:\Users\Daryl\Desktop\ee2024Assignment2\Lib_CMSISv1p30_LPC17xx\inc" -I"C:\Users\Daryl\Desktop\ee2024Assignment2\Lib_MCU\inc" -O0 -g3 -Wall -c -fmessage-length=0 -fno-builtin -ffunction-sections -mcpu=cortex-m3 -mthumb -MMD -MP -MF"src/lpc17xx_timer.d" -MT"src/lpc17xx_timer.d" -o "src/lpc17xx_timer.o" "../src/lpc17xx_timer.c"
../src/lpc17xx_timer.c: In function 'TIM_Init':
../src/lpc17xx_timer.c:244:11: warning: variable 'timer' set but not used [-Wunused-but-set-variable]
../src/lpc17xx_timer.c: In function 'TIM_ConfigMatch':
../src/lpc17xx_timer.c:389:11: warning: variable 'timer' set but not used [-Wunused-but-set-variable]
../src/lpc17xx_timer.c: In function 'TIM_ConfigCapture':
../src/lpc17xx_timer.c:436:11: warning: variable 'timer' set but not used [-Wunused-but-set-variable]
Finished building: ../src/lpc17xx_timer.c
 
Building file: ../src/lpc17xx_uart.c
Invoking: MCU C Compiler
arm-none-eabi-gcc -DDEBUG -D__CODE_RED -D__REDLIB__ -I"C:\Users\Daryl\Desktop\ee2024Assignment2\Lib_CMSISv1p30_LPC17xx\inc" -I"C:\Users\Daryl\Desktop\ee2024Assignment2\Lib_MCU\inc" -O0 -g3 -Wall -c -fmessage-length=0 -fno-builtin -ffunction-sections -mcpu=cortex-m3 -mthumb -MMD -MP -MF"src/lpc17xx_uart.d" -MT"src/lpc17xx_uart.d" -o "src/lpc17xx_uart.o" "../src/lpc17xx_uart.c"
../src/lpc17xx_uart.c: In function 'UART_SendString':
../src/lpc17xx_uart.c:1394:2: warning: implicit declaration of function 'strlen' [-Wimplicit-function-declaration]
Finished building: ../src/lpc17xx_uart.c
 
Building file: ../src/lpc17xx_wdt.c
Invoking: MCU C Compiler
arm-none-eabi-gcc -DDEBUG -D__CODE_RED -D__REDLIB__ -I"C:\Users\Daryl\Desktop\ee2024Assignment2\Lib_CMSISv1p30_LPC17xx\inc" -I"C:\Users\Daryl\Desktop\ee2024Assignment2\Lib_MCU\inc" -O0 -g3 -Wall -c -fmessage-length=0 -fno-builtin -ffunction-sections -mcpu=cortex-m3 -mthumb -MMD -MP -MF"src/lpc17xx_wdt.d" -MT"src/lpc17xx_wdt.d" -o "src/lpc17xx_wdt.o" "../src/lpc17xx_wdt.c"
Finished building: ../src/lpc17xx_wdt.c
 
Building target: libLib_MCU.a
Invoking: MCU Archiver
arm-none-eabi-ar -r  "libLib_MCU.a"  ./src/lpc17xx_adc.o ./src/lpc17xx_can.o ./src/lpc17xx_clkpwr.o ./src/lpc17xx_dac.o ./src/lpc17xx_emac.o ./src/lpc17xx_gpio.o ./src/lpc17xx_i2c.o ./src/lpc17xx_i2s.o ./src/lpc17xx_libcfg_default.o ./src/lpc17xx_mcpwm.o ./src/lpc17xx_nvic.o ./src/lpc17xx_pinsel.o ./src/lpc17xx_pwm.o ./src/lpc17xx_qei.o ./src/lpc17xx_rit.o ./src/lpc17xx_rtc.o ./src/lpc17xx_spi.o ./src/lpc17xx_ssp.o ./src/lpc17xx_timer.o ./src/lpc17xx_uart.o ./src/lpc17xx_wdt.o   
c:\nxp\LPCXpresso_6.1.4_194\lpcxpresso\tools\bin\arm-none-eabi-ar.exe: creating libLib_MCU.a
Finished building target: libLib_MCU.a
 
make --no-print-directory post-build
Performing post-build steps
arm-none-eabi-size libLib_MCU.a ; # arm-none-eabi-objdump -h -S libLib_MCU.a >libLib_MCU.lss
   text	   data	    bss	    dec	    hex	filename
   1428	      0	      0	   1428	    594	lpc17xx_adc.o (ex libLib_MCU.a)
  14060	     16	     60	  14136	   3738	lpc17xx_can.o (ex libLib_MCU.a)
    684	      0	      0	    684	    2ac	lpc17xx_clkpwr.o (ex libLib_MCU.a)
    428	      0	      0	    428	    1ac	lpc17xx_dac.o (ex libLib_MCU.a)
   3460	      0	  10896	  14356	   3814	lpc17xx_emac.o (ex libLib_MCU.a)
   1720	      0	      0	   1720	    6b8	lpc17xx_gpio.o (ex libLib_MCU.a)
   5240	      0	     36	   5276	   149c	lpc17xx_i2c.o (ex libLib_MCU.a)
   3372	      0	      8	   3380	    d34	lpc17xx_i2s.o (ex libLib_MCU.a)
     12	      0	      0	     12	      c	lpc17xx_libcfg_default.o (ex libLib_MCU.a)
   2016	      0	      0	   2016	    7e0	lpc17xx_mcpwm.o (ex libLib_MCU.a)
    352	      0	      0	    352	    160	lpc17xx_nvic.o (ex libLib_MCU.a)
    664	      0	      0	    664	    298	lpc17xx_pinsel.o (ex libLib_MCU.a)
   2996	      0	      0	   2996	    bb4	lpc17xx_pwm.o (ex libLib_MCU.a)
   2388	      0	      0	   2388	    954	lpc17xx_qei.o (ex libLib_MCU.a)
    736	      0	      0	    736	    2e0	lpc17xx_rit.o (ex libLib_MCU.a)
   4308	      0	      0	   4308	   10d4	lpc17xx_rtc.o (ex libLib_MCU.a)
   2012	      0	     12	   2024	    7e8	lpc17xx_spi.o (ex libLib_MCU.a)
   4068	      0	     24	   4092	    ffc	lpc17xx_ssp.o (ex libLib_MCU.a)
   3044	      0	      0	   3044	    be4	lpc17xx_timer.o (ex libLib_MCU.a)
   6748	      0	     68	   6816	   1aa0	lpc17xx_uart.o (ex libLib_MCU.a)
    852	      0	      0	    852	    354	lpc17xx_wdt.o (ex libLib_MCU.a)
 
13:56:41 **** Build of configuration Debug for project Lib_EaBaseBoard ****
make all 
Building file: ../src/acc.c
Invoking: MCU C Compiler
arm-none-eabi-gcc -DDEBUG -D__CODE_RED -D__REDLIB__ -I"C:\Users\Daryl\Desktop\ee2024Assignment2\Lib_CMSISv1p30_LPC17xx\inc" -I"C:\Users\Daryl\Desktop\ee2024Assignment2\Lib_EaBaseBoard\inc" -I"C:\Users\Daryl\Desktop\ee2024Assignment2\Lib_MCU\inc" -O0 -g3 -Wall -c -fmessage-length=0 -fno-builtin -ffunction-sections -mcpu=cortex-m3 -mthumb -MMD -MP -MF"src/acc.d" -MT"src/acc.d" -o "src/acc.o" "../src/acc.c"
Finished building: ../src/acc.c
 
Building file: ../src/eeprom.c
Invoking: MCU C Compiler
arm-none-eabi-gcc -DDEBUG -D__CODE_RED -D__REDLIB__ -I"C:\Users\Daryl\Desktop\ee2024Assignment2\Lib_CMSISv1p30_LPC17xx\inc" -I"C:\Users\Daryl\Desktop\ee2024Assignment2\Lib_EaBaseBoard\inc" -I"C:\Users\Daryl\Desktop\ee2024Assignment2\Lib_MCU\inc" -O0 -g3 -Wall -c -fmessage-length=0 -fno-builtin -ffunction-sections -mcpu=cortex-m3 -mthumb -MMD -MP -MF"src/eeprom.d" -MT"src/eeprom.d" -o "src/eeprom.o" "../src/eeprom.c"
Finished building: ../src/eeprom.c
 
Building file: ../src/flash.c
Invoking: MCU C Compiler
arm-none-eabi-gcc -DDEBUG -D__CODE_RED -D__REDLIB__ -I"C:\Users\Daryl\Desktop\ee2024Assignment2\Lib_CMSISv1p30_LPC17xx\inc" -I"C:\Users\Daryl\Desktop\ee2024Assignment2\Lib_EaBaseBoard\inc" -I"C:\Users\Daryl\Desktop\ee2024Assignment2\Lib_MCU\inc" -O0 -g3 -Wall -c -fmessage-length=0 -fno-builtin -ffunction-sections -mcpu=cortex-m3 -mthumb -MMD -MP -MF"src/flash.d" -MT"src/flash.d" -o "src/flash.o" "../src/flash.c"
Finished building: ../src/flash.c
 
Building file: ../src/font5x7.c
Invoking: MCU C Compiler
arm-none-eabi-gcc -DDEBUG -D__CODE_RED -D__REDLIB__ -I"C:\Users\Daryl\Desktop\ee2024Assignment2\Lib_CMSISv1p30_LPC17xx\inc" -I"C:\Users\Daryl\Desktop\ee2024Assignment2\Lib_EaBaseBoard\inc" -I"C:\Users\Daryl\Desktop\ee2024Assignment2\Lib_MCU\inc" -O0 -g3 -Wall -c -fmessage-length=0 -fno-builtin -ffunction-sections -mcpu=cortex-m3 -mthumb -MMD -MP -MF"src/font5x7.d" -MT"src/font5x7.d" -o "src/font5x7.o" "../src/font5x7.c"
Finished building: ../src/font5x7.c
 
Building file: ../src/joystick.c
Invoking: MCU C Compiler
arm-none-eabi-gcc -DDEBUG -D__CODE_RED -D__REDLIB__ -I"C:\Users\Daryl\Desktop\ee2024Assignment2\Lib_CMSISv1p30_LPC17xx\inc" -I"C:\Users\Daryl\Desktop\ee2024Assignment2\Lib_EaBaseBoard\inc" -I"C:\Users\Daryl\Desktop\ee2024Assignment2\Lib_MCU\inc" -O0 -g3 -Wall -c -fmessage-length=0 -fno-builtin -ffunction-sections -mcpu=cortex-m3 -mthumb -MMD -MP -MF"src/joystick.d" -MT"src/joystick.d" -o "src/joystick.o" "../src/joystick.c"
Finished building: ../src/joystick.c
 
Building file: ../src/led7seg.c
Invoking: MCU C Compiler
arm-none-eabi-gcc -DDEBUG -D__CODE_RED -D__REDLIB__ -I"C:\Users\Daryl\Desktop\ee2024Assignment2\Lib_CMSISv1p30_LPC17xx\inc" -I"C:\Users\Daryl\Desktop\ee2024Assignment2\Lib_EaBaseBoard\inc" -I"C:\Users\Daryl\Desktop\ee2024Assignment2\Lib_MCU\inc" -O0 -g3 -Wall -c -fmessage-length=0 -fno-builtin -ffunction-sections -mcpu=cortex-m3 -mthumb -MMD -MP -MF"src/led7seg.d" -MT"src/led7seg.d" -o "src/led7seg.o" "../src/led7seg.c"
Finished building: ../src/led7seg.c
 
Building file: ../src/light.c
Invoking: MCU C Compiler
arm-none-eabi-gcc -DDEBUG -D__CODE_RED -D__REDLIB__ -I"C:\Users\Daryl\Desktop\ee2024Assignment2\Lib_CMSISv1p30_LPC17xx\inc" -I"C:\Users\Daryl\Desktop\ee2024Assignment2\Lib_EaBaseBoard\inc" -I"C:\Users\Daryl\Desktop\ee2024Assignment2\Lib_MCU\inc" -O0 -g3 -Wall -c -fmessage-length=0 -fno-builtin -ffunction-sections -mcpu=cortex-m3 -mthumb -MMD -MP -MF"src/light.d" -MT"src/light.d" -o "src/light.o" "../src/light.c"
Finished building: ../src/light.c
 
Building file: ../src/oled.c
Invoking: MCU C Compiler
arm-none-eabi-gcc -DDEBUG -D__CODE_RED -D__REDLIB__ -I"C:\Users\Daryl\Desktop\ee2024Assignment2\Lib_CMSISv1p30_LPC17xx\inc" -I"C:\Users\Daryl\Desktop\ee2024Assignment2\Lib_EaBaseBoard\inc" -I"C:\Users\Daryl\Desktop\ee2024Assignment2\Lib_MCU\inc" -O0 -g3 -Wall -c -fmessage-length=0 -fno-builtin -ffunction-sections -mcpu=cortex-m3 -mthumb -MMD -MP -MF"src/oled.d" -MT"src/oled.d" -o "src/oled.o" "../src/oled.c"
Finished building: ../src/oled.c
 
Building file: ../src/pca9532.c
Invoking: MCU C Compiler
arm-none-eabi-gcc -DDEBUG -D__CODE_RED -D__REDLIB__ -I"C:\Users\Daryl\Desktop\ee2024Assignment2\Lib_CMSISv1p30_LPC17xx\inc" -I"C:\Users\Daryl\Desktop\ee2024Assignment2\Lib_EaBaseBoard\inc" -I"C:\Users\Daryl\Desktop\ee2024Assignment2\Lib_MCU\inc" -O0 -g3 -Wall -c -fmessage-length=0 -fno-builtin -ffunction-sections -mcpu=cortex-m3 -mthumb -MMD -MP -MF"src/pca9532.d" -MT"src/pca9532.d" -o "src/pca9532.o" "../src/pca9532.c"
Finished building: ../src/pca9532.c
 
Building file: ../src/rgb.c
Invoking: MCU C Compiler
arm-none-eabi-gcc -DDEBUG -D__CODE_RED -D__REDLIB__ -I"C:\Users\Daryl\Desktop\ee2024Assignment2\Lib_CMSISv1p30_LPC17xx\inc" -I"C:\Users\Daryl\Desktop\ee2024Assignment2\Lib_EaBaseBoard\inc" -I"C:\Users\Daryl\Desktop\ee2024Assignment2\Lib_MCU\inc" -O0 -g3 -Wall -c -fmessage-length=0 -fno-builtin -ffunction-sections -mcpu=cortex-m3 -mthumb -MMD -MP -MF"src/rgb.d" -MT"src/rgb.d" -o "src/rgb.o" "../src/rgb.c"
Finished building: ../src/rgb.c
 
Building file: ../src/rotary.c
Invoking: MCU C Compiler
arm-none-eabi-gcc -DDEBUG -D__CODE_RED -D__REDLIB__ -I"C:\Users\Daryl\Desktop\ee2024Assignment2\Lib_CMSISv1p30_LPC17xx\inc" -I"C:\Users\Daryl\Desktop\ee2024Assignment2\Lib_EaBaseBoard\inc" -I"C:\Users\Daryl\Desktop\ee2024Assignment2\Lib_MCU\inc" -O0 -g3 -Wall -c -fmessage-length=0 -fno-builtin -ffunction-sections -mcpu=cortex-m3 -mthumb -MMD -MP -MF"src/rotary.d" -MT"src/rotary.d" -o "src/rotary.o" "../src/rotary.c"
Finished building: ../src/rotary.c
 
Building file: ../src/temp.c
Invoking: MCU C Compiler
arm-none-eabi-gcc -DDEBUG -D__CODE_RED -D__REDLIB__ -I"C:\Users\Daryl\Desktop\ee2024Assignment2\Lib_CMSISv1p30_LPC17xx\inc" -I"C:\Users\Daryl\Desktop\ee2024Assignment2\Lib_EaBaseBoard\inc" -I"C:\Users\Daryl\Desktop\ee2024Assignment2\Lib_MCU\inc" -O0 -g3 -Wall -c -fmessage-length=0 -fno-builtin -ffunction-sections -mcpu=cortex-m3 -mthumb -MMD -MP -MF"src/temp.d" -MT"src/temp.d" -o "src/temp.o" "../src/temp.c"
Finished building: ../src/temp.c
 
Building file: ../src/uart2.c
Invoking: MCU C Compiler
arm-none-eabi-gcc -DDEBUG -D__CODE_RED -D__REDLIB__ -I"C:\Users\Daryl\Desktop\ee2024Assignment2\Lib_CMSISv1p30_LPC17xx\inc" -I"C:\Users\Daryl\Desktop\ee2024Assignment2\Lib_EaBaseBoard\inc" -I"C:\Users\Daryl\Desktop\ee2024Assignment2\Lib_MCU\inc" -O0 -g3 -Wall -c -fmessage-length=0 -fno-builtin -ffunction-sections -mcpu=cortex-m3 -mthumb -MMD -MP -MF"src/uart2.d" -MT"src/uart2.d" -o "src/uart2.o" "../src/uart2.c"
Finished building: ../src/uart2.c
 
Building target: libLib_EaBaseBoard.a
Invoking: MCU Archiver
arm-none-eabi-ar -r  "libLib_EaBaseBoard.a"  ./src/acc.o ./src/eeprom.o ./src/flash.o ./src/font5x7.o ./src/joystick.o ./src/led7seg.o ./src/light.o ./src/oled.o ./src/pca9532.o ./src/rgb.o ./src/rotary.o ./src/temp.o ./src/uart2.o   
c:\nxp\LPCXpresso_6.1.4_194\lpcxpresso\tools\bin\arm-none-eabi-ar.exe: creating libLib_EaBaseBoard.a
Finished building target: libLib_EaBaseBoard.a
 
make --no-print-directory post-build
Performing post-build steps
arm-none-eabi-size libLib_EaBaseBoard.a ; # arm-none-eabi-objdump -h -S libLib_EaBaseBoard.a >libLib_EaBaseBoard.lss
   text	   data	    bss	    dec	    hex	filename
    676	      0	      0	    676	    2a4	acc.o (ex libLib_EaBaseBoard.a)
    680	      0	      0	    680	    2a8	eeprom.o (ex libLib_EaBaseBoard.a)
   1772	     80	     12	   1864	    748	flash.o (ex libLib_EaBaseBoard.a)
    768	      0	      0	    768	    300	font5x7.o (ex libLib_EaBaseBoard.a)
    192	      0	      0	    192	     c0	joystick.o (ex libLib_EaBaseBoard.a)
    172	     80	      0	    252	     fc	led7seg.o (ex libLib_EaBaseBoard.a)
   1392	      8	      0	   1400	    578	light.o (ex libLib_EaBaseBoard.a)
   3256	      0	    768	   4024	    fb8	oled.o (ex libLib_EaBaseBoard.a)
   1264	      0	      6	   1270	    4f6	pca9532.o (ex libLib_EaBaseBoard.a)
    132	      0	      0	    132	     84	rgb.o (ex libLib_EaBaseBoard.a)
    268	      0	      0	    268	    10c	rotary.o (ex libLib_EaBaseBoard.a)
    312	      0	      4	    316	    13c	temp.o (ex libLib_EaBaseBoard.a)
    980	      0	      1	    981	    3d5	uart2.o (ex libLib_EaBaseBoard.a)
 
13:57:49 **** Build of configuration Debug for project Assignment2 ****
make all 
Building file: ../src/cr_startup_lpc17.c
Invoking: MCU C Compiler
arm-none-eabi-gcc -DDEBUG -D__USE_CMSIS=CMSISv1p30_LPC17xx -D__CODE_RED -D__NEWLIB__ -I"C:\Users\Daryl\Desktop\ee2024Assignment2\Lib_CMSISv1p30_LPC17xx\inc" -I"C:\Users\Daryl\Desktop\ee2024Assignment2\Lib_EaBaseBoard\inc" -I"C:\Users\Daryl\Desktop\ee2024Assignment2\Lib_MCU\inc" -O0 -g3 -Wall -c -fmessage-length=0 -fno-builtin -ffunction-sections -mcpu=cortex-m3 -mthumb -MMD -MP -MF"src/cr_startup_lpc17.d" -MT"src/cr_startup_lpc17.d" -o "src/cr_startup_lpc17.o" "../src/cr_startup_lpc17.c"
Finished building: ../src/cr_startup_lpc17.c
 
Building file: ../src/main.c
Invoking: MCU C Compiler
arm-none-eabi-gcc -DDEBUG -D__USE_CMSIS=CMSISv1p30_LPC17xx -D__CODE_RED -D__NEWLIB__ -I"C:\Users\Daryl\Desktop\ee2024Assignment2\Lib_CMSISv1p30_LPC17xx\inc" -I"C:\Users\Daryl\Desktop\ee2024Assignment2\Lib_EaBaseBoard\inc" -I"C:\Users\Daryl\Desktop\ee2024Assignment2\Lib_MCU\inc" -O0 -g3 -Wall -c -fmessage-length=0 -fno-builtin -ffunction-sections -mcpu=cortex-m3 -mthumb -MMD -MP -MF"src/main.d" -MT"src/main.d" -o "src/main.o" "../src/main.c"
../src/main.c: In function 'readSensors':
../src/main.c:53:3: warning: passing argument 1 of 'acc_read' from incompatible pointer type [enabled by default]
C:\Users\Daryl\Desktop\ee2024Assignment2\Lib_EaBaseBoard\inc/acc.h:30:6: note: expected 'int8_t *' but argument is of type 'uint32_t *'
../src/main.c:53:3: warning: passing argument 2 of 'acc_read' from incompatible pointer type [enabled by default]
C:\Users\Daryl\Desktop\ee2024Assignment2\Lib_EaBaseBoard\inc/acc.h:30:6: note: expected 'int8_t *' but argument is of type 'uint32_t *'
../src/main.c:53:3: warning: passing argument 3 of 'acc_read' from incompatible pointer type [enabled by default]
C:\Users\Daryl\Desktop\ee2024Assignment2\Lib_EaBaseBoard\inc/acc.h:30:6: note: expected 'int8_t *' but argument is of type 'uint32_t *'
../src/main.c: In function 'main':
../src/main.c:426:9: warning: passing argument 3 of 'readSensors' from incompatible pointer type [enabled by default]
../src/main.c:50:6: note: expected 'uint32_t *' but argument is of type 'int8_t *'
../src/main.c:426:9: warning: passing argument 4 of 'readSensors' from incompatible pointer type [enabled by default]
../src/main.c:50:6: note: expected 'uint32_t *' but argument is of type 'int8_t *'
../src/main.c:426:9: warning: passing argument 5 of 'readSensors' from incompatible pointer type [enabled by default]
../src/main.c:50:6: note: expected 'uint32_t *' but argument is of type 'int8_t *'
../src/main.c:427:9: warning: format '%lu' expects argument of type 'long unsigned int', but argument 3 has type 'double' [-Wformat]
../src/main.c:429:9: warning: format '%lu' expects argument of type 'long unsigned int', but argument 3 has type 'int' [-Wformat]
../src/main.c:430:9: warning: format '%lu' expects argument of type 'long unsigned int', but argument 3 has type 'int' [-Wformat]
../src/main.c:431:9: warning: format '%lu' expects argument of type 'long unsigned int', but argument 3 has type 'int' [-Wformat]
../src/main.c:325:13: warning: unused variable 'wait' [-Wunused-variable]
../src/main.c:318:13: warning: variable 'zoff' set but not used [-Wunused-but-set-variable]
../src/main.c:317:13: warning: variable 'yoff' set but not used [-Wunused-but-set-variable]
../src/main.c:316:13: warning: variable 'xoff' set but not used [-Wunused-but-set-variable]
../src/main.c: At top level:
../src/main.c:131:17: warning: 'getDuration' defined but not used [-Wunused-function]
../src/main.c:144:17: warning: 'getPause' defined but not used [-Wunused-function]
Finished building: ../src/main.c
 
Building target: Assignment2.axf
Invoking: MCU Linker
arm-none-eabi-gcc -nostdlib -L"C:\Users\Daryl\Desktop\ee2024Assignment2\Lib_CMSISv1p30_LPC17xx\Debug" -L"C:\Users\Daryl\Desktop\ee2024Assignment2\Lib_EaBaseBoard\Debug" -L"C:\Users\Daryl\Desktop\ee2024Assignment2\Lib_MCU\Debug" -Xlinker --gc-sections -Xlinker -Map=Assignment2.map -mcpu=cortex-m3 -mthumb -T "Assignment2_Debug.ld" -o "Assignment2.axf"  ./src/cr_startup_lpc17.o ./src/main.o   -lCMSISv1p30_LPC17xx -lLib_EaBaseBoard -lLib_MCU
Finished building target: Assignment2.axf
 
make --no-print-directory post-build
Performing post-build steps
arm-none-eabi-size Assignment2.axf; # arm-none-eabi-objdump -h -S Assignment2.axf >Assignment2.lss
   text	   data	    bss	    dec	    hex	filename
  35276	   2260	   1004	  38540	   968c	Assignment2.axf
 
14:02:59 **** Incremental Build of configuration Debug for project Lib_CMSISv1p30_LPC17xx ****
make all 
make: Nothing to be done for `all'.
14:03:04 **** Incremental Build of configuration Debug for project Lib_MCU ****
make all 
make: Nothing to be done for `all'.
14:03:08 **** Incremental Build of configuration Debug for project Lib_EaBaseBoard ****
make all 
make: Nothing to be done for `all'.
14:03:27 **** Incremental Build of configuration Debug for project Assignment2 ****
make all 
Building file: ../src/main.c
Invoking: MCU C Compiler
arm-none-eabi-gcc -DDEBUG -D__USE_CMSIS=CMSISv1p30_LPC17xx -D__CODE_RED -D__NEWLIB__ -I"C:\Users\Daryl\Desktop\ee2024Assignment2\Lib_CMSISv1p30_LPC17xx\inc" -I"C:\Users\Daryl\Desktop\ee2024Assignment2\Lib_EaBaseBoard\inc" -I"C:\Users\Daryl\Desktop\ee2024Assignment2\Lib_MCU\inc" -O0 -g3 -Wall -c -fmessage-length=0 -fno-builtin -ffunction-sections -mcpu=cortex-m3 -mthumb -MMD -MP -MF"src/main.d" -MT"src/main.d" -o "src/main.o" "../src/main.c"
../src/main.c: In function 'readSensors':
../src/main.c:53:3: warning: pointer targets in passing argument 1 of 'acc_read' differ in signedness [-Wpointer-sign]
C:\Users\Daryl\Desktop\ee2024Assignment2\Lib_EaBaseBoard\inc/acc.h:30:6: note: expected 'int8_t *' but argument is of type 'uint8_t *'
../src/main.c:53:3: warning: pointer targets in passing argument 2 of 'acc_read' differ in signedness [-Wpointer-sign]
C:\Users\Daryl\Desktop\ee2024Assignment2\Lib_EaBaseBoard\inc/acc.h:30:6: note: expected 'int8_t *' but argument is of type 'uint8_t *'
../src/main.c:53:3: warning: pointer targets in passing argument 3 of 'acc_read' differ in signedness [-Wpointer-sign]
C:\Users\Daryl\Desktop\ee2024Assignment2\Lib_EaBaseBoard\inc/acc.h:30:6: note: expected 'int8_t *' but argument is of type 'uint8_t *'
../src/main.c: In function 'main':
../src/main.c:426:9: warning: pointer targets in passing argument 3 of 'readSensors' differ in signedness [-Wpointer-sign]
../src/main.c:50:6: note: expected 'uint8_t *' but argument is of type 'int8_t *'
../src/main.c:426:9: warning: pointer targets in passing argument 4 of 'readSensors' differ in signedness [-Wpointer-sign]
../src/main.c:50:6: note: expected 'uint8_t *' but argument is of type 'int8_t *'
../src/main.c:426:9: warning: pointer targets in passing argument 5 of 'readSensors' differ in signedness [-Wpointer-sign]
../src/main.c:50:6: note: expected 'uint8_t *' but argument is of type 'int8_t *'
../src/main.c:430:9: warning: format '%lu' expects argument of type 'long unsigned int', but argument 3 has type 'double' [-Wformat]
../src/main.c:432:9: warning: format '%lu' expects argument of type 'long unsigned int', but argument 3 has type 'int' [-Wformat]
../src/main.c:433:9: warning: format '%lu' expects argument of type 'long unsigned int', but argument 3 has type 'int' [-Wformat]
../src/main.c:434:9: warning: format '%lu' expects argument of type 'long unsigned int', but argument 3 has type 'int' [-Wformat]
../src/main.c:325:13: warning: unused variable 'wait' [-Wunused-variable]
../src/main.c: At top level:
../src/main.c:131:17: warning: 'getDuration' defined but not used [-Wunused-function]
../src/main.c:144:17: warning: 'getPause' defined but not used [-Wunused-function]
Finished building: ../src/main.c
 
Building target: Assignment2.axf
Invoking: MCU Linker
arm-none-eabi-gcc -nostdlib -L"C:\Users\Daryl\Desktop\ee2024Assignment2\Lib_CMSISv1p30_LPC17xx\Debug" -L"C:\Users\Daryl\Desktop\ee2024Assignment2\Lib_EaBaseBoard\Debug" -L"C:\Users\Daryl\Desktop\ee2024Assignment2\Lib_MCU\Debug" -Xlinker --gc-sections -Xlinker -Map=Assignment2.map -mcpu=cortex-m3 -mthumb -T "Assignment2_Debug.ld" -o "Assignment2.axf"  ./src/cr_startup_lpc17.o ./src/main.o   -lCMSISv1p30_LPC17xx -lLib_EaBaseBoard -lLib_MCU
Finished building target: Assignment2.axf
 
make --no-print-directory post-build
Performing post-build steps
arm-none-eabi-size Assignment2.axf; # arm-none-eabi-objdump -h -S Assignment2.axf >Assignment2.lss
   text	   data	    bss	    dec	    hex	filename
  34796	   2260	   1004	  38060	   94ac	Assignment2.axf
 
14:14:37 **** Incremental Build of configuration Debug for project Lib_CMSISv1p30_LPC17xx ****
make all 
make: Nothing to be done for `all'.
14:14:41 **** Incremental Build of configuration Debug for project Lib_MCU ****
make all 
make: Nothing to be done for `all'.
14:14:44 **** Incremental Build of configuration Debug for project Lib_EaBaseBoard ****
make all 
make: Nothing to be done for `all'.
14:15:01 **** Incremental Build of configuration Debug for project Assignment2 ****
make all 
make: Nothing to be done for `all'.
14:22:27 **** Incremental Build of configuration Debug for project Lib_CMSISv1p30_LPC17xx ****
make all 
make: Nothing to be done for `all'.
14:22:32 **** Incremental Build of configuration Debug for project Lib_MCU ****
make all 
make: Nothing to be done for `all'.
14:22:38 **** Incremental Build of configuration Debug for project Lib_EaBaseBoard ****
make all 
make: Nothing to be done for `all'.
14:22:58 **** Incremental Build of configuration Debug for project Assignment2 ****
make all 
Building file: ../src/main.c
Invoking: MCU C Compiler
arm-none-eabi-gcc -DDEBUG -D__USE_CMSIS=CMSISv1p30_LPC17xx -D__CODE_RED -D__NEWLIB__ -I"C:\Users\Daryl\Desktop\ee2024Assignment2\Lib_CMSISv1p30_LPC17xx\inc" -I"C:\Users\Daryl\Desktop\ee2024Assignment2\Lib_EaBaseBoard\inc" -I"C:\Users\Daryl\Desktop\ee2024Assignment2\Lib_MCU\inc" -O0 -g3 -Wall -c -fmessage-length=0 -fno-builtin -ffunction-sections -mcpu=cortex-m3 -mthumb -MMD -MP -MF"src/main.d" -MT"src/main.d" -o "src/main.o" "../src/main.c"
../src/main.c: In function 'readSensors':
../src/main.c:53:3: warning: pointer targets in passing argument 1 of 'acc_read' differ in signedness [-Wpointer-sign]
C:\Users\Daryl\Desktop\ee2024Assignment2\Lib_EaBaseBoard\inc/acc.h:30:6: note: expected 'int8_t *' but argument is of type 'uint8_t *'
../src/main.c:53:3: warning: pointer targets in passing argument 2 of 'acc_read' differ in signedness [-Wpointer-sign]
C:\Users\Daryl\Desktop\ee2024Assignment2\Lib_EaBaseBoard\inc/acc.h:30:6: note: expected 'int8_t *' but argument is of type 'uint8_t *'
../src/main.c:53:3: warning: pointer targets in passing argument 3 of 'acc_read' differ in signedness [-Wpointer-sign]
C:\Users\Daryl\Desktop\ee2024Assignment2\Lib_EaBaseBoard\inc/acc.h:30:6: note: expected 'int8_t *' but argument is of type 'uint8_t *'
../src/main.c: In function 'main':
../src/main.c:424:9: warning: pointer targets in passing argument 3 of 'readSensors' differ in signedness [-Wpointer-sign]
../src/main.c:50:6: note: expected 'uint8_t *' but argument is of type 'int8_t *'
../src/main.c:424:9: warning: pointer targets in passing argument 4 of 'readSensors' differ in signedness [-Wpointer-sign]
../src/main.c:50:6: note: expected 'uint8_t *' but argument is of type 'int8_t *'
../src/main.c:424:9: warning: pointer targets in passing argument 5 of 'readSensors' differ in signedness [-Wpointer-sign]
../src/main.c:50:6: note: expected 'uint8_t *' but argument is of type 'int8_t *'
../src/main.c:428:9: warning: format '%lu' expects argument of type 'long unsigned int', but argument 3 has type 'double' [-Wformat]
../src/main.c:430:9: warning: format '%lu' expects argument of type 'long unsigned int', but argument 3 has type 'int' [-Wformat]
../src/main.c:431:9: warning: format '%lu' expects argument of type 'long unsigned int', but argument 3 has type 'int' [-Wformat]
../src/main.c:432:9: warning: format '%lu' expects argument of type 'long unsigned int', but argument 3 has type 'int' [-Wformat]
../src/main.c:325:13: warning: unused variable 'wait' [-Wunused-variable]
../src/main.c: At top level:
../src/main.c:131:17: warning: 'getDuration' defined but not used [-Wunused-function]
../src/main.c:144:17: warning: 'getPause' defined but not used [-Wunused-function]
Finished building: ../src/main.c
 
Building target: Assignment2.axf
Invoking: MCU Linker
arm-none-eabi-gcc -nostdlib -L"C:\Users\Daryl\Desktop\ee2024Assignment2\Lib_CMSISv1p30_LPC17xx\Debug" -L"C:\Users\Daryl\Desktop\ee2024Assignment2\Lib_EaBaseBoard\Debug" -L"C:\Users\Daryl\Desktop\ee2024Assignment2\Lib_MCU\Debug" -Xlinker --gc-sections -Xlinker -Map=Assignment2.map -mcpu=cortex-m3 -mthumb -T "Assignment2_Debug.ld" -o "Assignment2.axf"  ./src/cr_startup_lpc17.o ./src/main.o   -lCMSISv1p30_LPC17xx -lLib_EaBaseBoard -lLib_MCU
Finished building target: Assignment2.axf
 
make --no-print-directory post-build
Performing post-build steps
arm-none-eabi-size Assignment2.axf; # arm-none-eabi-objdump -h -S Assignment2.axf >Assignment2.lss
   text	   data	    bss	    dec	    hex	filename
  36004	   2260	   1004	  39268	   9964	Assignment2.axf
 
14:29:13 **** Incremental Build of configuration Debug for project Lib_CMSISv1p30_LPC17xx ****
make all 
make: Nothing to be done for `all'.
14:29:19 **** Incremental Build of configuration Debug for project Lib_MCU ****
make all 
make: Nothing to be done for `all'.
14:29:24 **** Incremental Build of configuration Debug for project Lib_EaBaseBoard ****
make all 
make: Nothing to be done for `all'.
14:29:42 **** Incremental Build of configuration Debug for project Assignment2 ****
make all 
Building file: ../src/main.c
Invoking: MCU C Compiler
[...]
../src/main.c:573:2: warning: pointer targets in passing argument 1 of 'strlen' differ in signedness [-Wpointer-sign]
c:\nxp\lpcxpresso_6.1.4_194\lpcxpresso\tools\bin\../lib/gcc/arm-none-eabi/4.6.2/../../../../arm-none-eabi/include/newlib_inc/string.h:34:9: note: expected 'const char *' but argument is of type 'unsigned char *'
Finished building: ../src/main.c
 
Building target: Assignment2.axf
Invoking: MCU Linker
arm-none-eabi-gcc -nostdlib -L"C:\Users\yongchenglow\Documents\LPCXpresso_6.1.4_194\workspace\ee2024Assignment2\Lib_CMSISv1p30_LPC17xx\Debug" -L"C:\Users\yongchenglow\Documents\LPCXpresso_6.1.4_194\workspace\ee2024Assignment2\Lib_EaBaseBoard\Debug" -L"C:\Users\yongchenglow\Documents\LPCXpresso_6.1.4_194\workspace\ee2024Assignment2\Lib_MCU\Debug" -Xlinker --gc-sections -Xlinker -Map=Assignment2.map -mcpu=cortex-m3 -mthumb -T "Assignment2_Debug.ld" -o "Assignment2.axf"  ./src/cr_startup_lpc17.o ./src/main.o   -lCMSISv1p30_LPC17xx -lLib_EaBaseBoard -lLib_MCU
Finished building target: Assignment2.axf
 
make --no-print-directory post-build
Performing post-build steps
arm-none-eabi-size Assignment2.axf; # arm-none-eabi-objdump -h -S Assignment2.axf >Assignment2.lss
   text	   data	    bss	    dec	    hex	filename
  38396	   2276	   1136	  41808	   a350	Assignment2.axf
 
20:12:57 **** Incremental Build of configuration Debug for project Lib_CMSISv1p30_LPC17xx ****
make all 
make: Nothing to be done for `all'.
20:12:58 **** Incremental Build of configuration Debug for project Lib_MCU ****
make all 
make: Nothing to be done for `all'.
20:12:59 **** Incremental Build of configuration Debug for project Lib_EaBaseBoard ****
make all 
make: Nothing to be done for `all'.
20:13:05 **** Incremental Build of configuration Debug for project Assignment2 ****
make all 
Building file: ../src/main.c
Invoking: MCU C Compiler
arm-none-eabi-gcc -DDEBUG -D__USE_CMSIS=CMSISv1p30_LPC17xx -D__CODE_RED -D__NEWLIB__ -I"C:\Users\yongchenglow\Documents\LPCXpresso_6.1.4_194\workspace\ee2024Assignment2\Lib_CMSISv1p30_LPC17xx\inc" -I"C:\Users\yongchenglow\Documents\LPCXpresso_6.1.4_194\workspace\ee2024Assignment2\Lib_EaBaseBoard\inc" -I"C:\Users\yongchenglow\Documents\LPCXpresso_6.1.4_194\workspace\ee2024Assignment2\Lib_MCU\inc" -O0 -g3 -Wall -c -fmessage-length=0 -fno-builtin -ffunction-sections -mcpu=cortex-m3 -mthumb -MMD -MP -MF"src/main.d" -MT"src/main.d" -o "src/main.o" "../src/main.c"
../src/main.c: In function 'determineWarningToIssue':
../src/main.c:480:2: warning: implicit declaration of function 'checkForMovement' [-Wimplicit-function-declaration]
../src/main.c:480:6: warning: unused variable 'isThereMovement' [-Wunused-variable]
../src/main.c: In function 'displayResultsOnUART':
../src/main.c:572:2: warning: pointer targets in passing argument 1 of 'sprintf' differ in signedness [-Wpointer-sign]
c:\nxp\lpcxpresso_6.1.4_194\lpcxpresso\tools\bin\../lib/gcc/arm-none-eabi/4.6.2/../../../../arm-none-eabi/include/newlib_inc/stdio.h:226:5: note: expected 'char *' but argument is of type 'unsigned char *'
../src/main.c:573:2: warning: pointer targets in passing argument 1 of 'strlen' differ in signedness [-Wpointer-sign]
c:\nxp\lpcxpresso_6.1.4_194\lpcxpresso\tools\bin\../lib/gcc/arm-none-eabi/4.6.2/../../../../arm-none-eabi/include/newlib_inc/string.h:34:9: note: expected 'const char *' but argument is of type 'unsigned char *'
Finished building: ../src/main.c
 
Building target: Assignment2.axf
Invoking: MCU Linker
arm-none-eabi-gcc -nostdlib -L"C:\Users\yongchenglow\Documents\LPCXpresso_6.1.4_194\workspace\ee2024Assignment2\Lib_CMSISv1p30_LPC17xx\Debug" -L"C:\Users\yongchenglow\Documents\LPCXpresso_6.1.4_194\workspace\ee2024Assignment2\Lib_EaBaseBoard\Debug" -L"C:\Users\yongchenglow\Documents\LPCXpresso_6.1.4_194\workspace\ee2024Assignment2\Lib_MCU\Debug" -Xlinker --gc-sections -Xlinker -Map=Assignment2.map -mcpu=cortex-m3 -mthumb -T "Assignment2_Debug.ld" -o "Assignment2.axf"  ./src/cr_startup_lpc17.o ./src/main.o   -lCMSISv1p30_LPC17xx -lLib_EaBaseBoard -lLib_MCU
Finished building target: Assignment2.axf
 
make --no-print-directory post-build
Performing post-build steps
arm-none-eabi-size Assignment2.axf; # arm-none-eabi-objdump -h -S Assignment2.axf >Assignment2.lss
   text	   data	    bss	    dec	    hex	filename
  48168	   2316	   1192	  51676	   c9dc	Assignment2.axf
 
20:21:16 **** Incremental Build of configuration Debug for project Lib_CMSISv1p30_LPC17xx ****
make all 
make: Nothing to be done for `all'.
20:21:17 **** Incremental Build of configuration Debug for project Lib_MCU ****
make all 
make: Nothing to be done for `all'.
20:21:18 **** Incremental Build of configuration Debug for project Lib_EaBaseBoard ****
make all 
make: Nothing to be done for `all'.
20:21:23 **** Incremental Build of configuration Debug for project Assignment2 ****
make all 
make: Nothing to be done for `all'.
20:23:54 **** Incremental Build of configuration Debug for project Lib_CMSISv1p30_LPC17xx ****
make all 
make: Nothing to be done for `all'.
20:23:55 **** Incremental Build of configuration Debug for project Lib_MCU ****
make all 
make: Nothing to be done for `all'.
20:23:56 **** Incremental Build of configuration Debug for project Lib_EaBaseBoard ****
make all 
make: Nothing to be done for `all'.
20:24:02 **** Incremental Build of configuration Debug for project Assignment2 ****
make all 
Building file: ../src/main.c
Invoking: MCU C Compiler
arm-none-eabi-gcc -DDEBUG -D__USE_CMSIS=CMSISv1p30_LPC17xx -D__CODE_RED -D__NEWLIB__ -I"C:\Users\yongchenglow\Documents\LPCXpresso_6.1.4_194\workspace\ee2024Assignment2\Lib_CMSISv1p30_LPC17xx\inc" -I"C:\Users\yongchenglow\Documents\LPCXpresso_6.1.4_194\workspace\ee2024Assignment2\Lib_EaBaseBoard\inc" -I"C:\Users\yongchenglow\Documents\LPCXpresso_6.1.4_194\workspace\ee2024Assignment2\Lib_MCU\inc" -O0 -g3 -Wall -c -fmessage-length=0 -fno-builtin -ffunction-sections -mcpu=cortex-m3 -mthumb -MMD -MP -MF"src/main.d" -MT"src/main.d" -o "src/main.o" "../src/main.c"
../src/main.c: In function 'determineWarningToIssue':
../src/main.c:480:2: warning: implicit declaration of function 'checkForMovement' [-Wimplicit-function-declaration]
../src/main.c:480:6: warning: unused variable 'isThereMovement' [-Wunused-variable]
../src/main.c: In function 'displayResultsOnUART':
../src/main.c:572:2: warning: pointer targets in passing argument 1 of 'sprintf' differ in signedness [-Wpointer-sign]
c:\nxp\lpcxpresso_6.1.4_194\lpcxpresso\tools\bin\../lib/gcc/arm-none-eabi/4.6.2/../../../../arm-none-eabi/include/newlib_inc/stdio.h:226:5: note: expected 'char *' but argument is of type 'unsigned char *'
../src/main.c:573:2: warning: pointer targets in passing argument 1 of 'strlen' differ in signedness [-Wpointer-sign]
c:\nxp\lpcxpresso_6.1.4_194\lpcxpresso\tools\bin\../lib/gcc/arm-none-eabi/4.6.2/../../../../arm-none-eabi/include/newlib_inc/string.h:34:9: note: expected 'const char *' but argument is of type 'unsigned char *'
Finished building: ../src/main.c
 
Building target: Assignment2.axf
Invoking: MCU Linker
arm-none-eabi-gcc -nostdlib -L"C:\Users\yongchenglow\Documents\LPCXpresso_6.1.4_194\workspace\ee2024Assignment2\Lib_CMSISv1p30_LPC17xx\Debug" -L"C:\Users\yongchenglow\Documents\LPCXpresso_6.1.4_194\workspace\ee2024Assignment2\Lib_EaBaseBoard\Debug" -L"C:\Users\yongchenglow\Documents\LPCXpresso_6.1.4_194\workspace\ee2024Assignment2\Lib_MCU\Debug" -Xlinker --gc-sections -Xlinker -Map=Assignment2.map -mcpu=cortex-m3 -mthumb -T "Assignment2_Debug.ld" -o "Assignment2.axf"  ./src/cr_startup_lpc17.o ./src/main.o   -lCMSISv1p30_LPC17xx -lLib_EaBaseBoard -lLib_MCU
Finished building target: Assignment2.axf
 
make --no-print-directory post-build
Performing post-build steps
arm-none-eabi-size Assignment2.axf; # arm-none-eabi-objdump -h -S Assignment2.axf >Assignment2.lss
   text	   data	    bss	    dec	    hex	filename
  48168	   2316	   1192	  51676	   c9dc	Assignment2.axf
 
20:25:24 **** Incremental Build of configuration Debug for project Lib_CMSISv1p30_LPC17xx ****
make all 
make: Nothing to be done for `all'.
20:25:25 **** Incremental Build of configuration Debug for project Lib_MCU ****
make all 
make: Nothing to be done for `all'.
20:25:26 **** Incremental Build of configuration Debug for project Lib_EaBaseBoard ****
make all 
make: Nothing to be done for `all'.
20:25:32 **** Incremental Build of configuration Debug for project Assignment2 ****
make all 
Building file: ../src/main.c
Invoking: MCU C Compiler
arm-none-eabi-gcc -DDEBUG -D__USE_CMSIS=CMSISv1p30_LPC17xx -D__CODE_RED -D__NEWLIB__ -I"C:\Users\yongchenglow\Documents\LPCXpresso_6.1.4_194\workspace\ee2024Assignment2\Lib_CMSISv1p30_LPC17xx\inc" -I"C:\Users\yongchenglow\Documents\LPCXpresso_6.1.4_194\workspace\ee2024Assignment2\Lib_EaBaseBoard\inc" -I"C:\Users\yongchenglow\Documents\LPCXpresso_6.1.4_194\workspace\ee2024Assignment2\Lib_MCU\inc" -O0 -g3 -Wall -c -fmessage-length=0 -fno-builtin -ffunction-sections -mcpu=cortex-m3 -mthumb -MMD -MP -MF"src/main.d" -MT"src/main.d" -o "src/main.o" "../src/main.c"
../src/main.c: In function 'determineWarningToIssue':
../src/main.c:483:2: warning: implicit declaration of function 'checkForMovement' [-Wimplicit-function-declaration]
../src/main.c:483:6: warning: unused variable 'isThereMovement' [-Wunused-variable]
../src/main.c: In function 'displayResultsOnUART':
../src/main.c:575:2: warning: pointer targets in passing argument 1 of 'sprintf' differ in signedness [-Wpointer-sign]
c:\nxp\lpcxpresso_6.1.4_194\lpcxpresso\tools\bin\../lib/gcc/arm-none-eabi/4.6.2/../../../../arm-none-eabi/include/newlib_inc/stdio.h:226:5: note: expected 'char *' but argument is of type 'unsigned char *'
../src/main.c:576:2: warning: pointer targets in passing argument 1 of 'strlen' differ in signedness [-Wpointer-sign]
c:\nxp\lpcxpresso_6.1.4_194\lpcxpresso\tools\bin\../lib/gcc/arm-none-eabi/4.6.2/../../../../arm-none-eabi/include/newlib_inc/string.h:34:9: note: expected 'const char *' but argument is of type 'unsigned char *'
Finished building: ../src/main.c
 
Building target: Assignment2.axf
Invoking: MCU Linker
arm-none-eabi-gcc -nostdlib -L"C:\Users\yongchenglow\Documents\LPCXpresso_6.1.4_194\workspace\ee2024Assignment2\Lib_CMSISv1p30_LPC17xx\Debug" -L"C:\Users\yongchenglow\Documents\LPCXpresso_6.1.4_194\workspace\ee2024Assignment2\Lib_EaBaseBoard\Debug" -L"C:\Users\yongchenglow\Documents\LPCXpresso_6.1.4_194\workspace\ee2024Assignment2\Lib_MCU\Debug" -Xlinker --gc-sections -Xlinker -Map=Assignment2.map -mcpu=cortex-m3 -mthumb -T "Assignment2_Debug.ld" -o "Assignment2.axf"  ./src/cr_startup_lpc17.o ./src/main.o   -lCMSISv1p30_LPC17xx -lLib_EaBaseBoard -lLib_MCU
Finished building target: Assignment2.axf
 
make --no-print-directory post-build
Performing post-build steps
arm-none-eabi-size Assignment2.axf; # arm-none-eabi-objdump -h -S Assignment2.axf >Assignment2.lss
   text	   data	    bss	    dec	    hex	filename
  48168	   2316	   1192	  51676	   c9dc	Assignment2.axf
 
20:25:43 **** Incremental Build of configuration Debug for project Lib_CMSISv1p30_LPC17xx ****
make all 
make: Nothing to be done for `all'.
20:25:45 **** Incremental Build of configuration Debug for project Lib_MCU ****
make all 
make: Nothing to be done for `all'.
20:25:46 **** Incremental Build of configuration Debug for project Lib_EaBaseBoard ****
make all 
make: Nothing to be done for `all'.
20:25:51 **** Incremental Build of configuration Debug for project Assignment2 ****
make all 
make: Nothing to be done for `all'.
20:26:07 **** Incremental Build of configuration Debug for project Lib_CMSISv1p30_LPC17xx ****
make all 
make: Nothing to be done for `all'.
20:26:08 **** Incremental Build of configuration Debug for project Lib_MCU ****
make all 
make: Nothing to be done for `all'.
20:26:09 **** Incremental Build of configuration Debug for project Lib_EaBaseBoard ****
make all 
make: Nothing to be done for `all'.
20:26:14 **** Incremental Build of configuration Debug for project Assignment2 ****
make all 
make: Nothing to be done for `all'.
20:28:13 **** Incremental Build of configuration Debug for project Lib_CMSISv1p30_LPC17xx ****
make all 
make: Nothing to be done for `all'.
20:28:15 **** Incremental Build of configuration Debug for project Lib_MCU ****
make all 
make: Nothing to be done for `all'.
20:28:17 **** Incremental Build of configuration Debug for project Lib_EaBaseBoard ****
make all 
make: Nothing to be done for `all'.
20:28:22 **** Incremental Build of configuration Debug for project Assignment2 ****
make all 
Building file: ../src/main.c
Invoking: MCU C Compiler
arm-none-eabi-gcc -DDEBUG -D__USE_CMSIS=CMSISv1p30_LPC17xx -D__CODE_RED -D__NEWLIB__ -I"C:\Users\yongchenglow\Documents\LPCXpresso_6.1.4_194\workspace\ee2024Assignment2\Lib_CMSISv1p30_LPC17xx\inc" -I"C:\Users\yongchenglow\Documents\LPCXpresso_6.1.4_194\workspace\ee2024Assignment2\Lib_EaBaseBoard\inc" -I"C:\Users\yongchenglow\Documents\LPCXpresso_6.1.4_194\workspace\ee2024Assignment2\Lib_MCU\inc" -O0 -g3 -Wall -c -fmessage-length=0 -fno-builtin -ffunction-sections -mcpu=cortex-m3 -mthumb -MMD -MP -MF"src/main.d" -MT"src/main.d" -o "src/main.o" "../src/main.c"
../src/main.c:47:10: error: redefinition of 'interruptDarkLowerLimit'
../src/main.c:44:10: note: previous definition of 'interruptDarkLowerLimit' was here
../src/main.c:50:10: error: redefinition of 'interruptLightUpperLimit'
../src/main.c:45:10: note: previous definition of 'interruptLightUpperLimit' was here
../src/main.c: In function 'determineWarningToIssue':
../src/main.c:483:2: warning: implicit declaration of function 'checkForMovement' [-Wimplicit-function-declaration]
../src/main.c:483:6: warning: unused variable 'isThereMovement' [-Wunused-variable]
../src/main.c: In function 'displayResultsOnUART':
../src/main.c:575:2: warning: pointer targets in passing argument 1 of 'sprintf' differ in signedness [-Wpointer-sign]
c:\nxp\lpcxpresso_6.1.4_194\lpcxpresso\tools\bin\../lib/gcc/arm-none-eabi/4.6.2/../../../../arm-none-eabi/include/newlib_inc/stdio.h:226:5: note: expected 'char *' but argument is of type 'unsigned char *'
../src/main.c:576:2: warning: pointer targets in passing argument 1 of 'strlen' differ in signedness [-Wpointer-sign]
c:\nxp\lpcxpresso_6.1.4_194\lpcxpresso\tools\bin\../lib/gcc/arm-none-eabi/4.6.2/../../../../arm-none-eabi/include/newlib_inc/string.h:34:9: note: expected 'const char *' but argument is of type 'unsigned char *'
make: *** [src/main.o] Error 1
20:28:34 **** Incremental Build of configuration Debug for project Lib_CMSISv1p30_LPC17xx ****
make all 
make: Nothing to be done for `all'.
20:28:35 **** Incremental Build of configuration Debug for project Lib_MCU ****
make all 
make: Nothing to be done for `all'.
20:28:36 **** Incremental Build of configuration Debug for project Lib_EaBaseBoard ****
make all 
make: Nothing to be done for `all'.
20:28:42 **** Incremental Build of configuration Debug for project Assignment2 ****
make all 
Building file: ../src/main.c
Invoking: MCU C Compiler
arm-none-eabi-gcc -DDEBUG -D__USE_CMSIS=CMSISv1p30_LPC17xx -D__CODE_RED -D__NEWLIB__ -I"C:\Users\yongchenglow\Documents\LPCXpresso_6.1.4_194\workspace\ee2024Assignment2\Lib_CMSISv1p30_LPC17xx\inc" -I"C:\Users\yongchenglow\Documents\LPCXpresso_6.1.4_194\workspace\ee2024Assignment2\Lib_EaBaseBoard\inc" -I"C:\Users\yongchenglow\Documents\LPCXpresso_6.1.4_194\workspace\ee2024Assignment2\Lib_MCU\inc" -O0 -g3 -Wall -c -fmessage-length=0 -fno-builtin -ffunction-sections -mcpu=cortex-m3 -mthumb -MMD -MP -MF"src/main.d" -MT"src/main.d" -o "src/main.o" "../src/main.c"
../src/main.c:47:10: error: redefinition of 'interruptDarkLowerLimit'
../src/main.c:44:10: note: previous definition of 'interruptDarkLowerLimit' was here
../src/main.c:50:10: error: redefinition of 'interruptLightUpperLimit'
../src/main.c:45:10: note: previous definition of 'interruptLightUpperLimit' was here
../src/main.c: In function 'determineWarningToIssue':
../src/main.c:483:2: warning: implicit declaration of function 'checkForMovement' [-Wimplicit-function-declaration]
../src/main.c:483:6: warning: unused variable 'isThereMovement' [-Wunused-variable]
../src/main.c: In function 'displayResultsOnUART':
../src/main.c:575:2: warning: pointer targets in passing argument 1 of 'sprintf' differ in signedness [-Wpointer-sign]
c:\nxp\lpcxpresso_6.1.4_194\lpcxpresso\tools\bin\../lib/gcc/arm-none-eabi/4.6.2/../../../../arm-none-eabi/include/newlib_inc/stdio.h:226:5: note: expected 'char *' but argument is of type 'unsigned char *'
../src/main.c:576:2: warning: pointer targets in passing argument 1 of 'strlen' differ in signedness [-Wpointer-sign]
c:\nxp\lpcxpresso_6.1.4_194\lpcxpresso\tools\bin\../lib/gcc/arm-none-eabi/4.6.2/../../../../arm-none-eabi/include/newlib_inc/string.h:34:9: note: expected 'const char *' but argument is of type 'unsigned char *'
make: *** [src/main.o] Error 1
20:29:00 **** Incremental Build of configuration Debug for project Lib_CMSISv1p30_LPC17xx ****
make all 
make: Nothing to be done for `all'.
20:29:01 **** Incremental Build of configuration Debug for project Lib_MCU ****
make all 
make: Nothing to be done for `all'.
20:29:02 **** Incremental Build of configuration Debug for project Lib_EaBaseBoard ****
make all 
make: Nothing to be done for `all'.
20:29:07 **** Incremental Build of configuration Debug for project Assignment2 ****
make all 
Building file: ../src/main.c
Invoking: MCU C Compiler
arm-none-eabi-gcc -DDEBUG -D__USE_CMSIS=CMSISv1p30_LPC17xx -D__CODE_RED -D__NEWLIB__ -I"C:\Users\yongchenglow\Documents\LPCXpresso_6.1.4_194\workspace\ee2024Assignment2\Lib_CMSISv1p30_LPC17xx\inc" -I"C:\Users\yongchenglow\Documents\LPCXpresso_6.1.4_194\workspace\ee2024Assignment2\Lib_EaBaseBoard\inc" -I"C:\Users\yongchenglow\Documents\LPCXpresso_6.1.4_194\workspace\ee2024Assignment2\Lib_MCU\inc" -O0 -g3 -Wall -c -fmessage-length=0 -fno-builtin -ffunction-sections -mcpu=cortex-m3 -mthumb -MMD -MP -MF"src/main.d" -MT"src/main.d" -o "src/main.o" "../src/main.c"
../src/main.c: In function 'determineWarningToIssue':
../src/main.c:480:2: warning: implicit declaration of function 'checkForMovement' [-Wimplicit-function-declaration]
../src/main.c:480:6: warning: unused variable 'isThereMovement' [-Wunused-variable]
../src/main.c: In function 'displayResultsOnUART':
../src/main.c:572:2: warning: pointer targets in passing argument 1 of 'sprintf' differ in signedness [-Wpointer-sign]
c:\nxp\lpcxpresso_6.1.4_194\lpcxpresso\tools\bin\../lib/gcc/arm-none-eabi/4.6.2/../../../../arm-none-eabi/include/newlib_inc/stdio.h:226:5: note: expected 'char *' but argument is of type 'unsigned char *'
../src/main.c:573:2: warning: pointer targets in passing argument 1 of 'strlen' differ in signedness [-Wpointer-sign]
c:\nxp\lpcxpresso_6.1.4_194\lpcxpresso\tools\bin\../lib/gcc/arm-none-eabi/4.6.2/../../../../arm-none-eabi/include/newlib_inc/string.h:34:9: note: expected 'const char *' but argument is of type 'unsigned char *'
Finished building: ../src/main.c
 
Building target: Assignment2.axf
Invoking: MCU Linker
arm-none-eabi-gcc -nostdlib -L"C:\Users\yongchenglow\Documents\LPCXpresso_6.1.4_194\workspace\ee2024Assignment2\Lib_CMSISv1p30_LPC17xx\Debug" -L"C:\Users\yongchenglow\Documents\LPCXpresso_6.1.4_194\workspace\ee2024Assignment2\Lib_EaBaseBoard\Debug" -L"C:\Users\yongchenglow\Documents\LPCXpresso_6.1.4_194\workspace\ee2024Assignment2\Lib_MCU\Debug" -Xlinker --gc-sections -Xlinker -Map=Assignment2.map -mcpu=cortex-m3 -mthumb -T "Assignment2_Debug.ld" -o "Assignment2.axf"  ./src/cr_startup_lpc17.o ./src/main.o   -lCMSISv1p30_LPC17xx -lLib_EaBaseBoard -lLib_MCU
Finished building target: Assignment2.axf
 
make --no-print-directory post-build
Performing post-build steps
arm-none-eabi-size Assignment2.axf; # arm-none-eabi-objdump -h -S Assignment2.axf >Assignment2.lss
   text	   data	    bss	    dec	    hex	filename
  48184	   2316	   1192	  51692	   c9ec	Assignment2.axf
 
